###############################################################################
#
# IAR ELF Linker V2.20.1.176 for STM8                     28/Jan/2019  09:25:39
# Copyright 2010-2015 IAR Systems AB.
#
#    Output file  =  
#        F:\0中科君达\0项目\NB水表\软件\NB-IOT程序(BC95-B5)\PROJECT\Debug\Exe\project.out
#    Map file     =  
#        F:\0中科君达\0项目\NB水表\软件\NB-IOT程序(BC95-B5)\PROJECT\Debug\List\project.map
#    Command line =  
#        "F:\0中科君达\0项目\NB水表\软件\NB-IOT程序(BC95-B5)\PROJECT\Debug\Obj\BC95.o"
#        "F:\0中科君达\0项目\NB水表\软件\NB-IOT程序(BC95-B5)\PROJECT\Debug\Obj\Globaldata.o"
#        "F:\0中科君达\0项目\NB水表\软件\NB-IOT程序(BC95-B5)\PROJECT\Debug\Obj\main.o"
#        "F:\0中科君达\0项目\NB水表\软件\NB-IOT程序(BC95-B5)\PROJECT\Debug\Obj\mcu_init.o"
#        "F:\0中科君达\0项目\NB水表\软件\NB-IOT程序(BC95-B5)\PROJECT\Debug\Obj\Pulse_Acquire.o"
#        "F:\0中科君达\0项目\NB水表\软件\NB-IOT程序(BC95-B5)\PROJECT\Debug\Obj\rtc.o"
#        "F:\0中科君达\0项目\NB水表\软件\NB-IOT程序(BC95-B5)\PROJECT\Debug\Obj\Save.o"
#        "F:\0中科君达\0项目\NB水表\软件\NB-IOT程序(BC95-B5)\PROJECT\Debug\Obj\stm8l15x_adc.o"
#        "F:\0中科君达\0项目\NB水表\软件\NB-IOT程序(BC95-B5)\PROJECT\Debug\Obj\stm8l15x_clk.o"
#        "F:\0中科君达\0项目\NB水表\软件\NB-IOT程序(BC95-B5)\PROJECT\Debug\Obj\stm8l15x_exti.o"
#        "F:\0中科君达\0项目\NB水表\软件\NB-IOT程序(BC95-B5)\PROJECT\Debug\Obj\stm8l15x_flash.o"
#        "F:\0中科君达\0项目\NB水表\软件\NB-IOT程序(BC95-B5)\PROJECT\Debug\Obj\stm8l15x_gpio.o"
#        "F:\0中科君达\0项目\NB水表\软件\NB-IOT程序(BC95-B5)\PROJECT\Debug\Obj\stm8l15x_it.o"
#        "F:\0中科君达\0项目\NB水表\软件\NB-IOT程序(BC95-B5)\PROJECT\Debug\Obj\stm8l15x_itc.o"
#        "F:\0中科君达\0项目\NB水表\软件\NB-IOT程序(BC95-B5)\PROJECT\Debug\Obj\stm8l15x_iwdg.o"
#        "F:\0中科君达\0项目\NB水表\软件\NB-IOT程序(BC95-B5)\PROJECT\Debug\Obj\stm8l15x_pwr.o"
#        "F:\0中科君达\0项目\NB水表\软件\NB-IOT程序(BC95-B5)\PROJECT\Debug\Obj\stm8l15x_rtc.o"
#        "F:\0中科君达\0项目\NB水表\软件\NB-IOT程序(BC95-B5)\PROJECT\Debug\Obj\stm8l15x_syscfg.o"
#        "F:\0中科君达\0项目\NB水表\软件\NB-IOT程序(BC95-B5)\PROJECT\Debug\Obj\stm8l15x_usart.o"
#        "F:\0中科君达\0项目\NB水表\软件\NB-IOT程序(BC95-B5)\PROJECT\Debug\Obj\stm8l15x_wwdg.o"
#        "F:\0中科君达\0项目\NB水表\软件\NB-IOT程序(BC95-B5)\PROJECT\Debug\Obj\Sys_Timer.o"
#        "F:\0中科君达\0项目\NB水表\软件\NB-IOT程序(BC95-B5)\PROJECT\Debug\Obj\Temperature.o"
#        "F:\0中科君达\0项目\NB水表\软件\NB-IOT程序(BC95-B5)\PROJECT\Debug\Obj\uart.o"
#        --redirect _Printf=_PrintfSmall --redirect _Scanf=_ScanfSmall -o
#        "F:\0中科君达\0项目\NB水表\软件\NB-IOT程序(BC95-B5)\PROJECT\Debug\Exe\project.out"
#        --map
#        "F:\0中科君达\0项目\NB水表\软件\NB-IOT程序(BC95-B5)\PROJECT\Debug\List\project.map"
#        --config "D:\IAR for STM8\stm8\config\lnkstm8l151c8.icf" --config_def
#        _CSTACK_SIZE=0x100 --config_def _HEAP_SIZE=0x100 --entry
#        __iar_program_start --debug_lib
#
###############################################################################

*******************************************************************************
*** RUNTIME MODEL ATTRIBUTES
***

__SystemLibrary            = DLib
__code_model               = small
__core                     = stm8
__data_model               = medium
__dlib_file_descriptor     = 0
__dlib_full_locale_support = 0
__rt_version               = 4


*******************************************************************************
*** PLACEMENT SUMMARY
***

"A1":  place at start of [0x000000-0x0000ff] { rw section .vregs };
"A2":  place at end of [0x000000-0x000fff] { block CSTACK };
"P2":  place in [from 0x000000 to 0x000fff] {
          block HEAP, rw section __DLIB_PERTHREAD, rw section .far.bss,
          rw section .far.data, rw section .far.noinit,
          rw section .far_func.textrw, rw section .huge.bss,
          rw section .huge.data, rw section .huge.noinit,
          rw section .huge_func.textrw, rw section .iar.dynexit,
          rw section .near.bss, rw section .near.data, rw section .near.noinit,
          rw section .near_func.textrw };
"A3":  place at start of [0x008000-0x00ffff] { block INTVEC };
"P3":  place in [from 0x008000 to 0x00ffff] {
          ro section __DLIB_PERTHREAD_init, ro section .far.data_init,
          ro section .far_func.textrw_init, ro section .huge.data_init,
          ro section .huge_func.textrw_init, ro section .iar.init_table,
          ro section .init_array, ro section .near.data_init,
          ro section .near.rodata, ro section .near_func.text,
          ro section .near_func.textrw_init, ro section .tiny.data_init,
          ro section .tiny.rodata_init };

  Section            Kind      Address    Size  Object
  -------            ----      -------    ----  ------
"A1":                                     0x10
  .vregs             uninit   0x000000    0x10  vregs.o [4]
                            - 0x000010    0x10

"P2", part 1 of 2:                         0x4
  P2-1                        0x000010     0x4  <Init block>
    .near.data       inited   0x000010     0x4  rand.o [4]
                            - 0x000014     0x4

"P2", part 2 of 2:                       0x465
  .near.bss          zero     0x000014   0x1d1  uart.o [1]
  .near.bss          zero     0x0001e5   0x12f  BC95.o [1]
  .near.bss          zero     0x000314    0xa0  Sys_Timer.o [1]
  .near.bss          zero     0x0003b4    0x80  rand.o [4]
  .near.bss          zero     0x000434    0x25  Globaldata.o [1]
  .near.bss          zero     0x000459     0x7  Pulse_Acquire.o [1]
  .near.bss          zero     0x000460     0x4  Globaldata.o [1]
  .near.bss          zero     0x000464     0x4  Globaldata.o [1]
  .near.bss          zero     0x000468     0x4  rand.o [4]
  .near.bss          zero     0x00046c     0x3  Globaldata.o [1]
  .near.bss          zero     0x00046f     0x2  rand.o [4]
  .near.bss          zero     0x000471     0x2  rand.o [4]
  .near.bss          zero     0x000473     0x2  rand.o [4]
  .near.bss          zero     0x000475     0x2  rand.o [4]
  .near.bss          zero     0x000477     0x1  Sys_Timer.o [1]
  .near.bss          zero     0x000478     0x1  rand.o [4]
                            - 0x000479   0x465

"A2":                                    0x100
  CSTACK                      0x000f00   0x100  <Block>
    CSTACK           uninit   0x000f00   0x100  <Block tail>
                            - 0x001000   0x100

"A3":                                     0x80
  INTVEC                      0x008000    0x80  <Block>
    .intvec          const    0x008000    0x80  interrupt.o [4]
                            - 0x008080    0x80

"P3":                                   0x52f2
  .near_func.text    ro code  0x008080   0xb26  BC95.o [1]
  .near_func.text    ro code  0x008ba6   0x7f1  BC95.o [1]
  .near_func.text    ro code  0x009397   0x6d7  BC95.o [1]
  .near_func.text    ro code  0x009a6e   0x66a  BC95.o [1]
  .near_func.text    ro code  0x00a0d8   0x293  float.o [4]
  .near_func.text    ro code  0x00a36b   0x200  rtc.o [1]
  .near_func.text    ro code  0x00a56b   0x19a  BC95.o [1]
  .near_func.text    ro code  0x00a705   0x192  Sys_Timer.o [1]
  .near_func.text    ro code  0x00a897   0x15b  stm8l15x_itc.o [1]
  .near_func.text    ro code  0x00a9f2   0x155  long.o [4]
  .near_func.text    ro code  0x00ab47   0x154  rtc.o [1]
  .near_func.text    ro code  0x00ac9b   0x152  stm8l15x_rtc.o [1]
  .near.rodata       const    0x00aded   0x14c  Temperature.o [1]
  .near_func.text    ro code  0x00af39   0x127  vreg_util.o [4]
  .near_func.text    ro code  0x00b060   0x11f  stm8l15x_exti.o [1]
  .near_func.text    ro code  0x00b17f   0x105  Sys_Timer.o [1]
  .near_func.text    ro code  0x00b284    0xf5  Temperature.o [1]
  .near_func.text    ro code  0x00b379    0xf0  Pulse_Acquire.o [1]
  .near_func.text    ro code  0x00b469    0xdc  Save.o [1]
  .near_func.text    ro code  0x00b545    0xd3  Save.o [1]
  .near_func.text    ro code  0x00b618    0xd3  stm8l15x_usart.o [1]
  .near.rodata       const    0x00b6eb    0xc8  BC95.o [1]
  .near_func.text    ro code  0x00b7b3    0xb7  stm8l15x_rtc.o [1]
  .near_func.text    ro code  0x00b86a    0xaf  stm8l15x_gpio.o [1]
  .near_func.text    ro code  0x00b919    0xac  stm8l15x_usart.o [1]
  .near_func.text    ro code  0x00b9c5    0xab  stm8l15x_rtc.o [1]
  .near_func.text    ro code  0x00ba70    0xa2  Save.o [1]
  .near_func.text    ro code  0x00bb12    0x9e  mcu_init.o [1]
  .near_func.text    ro code  0x00bbb0    0x99  stm8l15x_clk.o [1]
  .near_func.text    ro code  0x00bc49    0x99  rand.o [4]
  .near_func.text    ro code  0x00bce2    0x94  stm8l15x_usart.o [1]
  .near_func.text    ro code  0x00bd76    0x93  stm8l15x_clk.o [1]
  .near_func.text    ro code  0x00be09    0x8f  BC95.o [1]
  .near_func.text    ro code  0x00be98    0x8f  uart.o [1]
  .near_func.text    ro code  0x00bf27    0x8e  stm8l15x_clk.o [1]
  .near_func.text    ro code  0x00bfb5    0x8a  BC95.o [1]
  .near_func.text    ro code  0x00c03f    0x88  uart.o [1]
  .near.rodata       const    0x00c0c7    0x80  BC95.o [1]
  .near_func.text    ro code  0x00c147    0x6c  Save.o [1]
  .near_func.text    ro code  0x00c1b3    0x6a  Globaldata.o [1]
  .near_func.text    ro code  0x00c21d    0x63  short.o [4]
  .near_func.text    ro code  0x00c280    0x61  mcu_init.o [1]
  .near_func.text    ro code  0x00c2e1    0x5f  Pulse_Acquire.o [1]
  .near_func.text    ro code  0x00c340    0x5e  rtc.o [1]
  .near_func.text    ro code  0x00c39e    0x5c  stm8l15x_rtc.o [1]
  .near_func.text    ro code  0x00c3fa    0x5c  stm8l15x_rtc.o [1]
  .near_func.text    ro code  0x00c456    0x56  uart.o [1]
  .near_func.text    ro code  0x00c4ac    0x55  stm8l15x_exti.o [1]
  .near_func.text    ro code  0x00c501    0x55  stm8l15x_rtc.o [1]
  .near_func.text    ro code  0x00c556    0x55  stm8l15x_rtc.o [1]
  .near_func.text    ro code  0x00c5ab    0x52  long_util.o [4]
  .near_func.text    ro code  0x00c5fd    0x50  stm8l15x_adc.o [1]
  .near_func.text    ro code  0x00c64d    0x50  Sys_Timer.o [1]
  .near_func.text    ro code  0x00c69d    0x4e  stm8l15x_adc.o [1]
  .near_func.text    ro code  0x00c6eb    0x4d  Sys_Timer.o [1]
  .near_func.text    ro code  0x00c738    0x49  mcu_init.o [1]
  .near_func.text    ro code  0x00c781    0x49  Save.o [1]
  .near_func.text    ro code  0x00c7ca    0x46  Globaldata.o [1]
  .near_func.text    ro code  0x00c810    0x45  Save.o [1]
  .near_func.text    ro code  0x00c855    0x45  stm8l15x_rtc.o [1]
  .near_func.text    ro code  0x00c89a    0x44  strstr.o [4]
  .near_func.text    ro code  0x00c8de    0x41  BC95.o [1]
  .near.rodata       const    0x00c91f    0x40  BC95.o [1]
  .near_func.text    ro code  0x00c95f    0x3f  main.o [1]
  .near_func.text    ro code  0x00c99e    0x3f  stm8l15x_exti.o [1]
  .near_func.text    ro code  0x00c9dd    0x3e  stm8l15x_usart.o [1]
  .near_func.text    ro code  0x00ca1b    0x3b  BC95.o [1]
  .near_func.text    ro code  0x00ca56    0x3b  stm8l15x_rtc.o [1]
  .near_func.text    ro code  0x00ca91    0x39  rtc.o [1]
  .near_func.text    ro code  0x00caca    0x37  stm8l15x_rtc.o [1]
  .near_func.text    ro code  0x00cb01    0x36  stm8l15x_exti.o [1]
  .near_func.text    ro code  0x00cb37    0x36  memcmp.o [4]
  .near_func.text    ro code  0x00cb6d    0x35  Pulse_Acquire.o [1]
  .near_func.text    ro code  0x00cba2    0x32  uart.o [1]
  .near_func.text    ro code  0x00cbd4    0x2f  BC95.o [1]
  .near_func.text    ro code  0x00cc03    0x2f  stm8l15x_adc.o [1]
  .near_func.text    ro code  0x00cc32    0x2d  stm8l15x_rtc.o [1]
  .near_func.text    ro code  0x00cc5f    0x2c  stm8l15x_rtc.o [1]
  .near_func.text    ro code  0x00cc8b    0x2b  stm8l15x_usart.o [1]
  .near_func.text    ro code  0x00ccb6    0x29  Pulse_Acquire.o [1]
  .near.rodata       const    0x00ccdf    0x28  BC95.o [1]
  .near_func.text    ro code  0x00cd07    0x28  stm8l15x_adc.o [1]
  .near_func.text    ro code  0x00cd2f    0x28  init_small.o [4]
  .near_func.text    ro code  0x00cd57    0x27  rtc.o [1]
  .near_func.text    ro code  0x00cd7e    0x25  memcpy.o [4]
  .near_func.text    ro code  0x00cda3    0x25  dc_util.o [4]
  .near_func.text    ro code  0x00cdc8    0x23  stm8l15x_rtc.o [1]
  .near_func.text    ro code  0x00cdeb    0x22  stm8l15x_exti.o [1]
  .iar.init_table    const    0x00ce0d    0x12  - Linker created -
  .near_func.text    ro code  0x00ce1f    0x20  BC95.o [1]
  .near_func.text    ro code  0x00ce3f    0x20  stm8l15x_rtc.o [1]
  .near.rodata       const    0x00ce5f    0x1f  BC95.o [1]
  .near_func.text    ro code  0x00ce7e    0x1e  stm8l15x_adc.o [1]
  .near_func.text    ro code  0x00ce9c    0x1e  init_small.o [4]
  .near_func.text    ro code  0x00ceba    0x1c  main.o [1]
  .near_func.text    ro code  0x00ced6    0x1b  Globaldata.o [1]
  .near_func.text    ro code  0x00cef1    0x1b  stm8l15x_rtc.o [1]
  .near_func.text    ro code  0x00cf0c    0x1a  rand.o [4]
  .near_func.text    ro code  0x00cf26    0x19  stm8l15x_flash.o [1]
  .near_func.text    ro code  0x00cf3f    0x19  stm8l15x_flash.o [1]
  .near_func.text    ro code  0x00cf58    0x19  stm8l15x_it.o [1]
  .near_func.text    ro code  0x00cf71    0x17  memset.o [4]
  .near_func.text    ro code  0x00cf88    0x17  init.o [4]
  .near_func.text    ro code  0x00cf9f    0x16  main.o [1]
  .near_func.text    ro code  0x00cfb5    0x16  stm8l15x_it.o [1]
  .near_func.text    ro code  0x00cfcb    0x16  stm8l15x_it.o [1]
  .near_func.text    ro code  0x00cfe1    0x16  stm8l15x_it.o [1]
  .near_func.text    ro code  0x00cff7    0x16  stm8l15x_it.o [1]
  .near_func.text    ro code  0x00d00d    0x15  Save.o [1]
  .near_func.text    ro code  0x00d022    0x15  stm8l15x_rtc.o [1]
  .near_func.text    ro code  0x00d037    0x15  uart.o [1]
  .near_func.text    ro code  0x00d04c    0x14  __dbg_xxexit.o [3]
  .near_func.text    ro code  0x00d060    0x13  BC95.o [1]
  .near_func.text    ro code  0x00d073    0x13  stm8l15x_clk.o [1]
  .near_func.text    ro code  0x00d086    0x13  cstartup.o [4]
  .near_func.text    ro code  0x00d099    0x12  strlen.o [4]
  .near.rodata       const    0x00d0ab    0x11  BC95.o [1]
  .near.rodata       const    0x00d0bc    0x11  BC95.o [1]
  .near.rodata       const    0x00d0cd    0x11  BC95.o [1]
  .near_func.text    ro code  0x00d0de    0x11  stm8l15x_adc.o [1]
  .near_func.text    ro code  0x00d0ef     0xf  Save.o [1]
  .near_func.text    ro code  0x00d0fe     0xe  stm8l15x_adc.o [1]
  .near_func.text    ro code  0x00d10c     0xe  stm8l15x_clk.o [1]
  .near_func.text    ro code  0x00d11a     0xe  stm8l15x_pwr.o [1]
  .near_func.text    ro code  0x00d128     0xe  stm8l15x_pwr.o [1]
  .near_func.text    ro code  0x00d136     0xd  BC95.o [1]
  .near_func.text    ro code  0x00d143     0xd  stm8l15x_adc.o [1]
  .near_func.text    ro code  0x00d150     0xd  move.o [4]
  .near.rodata       const    0x00d15d     0xc  BC95.o [1]
  .near.rodata       const    0x00d169     0xc  BC95.o [1]
  .near.rodata       const    0x00d175     0xc  BC95.o [1]
  .near.rodata       const    0x00d181     0xc  BC95.o [1]
  .near.rodata       const    0x00d18d     0xc  BC95.o [1]
  .near.rodata       const    0x00d199     0xc  BC95.o [1]
  .near.rodata       const    0x00d1a5     0xc  BC95.o [1]
  .near.rodata       const    0x00d1b1     0xc  BC95.o [1]
  .near.rodata       const    0x00d1bd     0xc  BC95.o [1]
  .near.rodata       const    0x00d1c9     0xc  BC95.o [1]
  .near_func.text    ro code  0x00d1d5     0xc  BC95.o [1]
  .near_func.text    ro code  0x00d1e1     0xc  stm8l15x_rtc.o [1]
  .near.rodata       const    0x00d1ed     0xb  BC95.o [1]
  .near.rodata       const    0x00d1f8     0xb  BC95.o [1]
  .near.rodata       const    0x00d203     0xb  BC95.o [1]
  .near.rodata       const    0x00d20e     0xb  BC95.o [1]
  .near.rodata       const    0x00d219     0xb  BC95.o [1]
  .near.rodata       const    0x00d224     0xb  BC95.o [1]
  .near.rodata       const    0x00d22f     0xb  BC95.o [1]
  .near_func.text    ro code  0x00d23a     0xb  stm8l15x_flash.o [1]
  .near_func.text    ro code  0x00d245     0xb  stm8l15x_flash.o [1]
  .near_func.text    ro code  0x00d250     0xb  abs.o [4]
  .near_func.text    ro code  0x00d25b     0xa  mcu_init.o [1]
  .near_func.text    ro code  0x00d265     0xa  stm8l15x_clk.o [1]
  .near_func.text    ro code  0x00d26f     0xa  char.o [4]
  .near.rodata       const    0x00d279     0x9  BC95.o [1]
  .near.rodata       const    0x00d282     0x9  BC95.o [1]
  .near.rodata       const    0x00d28b     0x9  BC95.o [1]
  .near.rodata       const    0x00d294     0x9  BC95.o [1]
  .near.rodata       const    0x00d29d     0x9  BC95.o [1]
  .near.rodata       const    0x00d2a6     0x9  Save.o [1]
  .near_func.text    ro code  0x00d2af     0x9  stm8l15x_gpio.o [1]
  .near_func.text    ro code  0x00d2b8     0x9  rand.o [4]
  .near.rodata       const    0x00d2c1     0x8  BC95.o [1]
  .near_func.text    ro code  0x00d2c9     0x8  stm8l15x_gpio.o [1]
  .near_func.text    ro code  0x00d2d1     0x8  stm8l15x_usart.o [1]
  .near.rodata       const    0x00d2d9     0x7  BC95.o [1]
  .near.rodata       const    0x00d2e0     0x7  BC95.o [1]
  .near.rodata       const    0x00d2e7     0x7  BC95.o [1]
  .near_func.text    ro code  0x00d2ee     0x7  stm8l15x_gpio.o [1]
  .near.rodata       const    0x00d2f5     0x6  BC95.o [1]
  .near.rodata       const    0x00d2fb     0x5  BC95.o [1]
  .near.rodata       const    0x00d300     0x5  BC95.o [1]
  .near.rodata       const    0x00d305     0x5  stm8l15x_clk.o [1]
  .near_func.text    ro code  0x00d30a     0x5  stm8l15x_adc.o [1]
  .near_func.text    ro code  0x00d30f     0x5  stm8l15x_flash.o [1]
  .near_func.text    ro code  0x00d314     0x5  stm8l15x_iwdg.o [1]
  .near_func.text    ro code  0x00d319     0x5  stm8l15x_iwdg.o [1]
  .near_func.text    ro code  0x00d31e     0x5  stm8l15x_usart.o [1]
  .near_func.text    ro code  0x00d323     0x5  stm8l15x_usart.o [1]
  .near_func.text    ro code  0x00d328     0x5  cexit.o [4]
  .near.rodata       const    0x00d32d     0x4  BC95.o [1]
  .near_func.text    ro code  0x00d331     0x4  stm8l15x_clk.o [1]
  .near_func.text    ro code  0x00d335     0x4  stm8l15x_clk.o [1]
  .near_func.text    ro code  0x00d339     0x4  stm8l15x_iwdg.o [1]
  .near_func.text    ro code  0x00d33d     0x4  stm8l15x_iwdg.o [1]
  .near_func.text    ro code  0x00d341     0x4  stm8l15x_iwdg.o [1]
  Initializer bytes  const    0x00d345     0x4  <for P2-1>
  .near.rodata       const    0x00d349     0x3  BC95.o [1]
  .near_func.text    ro code  0x00d34c     0x3  interrupt.o [4]
  .near_func.text    ro code  0x00d34f     0x3  low_level_init.o [4]
  .near_func.text    ro code  0x00d352     0x3  exit.o [4]
  .near_func.text    ro code  0x00d355     0x3  unhandled_exception.o [4]
  .near_func.text    ro code  0x00d358     0x1  stm8l15x_it.o [1]
  .near_func.text    ro code  0x00d359     0x1  stm8l15x_it.o [1]
  .near_func.text    ro code  0x00d35a     0x1  stm8l15x_it.o [1]
  .near_func.text    ro code  0x00d35b     0x1  stm8l15x_it.o [1]
  .near_func.text    ro code  0x00d35c     0x1  stm8l15x_it.o [1]
  .near_func.text    ro code  0x00d35d     0x1  stm8l15x_it.o [1]
  .near_func.text    ro code  0x00d35e     0x1  stm8l15x_it.o [1]
  .near_func.text    ro code  0x00d35f     0x1  stm8l15x_it.o [1]
  .near_func.text    ro code  0x00d360     0x1  stm8l15x_it.o [1]
  .near_func.text    ro code  0x00d361     0x1  stm8l15x_it.o [1]
  .near_func.text    ro code  0x00d362     0x1  stm8l15x_it.o [1]
  .near_func.text    ro code  0x00d363     0x1  stm8l15x_it.o [1]
  .near_func.text    ro code  0x00d364     0x1  stm8l15x_it.o [1]
  .near_func.text    ro code  0x00d365     0x1  stm8l15x_it.o [1]
  .near_func.text    ro code  0x00d366     0x1  stm8l15x_it.o [1]
  .near_func.text    ro code  0x00d367     0x1  stm8l15x_it.o [1]
  .near_func.text    ro code  0x00d368     0x1  stm8l15x_it.o [1]
  .near_func.text    ro code  0x00d369     0x1  stm8l15x_it.o [1]
  .near_func.text    ro code  0x00d36a     0x1  stm8l15x_it.o [1]
  .near_func.text    ro code  0x00d36b     0x1  stm8l15x_it.o [1]
  .near_func.text    ro code  0x00d36c     0x1  stm8l15x_it.o [1]
  .near_func.text    ro code  0x00d36d     0x1  stm8l15x_it.o [1]
  .near_func.text    ro code  0x00d36e     0x1  stm8l15x_it.o [1]
  .near_func.text    ro code  0x00d36f     0x1  stm8l15x_it.o [1]
  .near_func.text    ro code  0x00d370     0x1  stm8l15x_it.o [1]
  .near_func.text    ro code  0x00d371     0x1  __dbg_break.o [3]
                            - 0x00d372  0x52f2


*******************************************************************************
*** INIT TABLE
***

          Address   Size
          -------   ----
Zero (__iar_zero_init2)
    1 destination range, total size 0x465:
          0x000014  0x465

Copy (__iar_copy_init2)
    1 source range, total size 0x4:
          0x00d345    0x4
    1 destination range, total size 0x4:
          0x000010    0x4



*******************************************************************************
*** MODULE SUMMARY
***

    Module                 ro code  ro data  rw data
    ------                 -------  -------  -------
F:\0中科君达\0项目\NB水表\软件\NB-IOT程序(BC95-B5)\PROJECT\Debug\Obj: [1]
    BC95.o                   9 218      808      303
    Globaldata.o               203                48
    Pulse_Acquire.o            429                 7
    Save.o                     879        9
    Sys_Timer.o                820               161
    Temperature.o              245      332
    main.o                     113
    mcu_init.o                 338
    rtc.o                    1 042
    stm8l15x_adc.o             324
    stm8l15x_clk.o             493        5
    stm8l15x_exti.o            523
    stm8l15x_flash.o            77
    stm8l15x_gpio.o            199
    stm8l15x_it.o              138
    stm8l15x_itc.o             347
    stm8l15x_iwdg.o             22
    stm8l15x_pwr.o              28
    stm8l15x_rtc.o           1 445
    stm8l15x_usart.o           654
    uart.o                     436               465
    ------------------------------------------------
    Total:                  17 973    1 154      984

command line: [2]
    ------------------------------------------------
    Total:

dbgstm8smd.a: [3]
    __dbg_break.o                1
    __dbg_xxexit.o              20
    ------------------------------------------------
    Total:                      21

dlstm8smn.a: [4]
    abs.o                       11
    cexit.o                      5
    char.o                      10
    cstartup.o                  19
    dc_util.o                   37
    exit.o                       3
    float.o                    659
    init.o                      23
    init_small.o                70
    interrupt.o                  3      128
    long.o                     341
    long_util.o                 82
    low_level_init.o             3
    memcmp.o                    54
    memcpy.o                    37
    memset.o                    23
    move.o                      13
    rand.o                     188        4      145
    short.o                     99
    strlen.o                    18
    strstr.o                    68
    unhandled_exception.o        3
    vreg_util.o                295
    vregs.o                                       16
    ------------------------------------------------
    Total:                   2 064      132      161

    Linker created                       18      256
----------------------------------------------------
    Grand Total:            20 058    1 304    1 401


*******************************************************************************
*** ENTRY LIST
***

Entry                    Address   Size  Type      Object
-----                    -------   ----  ----      ------
.iar.init_table$$Base   0x00ce0d          --   Gb  - Linker created -
.iar.init_table$$Limit  0x00ce1f          --   Gb  - Linker created -
?add32_l0_l0_0x         0x00aa0f         Code  Gb  long.o [4]
?add32_l0_l0_dl         0x00aa0a         Code  Gb  long.o [4]
?b0                     0x000000         Data  Gb  vregs.o [4]
?b1                     0x000001         Data  Gb  vregs.o [4]
?b10                    0x00000a         Data  Gb  vregs.o [4]
?b11                    0x00000b         Data  Gb  vregs.o [4]
?b12                    0x00000c         Data  Gb  vregs.o [4]
?b13                    0x00000d         Data  Gb  vregs.o [4]
?b14                    0x00000e         Data  Gb  vregs.o [4]
?b15                    0x00000f         Data  Gb  vregs.o [4]
?b2                     0x000002         Data  Gb  vregs.o [4]
?b3                     0x000003         Data  Gb  vregs.o [4]
?b4                     0x000004         Data  Gb  vregs.o [4]
?b5                     0x000005         Data  Gb  vregs.o [4]
?b6                     0x000006         Data  Gb  vregs.o [4]
?b7                     0x000007         Data  Gb  vregs.o [4]
?b8                     0x000008         Data  Gb  vregs.o [4]
?b9                     0x000009         Data  Gb  vregs.o [4]
?dc32_l0                0x00cda3         Code  Gb  dc_util.o [4]
?dc32_l1                0x00cdb0         Code  Gb  dc_util.o [4]
?dc32_px                0x00cdbd         Code  Gb  dc_util.o [4]
?e0                     0x000001         Data  Gb  vregs.o [4]
?e1                     0x000005         Data  Gb  vregs.o [4]
?e2                     0x000009         Data  Gb  vregs.o [4]
?e3                     0x00000d         Data  Gb  vregs.o [4]
?epilogue_l2            0x00afe0         Code  Gb  vreg_util.o [4]
?epilogue_l2_l3         0x00afdd         Code  Gb  vreg_util.o [4]
?epilogue_l2_w6         0x00afe4         Code  Gb  vreg_util.o [4]
?epilogue_w4            0x00afeb         Code  Gb  vreg_util.o [4]
?fcastf32u16_l0_x       0x00a22b         Code  Gb  float.o [4]
?fcasts16f32_x_l0       0x00a249         Code  Gb  float.o [4]
?fdiv32_l0_dc32_l1      0x00a178         Code  Gb  float.o [4]
?fdiv32_l0_l0_l1        0x00a17d         Code  Gb  float.o [4]
?fmul32_l0_l0_dc32      0x00a0d8         Code  Gb  float.o [4]
?fmul32_l0_l0_l1        0x00a0dd         Code  Gb  float.o [4]
?inc32_0x_0x            0x00a9fc         Code  Gb  long.o [4]
?inc32_l0_l0            0x00a9f2         Code  Gb  long.o [4]
?inc32_l1_l1            0x00a9f7         Code  Gb  long.o [4]
?l0                     0x000000         Data  Gb  vregs.o [4]
?l1                     0x000004         Data  Gb  vregs.o [4]
?l2                     0x000008         Data  Gb  vregs.o [4]
?l3                     0x00000c         Data  Gb  vregs.o [4]
?load32_0x_l0           0x00c5d3         Code  Gb  long_util.o [4]
?load32_0x_l1           0x00c5e1         Code  Gb  long_util.o [4]
?load32_0x_l2           0x00c5ef         Code  Gb  long_util.o [4]
?load32_l0_0x           0x00c5ab         Code  Gb  long_util.o [4]
?load32_l1_0x           0x00c5c7         Code  Gb  long_util.o [4]
?load32_l1_asp          0x00c5bc         Code  Gb  long_util.o [4]
?load32_l1_dbsp         0x00c5b7         Code  Gb  long_util.o [4]
?load32_l1_xsp          0x00c5be         Code  Gb  long_util.o [4]
?mov_e0_e1              0x00b015         Code  Gb  vreg_util.o [4]
?mov_e0_e2              0x00b022         Code  Gb  vreg_util.o [4]
?mov_e0_e3              0x00b02f         Code  Gb  vreg_util.o [4]
?mov_e1_e0              0x00b03c         Code  Gb  vreg_util.o [4]
?mov_e2_e0              0x00b049         Code  Gb  vreg_util.o [4]
?mov_e3_e0              0x00b056         Code  Gb  vreg_util.o [4]
?mov_l0_l1              0x00b012         Code  Gb  vreg_util.o [4]
?mov_l0_l2              0x00b01f         Code  Gb  vreg_util.o [4]
?mov_l0_l3              0x00b02c         Code  Gb  vreg_util.o [4]
?mov_l1_l0              0x00b039         Code  Gb  vreg_util.o [4]
?mov_l2_l0              0x00b046         Code  Gb  vreg_util.o [4]
?mov_l3_l0              0x00b053         Code  Gb  vreg_util.o [4]
?mov_w0_w1              0x00afef         Code  Gb  vreg_util.o [4]
?mov_w0_w5              0x00aff6         Code  Gb  vreg_util.o [4]
?mov_w1_w3              0x00b018         Code  Gb  vreg_util.o [4]
?mov_w1_w5              0x00b025         Code  Gb  vreg_util.o [4]
?mov_w1_w6              0x00affd         Code  Gb  vreg_util.o [4]
?mov_w1_w7              0x00b032         Code  Gb  vreg_util.o [4]
?mov_w2_w1              0x00b004         Code  Gb  vreg_util.o [4]
?mov_w3_w1              0x00b03f         Code  Gb  vreg_util.o [4]
?mov_w4_w6              0x00b00b         Code  Gb  vreg_util.o [4]
?mov_w5_w1              0x00b04c         Code  Gb  vreg_util.o [4]
?mov_w7_w1              0x00b059         Code  Gb  vreg_util.o [4]
?move1616_v_x_y_a       0x00d150         Code  Gb  move.o [4]
?mul16_x_x_w0           0x00c21d         Code  Gb  short.o [4]
?mul32_l0_l0_0x         0x00aa2a         Code  Gb  long.o [4]
?mul32_l0_l0_dl         0x00aa27         Code  Gb  long.o [4]
?mul32_l0_l0_l1         0x00aa33         Code  Gb  long.o [4]
?pop_l0                 0x00afa9         Code  Gb  vreg_util.o [4]
?pop_l1                 0x00afb4         Code  Gb  vreg_util.o [4]
?pop_l2                 0x00afbf         Code  Gb  vreg_util.o [4]
?pop_l3                 0x00afca         Code  Gb  vreg_util.o [4]
?pop_w4                 0x00af5b         Code  Gb  vreg_util.o [4]
?pop_w6                 0x00af62         Code  Gb  vreg_util.o [4]
?pop_w7                 0x00af69         Code  Gb  vreg_util.o [4]
?push_l0                0x00af78         Code  Gb  vreg_util.o [4]
?push_l1                0x00af7d         Code  Gb  vreg_util.o [4]
?push_l2                0x00af82         Code  Gb  vreg_util.o [4]
?push_l3                0x00af87         Code  Gb  vreg_util.o [4]
?push_w4                0x00af39         Code  Gb  vreg_util.o [4]
?push_w6                0x00af3e         Code  Gb  vreg_util.o [4]
?push_w7                0x00af43         Code  Gb  vreg_util.o [4]
?sdiv16_x_x_y           0x00c23b         Code  Gb  short.o [4]
?sext16_x_a             0x00c279         Code  Gb  short.o [4]
?sext32_l0_x            0x00ab3c         Code  Gb  long.o [4]
?sll16_x_x_a            0x00c264         Code  Gb  short.o [4]
?sll8_a_a_5             0x00d26f         Code  Gb  char.o [4]
?smod16_y_x_y           0x00c254         Code  Gb  short.o [4]
?srl16_x_x_10           0x00c26e         Code  Gb  short.o [4]
?srl16_x_x_11           0x00c26d         Code  Gb  short.o [4]
?srl16_x_x_12           0x00c26c         Code  Gb  short.o [4]
?srl16_x_x_4            0x00c274         Code  Gb  short.o [4]
?srl16_x_x_5            0x00c273         Code  Gb  short.o [4]
?srl16_x_x_6            0x00c272         Code  Gb  short.o [4]
?srl16_x_x_7            0x00c271         Code  Gb  short.o [4]
?srl16_x_x_8            0x00c270         Code  Gb  short.o [4]
?srl16_x_x_9            0x00c26f         Code  Gb  short.o [4]
?srl8_a_a_5             0x00d274         Code  Gb  char.o [4]
?ucmp32_c_l0_0x         0x00ab21         Code  Gb  long.o [4]
?ucmp32_c_l0_l1         0x00ab31         Code  Gb  long.o [4]
?udiv32_l0_l0_dl        0x00aab1         Code  Gb  long.o [4]
?udiv32_l0_l0_l1        0x00aab4         Code  Gb  long.o [4]
?umod32_l1_l0_l1        0x00aab4         Code  Gb  long.o [4]
?w0                     0x000000         Data  Gb  vregs.o [4]
?w1                     0x000002         Data  Gb  vregs.o [4]
?w2                     0x000004         Data  Gb  vregs.o [4]
?w3                     0x000006         Data  Gb  vregs.o [4]
?w4                     0x000008         Data  Gb  vregs.o [4]
?w5                     0x00000a         Data  Gb  vregs.o [4]
?w6                     0x00000c         Data  Gb  vregs.o [4]
?w7                     0x00000e         Data  Gb  vregs.o [4]
ACK                     0x00bfb5   0x8a  Code  Gb  BC95.o [1]
ADC1_COMP_IRQHandler    0x00d367    0x1  Code  Gb  stm8l15x_it.o [1]
ADC_ChannelCmd          0x00c69d   0x4e  Code  Gb  stm8l15x_adc.o [1]
ADC_ClearFlag           0x00d143    0xd  Code  Gb  stm8l15x_adc.o [1]
ADC_Cmd                 0x00d0de   0x11  Code  Gb  stm8l15x_adc.o [1]
ADC_GetConversionValue  0x00cd07   0x28  Code  Gb  stm8l15x_adc.o [1]
ADC_GetFlagStatus       0x00ce7e   0x1e  Code  Gb  stm8l15x_adc.o [1]
ADC_Init                0x00cc03   0x2f  Code  Gb  stm8l15x_adc.o [1]
ADC_SamplingTimeConfig  0x00c5fd   0x50  Code  Gb  stm8l15x_adc.o [1]
ADC_SoftwareStartConv   0x00d30a    0x5  Code  Gb  stm8l15x_adc.o [1]
ADC_VrefintCmd          0x00d0fe    0xe  Code  Gb  stm8l15x_adc.o [1]
ASCLL_to_Int            0x00c7ca   0x46  Code  Gb  Globaldata.o [1]
Alarm_Interrupt         0x00cd57   0x27  Code  Gb  rtc.o [1]
BC95                    0x0001e5  0x12f  Data  Gb  BC95.o [1]
BC95_Data_Send          0x00ce1f   0x20  Code  Gb  BC95.o [1]
BC95_Power_Off          0x00c8de   0x41  Code  Gb  BC95.o [1]
BC95_Power_On           0x00cbd4   0x2f  Code  Gb  BC95.o [1]
BC95_Process            0x009397  0x6d7  Code  Gb  BC95.o [1]
BC95_Recv_Timeout_CallBack
                        0x00ca1b   0x3b  Code  Gb  BC95.o [1]
BC95_Reset              0x00d1d5    0xc  Code  Gb  BC95.o [1]
BC95_Start              0x00d136    0xd  Code  Gb  BC95.o [1]
Bcd2ToByte              0x00cef1   0x1b  Code  Lc  stm8l15x_rtc.o [1]
ByteToBcd2              0x00ce3f   0x20  Code  Lc  stm8l15x_rtc.o [1]
CLK_GetClockFreq        0x00bd76   0x93  Code  Gb  stm8l15x_clk.o [1]
CLK_GetFlagStatus       0x00bbb0   0x99  Code  Gb  stm8l15x_clk.o [1]
CLK_HSICmd              0x00d10c    0xe  Code  Gb  stm8l15x_clk.o [1]
CLK_LSEConfig           0x00d073   0x13  Code  Gb  stm8l15x_clk.o [1]
CLK_PeripheralClockConfig
                        0x00bf27   0x8e  Code  Gb  stm8l15x_clk.o [1]
CLK_RTCClockConfig      0x00d265    0xa  Code  Gb  stm8l15x_clk.o [1]
CLK_SYSCLKDivConfig     0x00d335    0x4  Code  Gb  stm8l15x_clk.o [1]
CLK_SYSCLKSourceConfig  0x00d331    0x4  Code  Gb  stm8l15x_clk.o [1]
CSTACK$$Base            0x000f00          --   Gb  - Linker created -
CSTACK$$Limit           0x001000          --   Gb  - Linker created -
Cal                     0x000459    0x7  Data  Gb  Pulse_Acquire.o [1]
Create_Timer            0x00b17f  0x105  Code  Gb  Sys_Timer.o [1]
DMA1_CHANNEL0_1_IRQHandler
                        0x00d35a    0x1  Code  Gb  stm8l15x_it.o [1]
DMA1_CHANNEL2_3_IRQHandler
                        0x00d35b    0x1  Code  Gb  stm8l15x_it.o [1]
Delete_Timer            0x00c64d   0x50  Code  Gb  Sys_Timer.o [1]
EXTI0_IRQHandler        0x00cfcb   0x16  Code  Gb  stm8l15x_it.o [1]
EXTI1_IRQHandler        0x00d35e    0x1  Code  Gb  stm8l15x_it.o [1]
EXTI2_IRQHandler        0x00d35f    0x1  Code  Gb  stm8l15x_it.o [1]
EXTI3_IRQHandler        0x00d360    0x1  Code  Gb  stm8l15x_it.o [1]
EXTI4_IRQHandler        0x00d361    0x1  Code  Gb  stm8l15x_it.o [1]
EXTI5_IRQHandler        0x00d362    0x1  Code  Gb  stm8l15x_it.o [1]
EXTI6_IRQHandler        0x00d363    0x1  Code  Gb  stm8l15x_it.o [1]
EXTI7_IRQHandler        0x00d364    0x1  Code  Gb  stm8l15x_it.o [1]
EXTIB_G_IRQHandler      0x00d35d    0x1  Code  Gb  stm8l15x_it.o [1]
EXTID_H_IRQHandler      0x00cfb5   0x16  Code  Gb  stm8l15x_it.o [1]
EXTIE_F_PVD_IRQHandler  0x00d35c    0x1  Code  Gb  stm8l15x_it.o [1]
EXTI_ClearITPendingBit  0x00cdeb   0x22  Code  Gb  stm8l15x_exti.o [1]
EXTI_SelectPort         0x00cb01   0x36  Code  Gb  stm8l15x_exti.o [1]
EXTI_SetHalfPortSelection
                        0x00c99e   0x3f  Code  Gb  stm8l15x_exti.o [1]
EXTI_SetPinSensitivity  0x00b060  0x11f  Code  Gb  stm8l15x_exti.o [1]
EXTI_SetPortSensitivity
                        0x00c4ac   0x55  Code  Gb  stm8l15x_exti.o [1]
Exti0_Interrupt         0x00ccb6   0x29  Code  Gb  Pulse_Acquire.o [1]
ExtiD_Interrupt         0x00b379   0xf0  Code  Gb  Pulse_Acquire.o [1]
FLASH_GetFlagStatus     0x00cf3f   0x19  Code  Gb  stm8l15x_flash.o [1]
FLASH_IRQHandler        0x00d359    0x1  Code  Gb  stm8l15x_it.o [1]
FLASH_Lock              0x00d23a    0xb  Code  Gb  stm8l15x_flash.o [1]
FLASH_ProgramByte       0x00d245    0xb  Code  Gb  stm8l15x_flash.o [1]
FLASH_ReadByte          0x00d30f    0x5  Code  Gb  stm8l15x_flash.o [1]
FLASH_Unlock            0x00cf26   0x19  Code  Gb  stm8l15x_flash.o [1]
Free_Uart2              0x00d037   0x15  Code  Gb  uart.o [1]
GMT_to_BT               0x00a36b  0x200  Code  Gb  rtc.o [1]
GPIO_Configuration      0x00c738   0x49  Code  Gb  mcu_init.o [1]
GPIO_Init               0x00b86a   0xaf  Code  Gb  stm8l15x_gpio.o [1]
GPIO_ReadInputDataBit   0x00d2af    0x9  Code  Gb  stm8l15x_gpio.o [1]
GPIO_ResetBits          0x00d2c9    0x8  Code  Gb  stm8l15x_gpio.o [1]
GPIO_SetBits            0x00d2ee    0x7  Code  Gb  stm8l15x_gpio.o [1]
HistoryData             0x00046c    0x3  Data  Gb  Globaldata.o [1]
I2C1_SPI2_IRQHandler    0x00d370    0x1  Code  Gb  stm8l15x_it.o [1]
INTVEC$$Base            0x008000          --   Gb  - Linker created -
INTVEC$$Limit           0x008080          --   Gb  - Linker created -
ITC_SetSoftwarePriority
                        0x00a897  0x15b  Code  Gb  stm8l15x_itc.o [1]
IWDG_Enable             0x00d319    0x5  Code  Gb  stm8l15x_iwdg.o [1]
IWDG_INIT               0x00cf9f   0x16  Code  Gb  main.o [1]
IWDG_ReloadCounter      0x00d314    0x5  Code  Gb  stm8l15x_iwdg.o [1]
IWDG_SetPrescaler       0x00d33d    0x4  Code  Gb  stm8l15x_iwdg.o [1]
IWDG_SetReload          0x00d341    0x4  Code  Gb  stm8l15x_iwdg.o [1]
IWDG_WriteAccessCmd     0x00d339    0x4  Code  Gb  stm8l15x_iwdg.o [1]
Int_to_ASCLL            0x00ced6   0x1b  Code  Gb  Globaldata.o [1]
LCD_AES_IRQHandler      0x00d365    0x1  Code  Gb  stm8l15x_it.o [1]
Magnetic_Interference_Detection
                        0x00cb6d   0x35  Code  Gb  Pulse_Acquire.o [1]
MeterParameter          0x000434   0x25  Data  Gb  Globaldata.o [1]
PWR_FastWakeUpCmd       0x00d11a    0xe  Code  Gb  stm8l15x_pwr.o [1]
PWR_UltraLowPowerCmd    0x00d128    0xe  Code  Gb  stm8l15x_pwr.o [1]
Pulse_Acquire_Config    0x00c2e1   0x5f  Code  Gb  Pulse_Acquire.o [1]
RCC_Configuration       0x00d25b    0xa  Code  Gb  mcu_init.o [1]
RTC_AlarmCmd            0x00c556   0x55  Code  Gb  stm8l15x_rtc.o [1]
RTC_CSSLSE_IRQHandler   0x00cf58   0x19  Code  Gb  stm8l15x_it.o [1]
RTC_ClearITPendingBit   0x00d1e1    0xc  Code  Gb  stm8l15x_rtc.o [1]
RTC_DateStr             0x000464    0x4  Data  Gb  Globaldata.o [1]
RTC_EnterInitMode       0x00cc5f   0x2c  Code  Gb  stm8l15x_rtc.o [1]
RTC_GetDate             0x00c3fa   0x5c  Code  Gb  stm8l15x_rtc.o [1]
RTC_GetITStatus         0x00cc32   0x2d  Code  Gb  stm8l15x_rtc.o [1]
RTC_GetTime             0x00c501   0x55  Code  Gb  stm8l15x_rtc.o [1]
RTC_ITConfig            0x00ca56   0x3b  Code  Gb  stm8l15x_rtc.o [1]
RTC_Init                0x00c39e   0x5c  Code  Gb  stm8l15x_rtc.o [1]
RTC_SetAlarm            0x00ac9b  0x152  Code  Gb  stm8l15x_rtc.o [1]
RTC_SetDate             0x00b7b3   0xb7  Code  Gb  stm8l15x_rtc.o [1]
RTC_SetTime             0x00b9c5   0xab  Code  Gb  stm8l15x_rtc.o [1]
RTC_SetWakeUpCounter    0x00d022   0x15  Code  Gb  stm8l15x_rtc.o [1]
RTC_TimeStr             0x000460    0x4  Data  Gb  Globaldata.o [1]
RTC_WaitForSynchro      0x00caca   0x37  Code  Gb  stm8l15x_rtc.o [1]
RTC_WakeUpClockConfig   0x00cdc8   0x23  Code  Gb  stm8l15x_rtc.o [1]
RTC_WakeUpCmd           0x00c855   0x45  Code  Gb  stm8l15x_rtc.o [1]
Read_ACUM_Flow          0x00d0ef    0xf  Code  Gb  Save.o [1]
Read_History_Data       0x00c810   0x45  Code  Gb  Save.o [1]
Read_Meter_Parameter    0x00c147   0x6c  Code  Gb  Save.o [1]
Read_Temp               0x00b284   0xf5  Code  Gb  Temperature.o [1]
Read_Voltage            0x00bb12   0x9e  Code  Gb  mcu_init.o [1]
Recv_Data_Process       0x009a6e  0x66a  Code  Gb  BC95.o [1]
Region$$Table$$Base     0x00ce0d          --   Gb  - Linker created -
Region$$Table$$Limit    0x00ce1f          --   Gb  - Linker created -
Report_All_Parameters   0x008080  0xb26  Code  Gb  BC95.o [1]
Report_HC_Flow          0x008ba6  0x7f1  Code  Gb  BC95.o [1]
Report_History_Data     0x00a56b  0x19a  Code  Gb  BC95.o [1]
Rtc_Config              0x00c340   0x5e  Code  Gb  rtc.o [1]
SPI1_IRQHandler         0x00d36d    0x1  Code  Gb  stm8l15x_it.o [1]
SWITCH_CSS_BREAK_DAC_IRQHandler
                        0x00d366    0x1  Code  Gb  stm8l15x_it.o [1]
SYSDivFactor            0x00d305    0x5  Data  Gb  stm8l15x_clk.o [1]
Save_Add_Flow           0x00d00d   0x15  Code  Gb  Save.o [1]
Save_History_Data       0x00b469   0xdc  Code  Gb  Save.o [1]
Save_Meter_Parameter    0x00c781   0x49  Code  Gb  Save.o [1]
Save_SDCF_Flow          0x00b545   0xd3  Code  Gb  Save.o [1]
Send_Data_Process       0x00be09   0x8f  Code  Gb  BC95.o [1]
Set_Alarm               0x00ca91   0x39  Code  Gb  rtc.o [1]
Sleep                   0x00ceba   0x1c  Code  Gb  main.o [1]
SysTick_Handler         0x00a705  0x192  Code  Gb  Sys_Timer.o [1]
Sys_Timer               0x000314   0xa0  Data  Lc  Sys_Timer.o [1]
Sys_Timer_Process       0x00c6eb   0x4d  Code  Gb  Sys_Timer.o [1]
TIM1_CC_IRQHandler      0x00d36b    0x1  Code  Gb  stm8l15x_it.o [1]
TIM1_UPD_OVF_TRG_COM_IRQHandler
                        0x00d36a    0x1  Code  Gb  stm8l15x_it.o [1]
TIM2_CC_USART2_RX_IRQHandler
                        0x00cff7   0x16  Code  Gb  stm8l15x_it.o [1]
TIM2_UPD_OVF_TRG_BRK_USART2_TX_IRQHandler
                        0x00cfe1   0x16  Code  Gb  stm8l15x_it.o [1]
TIM3_CC_USART3_RX_IRQHandler
                        0x00d369    0x1  Code  Gb  stm8l15x_it.o [1]
TIM3_UPD_OVF_TRG_BRK_USART3_TX_IRQHandler
                        0x00d368    0x1  Code  Gb  stm8l15x_it.o [1]
TIM4_UPD_OVF_TRG_IRQHandler
                        0x00d36c    0x1  Code  Gb  stm8l15x_it.o [1]
TRAP_IRQHandler         0x00d358    0x1  Code  Gb  stm8l15x_it.o [1]
Temp_Table              0x00aded  0x14c  Data  Gb  Temperature.o [1]
USART1_RX_TIM5_CC_IRQHandler
                        0x00d36f    0x1  Code  Gb  stm8l15x_it.o [1]
USART1_TX_TIM5_UPD_OVF_TRG_BRK_IRQHandler
                        0x00d36e    0x1  Code  Gb  stm8l15x_it.o [1]
USART2_Configuration    0x00c280   0x61  Code  Gb  mcu_init.o [1]
USART2_IRQHandler       0x00be98   0x8f  Code  Gb  uart.o [1]
USART2_TX_IRQHandler    0x00c456   0x56  Code  Gb  uart.o [1]
USART_ClearITPendingBit
                        0x00d323    0x5  Code  Gb  stm8l15x_usart.o [1]
USART_Cmd               0x00cc8b   0x2b  Code  Gb  stm8l15x_usart.o [1]
USART_DeInit            0x00c9dd   0x3e  Code  Gb  stm8l15x_usart.o [1]
USART_GetITStatus       0x00b919   0xac  Code  Gb  stm8l15x_usart.o [1]
USART_ITConfig          0x00bce2   0x94  Code  Gb  stm8l15x_usart.o [1]
USART_Init              0x00b618   0xd3  Code  Gb  stm8l15x_usart.o [1]
USART_ReceiveData8      0x00d31e    0x5  Code  Gb  stm8l15x_usart.o [1]
USART_SendData8         0x00d2d1    0x8  Code  Gb  stm8l15x_usart.o [1]
Uart2                   0x000014  0x1d1  Data  Gb  uart.o [1]
Uart2_Receive           0x00cba2   0x32  Code  Gb  uart.o [1]
Uart2_Send              0x00c03f   0x88  Code  Gb  uart.o [1]
Wake_Interrupt          0x00ab47  0x154  Code  Gb  rtc.o [1]
WriteRom                0x00ba70   0xa2  Code  Gb  Save.o [1]
_Rand_idx               0x000468    0x4  Data  Lc  rand.o [4]
_Rand_rv                0x0003b4   0x80  Data  Lc  rand.o [4]
_Randinit               0x000478    0x1  Data  Gb  rand.o [4]
_Randseed               0x000010    0x4  Data  Gb  rand.o [4]
__DebugBreak            0x00d371    0x1  Code  Gb  __dbg_break.o [3]
__exit                  0x00d04c   0x14  Code  Gb  __dbg_xxexit.o [3]
__iar_Strstr            0x00c89a   0x44  Code  Gb  strstr.o [4]
__iar_Tls_setup__Rand_idx
                        0x000473    0x2  Data  Lc  rand.o [4]
__iar_Tls_setup__Rand_rv
                        0x000475    0x2  Data  Lc  rand.o [4]
__iar_Tls_setup__Randinit
                        0x00046f    0x2  Data  Gb  rand.o [4]
__iar_Tls_setup__Randseed
                        0x000471    0x2  Data  Gb  rand.o [4]
__iar_copy_init2        0x00cd2f         Code  Gb  init_small.o [4]
__iar_data_init2        0x00cf88   0x17  Code  Gb  init.o [4]
__iar_program_start     0x00d086         Code  Gb  cstartup.o [4]
__iar_unhandled_exception
                        0x00d355         Code  Gb  unhandled_exception.o [4]
__iar_zero_init2        0x00ce9c         Code  Gb  init_small.o [4]
__intvec                0x008000         Data  Gb  interrupt.o [4]
__low_level_init        0x00d34f    0x3  Code  Gb  low_level_init.o [4]
_exit                   0x00d328         Code  Gb  cexit.o [4]
_interrupt_1            0x00d358         Code  Gb  stm8l15x_it.o [1]
_interrupt_10           0x00cfcb         Code  Gb  stm8l15x_it.o [1]
_interrupt_11           0x00d35e         Code  Gb  stm8l15x_it.o [1]
_interrupt_12           0x00d35f         Code  Gb  stm8l15x_it.o [1]
_interrupt_13           0x00d360         Code  Gb  stm8l15x_it.o [1]
_interrupt_14           0x00d361         Code  Gb  stm8l15x_it.o [1]
_interrupt_15           0x00d362         Code  Gb  stm8l15x_it.o [1]
_interrupt_16           0x00d363         Code  Gb  stm8l15x_it.o [1]
_interrupt_17           0x00d364         Code  Gb  stm8l15x_it.o [1]
_interrupt_18           0x00d365         Code  Gb  stm8l15x_it.o [1]
_interrupt_19           0x00d366         Code  Gb  stm8l15x_it.o [1]
_interrupt_20           0x00d367         Code  Gb  stm8l15x_it.o [1]
_interrupt_21           0x00cfe1         Code  Gb  stm8l15x_it.o [1]
_interrupt_22           0x00cff7         Code  Gb  stm8l15x_it.o [1]
_interrupt_23           0x00d368         Code  Gb  stm8l15x_it.o [1]
_interrupt_24           0x00d369         Code  Gb  stm8l15x_it.o [1]
_interrupt_25           0x00d36a         Code  Gb  stm8l15x_it.o [1]
_interrupt_26           0x00d36b         Code  Gb  stm8l15x_it.o [1]
_interrupt_27           0x00d36c         Code  Gb  stm8l15x_it.o [1]
_interrupt_28           0x00d36d         Code  Gb  stm8l15x_it.o [1]
_interrupt_29           0x00d36e         Code  Gb  stm8l15x_it.o [1]
_interrupt_3            0x00d359         Code  Gb  stm8l15x_it.o [1]
_interrupt_30           0x00d36f         Code  Gb  stm8l15x_it.o [1]
_interrupt_31           0x00d370         Code  Gb  stm8l15x_it.o [1]
_interrupt_4            0x00d35a         Code  Gb  stm8l15x_it.o [1]
_interrupt_5            0x00d35b         Code  Gb  stm8l15x_it.o [1]
_interrupt_6            0x00cf58         Code  Gb  stm8l15x_it.o [1]
_interrupt_7            0x00d35c         Code  Gb  stm8l15x_it.o [1]
_interrupt_8            0x00d35d         Code  Gb  stm8l15x_it.o [1]
_interrupt_9            0x00cfb5         Code  Gb  stm8l15x_it.o [1]
abs                     0x00d250    0xb  Code  Gb  abs.o [4]
exit                    0x00d352    0x3  Code  Gb  exit.o [4]
main                    0x00c95f   0x3f  Code  Gb  main.o [1]
memcmp                  0x00cb37   0x36  Code  Gb  memcmp.o [4]
memcpy                  0x00cd7e   0x25  Code  Gb  memcpy.o [4]
memset                  0x00cf71   0x17  Code  Gb  memset.o [4]
rand                    0x00bc49   0x99  Code  Gb  rand.o [4]
strlen                  0x00d099   0x12  Code  Gb  strlen.o [4]
strnstr                 0x00c1b3   0x6a  Code  Gb  Globaldata.o [1]
strstr                  0x00d060   0x13  Code  Gb  BC95.o [1]


[1] = F:\0中科君达\0项目\NB水表\软件\NB-IOT程序(BC95-B5)\PROJECT\Debug\Obj
[2] = command line
[3] = dbgstm8smd.a
[4] = dlstm8smn.a

  20 058 bytes of readonly  code memory
   1 304 bytes of readonly  data memory
   1 401 bytes of readwrite data memory

Errors: none
Warnings: none
