###############################################################################
#
# IAR ELF Linker V2.20.1.176 for STM8                     10/Nov/2018  14:27:18
# Copyright 2010-2015 IAR Systems AB.
#
#    Output file  =  
#        F:\0中科君达\0项目\NB水表\软件\NB-IOT程序(BC95-B5)\PROJECT\Debug\Exe\project.out
#    Map file     =  
#        F:\0中科君达\0项目\NB水表\软件\NB-IOT程序(BC95-B5)\PROJECT\Debug\List\project.map
#    Command line =  
#        "F:\0中科君达\0项目\NB水表\软件\NB-IOT程序(BC95-B5)\PROJECT\Debug\Obj\BC95.o"
#        "F:\0中科君达\0项目\NB水表\软件\NB-IOT程序(BC95-B5)\PROJECT\Debug\Obj\Globaldata.o"
#        "F:\0中科君达\0项目\NB水表\软件\NB-IOT程序(BC95-B5)\PROJECT\Debug\Obj\main.o"
#        "F:\0中科君达\0项目\NB水表\软件\NB-IOT程序(BC95-B5)\PROJECT\Debug\Obj\mcu_init.o"
#        "F:\0中科君达\0项目\NB水表\软件\NB-IOT程序(BC95-B5)\PROJECT\Debug\Obj\Pulse_Acquire.o"
#        "F:\0中科君达\0项目\NB水表\软件\NB-IOT程序(BC95-B5)\PROJECT\Debug\Obj\rtc.o"
#        "F:\0中科君达\0项目\NB水表\软件\NB-IOT程序(BC95-B5)\PROJECT\Debug\Obj\Save.o"
#        "F:\0中科君达\0项目\NB水表\软件\NB-IOT程序(BC95-B5)\PROJECT\Debug\Obj\stm8l15x_adc.o"
#        "F:\0中科君达\0项目\NB水表\软件\NB-IOT程序(BC95-B5)\PROJECT\Debug\Obj\stm8l15x_clk.o"
#        "F:\0中科君达\0项目\NB水表\软件\NB-IOT程序(BC95-B5)\PROJECT\Debug\Obj\stm8l15x_exti.o"
#        "F:\0中科君达\0项目\NB水表\软件\NB-IOT程序(BC95-B5)\PROJECT\Debug\Obj\stm8l15x_flash.o"
#        "F:\0中科君达\0项目\NB水表\软件\NB-IOT程序(BC95-B5)\PROJECT\Debug\Obj\stm8l15x_gpio.o"
#        "F:\0中科君达\0项目\NB水表\软件\NB-IOT程序(BC95-B5)\PROJECT\Debug\Obj\stm8l15x_it.o"
#        "F:\0中科君达\0项目\NB水表\软件\NB-IOT程序(BC95-B5)\PROJECT\Debug\Obj\stm8l15x_itc.o"
#        "F:\0中科君达\0项目\NB水表\软件\NB-IOT程序(BC95-B5)\PROJECT\Debug\Obj\stm8l15x_iwdg.o"
#        "F:\0中科君达\0项目\NB水表\软件\NB-IOT程序(BC95-B5)\PROJECT\Debug\Obj\stm8l15x_pwr.o"
#        "F:\0中科君达\0项目\NB水表\软件\NB-IOT程序(BC95-B5)\PROJECT\Debug\Obj\stm8l15x_rtc.o"
#        "F:\0中科君达\0项目\NB水表\软件\NB-IOT程序(BC95-B5)\PROJECT\Debug\Obj\stm8l15x_syscfg.o"
#        "F:\0中科君达\0项目\NB水表\软件\NB-IOT程序(BC95-B5)\PROJECT\Debug\Obj\stm8l15x_usart.o"
#        "F:\0中科君达\0项目\NB水表\软件\NB-IOT程序(BC95-B5)\PROJECT\Debug\Obj\stm8l15x_wwdg.o"
#        "F:\0中科君达\0项目\NB水表\软件\NB-IOT程序(BC95-B5)\PROJECT\Debug\Obj\Sys_Timer.o"
#        "F:\0中科君达\0项目\NB水表\软件\NB-IOT程序(BC95-B5)\PROJECT\Debug\Obj\Temperature.o"
#        "F:\0中科君达\0项目\NB水表\软件\NB-IOT程序(BC95-B5)\PROJECT\Debug\Obj\uart.o"
#        --redirect _Printf=_PrintfSmall --redirect _Scanf=_ScanfSmall -o
#        "F:\0中科君达\0项目\NB水表\软件\NB-IOT程序(BC95-B5)\PROJECT\Debug\Exe\project.out"
#        --map
#        "F:\0中科君达\0项目\NB水表\软件\NB-IOT程序(BC95-B5)\PROJECT\Debug\List\project.map"
#        --config "D:\IAR for STM8\stm8\config\lnkstm8l151c8.icf" --config_def
#        _CSTACK_SIZE=0x100 --config_def _HEAP_SIZE=0x100 --entry
#        __iar_program_start --debug_lib
#
###############################################################################

*******************************************************************************
*** RUNTIME MODEL ATTRIBUTES
***

__SystemLibrary            = DLib
__code_model               = small
__core                     = stm8
__data_model               = medium
__dlib_file_descriptor     = 0
__dlib_full_locale_support = 0
__rt_version               = 4


*******************************************************************************
*** PLACEMENT SUMMARY
***

"A1":  place at start of [0x000000-0x0000ff] { rw section .vregs };
"A2":  place at end of [0x000000-0x000fff] { block CSTACK };
"P2":  place in [from 0x000000 to 0x000fff] {
          block HEAP, rw section __DLIB_PERTHREAD, rw section .far.bss,
          rw section .far.data, rw section .far.noinit,
          rw section .far_func.textrw, rw section .huge.bss,
          rw section .huge.data, rw section .huge.noinit,
          rw section .huge_func.textrw, rw section .iar.dynexit,
          rw section .near.bss, rw section .near.data, rw section .near.noinit,
          rw section .near_func.textrw };
"A3":  place at start of [0x008000-0x00ffff] { block INTVEC };
"P3":  place in [from 0x008000 to 0x00ffff] {
          ro section __DLIB_PERTHREAD_init, ro section .far.data_init,
          ro section .far_func.textrw_init, ro section .huge.data_init,
          ro section .huge_func.textrw_init, ro section .iar.init_table,
          ro section .init_array, ro section .near.data_init,
          ro section .near.rodata, ro section .near_func.text,
          ro section .near_func.textrw_init, ro section .tiny.data_init,
          ro section .tiny.rodata_init };

  Section            Kind      Address    Size  Object
  -------            ----      -------    ----  ------
"A1":                                     0x10
  .vregs             uninit   0x000000    0x10  vregs.o [4]
                            - 0x000010    0x10

"P2", part 1 of 2:                         0x4
  P2-1                        0x000010     0x4  <Init block>
    .near.data       inited   0x000010     0x4  rand.o [4]
                            - 0x000014     0x4

"P2", part 2 of 2:                       0x463
  .near.bss          zero     0x000014   0x1d1  uart.o [1]
  .near.bss          zero     0x0001e5   0x12e  BC95.o [1]
  .near.bss          zero     0x000313    0xa0  Sys_Timer.o [1]
  .near.bss          zero     0x0003b3    0x80  rand.o [4]
  .near.bss          zero     0x000433    0x25  Globaldata.o [1]
  .near.bss          zero     0x000458     0x7  Pulse_Acquire.o [1]
  .near.bss          zero     0x00045f     0x4  Globaldata.o [1]
  .near.bss          zero     0x000463     0x4  Globaldata.o [1]
  .near.bss          zero     0x000467     0x4  rand.o [4]
  .near.bss          zero     0x00046b     0x2  Globaldata.o [1]
  .near.bss          zero     0x00046d     0x2  rand.o [4]
  .near.bss          zero     0x00046f     0x2  rand.o [4]
  .near.bss          zero     0x000471     0x2  rand.o [4]
  .near.bss          zero     0x000473     0x2  rand.o [4]
  .near.bss          zero     0x000475     0x1  Sys_Timer.o [1]
  .near.bss          zero     0x000476     0x1  rand.o [4]
                            - 0x000477   0x463

"A2":                                    0x100
  CSTACK                      0x000f00   0x100  <Block>
    CSTACK           uninit   0x000f00   0x100  <Block tail>
                            - 0x001000   0x100

"A3":                                     0x80
  INTVEC                      0x008000    0x80  <Block>
    .intvec          const    0x008000    0x80  interrupt.o [4]
                            - 0x008080    0x80

"P3":                                   0x54a5
  .near_func.text    ro code  0x008080   0xb29  BC95.o [1]
  .near_func.text    ro code  0x008ba9   0x7f1  BC95.o [1]
  .near_func.text    ro code  0x00939a   0x6d3  BC95.o [1]
  .near_func.text    ro code  0x009a6d   0x66a  BC95.o [1]
  .near_func.text    ro code  0x00a0d7   0x293  float.o [4]
  .near_func.text    ro code  0x00a36a   0x200  rtc.o [1]
  .near_func.text    ro code  0x00a56a   0x1a5  rtc.o [1]
  .near_func.text    ro code  0x00a70f   0x1a2  BC95.o [1]
  .near_func.text    ro code  0x00a8b1   0x192  Sys_Timer.o [1]
  .near_func.text    ro code  0x00aa43   0x15b  stm8l15x_itc.o [1]
  .near_func.text    ro code  0x00ab9e   0x152  stm8l15x_rtc.o [1]
  .near.rodata       const    0x00acf0   0x14c  Temperature.o [1]
  .near_func.text    ro code  0x00ae3c   0x14a  long.o [4]
  .near_func.text    ro code  0x00af86   0x127  vreg_util.o [4]
  .near_func.text    ro code  0x00b0ad   0x11f  stm8l15x_exti.o [1]
  .near_func.text    ro code  0x00b1cc   0x105  Sys_Timer.o [1]
  .near_func.text    ro code  0x00b2d1   0x101  Save.o [1]
  .near_func.text    ro code  0x00b3d2    0xf0  Pulse_Acquire.o [1]
  .near_func.text    ro code  0x00b4c2    0xdd  Temperature.o [1]
  .near_func.text    ro code  0x00b59f    0xd3  Save.o [1]
  .near_func.text    ro code  0x00b672    0xd3  stm8l15x_usart.o [1]
  .near.rodata       const    0x00b745    0xc8  BC95.o [1]
  .near_func.text    ro code  0x00b80d    0xbf  Save.o [1]
  .near_func.text    ro code  0x00b8cc    0xb7  stm8l15x_rtc.o [1]
  .near_func.text    ro code  0x00b983    0xaf  stm8l15x_gpio.o [1]
  .near_func.text    ro code  0x00ba32    0xac  stm8l15x_usart.o [1]
  .near_func.text    ro code  0x00bade    0xab  stm8l15x_rtc.o [1]
  .near_func.text    ro code  0x00bb89    0xa2  Save.o [1]
  .near_func.text    ro code  0x00bc2b    0x9e  mcu_init.o [1]
  .near_func.text    ro code  0x00bcc9    0x99  stm8l15x_clk.o [1]
  .near_func.text    ro code  0x00bd62    0x99  rand.o [4]
  .near_func.text    ro code  0x00bdfb    0x94  stm8l15x_usart.o [1]
  .near_func.text    ro code  0x00be8f    0x93  stm8l15x_clk.o [1]
  .near_func.text    ro code  0x00bf22    0x8f  uart.o [1]
  .near_func.text    ro code  0x00bfb1    0x8e  stm8l15x_clk.o [1]
  .near_func.text    ro code  0x00c03f    0x8a  BC95.o [1]
  .near_func.text    ro code  0x00c0c9    0x88  uart.o [1]
  .near_func.text    ro code  0x00c151    0x87  BC95.o [1]
  .near.rodata       const    0x00c1d8    0x80  BC95.o [1]
  .near_func.text    ro code  0x00c258    0x6f  Save.o [1]
  .near_func.text    ro code  0x00c2c7    0x6a  Globaldata.o [1]
  .near_func.text    ro code  0x00c331    0x67  mcu_init.o [1]
  .near_func.text    ro code  0x00c398    0x63  short.o [4]
  .near_func.text    ro code  0x00c3fb    0x61  mcu_init.o [1]
  .near_func.text    ro code  0x00c45c    0x5f  Pulse_Acquire.o [1]
  .near_func.text    ro code  0x00c4bb    0x5e  rtc.o [1]
  .near_func.text    ro code  0x00c519    0x5c  stm8l15x_rtc.o [1]
  .near_func.text    ro code  0x00c575    0x5c  stm8l15x_rtc.o [1]
  .near_func.text    ro code  0x00c5d1    0x57  main.o [1]
  .near_func.text    ro code  0x00c628    0x56  uart.o [1]
  .near_func.text    ro code  0x00c67e    0x55  Save.o [1]
  .near_func.text    ro code  0x00c6d3    0x55  stm8l15x_exti.o [1]
  .near_func.text    ro code  0x00c728    0x55  stm8l15x_rtc.o [1]
  .near_func.text    ro code  0x00c77d    0x55  stm8l15x_rtc.o [1]
  .near_func.text    ro code  0x00c7d2    0x52  long_util.o [4]
  .near_func.text    ro code  0x00c824    0x50  stm8l15x_adc.o [1]
  .near_func.text    ro code  0x00c874    0x50  Sys_Timer.o [1]
  .near_func.text    ro code  0x00c8c4    0x4e  stm8l15x_adc.o [1]
  .near_func.text    ro code  0x00c912    0x4d  Sys_Timer.o [1]
  .near_func.text    ro code  0x00c95f    0x49  mcu_init.o [1]
  .near_func.text    ro code  0x00c9a8    0x46  Globaldata.o [1]
  .near_func.text    ro code  0x00c9ee    0x45  stm8l15x_rtc.o [1]
  .near_func.text    ro code  0x00ca33    0x44  strstr.o [4]
  .near.rodata       const    0x00ca77    0x40  BC95.o [1]
  .near_func.text    ro code  0x00cab7    0x3f  stm8l15x_exti.o [1]
  .near_func.text    ro code  0x00caf6    0x3e  stm8l15x_usart.o [1]
  .near_func.text    ro code  0x00cb34    0x3b  stm8l15x_rtc.o [1]
  .near_func.text    ro code  0x00cb6f    0x39  rtc.o [1]
  .near_func.text    ro code  0x00cba8    0x38  Save.o [1]
  .near_func.text    ro code  0x00cbe0    0x37  stm8l15x_rtc.o [1]
  .near_func.text    ro code  0x00cc17    0x36  stm8l15x_exti.o [1]
  .near_func.text    ro code  0x00cc4d    0x36  memcmp.o [4]
  .near_func.text    ro code  0x00cc83    0x35  Pulse_Acquire.o [1]
  .near_func.text    ro code  0x00ccb8    0x32  uart.o [1]
  .near_func.text    ro code  0x00ccea    0x31  main.o [1]
  .near_func.text    ro code  0x00cd1b    0x2f  stm8l15x_adc.o [1]
  .near_func.text    ro code  0x00cd4a    0x2d  stm8l15x_rtc.o [1]
  .near_func.text    ro code  0x00cd77    0x2c  stm8l15x_rtc.o [1]
  .near_func.text    ro code  0x00cda3    0x2b  BC95.o [1]
  .near_func.text    ro code  0x00cdce    0x2b  stm8l15x_usart.o [1]
  .near.rodata       const    0x00cdf9    0x28  BC95.o [1]
  .near_func.text    ro code  0x00ce21    0x28  stm8l15x_adc.o [1]
  .near_func.text    ro code  0x00ce49    0x28  init_small.o [4]
  .near_func.text    ro code  0x00ce71    0x27  rtc.o [1]
  .near_func.text    ro code  0x00ce98    0x25  BC95.o [1]
  .near_func.text    ro code  0x00cebd    0x25  memcpy.o [4]
  .near_func.text    ro code  0x00cee2    0x25  dc_util.o [4]
  .near_func.text    ro code  0x00cf07    0x23  stm8l15x_rtc.o [1]
  .near_func.text    ro code  0x00cf2a    0x22  stm8l15x_exti.o [1]
  .near_func.text    ro code  0x00cf4c    0x21  BC95.o [1]
  .iar.init_table    const    0x00cf6d    0x12  - Linker created -
  .near_func.text    ro code  0x00cf7f    0x20  BC95.o [1]
  .near_func.text    ro code  0x00cf9f    0x20  stm8l15x_rtc.o [1]
  .near.rodata       const    0x00cfbf    0x1f  BC95.o [1]
  .near_func.text    ro code  0x00cfde    0x1f  Pulse_Acquire.o [1]
  .near_func.text    ro code  0x00cffd    0x1e  BC95.o [1]
  .near_func.text    ro code  0x00d01b    0x1e  stm8l15x_adc.o [1]
  .near_func.text    ro code  0x00d039    0x1e  init_small.o [4]
  .near.rodata       const    0x00d057    0x1c  BC95.o [1]
  .near.rodata       const    0x00d073    0x1b  BC95.o [1]
  .near_func.text    ro code  0x00d08e    0x1b  Globaldata.o [1]
  .near_func.text    ro code  0x00d0a9    0x1b  stm8l15x_rtc.o [1]
  .near_func.text    ro code  0x00d0c4    0x1a  stm8l15x_clk.o [1]
  .near_func.text    ro code  0x00d0de    0x1a  rand.o [4]
  .near_func.text    ro code  0x00d0f8    0x19  stm8l15x_flash.o [1]
  .near_func.text    ro code  0x00d111    0x19  stm8l15x_flash.o [1]
  .near_func.text    ro code  0x00d12a    0x19  stm8l15x_it.o [1]
  .near_func.text    ro code  0x00d143    0x17  memset.o [4]
  .near_func.text    ro code  0x00d15a    0x17  init.o [4]
  .near_func.text    ro code  0x00d171    0x16  main.o [1]
  .near_func.text    ro code  0x00d187    0x16  stm8l15x_it.o [1]
  .near_func.text    ro code  0x00d19d    0x16  stm8l15x_it.o [1]
  .near_func.text    ro code  0x00d1b3    0x16  stm8l15x_it.o [1]
  .near_func.text    ro code  0x00d1c9    0x16  stm8l15x_it.o [1]
  .near_func.text    ro code  0x00d1df    0x15  Save.o [1]
  .near_func.text    ro code  0x00d1f4    0x15  stm8l15x_rtc.o [1]
  .near_func.text    ro code  0x00d209    0x14  __dbg_xxexit.o [3]
  .near_func.text    ro code  0x00d21d    0x13  BC95.o [1]
  .near_func.text    ro code  0x00d230    0x13  stm8l15x_clk.o [1]
  .near_func.text    ro code  0x00d243    0x13  cstartup.o [4]
  .near_func.text    ro code  0x00d256    0x12  strlen.o [4]
  .near.rodata       const    0x00d268    0x11  BC95.o [1]
  .near.rodata       const    0x00d279    0x11  BC95.o [1]
  .near.rodata       const    0x00d28a    0x11  BC95.o [1]
  .near_func.text    ro code  0x00d29b    0x11  stm8l15x_adc.o [1]
  .near_func.text    ro code  0x00d2ac     0xf  Save.o [1]
  .near_func.text    ro code  0x00d2bb     0xe  stm8l15x_adc.o [1]
  .near_func.text    ro code  0x00d2c9     0xe  stm8l15x_clk.o [1]
  .near_func.text    ro code  0x00d2d7     0xe  stm8l15x_pwr.o [1]
  .near_func.text    ro code  0x00d2e5     0xe  stm8l15x_pwr.o [1]
  .near_func.text    ro code  0x00d2f3     0xd  Save.o [1]
  .near_func.text    ro code  0x00d300     0xd  stm8l15x_adc.o [1]
  .near_func.text    ro code  0x00d30d     0xd  move.o [4]
  .near.rodata       const    0x00d31a     0xc  BC95.o [1]
  .near.rodata       const    0x00d326     0xc  BC95.o [1]
  .near.rodata       const    0x00d332     0xc  BC95.o [1]
  .near.rodata       const    0x00d33e     0xc  BC95.o [1]
  .near.rodata       const    0x00d34a     0xc  BC95.o [1]
  .near.rodata       const    0x00d356     0xc  BC95.o [1]
  .near.rodata       const    0x00d362     0xc  BC95.o [1]
  .near.rodata       const    0x00d36e     0xc  BC95.o [1]
  .near_func.text    ro code  0x00d37a     0xc  stm8l15x_rtc.o [1]
  .near.rodata       const    0x00d386     0xb  BC95.o [1]
  .near.rodata       const    0x00d391     0xb  BC95.o [1]
  .near.rodata       const    0x00d39c     0xb  BC95.o [1]
  .near.rodata       const    0x00d3a7     0xb  BC95.o [1]
  .near.rodata       const    0x00d3b2     0xb  BC95.o [1]
  .near.rodata       const    0x00d3bd     0xb  BC95.o [1]
  .near.rodata       const    0x00d3c8     0xb  BC95.o [1]
  .near_func.text    ro code  0x00d3d3     0xb  stm8l15x_flash.o [1]
  .near_func.text    ro code  0x00d3de     0xb  stm8l15x_flash.o [1]
  .near_func.text    ro code  0x00d3e9     0xb  abs.o [4]
  .near_func.text    ro code  0x00d3f4     0xa  mcu_init.o [1]
  .near_func.text    ro code  0x00d3fe     0xa  stm8l15x_clk.o [1]
  .near_func.text    ro code  0x00d408     0xa  char.o [4]
  .near.rodata       const    0x00d412     0x9  BC95.o [1]
  .near.rodata       const    0x00d41b     0x9  BC95.o [1]
  .near.rodata       const    0x00d424     0x9  BC95.o [1]
  .near.rodata       const    0x00d42d     0x9  BC95.o [1]
  .near.rodata       const    0x00d436     0x9  BC95.o [1]
  .near.rodata       const    0x00d43f     0x9  Save.o [1]
  .near.rodata       const    0x00d448     0x9  Save.o [1]
  .near_func.text    ro code  0x00d451     0x9  stm8l15x_gpio.o [1]
  .near_func.text    ro code  0x00d45a     0x9  rand.o [4]
  .near.rodata       const    0x00d463     0x8  BC95.o [1]
  .near_func.text    ro code  0x00d46b     0x8  stm8l15x_gpio.o [1]
  .near_func.text    ro code  0x00d473     0x8  stm8l15x_usart.o [1]
  .near.rodata       const    0x00d47b     0x7  BC95.o [1]
  .near.rodata       const    0x00d482     0x7  BC95.o [1]
  .near.rodata       const    0x00d489     0x7  BC95.o [1]
  .near_func.text    ro code  0x00d490     0x7  stm8l15x_gpio.o [1]
  .near.rodata       const    0x00d497     0x6  BC95.o [1]
  .near_func.text    ro code  0x00d49d     0x6  Save.o [1]
  .near_func.text    ro code  0x00d4a3     0x6  Save.o [1]
  .near.rodata       const    0x00d4a9     0x5  BC95.o [1]
  .near.rodata       const    0x00d4ae     0x5  BC95.o [1]
  .near.rodata       const    0x00d4b3     0x5  stm8l15x_clk.o [1]
  .near_func.text    ro code  0x00d4b8     0x5  BC95.o [1]
  .near_func.text    ro code  0x00d4bd     0x5  stm8l15x_adc.o [1]
  .near_func.text    ro code  0x00d4c2     0x5  stm8l15x_flash.o [1]
  .near_func.text    ro code  0x00d4c7     0x5  stm8l15x_iwdg.o [1]
  .near_func.text    ro code  0x00d4cc     0x5  stm8l15x_iwdg.o [1]
  .near_func.text    ro code  0x00d4d1     0x5  stm8l15x_usart.o [1]
  .near_func.text    ro code  0x00d4d6     0x5  stm8l15x_usart.o [1]
  .near_func.text    ro code  0x00d4db     0x5  cexit.o [4]
  .near.rodata       const    0x00d4e0     0x4  BC95.o [1]
  .near_func.text    ro code  0x00d4e4     0x4  stm8l15x_clk.o [1]
  .near_func.text    ro code  0x00d4e8     0x4  stm8l15x_clk.o [1]
  .near_func.text    ro code  0x00d4ec     0x4  stm8l15x_iwdg.o [1]
  .near_func.text    ro code  0x00d4f0     0x4  stm8l15x_iwdg.o [1]
  .near_func.text    ro code  0x00d4f4     0x4  stm8l15x_iwdg.o [1]
  Initializer bytes  const    0x00d4f8     0x4  <for P2-1>
  .near.rodata       const    0x00d4fc     0x3  BC95.o [1]
  .near_func.text    ro code  0x00d4ff     0x3  interrupt.o [4]
  .near_func.text    ro code  0x00d502     0x3  low_level_init.o [4]
  .near_func.text    ro code  0x00d505     0x3  exit.o [4]
  .near_func.text    ro code  0x00d508     0x3  unhandled_exception.o [4]
  .near_func.text    ro code  0x00d50b     0x1  stm8l15x_it.o [1]
  .near_func.text    ro code  0x00d50c     0x1  stm8l15x_it.o [1]
  .near_func.text    ro code  0x00d50d     0x1  stm8l15x_it.o [1]
  .near_func.text    ro code  0x00d50e     0x1  stm8l15x_it.o [1]
  .near_func.text    ro code  0x00d50f     0x1  stm8l15x_it.o [1]
  .near_func.text    ro code  0x00d510     0x1  stm8l15x_it.o [1]
  .near_func.text    ro code  0x00d511     0x1  stm8l15x_it.o [1]
  .near_func.text    ro code  0x00d512     0x1  stm8l15x_it.o [1]
  .near_func.text    ro code  0x00d513     0x1  stm8l15x_it.o [1]
  .near_func.text    ro code  0x00d514     0x1  stm8l15x_it.o [1]
  .near_func.text    ro code  0x00d515     0x1  stm8l15x_it.o [1]
  .near_func.text    ro code  0x00d516     0x1  stm8l15x_it.o [1]
  .near_func.text    ro code  0x00d517     0x1  stm8l15x_it.o [1]
  .near_func.text    ro code  0x00d518     0x1  stm8l15x_it.o [1]
  .near_func.text    ro code  0x00d519     0x1  stm8l15x_it.o [1]
  .near_func.text    ro code  0x00d51a     0x1  stm8l15x_it.o [1]
  .near_func.text    ro code  0x00d51b     0x1  stm8l15x_it.o [1]
  .near_func.text    ro code  0x00d51c     0x1  stm8l15x_it.o [1]
  .near_func.text    ro code  0x00d51d     0x1  stm8l15x_it.o [1]
  .near_func.text    ro code  0x00d51e     0x1  stm8l15x_it.o [1]
  .near_func.text    ro code  0x00d51f     0x1  stm8l15x_it.o [1]
  .near_func.text    ro code  0x00d520     0x1  stm8l15x_it.o [1]
  .near_func.text    ro code  0x00d521     0x1  stm8l15x_it.o [1]
  .near_func.text    ro code  0x00d522     0x1  stm8l15x_it.o [1]
  .near_func.text    ro code  0x00d523     0x1  stm8l15x_it.o [1]
  .near_func.text    ro code  0x00d524     0x1  __dbg_break.o [3]
                            - 0x00d525  0x54a5


*******************************************************************************
*** INIT TABLE
***

          Address   Size
          -------   ----
Zero (__iar_zero_init2)
    1 destination range, total size 0x463:
          0x000014  0x463

Copy (__iar_copy_init2)
    1 source range, total size 0x4:
          0x00d4f8    0x4
    1 destination range, total size 0x4:
          0x000010    0x4



*******************************************************************************
*** MODULE SUMMARY
***

    Module                 ro code  ro data  rw data
    ------                 -------  -------  -------
F:\0中科君达\0项目\NB水表\软件\NB-IOT程序(BC95-B5)\PROJECT\Debug\Obj: [1]
    BC95.o                   9 169      839      302
    Globaldata.o               203                47
    Pulse_Acquire.o            419                 7
    Save.o                   1 134       18
    Sys_Timer.o                820               161
    Temperature.o              221      332
    main.o                     158
    mcu_init.o                 441
    rtc.o                    1 123
    stm8l15x_adc.o             324
    stm8l15x_clk.o             519        5
    stm8l15x_exti.o            523
    stm8l15x_flash.o            77
    stm8l15x_gpio.o            199
    stm8l15x_it.o              138
    stm8l15x_itc.o             347
    stm8l15x_iwdg.o             22
    stm8l15x_pwr.o              28
    stm8l15x_rtc.o           1 445
    stm8l15x_usart.o           654
    uart.o                     415               465
    ------------------------------------------------
    Total:                  18 379    1 194      982

command line: [2]
    ------------------------------------------------
    Total:

dbgstm8smd.a: [3]
    __dbg_break.o                1
    __dbg_xxexit.o              20
    ------------------------------------------------
    Total:                      21

dlstm8smn.a: [4]
    abs.o                       11
    cexit.o                      5
    char.o                      10
    cstartup.o                  19
    dc_util.o                   37
    exit.o                       3
    float.o                    659
    init.o                      23
    init_small.o                70
    interrupt.o                  3      128
    long.o                     330
    long_util.o                 82
    low_level_init.o             3
    memcmp.o                    54
    memcpy.o                    37
    memset.o                    23
    move.o                      13
    rand.o                     188        4      145
    short.o                     99
    strlen.o                    18
    strstr.o                    68
    unhandled_exception.o        3
    vreg_util.o                295
    vregs.o                                       16
    ------------------------------------------------
    Total:                   2 053      132      161

    Linker created                       18      256
----------------------------------------------------
    Grand Total:            20 453    1 344    1 399


*******************************************************************************
*** ENTRY LIST
***

Entry                    Address   Size  Type      Object
-----                    -------   ----  ----      ------
.iar.init_table$$Base   0x00cf6d          --   Gb  - Linker created -
.iar.init_table$$Limit  0x00cf7f          --   Gb  - Linker created -
?add32_l0_l0_0x         0x00ae59         Code  Gb  long.o [4]
?add32_l0_l0_dl         0x00ae54         Code  Gb  long.o [4]
?b0                     0x000000         Data  Gb  vregs.o [4]
?b1                     0x000001         Data  Gb  vregs.o [4]
?b10                    0x00000a         Data  Gb  vregs.o [4]
?b11                    0x00000b         Data  Gb  vregs.o [4]
?b12                    0x00000c         Data  Gb  vregs.o [4]
?b13                    0x00000d         Data  Gb  vregs.o [4]
?b14                    0x00000e         Data  Gb  vregs.o [4]
?b15                    0x00000f         Data  Gb  vregs.o [4]
?b2                     0x000002         Data  Gb  vregs.o [4]
?b3                     0x000003         Data  Gb  vregs.o [4]
?b4                     0x000004         Data  Gb  vregs.o [4]
?b5                     0x000005         Data  Gb  vregs.o [4]
?b6                     0x000006         Data  Gb  vregs.o [4]
?b7                     0x000007         Data  Gb  vregs.o [4]
?b8                     0x000008         Data  Gb  vregs.o [4]
?b9                     0x000009         Data  Gb  vregs.o [4]
?dc32_l0                0x00cee2         Code  Gb  dc_util.o [4]
?dc32_l1                0x00ceef         Code  Gb  dc_util.o [4]
?dc32_px                0x00cefc         Code  Gb  dc_util.o [4]
?e0                     0x000001         Data  Gb  vregs.o [4]
?e1                     0x000005         Data  Gb  vregs.o [4]
?e2                     0x000009         Data  Gb  vregs.o [4]
?e3                     0x00000d         Data  Gb  vregs.o [4]
?epilogue_l2            0x00b02d         Code  Gb  vreg_util.o [4]
?epilogue_l2_l3         0x00b02a         Code  Gb  vreg_util.o [4]
?epilogue_l2_w6         0x00b031         Code  Gb  vreg_util.o [4]
?epilogue_w4            0x00b038         Code  Gb  vreg_util.o [4]
?fcastf32u16_l0_x       0x00a22a         Code  Gb  float.o [4]
?fcasts16f32_x_l0       0x00a248         Code  Gb  float.o [4]
?fdiv32_l0_dc32_l1      0x00a177         Code  Gb  float.o [4]
?fdiv32_l0_l0_l1        0x00a17c         Code  Gb  float.o [4]
?fmul32_l0_l0_dc32      0x00a0d7         Code  Gb  float.o [4]
?fmul32_l0_l0_l1        0x00a0dc         Code  Gb  float.o [4]
?inc32_0x_0x            0x00ae46         Code  Gb  long.o [4]
?inc32_l0_l0            0x00ae3c         Code  Gb  long.o [4]
?inc32_l1_l1            0x00ae41         Code  Gb  long.o [4]
?l0                     0x000000         Data  Gb  vregs.o [4]
?l1                     0x000004         Data  Gb  vregs.o [4]
?l2                     0x000008         Data  Gb  vregs.o [4]
?l3                     0x00000c         Data  Gb  vregs.o [4]
?load32_0x_l0           0x00c7fa         Code  Gb  long_util.o [4]
?load32_0x_l1           0x00c808         Code  Gb  long_util.o [4]
?load32_0x_l2           0x00c816         Code  Gb  long_util.o [4]
?load32_l0_0x           0x00c7d2         Code  Gb  long_util.o [4]
?load32_l1_0x           0x00c7ee         Code  Gb  long_util.o [4]
?load32_l1_asp          0x00c7e3         Code  Gb  long_util.o [4]
?load32_l1_dbsp         0x00c7de         Code  Gb  long_util.o [4]
?load32_l1_xsp          0x00c7e5         Code  Gb  long_util.o [4]
?mov_e0_e1              0x00b062         Code  Gb  vreg_util.o [4]
?mov_e0_e2              0x00b06f         Code  Gb  vreg_util.o [4]
?mov_e0_e3              0x00b07c         Code  Gb  vreg_util.o [4]
?mov_e1_e0              0x00b089         Code  Gb  vreg_util.o [4]
?mov_e2_e0              0x00b096         Code  Gb  vreg_util.o [4]
?mov_e3_e0              0x00b0a3         Code  Gb  vreg_util.o [4]
?mov_l0_l1              0x00b05f         Code  Gb  vreg_util.o [4]
?mov_l0_l2              0x00b06c         Code  Gb  vreg_util.o [4]
?mov_l0_l3              0x00b079         Code  Gb  vreg_util.o [4]
?mov_l1_l0              0x00b086         Code  Gb  vreg_util.o [4]
?mov_l2_l0              0x00b093         Code  Gb  vreg_util.o [4]
?mov_l3_l0              0x00b0a0         Code  Gb  vreg_util.o [4]
?mov_w0_w1              0x00b03c         Code  Gb  vreg_util.o [4]
?mov_w0_w5              0x00b043         Code  Gb  vreg_util.o [4]
?mov_w1_w3              0x00b065         Code  Gb  vreg_util.o [4]
?mov_w1_w5              0x00b072         Code  Gb  vreg_util.o [4]
?mov_w1_w6              0x00b04a         Code  Gb  vreg_util.o [4]
?mov_w1_w7              0x00b07f         Code  Gb  vreg_util.o [4]
?mov_w2_w1              0x00b051         Code  Gb  vreg_util.o [4]
?mov_w3_w1              0x00b08c         Code  Gb  vreg_util.o [4]
?mov_w4_w6              0x00b058         Code  Gb  vreg_util.o [4]
?mov_w5_w1              0x00b099         Code  Gb  vreg_util.o [4]
?mov_w7_w1              0x00b0a6         Code  Gb  vreg_util.o [4]
?move1616_v_x_y_a       0x00d30d         Code  Gb  move.o [4]
?mul16_x_x_w0           0x00c398         Code  Gb  short.o [4]
?mul32_l0_l0_0x         0x00ae74         Code  Gb  long.o [4]
?mul32_l0_l0_dl         0x00ae71         Code  Gb  long.o [4]
?mul32_l0_l0_l1         0x00ae7d         Code  Gb  long.o [4]
?pop_l0                 0x00aff6         Code  Gb  vreg_util.o [4]
?pop_l1                 0x00b001         Code  Gb  vreg_util.o [4]
?pop_l2                 0x00b00c         Code  Gb  vreg_util.o [4]
?pop_l3                 0x00b017         Code  Gb  vreg_util.o [4]
?pop_w4                 0x00afa8         Code  Gb  vreg_util.o [4]
?pop_w6                 0x00afaf         Code  Gb  vreg_util.o [4]
?pop_w7                 0x00afb6         Code  Gb  vreg_util.o [4]
?push_l0                0x00afc5         Code  Gb  vreg_util.o [4]
?push_l1                0x00afca         Code  Gb  vreg_util.o [4]
?push_l2                0x00afcf         Code  Gb  vreg_util.o [4]
?push_l3                0x00afd4         Code  Gb  vreg_util.o [4]
?push_w4                0x00af86         Code  Gb  vreg_util.o [4]
?push_w6                0x00af8b         Code  Gb  vreg_util.o [4]
?push_w7                0x00af90         Code  Gb  vreg_util.o [4]
?sdiv16_x_x_y           0x00c3b6         Code  Gb  short.o [4]
?sext16_x_a             0x00c3f4         Code  Gb  short.o [4]
?sll16_x_x_a            0x00c3df         Code  Gb  short.o [4]
?sll8_a_a_5             0x00d408         Code  Gb  char.o [4]
?smod16_y_x_y           0x00c3cf         Code  Gb  short.o [4]
?srl16_x_x_10           0x00c3e9         Code  Gb  short.o [4]
?srl16_x_x_11           0x00c3e8         Code  Gb  short.o [4]
?srl16_x_x_12           0x00c3e7         Code  Gb  short.o [4]
?srl16_x_x_4            0x00c3ef         Code  Gb  short.o [4]
?srl16_x_x_5            0x00c3ee         Code  Gb  short.o [4]
?srl16_x_x_6            0x00c3ed         Code  Gb  short.o [4]
?srl16_x_x_7            0x00c3ec         Code  Gb  short.o [4]
?srl16_x_x_8            0x00c3eb         Code  Gb  short.o [4]
?srl16_x_x_9            0x00c3ea         Code  Gb  short.o [4]
?srl8_a_a_5             0x00d40d         Code  Gb  char.o [4]
?ucmp32_c_l0_0x         0x00af6b         Code  Gb  long.o [4]
?ucmp32_c_l0_l1         0x00af7b         Code  Gb  long.o [4]
?udiv32_l0_l0_dl        0x00aefb         Code  Gb  long.o [4]
?udiv32_l0_l0_l1        0x00aefe         Code  Gb  long.o [4]
?umod32_l1_l0_l1        0x00aefe         Code  Gb  long.o [4]
?w0                     0x000000         Data  Gb  vregs.o [4]
?w1                     0x000002         Data  Gb  vregs.o [4]
?w2                     0x000004         Data  Gb  vregs.o [4]
?w3                     0x000006         Data  Gb  vregs.o [4]
?w4                     0x000008         Data  Gb  vregs.o [4]
?w5                     0x00000a         Data  Gb  vregs.o [4]
?w6                     0x00000c         Data  Gb  vregs.o [4]
?w7                     0x00000e         Data  Gb  vregs.o [4]
ACK                     0x00c03f   0x8a  Code  Gb  BC95.o [1]
ADC1_COMP_IRQHandler    0x00d51a    0x1  Code  Gb  stm8l15x_it.o [1]
ADC_ChannelCmd          0x00c8c4   0x4e  Code  Gb  stm8l15x_adc.o [1]
ADC_ClearFlag           0x00d300    0xd  Code  Gb  stm8l15x_adc.o [1]
ADC_Cmd                 0x00d29b   0x11  Code  Gb  stm8l15x_adc.o [1]
ADC_GetConversionValue  0x00ce21   0x28  Code  Gb  stm8l15x_adc.o [1]
ADC_GetFlagStatus       0x00d01b   0x1e  Code  Gb  stm8l15x_adc.o [1]
ADC_Init                0x00cd1b   0x2f  Code  Gb  stm8l15x_adc.o [1]
ADC_SamplingTimeConfig  0x00c824   0x50  Code  Gb  stm8l15x_adc.o [1]
ADC_SoftwareStartConv   0x00d4bd    0x5  Code  Gb  stm8l15x_adc.o [1]
ADC_VrefintCmd          0x00d2bb    0xe  Code  Gb  stm8l15x_adc.o [1]
ASCLL_to_Int            0x00c9a8   0x46  Code  Gb  Globaldata.o [1]
Alarm_Interrupt         0x00ce71   0x27  Code  Gb  rtc.o [1]
BC95                    0x0001e5  0x12e  Data  Gb  BC95.o [1]
BC95_Data_Send          0x00cf7f   0x20  Code  Gb  BC95.o [1]
BC95_Delay_CallBack     0x00d4b8    0x5  Code  Gb  BC95.o [1]
BC95_Power_On           0x00cda3   0x2b  Code  Gb  BC95.o [1]
BC95_Process            0x00939a  0x6d3  Code  Gb  BC95.o [1]
BC95_Recv_Timeout_CallBack
                        0x00ce98   0x25  Code  Gb  BC95.o [1]
BC95_Reset              0x00cffd   0x1e  Code  Gb  BC95.o [1]
BC95_Start              0x00cf4c   0x21  Code  Gb  BC95.o [1]
Bcd2ToByte              0x00d0a9   0x1b  Code  Lc  stm8l15x_rtc.o [1]
ByteToBcd2              0x00cf9f   0x20  Code  Lc  stm8l15x_rtc.o [1]
CLK_GetClockFreq        0x00be8f   0x93  Code  Gb  stm8l15x_clk.o [1]
CLK_GetFlagStatus       0x00bcc9   0x99  Code  Gb  stm8l15x_clk.o [1]
CLK_HSICmd              0x00d2c9    0xe  Code  Gb  stm8l15x_clk.o [1]
CLK_HaltConfig          0x00d0c4   0x1a  Code  Gb  stm8l15x_clk.o [1]
CLK_LSEConfig           0x00d230   0x13  Code  Gb  stm8l15x_clk.o [1]
CLK_PeripheralClockConfig
                        0x00bfb1   0x8e  Code  Gb  stm8l15x_clk.o [1]
CLK_RTCClockConfig      0x00d3fe    0xa  Code  Gb  stm8l15x_clk.o [1]
CLK_SYSCLKDivConfig     0x00d4e8    0x4  Code  Gb  stm8l15x_clk.o [1]
CLK_SYSCLKSourceConfig  0x00d4e4    0x4  Code  Gb  stm8l15x_clk.o [1]
CSTACK$$Base            0x000f00          --   Gb  - Linker created -
CSTACK$$Limit           0x001000          --   Gb  - Linker created -
Cal                     0x000458    0x7  Data  Gb  Pulse_Acquire.o [1]
Clear_Single_History_Data
                        0x00cba8   0x38  Code  Gb  Save.o [1]
Create_Timer            0x00b1cc  0x105  Code  Gb  Sys_Timer.o [1]
DMA1_CHANNEL0_1_IRQHandler
                        0x00d50d    0x1  Code  Gb  stm8l15x_it.o [1]
DMA1_CHANNEL2_3_IRQHandler
                        0x00d50e    0x1  Code  Gb  stm8l15x_it.o [1]
Delete_Timer            0x00c874   0x50  Code  Gb  Sys_Timer.o [1]
EXTI0_IRQHandler        0x00d19d   0x16  Code  Gb  stm8l15x_it.o [1]
EXTI1_IRQHandler        0x00d511    0x1  Code  Gb  stm8l15x_it.o [1]
EXTI2_IRQHandler        0x00d512    0x1  Code  Gb  stm8l15x_it.o [1]
EXTI3_IRQHandler        0x00d513    0x1  Code  Gb  stm8l15x_it.o [1]
EXTI4_IRQHandler        0x00d514    0x1  Code  Gb  stm8l15x_it.o [1]
EXTI5_IRQHandler        0x00d515    0x1  Code  Gb  stm8l15x_it.o [1]
EXTI6_IRQHandler        0x00d516    0x1  Code  Gb  stm8l15x_it.o [1]
EXTI7_IRQHandler        0x00d517    0x1  Code  Gb  stm8l15x_it.o [1]
EXTIB_G_IRQHandler      0x00d510    0x1  Code  Gb  stm8l15x_it.o [1]
EXTID_H_IRQHandler      0x00d187   0x16  Code  Gb  stm8l15x_it.o [1]
EXTIE_F_PVD_IRQHandler  0x00d50f    0x1  Code  Gb  stm8l15x_it.o [1]
EXTI_ClearITPendingBit  0x00cf2a   0x22  Code  Gb  stm8l15x_exti.o [1]
EXTI_SelectPort         0x00cc17   0x36  Code  Gb  stm8l15x_exti.o [1]
EXTI_SetHalfPortSelection
                        0x00cab7   0x3f  Code  Gb  stm8l15x_exti.o [1]
EXTI_SetPinSensitivity  0x00b0ad  0x11f  Code  Gb  stm8l15x_exti.o [1]
EXTI_SetPortSensitivity
                        0x00c6d3   0x55  Code  Gb  stm8l15x_exti.o [1]
Exti0_Interrupt         0x00cfde   0x1f  Code  Gb  Pulse_Acquire.o [1]
ExtiD_Interrupt         0x00b3d2   0xf0  Code  Gb  Pulse_Acquire.o [1]
FLASH_GetFlagStatus     0x00d111   0x19  Code  Gb  stm8l15x_flash.o [1]
FLASH_IRQHandler        0x00d50c    0x1  Code  Gb  stm8l15x_it.o [1]
FLASH_Lock              0x00d3d3    0xb  Code  Gb  stm8l15x_flash.o [1]
FLASH_ProgramByte       0x00d3de    0xb  Code  Gb  stm8l15x_flash.o [1]
FLASH_ReadByte          0x00d4c2    0x5  Code  Gb  stm8l15x_flash.o [1]
FLASH_Unlock            0x00d0f8   0x19  Code  Gb  stm8l15x_flash.o [1]
GMT_to_BT               0x00a36a  0x200  Code  Gb  rtc.o [1]
GPIO_Configuration      0x00c95f   0x49  Code  Gb  mcu_init.o [1]
GPIO_Init               0x00b983   0xaf  Code  Gb  stm8l15x_gpio.o [1]
GPIO_ReadInputDataBit   0x00d451    0x9  Code  Gb  stm8l15x_gpio.o [1]
GPIO_ResetBits          0x00d46b    0x8  Code  Gb  stm8l15x_gpio.o [1]
GPIO_SetBits            0x00d490    0x7  Code  Gb  stm8l15x_gpio.o [1]
HistoryData             0x00046b    0x2  Data  Gb  Globaldata.o [1]
I2C1_SPI2_IRQHandler    0x00d523    0x1  Code  Gb  stm8l15x_it.o [1]
INTVEC$$Base            0x008000          --   Gb  - Linker created -
INTVEC$$Limit           0x008080          --   Gb  - Linker created -
ITC_SetSoftwarePriority
                        0x00aa43  0x15b  Code  Gb  stm8l15x_itc.o [1]
IWDG_Enable             0x00d4cc    0x5  Code  Gb  stm8l15x_iwdg.o [1]
IWDG_INIT               0x00d171   0x16  Code  Gb  main.o [1]
IWDG_ReloadCounter      0x00d4c7    0x5  Code  Gb  stm8l15x_iwdg.o [1]
IWDG_SetPrescaler       0x00d4f0    0x4  Code  Gb  stm8l15x_iwdg.o [1]
IWDG_SetReload          0x00d4f4    0x4  Code  Gb  stm8l15x_iwdg.o [1]
IWDG_WriteAccessCmd     0x00d4ec    0x4  Code  Gb  stm8l15x_iwdg.o [1]
Int_to_ASCLL            0x00d08e   0x1b  Code  Gb  Globaldata.o [1]
LCD_AES_IRQHandler      0x00d518    0x1  Code  Gb  stm8l15x_it.o [1]
MCU_DeInit              0x00c331   0x67  Code  Gb  mcu_init.o [1]
Magnetic_Interference_Detection
                        0x00cc83   0x35  Code  Gb  Pulse_Acquire.o [1]
MeterParameter          0x000433   0x25  Data  Gb  Globaldata.o [1]
PWR_FastWakeUpCmd       0x00d2d7    0xe  Code  Gb  stm8l15x_pwr.o [1]
PWR_UltraLowPowerCmd    0x00d2e5    0xe  Code  Gb  stm8l15x_pwr.o [1]
Pulse_Acquire_Config    0x00c45c   0x5f  Code  Gb  Pulse_Acquire.o [1]
RCC_Configuration       0x00d3f4    0xa  Code  Gb  mcu_init.o [1]
RTC_AlarmCmd            0x00c77d   0x55  Code  Gb  stm8l15x_rtc.o [1]
RTC_CSSLSE_IRQHandler   0x00d12a   0x19  Code  Gb  stm8l15x_it.o [1]
RTC_ClearITPendingBit   0x00d37a    0xc  Code  Gb  stm8l15x_rtc.o [1]
RTC_DateStr             0x000463    0x4  Data  Gb  Globaldata.o [1]
RTC_EnterInitMode       0x00cd77   0x2c  Code  Gb  stm8l15x_rtc.o [1]
RTC_GetDate             0x00c575   0x5c  Code  Gb  stm8l15x_rtc.o [1]
RTC_GetITStatus         0x00cd4a   0x2d  Code  Gb  stm8l15x_rtc.o [1]
RTC_GetTime             0x00c728   0x55  Code  Gb  stm8l15x_rtc.o [1]
RTC_ITConfig            0x00cb34   0x3b  Code  Gb  stm8l15x_rtc.o [1]
RTC_Init                0x00c519   0x5c  Code  Gb  stm8l15x_rtc.o [1]
RTC_SetAlarm            0x00ab9e  0x152  Code  Gb  stm8l15x_rtc.o [1]
RTC_SetDate             0x00b8cc   0xb7  Code  Gb  stm8l15x_rtc.o [1]
RTC_SetTime             0x00bade   0xab  Code  Gb  stm8l15x_rtc.o [1]
RTC_SetWakeUpCounter    0x00d1f4   0x15  Code  Gb  stm8l15x_rtc.o [1]
RTC_TimeStr             0x00045f    0x4  Data  Gb  Globaldata.o [1]
RTC_WaitForSynchro      0x00cbe0   0x37  Code  Gb  stm8l15x_rtc.o [1]
RTC_WakeUpClockConfig   0x00cf07   0x23  Code  Gb  stm8l15x_rtc.o [1]
RTC_WakeUpCmd           0x00c9ee   0x45  Code  Gb  stm8l15x_rtc.o [1]
Read_ACUM_Flow          0x00d2ac    0xf  Code  Gb  Save.o [1]
Read_BC95_ErrorRecord   0x00d49d    0x6  Code  Gb  Save.o [1]
Read_History_Data       0x00b80d   0xbf  Code  Gb  Save.o [1]
Read_History_Save_Index
                        0x00d4a3    0x6  Code  Gb  Save.o [1]
Read_Meter_Parameter    0x00c258   0x6f  Code  Gb  Save.o [1]
Read_Temp               0x00b4c2   0xdd  Code  Gb  Temperature.o [1]
Read_Voltage            0x00bc2b   0x9e  Code  Gb  mcu_init.o [1]
Recv_Data_Process       0x009a6d  0x66a  Code  Gb  BC95.o [1]
Region$$Table$$Base     0x00cf6d          --   Gb  - Linker created -
Region$$Table$$Limit    0x00cf7f          --   Gb  - Linker created -
Report_All_Parameters   0x008080  0xb29  Code  Gb  BC95.o [1]
Report_HC_Flow          0x008ba9  0x7f1  Code  Gb  BC95.o [1]
Report_History_Data     0x00a70f  0x1a2  Code  Gb  BC95.o [1]
Rtc_Config              0x00c4bb   0x5e  Code  Gb  rtc.o [1]
SPI1_IRQHandler         0x00d520    0x1  Code  Gb  stm8l15x_it.o [1]
SWITCH_CSS_BREAK_DAC_IRQHandler
                        0x00d519    0x1  Code  Gb  stm8l15x_it.o [1]
SYSDivFactor            0x00d4b3    0x5  Data  Gb  stm8l15x_clk.o [1]
Save_Add_Flow           0x00d1df   0x15  Code  Gb  Save.o [1]
Save_BC95_ErrorRecord   0x00d2f3    0xd  Code  Gb  Save.o [1]
Save_History_Data       0x00b2d1  0x101  Code  Gb  Save.o [1]
Save_Meter_Parameter    0x00c67e   0x55  Code  Gb  Save.o [1]
Save_SDCF_Flow          0x00b59f   0xd3  Code  Gb  Save.o [1]
Send_Data_Process       0x00c151   0x87  Code  Gb  BC95.o [1]
Set_Alarm               0x00cb6f   0x39  Code  Gb  rtc.o [1]
Sleep                   0x00ccea   0x31  Code  Gb  main.o [1]
SysTick_Handler         0x00a8b1  0x192  Code  Gb  Sys_Timer.o [1]
Sys_Timer               0x000313   0xa0  Data  Lc  Sys_Timer.o [1]
Sys_Timer_Process       0x00c912   0x4d  Code  Gb  Sys_Timer.o [1]
TIM1_CC_IRQHandler      0x00d51e    0x1  Code  Gb  stm8l15x_it.o [1]
TIM1_UPD_OVF_TRG_COM_IRQHandler
                        0x00d51d    0x1  Code  Gb  stm8l15x_it.o [1]
TIM2_CC_USART2_RX_IRQHandler
                        0x00d1c9   0x16  Code  Gb  stm8l15x_it.o [1]
TIM2_UPD_OVF_TRG_BRK_USART2_TX_IRQHandler
                        0x00d1b3   0x16  Code  Gb  stm8l15x_it.o [1]
TIM3_CC_USART3_RX_IRQHandler
                        0x00d51c    0x1  Code  Gb  stm8l15x_it.o [1]
TIM3_UPD_OVF_TRG_BRK_USART3_TX_IRQHandler
                        0x00d51b    0x1  Code  Gb  stm8l15x_it.o [1]
TIM4_UPD_OVF_TRG_IRQHandler
                        0x00d51f    0x1  Code  Gb  stm8l15x_it.o [1]
TRAP_IRQHandler         0x00d50b    0x1  Code  Gb  stm8l15x_it.o [1]
Temp_Table              0x00acf0  0x14c  Data  Gb  Temperature.o [1]
USART1_RX_TIM5_CC_IRQHandler
                        0x00d522    0x1  Code  Gb  stm8l15x_it.o [1]
USART1_TX_TIM5_UPD_OVF_TRG_BRK_IRQHandler
                        0x00d521    0x1  Code  Gb  stm8l15x_it.o [1]
USART2_Configuration    0x00c3fb   0x61  Code  Gb  mcu_init.o [1]
USART2_IRQHandler       0x00bf22   0x8f  Code  Gb  uart.o [1]
USART2_TX_IRQHandler    0x00c628   0x56  Code  Gb  uart.o [1]
USART_ClearITPendingBit
                        0x00d4d6    0x5  Code  Gb  stm8l15x_usart.o [1]
USART_Cmd               0x00cdce   0x2b  Code  Gb  stm8l15x_usart.o [1]
USART_DeInit            0x00caf6   0x3e  Code  Gb  stm8l15x_usart.o [1]
USART_GetITStatus       0x00ba32   0xac  Code  Gb  stm8l15x_usart.o [1]
USART_ITConfig          0x00bdfb   0x94  Code  Gb  stm8l15x_usart.o [1]
USART_Init              0x00b672   0xd3  Code  Gb  stm8l15x_usart.o [1]
USART_ReceiveData8      0x00d4d1    0x5  Code  Gb  stm8l15x_usart.o [1]
USART_SendData8         0x00d473    0x8  Code  Gb  stm8l15x_usart.o [1]
Uart2                   0x000014  0x1d1  Data  Gb  uart.o [1]
Uart2_Receive           0x00ccb8   0x32  Code  Gb  uart.o [1]
Uart2_Send              0x00c0c9   0x88  Code  Gb  uart.o [1]
Wake_Interrupt          0x00a56a  0x1a5  Code  Gb  rtc.o [1]
WriteRom                0x00bb89   0xa2  Code  Gb  Save.o [1]
_Rand_idx               0x000467    0x4  Data  Lc  rand.o [4]
_Rand_rv                0x0003b3   0x80  Data  Lc  rand.o [4]
_Randinit               0x000476    0x1  Data  Gb  rand.o [4]
_Randseed               0x000010    0x4  Data  Gb  rand.o [4]
__DebugBreak            0x00d524    0x1  Code  Gb  __dbg_break.o [3]
__exit                  0x00d209   0x14  Code  Gb  __dbg_xxexit.o [3]
__iar_Strstr            0x00ca33   0x44  Code  Gb  strstr.o [4]
__iar_Tls_setup__Rand_idx
                        0x000471    0x2  Data  Lc  rand.o [4]
__iar_Tls_setup__Rand_rv
                        0x000473    0x2  Data  Lc  rand.o [4]
__iar_Tls_setup__Randinit
                        0x00046d    0x2  Data  Gb  rand.o [4]
__iar_Tls_setup__Randseed
                        0x00046f    0x2  Data  Gb  rand.o [4]
__iar_copy_init2        0x00ce49         Code  Gb  init_small.o [4]
__iar_data_init2        0x00d15a   0x17  Code  Gb  init.o [4]
__iar_program_start     0x00d243         Code  Gb  cstartup.o [4]
__iar_unhandled_exception
                        0x00d508         Code  Gb  unhandled_exception.o [4]
__iar_zero_init2        0x00d039         Code  Gb  init_small.o [4]
__intvec                0x008000         Data  Gb  interrupt.o [4]
__low_level_init        0x00d502    0x3  Code  Gb  low_level_init.o [4]
_exit                   0x00d4db         Code  Gb  cexit.o [4]
_interrupt_1            0x00d50b         Code  Gb  stm8l15x_it.o [1]
_interrupt_10           0x00d19d         Code  Gb  stm8l15x_it.o [1]
_interrupt_11           0x00d511         Code  Gb  stm8l15x_it.o [1]
_interrupt_12           0x00d512         Code  Gb  stm8l15x_it.o [1]
_interrupt_13           0x00d513         Code  Gb  stm8l15x_it.o [1]
_interrupt_14           0x00d514         Code  Gb  stm8l15x_it.o [1]
_interrupt_15           0x00d515         Code  Gb  stm8l15x_it.o [1]
_interrupt_16           0x00d516         Code  Gb  stm8l15x_it.o [1]
_interrupt_17           0x00d517         Code  Gb  stm8l15x_it.o [1]
_interrupt_18           0x00d518         Code  Gb  stm8l15x_it.o [1]
_interrupt_19           0x00d519         Code  Gb  stm8l15x_it.o [1]
_interrupt_20           0x00d51a         Code  Gb  stm8l15x_it.o [1]
_interrupt_21           0x00d1b3         Code  Gb  stm8l15x_it.o [1]
_interrupt_22           0x00d1c9         Code  Gb  stm8l15x_it.o [1]
_interrupt_23           0x00d51b         Code  Gb  stm8l15x_it.o [1]
_interrupt_24           0x00d51c         Code  Gb  stm8l15x_it.o [1]
_interrupt_25           0x00d51d         Code  Gb  stm8l15x_it.o [1]
_interrupt_26           0x00d51e         Code  Gb  stm8l15x_it.o [1]
_interrupt_27           0x00d51f         Code  Gb  stm8l15x_it.o [1]
_interrupt_28           0x00d520         Code  Gb  stm8l15x_it.o [1]
_interrupt_29           0x00d521         Code  Gb  stm8l15x_it.o [1]
_interrupt_3            0x00d50c         Code  Gb  stm8l15x_it.o [1]
_interrupt_30           0x00d522         Code  Gb  stm8l15x_it.o [1]
_interrupt_31           0x00d523         Code  Gb  stm8l15x_it.o [1]
_interrupt_4            0x00d50d         Code  Gb  stm8l15x_it.o [1]
_interrupt_5            0x00d50e         Code  Gb  stm8l15x_it.o [1]
_interrupt_6            0x00d12a         Code  Gb  stm8l15x_it.o [1]
_interrupt_7            0x00d50f         Code  Gb  stm8l15x_it.o [1]
_interrupt_8            0x00d510         Code  Gb  stm8l15x_it.o [1]
_interrupt_9            0x00d187         Code  Gb  stm8l15x_it.o [1]
abs                     0x00d3e9    0xb  Code  Gb  abs.o [4]
exit                    0x00d505    0x3  Code  Gb  exit.o [4]
main                    0x00c5d1   0x57  Code  Gb  main.o [1]
memcmp                  0x00cc4d   0x36  Code  Gb  memcmp.o [4]
memcpy                  0x00cebd   0x25  Code  Gb  memcpy.o [4]
memset                  0x00d143   0x17  Code  Gb  memset.o [4]
rand                    0x00bd62   0x99  Code  Gb  rand.o [4]
strlen                  0x00d256   0x12  Code  Gb  strlen.o [4]
strnstr                 0x00c2c7   0x6a  Code  Gb  Globaldata.o [1]
strstr                  0x00d21d   0x13  Code  Gb  BC95.o [1]


[1] = F:\0中科君达\0项目\NB水表\软件\NB-IOT程序(BC95-B5)\PROJECT\Debug\Obj
[2] = command line
[3] = dbgstm8smd.a
[4] = dlstm8smn.a

  20 453 bytes of readonly  code memory
   1 344 bytes of readonly  data memory
   1 399 bytes of readwrite data memory

Errors: none
Warnings: none
