###############################################################################
#
# IAR ELF Linker V2.20.1.176 for STM8                     27/Aug/2018  11:40:01
# Copyright 2010-2015 IAR Systems AB.
#
#    Output file  =  
#        F:\0中科君达\0项目\NB水表\软件\NB-IOT程序V1.0\PROJECT\Debug\Exe\project.out
#    Map file     =  
#        F:\0中科君达\0项目\NB水表\软件\NB-IOT程序V1.0\PROJECT\Debug\List\project.map
#    Command line =  
#        F:\0中科君达\0项目\NB水表\软件\NB-IOT程序V1.0\PROJECT\Debug\Obj\BC95.o
#        F:\0中科君达\0项目\NB水表\软件\NB-IOT程序V1.0\PROJECT\Debug\Obj\Debug.o
#        F:\0中科君达\0项目\NB水表\软件\NB-IOT程序V1.0\PROJECT\Debug\Obj\Globaldata.o
#        F:\0中科君达\0项目\NB水表\软件\NB-IOT程序V1.0\PROJECT\Debug\Obj\main.o
#        F:\0中科君达\0项目\NB水表\软件\NB-IOT程序V1.0\PROJECT\Debug\Obj\mcu_init.o
#        F:\0中科君达\0项目\NB水表\软件\NB-IOT程序V1.0\PROJECT\Debug\Obj\Pulse_Acquire.o
#        F:\0中科君达\0项目\NB水表\软件\NB-IOT程序V1.0\PROJECT\Debug\Obj\rtc.o
#        F:\0中科君达\0项目\NB水表\软件\NB-IOT程序V1.0\PROJECT\Debug\Obj\Save.o
#        F:\0中科君达\0项目\NB水表\软件\NB-IOT程序V1.0\PROJECT\Debug\Obj\stm8l15x_adc.o
#        F:\0中科君达\0项目\NB水表\软件\NB-IOT程序V1.0\PROJECT\Debug\Obj\stm8l15x_clk.o
#        F:\0中科君达\0项目\NB水表\软件\NB-IOT程序V1.0\PROJECT\Debug\Obj\stm8l15x_exti.o
#        F:\0中科君达\0项目\NB水表\软件\NB-IOT程序V1.0\PROJECT\Debug\Obj\stm8l15x_flash.o
#        F:\0中科君达\0项目\NB水表\软件\NB-IOT程序V1.0\PROJECT\Debug\Obj\stm8l15x_gpio.o
#        F:\0中科君达\0项目\NB水表\软件\NB-IOT程序V1.0\PROJECT\Debug\Obj\stm8l15x_it.o
#        F:\0中科君达\0项目\NB水表\软件\NB-IOT程序V1.0\PROJECT\Debug\Obj\stm8l15x_itc.o
#        F:\0中科君达\0项目\NB水表\软件\NB-IOT程序V1.0\PROJECT\Debug\Obj\stm8l15x_iwdg.o
#        F:\0中科君达\0项目\NB水表\软件\NB-IOT程序V1.0\PROJECT\Debug\Obj\stm8l15x_pwr.o
#        F:\0中科君达\0项目\NB水表\软件\NB-IOT程序V1.0\PROJECT\Debug\Obj\stm8l15x_rtc.o
#        F:\0中科君达\0项目\NB水表\软件\NB-IOT程序V1.0\PROJECT\Debug\Obj\stm8l15x_syscfg.o
#        F:\0中科君达\0项目\NB水表\软件\NB-IOT程序V1.0\PROJECT\Debug\Obj\stm8l15x_usart.o
#        F:\0中科君达\0项目\NB水表\软件\NB-IOT程序V1.0\PROJECT\Debug\Obj\stm8l15x_wwdg.o
#        F:\0中科君达\0项目\NB水表\软件\NB-IOT程序V1.0\PROJECT\Debug\Obj\Sys_Timer.o
#        F:\0中科君达\0项目\NB水表\软件\NB-IOT程序V1.0\PROJECT\Debug\Obj\Temperature.o
#        F:\0中科君达\0项目\NB水表\软件\NB-IOT程序V1.0\PROJECT\Debug\Obj\uart.o
#        --redirect _Printf=_PrintfSmall --redirect _Scanf=_ScanfSmall -o
#        F:\0中科君达\0项目\NB水表\软件\NB-IOT程序V1.0\PROJECT\Debug\Exe\project.out
#        --map
#        F:\0中科君达\0项目\NB水表\软件\NB-IOT程序V1.0\PROJECT\Debug\List\project.map
#        --config "D:\IAR for STM8\stm8\config\lnkstm8l151c8.icf" --config_def
#        _CSTACK_SIZE=0x100 --config_def _HEAP_SIZE=0x100 --entry
#        __iar_program_start --debug_lib
#
###############################################################################

*******************************************************************************
*** RUNTIME MODEL ATTRIBUTES
***

__SystemLibrary            = DLib
__code_model               = small
__core                     = stm8
__data_model               = medium
__dlib_file_descriptor     = 0
__dlib_full_locale_support = 0
__rt_version               = 4


*******************************************************************************
*** PLACEMENT SUMMARY
***

"A1":  place at start of [0x000000-0x0000ff] { rw section .vregs };
"A2":  place at end of [0x000000-0x000fff] { block CSTACK };
"P2":  place in [from 0x000000 to 0x000fff] {
          block HEAP, rw section __DLIB_PERTHREAD, rw section .far.bss,
          rw section .far.data, rw section .far.noinit,
          rw section .far_func.textrw, rw section .huge.bss,
          rw section .huge.data, rw section .huge.noinit,
          rw section .huge_func.textrw, rw section .iar.dynexit,
          rw section .near.bss, rw section .near.data, rw section .near.noinit,
          rw section .near_func.textrw };
"A3":  place at start of [0x008000-0x00ffff] { block INTVEC };
"P3":  place in [from 0x008000 to 0x00ffff] {
          ro section __DLIB_PERTHREAD_init, ro section .far.data_init,
          ro section .far_func.textrw_init, ro section .huge.data_init,
          ro section .huge_func.textrw_init, ro section .iar.init_table,
          ro section .init_array, ro section .near.data_init,
          ro section .near.rodata, ro section .near_func.text,
          ro section .near_func.textrw_init, ro section .tiny.data_init,
          ro section .tiny.rodata_init };

  Section          Kind      Address    Size  Object
  -------          ----      -------    ----  ------
"A1":                                   0x10
  .vregs           uninit   0x000000    0x10  vregs.o [4]
                          - 0x000010    0x10

"P2":                                  0x45e
  .near.bss        zero     0x000010   0x1d1  uart.o [1]
  .near.bss        zero     0x0001e1   0x12e  BC95.o [1]
  .near.bss        zero     0x00030f    0xa0  Sys_Timer.o [1]
  .near.bss        zero     0x0003af    0x89  uart.o [1]
  .near.bss        zero     0x000438    0x22  Globaldata.o [1]
  .near.bss        zero     0x00045a     0x7  Pulse_Acquire.o [1]
  .near.bss        zero     0x000461     0x4  Globaldata.o [1]
  .near.bss        zero     0x000465     0x4  Globaldata.o [1]
  .near.bss        zero     0x000469     0x2  Debug.o [1]
  .near.bss        zero     0x00046b     0x2  Globaldata.o [1]
  .near.bss        zero     0x00046d     0x1  Sys_Timer.o [1]
                          - 0x00046e   0x45e

"A2":                                  0x100
  CSTACK                    0x000f00   0x100  <Block>
    CSTACK         uninit   0x000f00   0x100  <Block tail>
                          - 0x001000   0x100

"A3":                                   0x80
  INTVEC                    0x008000    0x80  <Block>
    .intvec        const    0x008000    0x80  interrupt.o [4]
                          - 0x008080    0x80

"P3":                                 0x558f
  .near_func.text  ro code  0x008080   0xb29  BC95.o [1]
  .near_func.text  ro code  0x008ba9   0x7f1  BC95.o [1]
  .near_func.text  ro code  0x00939a   0x64d  BC95.o [1]
  .near_func.text  ro code  0x0099e7   0x64c  BC95.o [1]
  .near_func.text  ro code  0x00a033   0x293  float.o [4]
  .near_func.text  ro code  0x00a2c6   0x200  rtc.o [1]
  .near_func.text  ro code  0x00a4c6   0x1a2  BC95.o [1]
  .near_func.text  ro code  0x00a668   0x192  Sys_Timer.o [1]
  .near_func.text  ro code  0x00a7fa   0x15b  stm8l15x_itc.o [1]
  .near_func.text  ro code  0x00a955   0x152  stm8l15x_rtc.o [1]
  .near.rodata     const    0x00aaa7   0x14c  Temperature.o [1]
  .near_func.text  ro code  0x00abf3   0x140  Pulse_Acquire.o [1]
  .near_func.text  ro code  0x00ad33   0x13c  rtc.o [1]
  .near_func.text  ro code  0x00ae6f   0x120  vreg_util.o [4]
  .near_func.text  ro code  0x00af8f   0x11f  stm8l15x_exti.o [1]
  .near_func.text  ro code  0x00b0ae   0x105  Sys_Timer.o [1]
  .near_func.text  ro code  0x00b1b3   0x101  Save.o [1]
  .near_func.text  ro code  0x00b2b4    0xdf  Temperature.o [1]
  .near_func.text  ro code  0x00b393    0xd3  Save.o [1]
  .near_func.text  ro code  0x00b466    0xd3  stm8l15x_usart.o [1]
  .near.rodata     const    0x00b539    0xc8  BC95.o [1]
  .near_func.text  ro code  0x00b601    0xbf  Save.o [1]
  .near_func.text  ro code  0x00b6c0    0xb9  Debug.o [1]
  .near_func.text  ro code  0x00b779    0xb8  Debug.o [1]
  .near_func.text  ro code  0x00b831    0xb7  stm8l15x_rtc.o [1]
  .near_func.text  ro code  0x00b8e8    0xaf  stm8l15x_gpio.o [1]
  .near_func.text  ro code  0x00b997    0xac  stm8l15x_usart.o [1]
  .near_func.text  ro code  0x00ba43    0xab  stm8l15x_rtc.o [1]
  .near_func.text  ro code  0x00baee    0xa3  long.o [4]
  .near_func.text  ro code  0x00bb91    0xa2  Save.o [1]
  .near_func.text  ro code  0x00bc33    0x9e  mcu_init.o [1]
  .near_func.text  ro code  0x00bcd1    0x99  stm8l15x_clk.o [1]
  .near_func.text  ro code  0x00bd6a    0x94  stm8l15x_usart.o [1]
  .near_func.text  ro code  0x00bdfe    0x93  stm8l15x_clk.o [1]
  .near_func.text  ro code  0x00be91    0x8f  uart.o [1]
  .near_func.text  ro code  0x00bf20    0x8f  uart.o [1]
  .near_func.text  ro code  0x00bfaf    0x8e  stm8l15x_clk.o [1]
  .near_func.text  ro code  0x00c03d    0x8a  BC95.o [1]
  .near_func.text  ro code  0x00c0c7    0x88  uart.o [1]
  .near_func.text  ro code  0x00c14f    0x84  uart.o [1]
  .near.rodata     const    0x00c1d3    0x80  BC95.o [1]
  .near_func.text  ro code  0x00c253    0x7d  Save.o [1]
  .near_func.text  ro code  0x00c2d0    0x6f  mcu_init.o [1]
  .near_func.text  ro code  0x00c33f    0x6a  Globaldata.o [1]
  .near_func.text  ro code  0x00c3a9    0x63  mcu_init.o [1]
  .near_func.text  ro code  0x00c40c    0x63  short.o [4]
  .near_func.text  ro code  0x00c46f    0x61  mcu_init.o [1]
  .near_func.text  ro code  0x00c4d0    0x5f  main.o [1]
  .near_func.text  ro code  0x00c52f    0x5f  Pulse_Acquire.o [1]
  .near_func.text  ro code  0x00c58e    0x5e  rtc.o [1]
  .near_func.text  ro code  0x00c5ec    0x5c  stm8l15x_rtc.o [1]
  .near_func.text  ro code  0x00c648    0x5c  stm8l15x_rtc.o [1]
  .near_func.text  ro code  0x00c6a4    0x56  uart.o [1]
  .near_func.text  ro code  0x00c6fa    0x56  uart.o [1]
  .near_func.text  ro code  0x00c750    0x55  stm8l15x_exti.o [1]
  .near_func.text  ro code  0x00c7a5    0x55  stm8l15x_rtc.o [1]
  .near_func.text  ro code  0x00c7fa    0x55  stm8l15x_rtc.o [1]
  .near_func.text  ro code  0x00c84f    0x53  BC95.o [1]
  .near_func.text  ro code  0x00c8a2    0x52  long_util.o [4]
  .near_func.text  ro code  0x00c8f4    0x50  stm8l15x_adc.o [1]
  .near_func.text  ro code  0x00c944    0x50  Sys_Timer.o [1]
  .near_func.text  ro code  0x00c994    0x4e  stm8l15x_adc.o [1]
  .near_func.text  ro code  0x00c9e2    0x4d  Sys_Timer.o [1]
  .near_func.text  ro code  0x00ca2f    0x49  mcu_init.o [1]
  .near_func.text  ro code  0x00ca78    0x46  Globaldata.o [1]
  .near_func.text  ro code  0x00cabe    0x45  stm8l15x_rtc.o [1]
  .near_func.text  ro code  0x00cb03    0x44  strstr.o [4]
  .near_func.text  ro code  0x00cb47    0x42  BC95.o [1]
  .near.rodata     const    0x00cb89    0x40  BC95.o [1]
  .near_func.text  ro code  0x00cbc9    0x3f  stm8l15x_exti.o [1]
  .near_func.text  ro code  0x00cc08    0x3e  stm8l15x_usart.o [1]
  .near_func.text  ro code  0x00cc46    0x3d  Save.o [1]
  .near_func.text  ro code  0x00cc83    0x3b  stm8l15x_rtc.o [1]
  .near_func.text  ro code  0x00ccbe    0x39  rtc.o [1]
  .near_func.text  ro code  0x00ccf7    0x38  Save.o [1]
  .near_func.text  ro code  0x00cd2f    0x37  Debug.o [1]
  .near_func.text  ro code  0x00cd66    0x37  stm8l15x_rtc.o [1]
  .near_func.text  ro code  0x00cd9d    0x36  Debug.o [1]
  .near_func.text  ro code  0x00cdd3    0x36  stm8l15x_exti.o [1]
  .near_func.text  ro code  0x00ce09    0x36  memcmp.o [4]
  .near_func.text  ro code  0x00ce3f    0x32  uart.o [1]
  .near_func.text  ro code  0x00ce71    0x32  uart.o [1]
  .near_func.text  ro code  0x00cea3    0x2f  stm8l15x_adc.o [1]
  .near_func.text  ro code  0x00ced2    0x2d  stm8l15x_rtc.o [1]
  .near_func.text  ro code  0x00ceff    0x2c  stm8l15x_rtc.o [1]
  .near_func.text  ro code  0x00cf2b    0x2b  stm8l15x_usart.o [1]
  .near.rodata     const    0x00cf56    0x28  BC95.o [1]
  .near_func.text  ro code  0x00cf7e    0x28  stm8l15x_adc.o [1]
  .near_func.text  ro code  0x00cfa6    0x27  rtc.o [1]
  .near_func.text  ro code  0x00cfcd    0x25  BC95.o [1]
  .near_func.text  ro code  0x00cff2    0x25  Pulse_Acquire.o [1]
  .near_func.text  ro code  0x00d017    0x25  memcpy.o [4]
  .near_func.text  ro code  0x00d03c    0x23  stm8l15x_rtc.o [1]
  .near_func.text  ro code  0x00d05f    0x22  stm8l15x_exti.o [1]
  .iar.init_table  const    0x00d081     0x8  - Linker created -
  .near_func.text  ro code  0x00d089    0x20  stm8l15x_rtc.o [1]
  .near.rodata     const    0x00d0a9    0x1f  BC95.o [1]
  .near_func.text  ro code  0x00d0c8    0x1f  main.o [1]
  .near_func.text  ro code  0x00d0e7    0x1e  BC95.o [1]
  .near_func.text  ro code  0x00d105    0x1e  stm8l15x_adc.o [1]
  .near_func.text  ro code  0x00d123    0x1e  init_small.o [4]
  .near.rodata     const    0x00d141    0x1b  BC95.o [1]
  .near_func.text  ro code  0x00d15c    0x1b  Globaldata.o [1]
  .near_func.text  ro code  0x00d177    0x1b  stm8l15x_rtc.o [1]
  .near_func.text  ro code  0x00d192    0x1a  dc_util.o [4]
  .near_func.text  ro code  0x00d1ac    0x19  stm8l15x_flash.o [1]
  .near_func.text  ro code  0x00d1c5    0x19  stm8l15x_flash.o [1]
  .near_func.text  ro code  0x00d1de    0x19  stm8l15x_it.o [1]
  .near.rodata     const    0x00d1f7    0x18  Debug.o [1]
  .near_func.text  ro code  0x00d20f    0x17  memset.o [4]
  .near_func.text  ro code  0x00d226    0x17  init.o [4]
  .near_func.text  ro code  0x00d23d    0x16  main.o [1]
  .near_func.text  ro code  0x00d253    0x16  stm8l15x_it.o [1]
  .near_func.text  ro code  0x00d269    0x16  stm8l15x_it.o [1]
  .near_func.text  ro code  0x00d27f    0x16  stm8l15x_it.o [1]
  .near_func.text  ro code  0x00d295    0x16  stm8l15x_it.o [1]
  .near_func.text  ro code  0x00d2ab    0x16  stm8l15x_it.o [1]
  .near_func.text  ro code  0x00d2c1    0x16  stm8l15x_it.o [1]
  .near_func.text  ro code  0x00d2d7    0x15  Save.o [1]
  .near_func.text  ro code  0x00d2ec    0x15  stm8l15x_rtc.o [1]
  .near_func.text  ro code  0x00d301    0x14  __dbg_xxexit.o [3]
  .near_func.text  ro code  0x00d315    0x13  BC95.o [1]
  .near_func.text  ro code  0x00d328    0x13  BC95.o [1]
  .near_func.text  ro code  0x00d33b    0x13  stm8l15x_clk.o [1]
  .near_func.text  ro code  0x00d34e    0x13  cstartup.o [4]
  .near_func.text  ro code  0x00d361    0x12  strlen.o [4]
  .near.rodata     const    0x00d373    0x11  BC95.o [1]
  .near.rodata     const    0x00d384    0x11  BC95.o [1]
  .near.rodata     const    0x00d395    0x11  BC95.o [1]
  .near_func.text  ro code  0x00d3a6    0x11  stm8l15x_adc.o [1]
  .near_func.text  ro code  0x00d3b7     0xf  Save.o [1]
  .near_func.text  ro code  0x00d3c6     0xe  stm8l15x_adc.o [1]
  .near_func.text  ro code  0x00d3d4     0xe  stm8l15x_pwr.o [1]
  .near_func.text  ro code  0x00d3e2     0xd  BC95.o [1]
  .near_func.text  ro code  0x00d3ef     0xd  Save.o [1]
  .near_func.text  ro code  0x00d3fc     0xd  stm8l15x_adc.o [1]
  .near_func.text  ro code  0x00d409     0xd  move.o [4]
  .near.rodata     const    0x00d416     0xc  BC95.o [1]
  .near.rodata     const    0x00d422     0xc  BC95.o [1]
  .near.rodata     const    0x00d42e     0xc  BC95.o [1]
  .near.rodata     const    0x00d43a     0xc  BC95.o [1]
  .near.rodata     const    0x00d446     0xc  BC95.o [1]
  .near.rodata     const    0x00d452     0xc  BC95.o [1]
  .near.rodata     const    0x00d45e     0xc  BC95.o [1]
  .near.rodata     const    0x00d46a     0xc  BC95.o [1]
  .near_func.text  ro code  0x00d476     0xc  stm8l15x_rtc.o [1]
  .near.rodata     const    0x00d482     0xb  BC95.o [1]
  .near.rodata     const    0x00d48d     0xb  BC95.o [1]
  .near.rodata     const    0x00d498     0xb  BC95.o [1]
  .near.rodata     const    0x00d4a3     0xb  BC95.o [1]
  .near.rodata     const    0x00d4ae     0xb  BC95.o [1]
  .near.rodata     const    0x00d4b9     0xb  BC95.o [1]
  .near_func.text  ro code  0x00d4c4     0xb  stm8l15x_flash.o [1]
  .near_func.text  ro code  0x00d4cf     0xb  stm8l15x_flash.o [1]
  .near_func.text  ro code  0x00d4da     0xb  abs.o [4]
  .near_func.text  ro code  0x00d4e5     0xa  mcu_init.o [1]
  .near_func.text  ro code  0x00d4ef     0xa  stm8l15x_clk.o [1]
  .near_func.text  ro code  0x00d4f9     0xa  char.o [4]
  .near.rodata     const    0x00d503     0x9  BC95.o [1]
  .near.rodata     const    0x00d50c     0x9  BC95.o [1]
  .near.rodata     const    0x00d515     0x9  BC95.o [1]
  .near.rodata     const    0x00d51e     0x9  BC95.o [1]
  .near.rodata     const    0x00d527     0x9  Save.o [1]
  .near.rodata     const    0x00d530     0x9  Save.o [1]
  .near_func.text  ro code  0x00d539     0x9  BC95.o [1]
  .near_func.text  ro code  0x00d542     0x9  stm8l15x_gpio.o [1]
  .near.rodata     const    0x00d54b     0x8  BC95.o [1]
  .near_func.text  ro code  0x00d553     0x8  stm8l15x_gpio.o [1]
  .near_func.text  ro code  0x00d55b     0x8  stm8l15x_usart.o [1]
  .near.rodata     const    0x00d563     0x7  BC95.o [1]
  .near.rodata     const    0x00d56a     0x7  BC95.o [1]
  .near.rodata     const    0x00d571     0x7  BC95.o [1]
  .near_func.text  ro code  0x00d578     0x7  stm8l15x_gpio.o [1]
  .near.rodata     const    0x00d57f     0x6  BC95.o [1]
  .near_func.text  ro code  0x00d585     0x6  Save.o [1]
  .near_func.text  ro code  0x00d58b     0x6  Save.o [1]
  .near.rodata     const    0x00d591     0x5  BC95.o [1]
  .near.rodata     const    0x00d596     0x5  BC95.o [1]
  .near.rodata     const    0x00d59b     0x5  stm8l15x_clk.o [1]
  .near_func.text  ro code  0x00d5a0     0x5  BC95.o [1]
  .near_func.text  ro code  0x00d5a5     0x5  stm8l15x_adc.o [1]
  .near_func.text  ro code  0x00d5aa     0x5  stm8l15x_flash.o [1]
  .near_func.text  ro code  0x00d5af     0x5  stm8l15x_iwdg.o [1]
  .near_func.text  ro code  0x00d5b4     0x5  stm8l15x_iwdg.o [1]
  .near_func.text  ro code  0x00d5b9     0x5  stm8l15x_usart.o [1]
  .near_func.text  ro code  0x00d5be     0x5  stm8l15x_usart.o [1]
  .near_func.text  ro code  0x00d5c3     0x5  cexit.o [4]
  .near.rodata     const    0x00d5c8     0x4  BC95.o [1]
  .near.rodata     const    0x00d5cc     0x4  Debug.o [1]
  .near.rodata     const    0x00d5d0     0x4  Debug.o [1]
  .near_func.text  ro code  0x00d5d4     0x4  stm8l15x_clk.o [1]
  .near_func.text  ro code  0x00d5d8     0x4  stm8l15x_clk.o [1]
  .near_func.text  ro code  0x00d5dc     0x4  stm8l15x_iwdg.o [1]
  .near_func.text  ro code  0x00d5e0     0x4  stm8l15x_iwdg.o [1]
  .near_func.text  ro code  0x00d5e4     0x4  stm8l15x_iwdg.o [1]
  .near.rodata     const    0x00d5e8     0x3  BC95.o [1]
  .near_func.text  ro code  0x00d5eb     0x3  interrupt.o [4]
  .near_func.text  ro code  0x00d5ee     0x3  low_level_init.o [4]
  .near_func.text  ro code  0x00d5f1     0x3  exit.o [4]
  .near_func.text  ro code  0x00d5f4     0x3  unhandled_exception.o [4]
  .near_func.text  ro code  0x00d5f7     0x1  stm8l15x_it.o [1]
  .near_func.text  ro code  0x00d5f8     0x1  stm8l15x_it.o [1]
  .near_func.text  ro code  0x00d5f9     0x1  stm8l15x_it.o [1]
  .near_func.text  ro code  0x00d5fa     0x1  stm8l15x_it.o [1]
  .near_func.text  ro code  0x00d5fb     0x1  stm8l15x_it.o [1]
  .near_func.text  ro code  0x00d5fc     0x1  stm8l15x_it.o [1]
  .near_func.text  ro code  0x00d5fd     0x1  stm8l15x_it.o [1]
  .near_func.text  ro code  0x00d5fe     0x1  stm8l15x_it.o [1]
  .near_func.text  ro code  0x00d5ff     0x1  stm8l15x_it.o [1]
  .near_func.text  ro code  0x00d600     0x1  stm8l15x_it.o [1]
  .near_func.text  ro code  0x00d601     0x1  stm8l15x_it.o [1]
  .near_func.text  ro code  0x00d602     0x1  stm8l15x_it.o [1]
  .near_func.text  ro code  0x00d603     0x1  stm8l15x_it.o [1]
  .near_func.text  ro code  0x00d604     0x1  stm8l15x_it.o [1]
  .near_func.text  ro code  0x00d605     0x1  stm8l15x_it.o [1]
  .near_func.text  ro code  0x00d606     0x1  stm8l15x_it.o [1]
  .near_func.text  ro code  0x00d607     0x1  stm8l15x_it.o [1]
  .near_func.text  ro code  0x00d608     0x1  stm8l15x_it.o [1]
  .near_func.text  ro code  0x00d609     0x1  stm8l15x_it.o [1]
  .near_func.text  ro code  0x00d60a     0x1  stm8l15x_it.o [1]
  .near_func.text  ro code  0x00d60b     0x1  stm8l15x_it.o [1]
  .near_func.text  ro code  0x00d60c     0x1  stm8l15x_it.o [1]
  .near_func.text  ro code  0x00d60d     0x1  stm8l15x_it.o [1]
  .near_func.text  ro code  0x00d60e     0x1  __dbg_break.o [3]
                          - 0x00d60f  0x558f


*******************************************************************************
*** INIT TABLE
***

          Address   Size
          -------   ----
Zero (__iar_zero_init2)
    1 destination range, total size 0x45e:
          0x000010  0x45e



*******************************************************************************
*** MODULE SUMMARY
***

    Module                 ro code  ro data  rw data
    ------                 -------  -------  -------
F:\0中科君达\0项目\NB水表\软件\NB-IOT程序V1.0\PROJECT\Debug\Obj: [1]
    BC95.o                   8 952      791      302
    Debug.o                    478       32        2
    Globaldata.o               203                44
    Pulse_Acquire.o            452                 7
    Save.o                   1 124       18
    Sys_Timer.o                820               161
    Temperature.o              223      332
    main.o                     148
    mcu_init.o                 548
    rtc.o                    1 018
    stm8l15x_adc.o             324
    stm8l15x_clk.o             479        5
    stm8l15x_exti.o            523
    stm8l15x_flash.o            77
    stm8l15x_gpio.o            199
    stm8l15x_it.o              180
    stm8l15x_itc.o             347
    stm8l15x_iwdg.o             22
    stm8l15x_pwr.o              14
    stm8l15x_rtc.o           1 445
    stm8l15x_usart.o           654
    uart.o                     826               602
    ------------------------------------------------
    Total:                  19 056    1 178    1 118

command line: [2]
    ------------------------------------------------
    Total:

dbgstm8smd.a: [3]
    __dbg_break.o                1
    __dbg_xxexit.o              20
    ------------------------------------------------
    Total:                      21

dlstm8smn.a: [4]
    abs.o                       11
    cexit.o                      5
    char.o                      10
    cstartup.o                  19
    dc_util.o                   26
    exit.o                       3
    float.o                    659
    init.o                      23
    init_small.o                30
    interrupt.o                  3      128
    long.o                     163
    long_util.o                 82
    low_level_init.o             3
    memcmp.o                    54
    memcpy.o                    37
    memset.o                    23
    move.o                      13
    short.o                     99
    strlen.o                    18
    strstr.o                    68
    unhandled_exception.o        3
    vreg_util.o                288
    vregs.o                                       16
    ------------------------------------------------
    Total:                   1 640      128       16

    Linker created                        8      256
----------------------------------------------------
    Grand Total:            20 717    1 314    1 390


*******************************************************************************
*** ENTRY LIST
***

Entry                    Address   Size  Type      Object
-----                    -------   ----  ----      ------
.iar.init_table$$Base   0x00d081          --   Gb  - Linker created -
.iar.init_table$$Limit  0x00d089          --   Gb  - Linker created -
?b0                     0x000000         Data  Gb  vregs.o [4]
?b1                     0x000001         Data  Gb  vregs.o [4]
?b10                    0x00000a         Data  Gb  vregs.o [4]
?b11                    0x00000b         Data  Gb  vregs.o [4]
?b12                    0x00000c         Data  Gb  vregs.o [4]
?b13                    0x00000d         Data  Gb  vregs.o [4]
?b14                    0x00000e         Data  Gb  vregs.o [4]
?b15                    0x00000f         Data  Gb  vregs.o [4]
?b2                     0x000002         Data  Gb  vregs.o [4]
?b3                     0x000003         Data  Gb  vregs.o [4]
?b4                     0x000004         Data  Gb  vregs.o [4]
?b5                     0x000005         Data  Gb  vregs.o [4]
?b6                     0x000006         Data  Gb  vregs.o [4]
?b7                     0x000007         Data  Gb  vregs.o [4]
?b8                     0x000008         Data  Gb  vregs.o [4]
?b9                     0x000009         Data  Gb  vregs.o [4]
?dc32_l0                0x00d192         Code  Gb  dc_util.o [4]
?dc32_l1                0x00d19f         Code  Gb  dc_util.o [4]
?e0                     0x000001         Data  Gb  vregs.o [4]
?e1                     0x000005         Data  Gb  vregs.o [4]
?e2                     0x000009         Data  Gb  vregs.o [4]
?e3                     0x00000d         Data  Gb  vregs.o [4]
?epilogue_l2            0x00af16         Code  Gb  vreg_util.o [4]
?epilogue_l2_l3         0x00af13         Code  Gb  vreg_util.o [4]
?epilogue_l2_w6         0x00af1a         Code  Gb  vreg_util.o [4]
?epilogue_w4            0x00af21         Code  Gb  vreg_util.o [4]
?fcastf32u16_l0_x       0x00a186         Code  Gb  float.o [4]
?fcasts16f32_x_l0       0x00a1a4         Code  Gb  float.o [4]
?fdiv32_l0_dc32_l1      0x00a0d3         Code  Gb  float.o [4]
?fdiv32_l0_l0_l1        0x00a0d8         Code  Gb  float.o [4]
?fmul32_l0_l0_dc32      0x00a033         Code  Gb  float.o [4]
?fmul32_l0_l0_l1        0x00a038         Code  Gb  float.o [4]
?inc32_0x_0x            0x00baf8         Code  Gb  long.o [4]
?inc32_l0_l0            0x00baee         Code  Gb  long.o [4]
?inc32_l1_l1            0x00baf3         Code  Gb  long.o [4]
?l0                     0x000000         Data  Gb  vregs.o [4]
?l1                     0x000004         Data  Gb  vregs.o [4]
?l2                     0x000008         Data  Gb  vregs.o [4]
?l3                     0x00000c         Data  Gb  vregs.o [4]
?load32_0x_l0           0x00c8ca         Code  Gb  long_util.o [4]
?load32_0x_l1           0x00c8d8         Code  Gb  long_util.o [4]
?load32_0x_l2           0x00c8e6         Code  Gb  long_util.o [4]
?load32_l0_0x           0x00c8a2         Code  Gb  long_util.o [4]
?load32_l1_0x           0x00c8be         Code  Gb  long_util.o [4]
?load32_l1_asp          0x00c8b3         Code  Gb  long_util.o [4]
?load32_l1_dbsp         0x00c8ae         Code  Gb  long_util.o [4]
?load32_l1_xsp          0x00c8b5         Code  Gb  long_util.o [4]
?mov_e0_e1              0x00af44         Code  Gb  vreg_util.o [4]
?mov_e0_e2              0x00af51         Code  Gb  vreg_util.o [4]
?mov_e0_e3              0x00af5e         Code  Gb  vreg_util.o [4]
?mov_e1_e0              0x00af6b         Code  Gb  vreg_util.o [4]
?mov_e2_e0              0x00af78         Code  Gb  vreg_util.o [4]
?mov_e3_e0              0x00af85         Code  Gb  vreg_util.o [4]
?mov_l0_l1              0x00af41         Code  Gb  vreg_util.o [4]
?mov_l0_l2              0x00af4e         Code  Gb  vreg_util.o [4]
?mov_l0_l3              0x00af5b         Code  Gb  vreg_util.o [4]
?mov_l1_l0              0x00af68         Code  Gb  vreg_util.o [4]
?mov_l2_l0              0x00af75         Code  Gb  vreg_util.o [4]
?mov_l3_l0              0x00af82         Code  Gb  vreg_util.o [4]
?mov_w0_w1              0x00af25         Code  Gb  vreg_util.o [4]
?mov_w1_w3              0x00af47         Code  Gb  vreg_util.o [4]
?mov_w1_w5              0x00af54         Code  Gb  vreg_util.o [4]
?mov_w1_w6              0x00af2c         Code  Gb  vreg_util.o [4]
?mov_w1_w7              0x00af61         Code  Gb  vreg_util.o [4]
?mov_w2_w1              0x00af33         Code  Gb  vreg_util.o [4]
?mov_w3_w1              0x00af6e         Code  Gb  vreg_util.o [4]
?mov_w4_w6              0x00af3a         Code  Gb  vreg_util.o [4]
?mov_w5_w1              0x00af7b         Code  Gb  vreg_util.o [4]
?mov_w7_w1              0x00af88         Code  Gb  vreg_util.o [4]
?move1616_v_x_y_a       0x00d409         Code  Gb  move.o [4]
?mul16_x_x_w0           0x00c40c         Code  Gb  short.o [4]
?pop_l0                 0x00aedf         Code  Gb  vreg_util.o [4]
?pop_l1                 0x00aeea         Code  Gb  vreg_util.o [4]
?pop_l2                 0x00aef5         Code  Gb  vreg_util.o [4]
?pop_l3                 0x00af00         Code  Gb  vreg_util.o [4]
?pop_w4                 0x00ae91         Code  Gb  vreg_util.o [4]
?pop_w6                 0x00ae98         Code  Gb  vreg_util.o [4]
?pop_w7                 0x00ae9f         Code  Gb  vreg_util.o [4]
?push_l0                0x00aeae         Code  Gb  vreg_util.o [4]
?push_l1                0x00aeb3         Code  Gb  vreg_util.o [4]
?push_l2                0x00aeb8         Code  Gb  vreg_util.o [4]
?push_l3                0x00aebd         Code  Gb  vreg_util.o [4]
?push_w4                0x00ae6f         Code  Gb  vreg_util.o [4]
?push_w6                0x00ae74         Code  Gb  vreg_util.o [4]
?push_w7                0x00ae79         Code  Gb  vreg_util.o [4]
?sdiv16_x_x_y           0x00c42a         Code  Gb  short.o [4]
?sext16_x_a             0x00c468         Code  Gb  short.o [4]
?sll16_x_x_a            0x00c453         Code  Gb  short.o [4]
?sll8_a_a_5             0x00d4f9         Code  Gb  char.o [4]
?smod16_y_x_y           0x00c443         Code  Gb  short.o [4]
?srl16_x_x_10           0x00c45d         Code  Gb  short.o [4]
?srl16_x_x_11           0x00c45c         Code  Gb  short.o [4]
?srl16_x_x_12           0x00c45b         Code  Gb  short.o [4]
?srl16_x_x_4            0x00c463         Code  Gb  short.o [4]
?srl16_x_x_5            0x00c462         Code  Gb  short.o [4]
?srl16_x_x_6            0x00c461         Code  Gb  short.o [4]
?srl16_x_x_7            0x00c460         Code  Gb  short.o [4]
?srl16_x_x_8            0x00c45f         Code  Gb  short.o [4]
?srl16_x_x_9            0x00c45e         Code  Gb  short.o [4]
?srl8_a_a_5             0x00d4fe         Code  Gb  char.o [4]
?ucmp32_c_l0_0x         0x00bb76         Code  Gb  long.o [4]
?ucmp32_c_l0_l1         0x00bb86         Code  Gb  long.o [4]
?udiv32_l0_l0_dl        0x00bb06         Code  Gb  long.o [4]
?udiv32_l0_l0_l1        0x00bb09         Code  Gb  long.o [4]
?umod32_l1_l0_l1        0x00bb09         Code  Gb  long.o [4]
?w0                     0x000000         Data  Gb  vregs.o [4]
?w1                     0x000002         Data  Gb  vregs.o [4]
?w2                     0x000004         Data  Gb  vregs.o [4]
?w3                     0x000006         Data  Gb  vregs.o [4]
?w4                     0x000008         Data  Gb  vregs.o [4]
?w5                     0x00000a         Data  Gb  vregs.o [4]
?w6                     0x00000c         Data  Gb  vregs.o [4]
?w7                     0x00000e         Data  Gb  vregs.o [4]
ACK                     0x00c03d   0x8a  Code  Gb  BC95.o [1]
ADC1_COMP_IRQHandler    0x00d606    0x1  Code  Gb  stm8l15x_it.o [1]
ADC_ChannelCmd          0x00c994   0x4e  Code  Gb  stm8l15x_adc.o [1]
ADC_ClearFlag           0x00d3fc    0xd  Code  Gb  stm8l15x_adc.o [1]
ADC_Cmd                 0x00d3a6   0x11  Code  Gb  stm8l15x_adc.o [1]
ADC_GetConversionValue  0x00cf7e   0x28  Code  Gb  stm8l15x_adc.o [1]
ADC_GetFlagStatus       0x00d105   0x1e  Code  Gb  stm8l15x_adc.o [1]
ADC_Init                0x00cea3   0x2f  Code  Gb  stm8l15x_adc.o [1]
ADC_SamplingTimeConfig  0x00c8f4   0x50  Code  Gb  stm8l15x_adc.o [1]
ADC_SoftwareStartConv   0x00d5a5    0x5  Code  Gb  stm8l15x_adc.o [1]
ADC_VrefintCmd          0x00d3c6    0xe  Code  Gb  stm8l15x_adc.o [1]
ASCLL_to_Int            0x00ca78   0x46  Code  Gb  Globaldata.o [1]
Alarm_Interrupt         0x00cfa6   0x27  Code  Gb  rtc.o [1]
BC95                    0x0001e1  0x12e  Data  Gb  BC95.o [1]
BC95_Data_Send          0x00d328   0x13  Code  Gb  BC95.o [1]
BC95_Delay_CallBack     0x00d5a0    0x5  Code  Gb  BC95.o [1]
BC95_Power_Off          0x00d539    0x9  Code  Gb  BC95.o [1]
BC95_Power_On           0x00cb47   0x42  Code  Gb  BC95.o [1]
BC95_Process            0x0099e7  0x64c  Code  Gb  BC95.o [1]
BC95_Reset              0x00d0e7   0x1e  Code  Gb  BC95.o [1]
BC95_Start              0x00d3e2    0xd  Code  Gb  BC95.o [1]
BC95_Start_Timeout_CallBack
                        0x00cfcd   0x25  Code  Gb  BC95.o [1]
Bcd2ToByte              0x00d177   0x1b  Code  Lc  stm8l15x_rtc.o [1]
ByteToBcd2              0x00d089   0x20  Code  Lc  stm8l15x_rtc.o [1]
CLK_GetClockFreq        0x00bdfe   0x93  Code  Gb  stm8l15x_clk.o [1]
CLK_GetFlagStatus       0x00bcd1   0x99  Code  Gb  stm8l15x_clk.o [1]
CLK_LSEConfig           0x00d33b   0x13  Code  Gb  stm8l15x_clk.o [1]
CLK_PeripheralClockConfig
                        0x00bfaf   0x8e  Code  Gb  stm8l15x_clk.o [1]
CLK_RTCClockConfig      0x00d4ef    0xa  Code  Gb  stm8l15x_clk.o [1]
CLK_SYSCLKDivConfig     0x00d5d8    0x4  Code  Gb  stm8l15x_clk.o [1]
CLK_SYSCLKSourceConfig  0x00d5d4    0x4  Code  Gb  stm8l15x_clk.o [1]
CSTACK$$Base            0x000f00          --   Gb  - Linker created -
CSTACK$$Limit           0x001000          --   Gb  - Linker created -
Cal                     0x00045a    0x7  Data  Gb  Pulse_Acquire.o [1]
Clear_Single_History_Data
                        0x00ccf7   0x38  Code  Gb  Save.o [1]
Create_Timer            0x00b0ae  0x105  Code  Gb  Sys_Timer.o [1]
DMA1_CHANNEL0_1_IRQHandler
                        0x00d5f9    0x1  Code  Gb  stm8l15x_it.o [1]
DMA1_CHANNEL2_3_IRQHandler
                        0x00d5fa    0x1  Code  Gb  stm8l15x_it.o [1]
Debug                   0x000469    0x2  Data  Gb  Debug.o [1]
Debug_ACK_Busy          0x00cd9d   0x36  Code  Gb  Debug.o [1]
Debug_ACK_OK            0x00cd2f   0x37  Code  Gb  Debug.o [1]
Debug_Process           0x00b6c0   0xb9  Code  Gb  Debug.o [1]
Delete_Timer            0x00c944   0x50  Code  Gb  Sys_Timer.o [1]
EXTI0_IRQHandler        0x00d269   0x16  Code  Gb  stm8l15x_it.o [1]
EXTI1_IRQHandler        0x00d5fd    0x1  Code  Gb  stm8l15x_it.o [1]
EXTI2_IRQHandler        0x00d5fe    0x1  Code  Gb  stm8l15x_it.o [1]
EXTI3_IRQHandler        0x00d5ff    0x1  Code  Gb  stm8l15x_it.o [1]
EXTI4_IRQHandler        0x00d600    0x1  Code  Gb  stm8l15x_it.o [1]
EXTI5_IRQHandler        0x00d601    0x1  Code  Gb  stm8l15x_it.o [1]
EXTI6_IRQHandler        0x00d602    0x1  Code  Gb  stm8l15x_it.o [1]
EXTI7_IRQHandler        0x00d603    0x1  Code  Gb  stm8l15x_it.o [1]
EXTIB_G_IRQHandler      0x00d5fc    0x1  Code  Gb  stm8l15x_it.o [1]
EXTID_H_IRQHandler      0x00d253   0x16  Code  Gb  stm8l15x_it.o [1]
EXTIE_F_PVD_IRQHandler  0x00d5fb    0x1  Code  Gb  stm8l15x_it.o [1]
EXTI_ClearITPendingBit  0x00d05f   0x22  Code  Gb  stm8l15x_exti.o [1]
EXTI_SelectPort         0x00cdd3   0x36  Code  Gb  stm8l15x_exti.o [1]
EXTI_SetHalfPortSelection
                        0x00cbc9   0x3f  Code  Gb  stm8l15x_exti.o [1]
EXTI_SetPinSensitivity  0x00af8f  0x11f  Code  Gb  stm8l15x_exti.o [1]
EXTI_SetPortSensitivity
                        0x00c750   0x55  Code  Gb  stm8l15x_exti.o [1]
Exti0_Interrupt         0x00cff2   0x25  Code  Gb  Pulse_Acquire.o [1]
ExtiD_Interrupt         0x00abf3  0x140  Code  Gb  Pulse_Acquire.o [1]
FLASH_GetFlagStatus     0x00d1c5   0x19  Code  Gb  stm8l15x_flash.o [1]
FLASH_IRQHandler        0x00d5f8    0x1  Code  Gb  stm8l15x_it.o [1]
FLASH_Lock              0x00d4c4    0xb  Code  Gb  stm8l15x_flash.o [1]
FLASH_ProgramByte       0x00d4cf    0xb  Code  Gb  stm8l15x_flash.o [1]
FLASH_ReadByte          0x00d5aa    0x5  Code  Gb  stm8l15x_flash.o [1]
FLASH_Unlock            0x00d1ac   0x19  Code  Gb  stm8l15x_flash.o [1]
GMT_to_BT               0x00a2c6  0x200  Code  Gb  rtc.o [1]
GPIO_Configuration      0x00ca2f   0x49  Code  Gb  mcu_init.o [1]
GPIO_Init               0x00b8e8   0xaf  Code  Gb  stm8l15x_gpio.o [1]
GPIO_ReadInputDataBit   0x00d542    0x9  Code  Gb  stm8l15x_gpio.o [1]
GPIO_ResetBits          0x00d553    0x8  Code  Gb  stm8l15x_gpio.o [1]
GPIO_SetBits            0x00d578    0x7  Code  Gb  stm8l15x_gpio.o [1]
HistoryData             0x00046b    0x2  Data  Gb  Globaldata.o [1]
I2C1_SPI2_IRQHandler    0x00d60d    0x1  Code  Gb  stm8l15x_it.o [1]
INTVEC$$Base            0x008000          --   Gb  - Linker created -
INTVEC$$Limit           0x008080          --   Gb  - Linker created -
ITC_SetSoftwarePriority
                        0x00a7fa  0x15b  Code  Gb  stm8l15x_itc.o [1]
IWDG_Enable             0x00d5b4    0x5  Code  Gb  stm8l15x_iwdg.o [1]
IWDG_INIT               0x00d23d   0x16  Code  Gb  main.o [1]
IWDG_ReloadCounter      0x00d5af    0x5  Code  Gb  stm8l15x_iwdg.o [1]
IWDG_SetPrescaler       0x00d5e0    0x4  Code  Gb  stm8l15x_iwdg.o [1]
IWDG_SetReload          0x00d5e4    0x4  Code  Gb  stm8l15x_iwdg.o [1]
IWDG_WriteAccessCmd     0x00d5dc    0x4  Code  Gb  stm8l15x_iwdg.o [1]
Int_to_ASCLL            0x00d15c   0x1b  Code  Gb  Globaldata.o [1]
LCD_AES_IRQHandler      0x00d604    0x1  Code  Gb  stm8l15x_it.o [1]
MCU_DeInit              0x00c2d0   0x6f  Code  Gb  mcu_init.o [1]
MeterParameter          0x000438   0x22  Data  Gb  Globaldata.o [1]
PWR_UltraLowPowerCmd    0x00d3d4    0xe  Code  Gb  stm8l15x_pwr.o [1]
Pulse_Acquire_Config    0x00c52f   0x5f  Code  Gb  Pulse_Acquire.o [1]
RCC_Configuration       0x00d4e5    0xa  Code  Gb  mcu_init.o [1]
RTC_AlarmCmd            0x00c7fa   0x55  Code  Gb  stm8l15x_rtc.o [1]
RTC_CSSLSE_IRQHandler   0x00d1de   0x19  Code  Gb  stm8l15x_it.o [1]
RTC_ClearITPendingBit   0x00d476    0xc  Code  Gb  stm8l15x_rtc.o [1]
RTC_DateStr             0x000465    0x4  Data  Gb  Globaldata.o [1]
RTC_EnterInitMode       0x00ceff   0x2c  Code  Gb  stm8l15x_rtc.o [1]
RTC_GetDate             0x00c648   0x5c  Code  Gb  stm8l15x_rtc.o [1]
RTC_GetITStatus         0x00ced2   0x2d  Code  Gb  stm8l15x_rtc.o [1]
RTC_GetTime             0x00c7a5   0x55  Code  Gb  stm8l15x_rtc.o [1]
RTC_ITConfig            0x00cc83   0x3b  Code  Gb  stm8l15x_rtc.o [1]
RTC_Init                0x00c5ec   0x5c  Code  Gb  stm8l15x_rtc.o [1]
RTC_SetAlarm            0x00a955  0x152  Code  Gb  stm8l15x_rtc.o [1]
RTC_SetDate             0x00b831   0xb7  Code  Gb  stm8l15x_rtc.o [1]
RTC_SetTime             0x00ba43   0xab  Code  Gb  stm8l15x_rtc.o [1]
RTC_SetWakeUpCounter    0x00d2ec   0x15  Code  Gb  stm8l15x_rtc.o [1]
RTC_TimeStr             0x000461    0x4  Data  Gb  Globaldata.o [1]
RTC_WaitForSynchro      0x00cd66   0x37  Code  Gb  stm8l15x_rtc.o [1]
RTC_WakeUpClockConfig   0x00d03c   0x23  Code  Gb  stm8l15x_rtc.o [1]
RTC_WakeUpCmd           0x00cabe   0x45  Code  Gb  stm8l15x_rtc.o [1]
Read_ACUM_Flow          0x00d3b7    0xf  Code  Gb  Save.o [1]
Read_BC95_ErrorRecord   0x00d585    0x6  Code  Gb  Save.o [1]
Read_History_Data       0x00b601   0xbf  Code  Gb  Save.o [1]
Read_History_Save_Index
                        0x00d58b    0x6  Code  Gb  Save.o [1]
Read_Meter_Parameter    0x00c253   0x7d  Code  Gb  Save.o [1]
Read_Temp               0x00b2b4   0xdf  Code  Gb  Temperature.o [1]
Read_Voltage            0x00bc33   0x9e  Code  Gb  mcu_init.o [1]
Recv_Data_Process       0x00939a  0x64d  Code  Gb  BC95.o [1]
Region$$Table$$Base     0x00d081          --   Gb  - Linker created -
Region$$Table$$Limit    0x00d089          --   Gb  - Linker created -
Report_All_Parameters   0x008080  0xb29  Code  Gb  BC95.o [1]
Report_HC_Flow          0x008ba9  0x7f1  Code  Gb  BC95.o [1]
Report_History_Data     0x00a4c6  0x1a2  Code  Gb  BC95.o [1]
Rtc_Config              0x00c58e   0x5e  Code  Gb  rtc.o [1]
SPI1_IRQHandler         0x00d60a    0x1  Code  Gb  stm8l15x_it.o [1]
SWITCH_CSS_BREAK_DAC_IRQHandler
                        0x00d605    0x1  Code  Gb  stm8l15x_it.o [1]
SYSDivFactor            0x00d59b    0x5  Data  Gb  stm8l15x_clk.o [1]
Save_Add_Flow           0x00d2d7   0x15  Code  Gb  Save.o [1]
Save_BC95_ErrorRecord   0x00d3ef    0xd  Code  Gb  Save.o [1]
Save_History_Data       0x00b1b3  0x101  Code  Gb  Save.o [1]
Save_Meter_Parameter    0x00cc46   0x3d  Code  Gb  Save.o [1]
Save_SDCF_Flow          0x00b393   0xd3  Code  Gb  Save.o [1]
Send_Data_Process       0x00c84f   0x53  Code  Gb  BC95.o [1]
Send_Debug_Data         0x00b779   0xb8  Code  Gb  Debug.o [1]
Set_Alarm               0x00ccbe   0x39  Code  Gb  rtc.o [1]
Sleep                   0x00d0c8   0x1f  Code  Gb  main.o [1]
SysTick_Handler         0x00a668  0x192  Code  Gb  Sys_Timer.o [1]
Sys_Timer               0x00030f   0xa0  Data  Lc  Sys_Timer.o [1]
Sys_Timer_Process       0x00c9e2   0x4d  Code  Gb  Sys_Timer.o [1]
TIM1_CC_IRQHandler      0x00d608    0x1  Code  Gb  stm8l15x_it.o [1]
TIM1_UPD_OVF_TRG_COM_IRQHandler
                        0x00d607    0x1  Code  Gb  stm8l15x_it.o [1]
TIM2_CC_USART2_RX_IRQHandler
                        0x00d295   0x16  Code  Gb  stm8l15x_it.o [1]
TIM2_UPD_OVF_TRG_BRK_USART2_TX_IRQHandler
                        0x00d27f   0x16  Code  Gb  stm8l15x_it.o [1]
TIM3_CC_USART3_RX_IRQHandler
                        0x00d2c1   0x16  Code  Gb  stm8l15x_it.o [1]
TIM3_UPD_OVF_TRG_BRK_USART3_TX_IRQHandler
                        0x00d2ab   0x16  Code  Gb  stm8l15x_it.o [1]
TIM4_UPD_OVF_TRG_IRQHandler
                        0x00d609    0x1  Code  Gb  stm8l15x_it.o [1]
TRAP_IRQHandler         0x00d5f7    0x1  Code  Gb  stm8l15x_it.o [1]
Temp_Table              0x00aaa7  0x14c  Data  Gb  Temperature.o [1]
USART1_RX_TIM5_CC_IRQHandler
                        0x00d60c    0x1  Code  Gb  stm8l15x_it.o [1]
USART1_TX_TIM5_UPD_OVF_TRG_BRK_IRQHandler
                        0x00d60b    0x1  Code  Gb  stm8l15x_it.o [1]
USART2_Configuration    0x00c46f   0x61  Code  Gb  mcu_init.o [1]
USART2_IRQHandler       0x00be91   0x8f  Code  Gb  uart.o [1]
USART2_TX_IRQHandler    0x00c6a4   0x56  Code  Gb  uart.o [1]
USART3_Configuration    0x00c3a9   0x63  Code  Gb  mcu_init.o [1]
USART3_IRQHandler       0x00bf20   0x8f  Code  Gb  uart.o [1]
USART3_TX_IRQHandler    0x00c6fa   0x56  Code  Gb  uart.o [1]
USART_ClearITPendingBit
                        0x00d5be    0x5  Code  Gb  stm8l15x_usart.o [1]
USART_Cmd               0x00cf2b   0x2b  Code  Gb  stm8l15x_usart.o [1]
USART_DeInit            0x00cc08   0x3e  Code  Gb  stm8l15x_usart.o [1]
USART_GetITStatus       0x00b997   0xac  Code  Gb  stm8l15x_usart.o [1]
USART_ITConfig          0x00bd6a   0x94  Code  Gb  stm8l15x_usart.o [1]
USART_Init              0x00b466   0xd3  Code  Gb  stm8l15x_usart.o [1]
USART_ReceiveData8      0x00d5b9    0x5  Code  Gb  stm8l15x_usart.o [1]
USART_SendData8         0x00d55b    0x8  Code  Gb  stm8l15x_usart.o [1]
Uart2                   0x000010  0x1d1  Data  Gb  uart.o [1]
Uart2_Receive           0x00ce3f   0x32  Code  Gb  uart.o [1]
Uart2_Send              0x00c0c7   0x88  Code  Gb  uart.o [1]
Uart3                   0x0003af   0x89  Data  Gb  uart.o [1]
Uart3_Receive           0x00ce71   0x32  Code  Gb  uart.o [1]
Uart3_Send              0x00c14f   0x84  Code  Gb  uart.o [1]
Wake_Interrupt          0x00ad33  0x13c  Code  Gb  rtc.o [1]
WriteRom                0x00bb91   0xa2  Code  Gb  Save.o [1]
__DebugBreak            0x00d60e    0x1  Code  Gb  __dbg_break.o [3]
__exit                  0x00d301   0x14  Code  Gb  __dbg_xxexit.o [3]
__iar_Strstr            0x00cb03   0x44  Code  Gb  strstr.o [4]
__iar_data_init2        0x00d226   0x17  Code  Gb  init.o [4]
__iar_program_start     0x00d34e         Code  Gb  cstartup.o [4]
__iar_unhandled_exception
                        0x00d5f4         Code  Gb  unhandled_exception.o [4]
__iar_zero_init2        0x00d123         Code  Gb  init_small.o [4]
__intvec                0x008000         Data  Gb  interrupt.o [4]
__low_level_init        0x00d5ee    0x3  Code  Gb  low_level_init.o [4]
_exit                   0x00d5c3         Code  Gb  cexit.o [4]
_interrupt_1            0x00d5f7         Code  Gb  stm8l15x_it.o [1]
_interrupt_10           0x00d269         Code  Gb  stm8l15x_it.o [1]
_interrupt_11           0x00d5fd         Code  Gb  stm8l15x_it.o [1]
_interrupt_12           0x00d5fe         Code  Gb  stm8l15x_it.o [1]
_interrupt_13           0x00d5ff         Code  Gb  stm8l15x_it.o [1]
_interrupt_14           0x00d600         Code  Gb  stm8l15x_it.o [1]
_interrupt_15           0x00d601         Code  Gb  stm8l15x_it.o [1]
_interrupt_16           0x00d602         Code  Gb  stm8l15x_it.o [1]
_interrupt_17           0x00d603         Code  Gb  stm8l15x_it.o [1]
_interrupt_18           0x00d604         Code  Gb  stm8l15x_it.o [1]
_interrupt_19           0x00d605         Code  Gb  stm8l15x_it.o [1]
_interrupt_20           0x00d606         Code  Gb  stm8l15x_it.o [1]
_interrupt_21           0x00d27f         Code  Gb  stm8l15x_it.o [1]
_interrupt_22           0x00d295         Code  Gb  stm8l15x_it.o [1]
_interrupt_23           0x00d2ab         Code  Gb  stm8l15x_it.o [1]
_interrupt_24           0x00d2c1         Code  Gb  stm8l15x_it.o [1]
_interrupt_25           0x00d607         Code  Gb  stm8l15x_it.o [1]
_interrupt_26           0x00d608         Code  Gb  stm8l15x_it.o [1]
_interrupt_27           0x00d609         Code  Gb  stm8l15x_it.o [1]
_interrupt_28           0x00d60a         Code  Gb  stm8l15x_it.o [1]
_interrupt_29           0x00d60b         Code  Gb  stm8l15x_it.o [1]
_interrupt_3            0x00d5f8         Code  Gb  stm8l15x_it.o [1]
_interrupt_30           0x00d60c         Code  Gb  stm8l15x_it.o [1]
_interrupt_31           0x00d60d         Code  Gb  stm8l15x_it.o [1]
_interrupt_4            0x00d5f9         Code  Gb  stm8l15x_it.o [1]
_interrupt_5            0x00d5fa         Code  Gb  stm8l15x_it.o [1]
_interrupt_6            0x00d1de         Code  Gb  stm8l15x_it.o [1]
_interrupt_7            0x00d5fb         Code  Gb  stm8l15x_it.o [1]
_interrupt_8            0x00d5fc         Code  Gb  stm8l15x_it.o [1]
_interrupt_9            0x00d253         Code  Gb  stm8l15x_it.o [1]
abs                     0x00d4da    0xb  Code  Gb  abs.o [4]
exit                    0x00d5f1    0x3  Code  Gb  exit.o [4]
main                    0x00c4d0   0x5f  Code  Gb  main.o [1]
memcmp                  0x00ce09   0x36  Code  Gb  memcmp.o [4]
memcpy                  0x00d017   0x25  Code  Gb  memcpy.o [4]
memset                  0x00d20f   0x17  Code  Gb  memset.o [4]
strlen                  0x00d361   0x12  Code  Gb  strlen.o [4]
strnstr                 0x00c33f   0x6a  Code  Gb  Globaldata.o [1]
strstr                  0x00d315   0x13  Code  Gb  BC95.o [1]


[1] = F:\0中科君达\0项目\NB水表\软件\NB-IOT程序V1.0\PROJECT\Debug\Obj
[2] = command line
[3] = dbgstm8smd.a
[4] = dlstm8smn.a

  20 717 bytes of readonly  code memory
   1 314 bytes of readonly  data memory
   1 390 bytes of readwrite data memory

Errors: none
Warnings: none
