###############################################################################
#
# IAR ELF Linker V2.20.1.176 for STM8                     25/Jul/2018  14:58:04
# Copyright 2010-2015 IAR Systems AB.
#
#    Output file  =  
#        F:\0中科君达\0项目\NB水表\软件\NB-IOT程序V1.0\project\Debug\Exe\project.out
#    Map file     =  
#        F:\0中科君达\0项目\NB水表\软件\NB-IOT程序V1.0\project\Debug\List\project.map
#    Command line =  
#        F:\0中科君达\0项目\NB水表\软件\NB-IOT程序V1.0\project\Debug\Obj\BC95.o
#        F:\0中科君达\0项目\NB水表\软件\NB-IOT程序V1.0\project\Debug\Obj\Globaldata.o
#        F:\0中科君达\0项目\NB水表\软件\NB-IOT程序V1.0\project\Debug\Obj\main.o
#        F:\0中科君达\0项目\NB水表\软件\NB-IOT程序V1.0\project\Debug\Obj\mcu_init.o
#        F:\0中科君达\0项目\NB水表\软件\NB-IOT程序V1.0\project\Debug\Obj\Pulse_Acquire.o
#        F:\0中科君达\0项目\NB水表\软件\NB-IOT程序V1.0\project\Debug\Obj\rtc.o
#        F:\0中科君达\0项目\NB水表\软件\NB-IOT程序V1.0\project\Debug\Obj\Save.o
#        F:\0中科君达\0项目\NB水表\软件\NB-IOT程序V1.0\project\Debug\Obj\stm8l15x_adc.o
#        F:\0中科君达\0项目\NB水表\软件\NB-IOT程序V1.0\project\Debug\Obj\stm8l15x_aes.o
#        F:\0中科君达\0项目\NB水表\软件\NB-IOT程序V1.0\project\Debug\Obj\stm8l15x_beep.o
#        F:\0中科君达\0项目\NB水表\软件\NB-IOT程序V1.0\project\Debug\Obj\stm8l15x_clk.o
#        F:\0中科君达\0项目\NB水表\软件\NB-IOT程序V1.0\project\Debug\Obj\stm8l15x_comp.o
#        F:\0中科君达\0项目\NB水表\软件\NB-IOT程序V1.0\project\Debug\Obj\stm8l15x_dac.o
#        F:\0中科君达\0项目\NB水表\软件\NB-IOT程序V1.0\project\Debug\Obj\stm8l15x_dma.o
#        F:\0中科君达\0项目\NB水表\软件\NB-IOT程序V1.0\project\Debug\Obj\stm8l15x_exti.o
#        F:\0中科君达\0项目\NB水表\软件\NB-IOT程序V1.0\project\Debug\Obj\stm8l15x_flash.o
#        F:\0中科君达\0项目\NB水表\软件\NB-IOT程序V1.0\project\Debug\Obj\stm8l15x_gpio.o
#        F:\0中科君达\0项目\NB水表\软件\NB-IOT程序V1.0\project\Debug\Obj\stm8l15x_i2c.o
#        F:\0中科君达\0项目\NB水表\软件\NB-IOT程序V1.0\project\Debug\Obj\stm8l15x_irtim.o
#        F:\0中科君达\0项目\NB水表\软件\NB-IOT程序V1.0\project\Debug\Obj\stm8l15x_it.o
#        F:\0中科君达\0项目\NB水表\软件\NB-IOT程序V1.0\project\Debug\Obj\stm8l15x_itc.o
#        F:\0中科君达\0项目\NB水表\软件\NB-IOT程序V1.0\project\Debug\Obj\stm8l15x_iwdg.o
#        F:\0中科君达\0项目\NB水表\软件\NB-IOT程序V1.0\project\Debug\Obj\stm8l15x_lcd.o
#        F:\0中科君达\0项目\NB水表\软件\NB-IOT程序V1.0\project\Debug\Obj\stm8l15x_pwr.o
#        F:\0中科君达\0项目\NB水表\软件\NB-IOT程序V1.0\project\Debug\Obj\stm8l15x_rst.o
#        F:\0中科君达\0项目\NB水表\软件\NB-IOT程序V1.0\project\Debug\Obj\stm8l15x_rtc.o
#        F:\0中科君达\0项目\NB水表\软件\NB-IOT程序V1.0\project\Debug\Obj\stm8l15x_spi.o
#        F:\0中科君达\0项目\NB水表\软件\NB-IOT程序V1.0\project\Debug\Obj\stm8l15x_syscfg.o
#        F:\0中科君达\0项目\NB水表\软件\NB-IOT程序V1.0\project\Debug\Obj\stm8l15x_tim1.o
#        F:\0中科君达\0项目\NB水表\软件\NB-IOT程序V1.0\project\Debug\Obj\stm8l15x_tim2.o
#        F:\0中科君达\0项目\NB水表\软件\NB-IOT程序V1.0\project\Debug\Obj\stm8l15x_tim3.o
#        F:\0中科君达\0项目\NB水表\软件\NB-IOT程序V1.0\project\Debug\Obj\stm8l15x_tim4.o
#        F:\0中科君达\0项目\NB水表\软件\NB-IOT程序V1.0\project\Debug\Obj\stm8l15x_tim5.o
#        F:\0中科君达\0项目\NB水表\软件\NB-IOT程序V1.0\project\Debug\Obj\stm8l15x_usart.o
#        F:\0中科君达\0项目\NB水表\软件\NB-IOT程序V1.0\project\Debug\Obj\stm8l15x_wfe.o
#        F:\0中科君达\0项目\NB水表\软件\NB-IOT程序V1.0\project\Debug\Obj\stm8l15x_wwdg.o
#        F:\0中科君达\0项目\NB水表\软件\NB-IOT程序V1.0\project\Debug\Obj\Sys_Timer.o
#        F:\0中科君达\0项目\NB水表\软件\NB-IOT程序V1.0\project\Debug\Obj\Temperature.o
#        F:\0中科君达\0项目\NB水表\软件\NB-IOT程序V1.0\project\Debug\Obj\uart.o
#        --redirect _Printf=_PrintfSmall --redirect _Scanf=_ScanfSmall -o
#        F:\0中科君达\0项目\NB水表\软件\NB-IOT程序V1.0\project\Debug\Exe\project.out
#        --map
#        F:\0中科君达\0项目\NB水表\软件\NB-IOT程序V1.0\project\Debug\List\project.map
#        --config "D:\IAR for STM8\stm8\config\lnkstm8l151c8.icf" --config_def
#        _CSTACK_SIZE=0x100 --config_def _HEAP_SIZE=0x100 --entry
#        __iar_program_start --debug_lib
#
###############################################################################

*******************************************************************************
*** RUNTIME MODEL ATTRIBUTES
***

__SystemLibrary            = DLib
__code_model               = small
__core                     = stm8
__data_model               = medium
__dlib_file_descriptor     = 0
__dlib_full_locale_support = 0
__rt_version               = 4


*******************************************************************************
*** PLACEMENT SUMMARY
***

"A1":  place at start of [0x000000-0x0000ff] { rw section .vregs };
"A2":  place at end of [0x000000-0x000fff] { block CSTACK };
"P2":  place in [from 0x000000 to 0x000fff] {
          block HEAP, rw section __DLIB_PERTHREAD, rw section .far.bss,
          rw section .far.data, rw section .far.noinit,
          rw section .far_func.textrw, rw section .huge.bss,
          rw section .huge.data, rw section .huge.noinit,
          rw section .huge_func.textrw, rw section .iar.dynexit,
          rw section .near.bss, rw section .near.data, rw section .near.noinit,
          rw section .near_func.textrw };
"A3":  place at start of [0x008000-0x00ffff] { block INTVEC };
"P3":  place in [from 0x008000 to 0x00ffff] {
          ro section __DLIB_PERTHREAD_init, ro section .far.data_init,
          ro section .far_func.textrw_init, ro section .huge.data_init,
          ro section .huge_func.textrw_init, ro section .iar.init_table,
          ro section .init_array, ro section .near.data_init,
          ro section .near.rodata, ro section .near_func.text,
          ro section .near_func.textrw_init, ro section .tiny.data_init,
          ro section .tiny.rodata_init };

  Section          Kind      Address    Size  Object
  -------          ----      -------    ----  ------
"A1":                                   0x10
  .vregs           uninit   0x000000    0x10  vregs.o [4]
                          - 0x000010    0x10

"P2":                                  0x665
  .near.bss        zero     0x000010   0x2d1  uart.o [1]
  .near.bss        zero     0x0002e1   0x2c8  BC95.o [1]
  .near.bss        zero     0x0005a9    0xa0  Sys_Timer.o [1]
  .near.bss        zero     0x000649     0x7  Globaldata.o [1]
  .near.bss        zero     0x000650     0x7  rtc.o [1]
  .near.bss        zero     0x000657     0x5  Pulse_Acquire.o [1]
  .near.bss        zero     0x00065c     0x4  Globaldata.o [1]
  .near.bss        zero     0x000660     0x4  rtc.o [1]
  .near.bss        zero     0x000664     0x4  rtc.o [1]
  .near.bss        zero     0x000668     0x2  Globaldata.o [1]
  .near.bss        zero     0x00066a     0x2  Globaldata.o [1]
  .near.bss        zero     0x00066c     0x2  Globaldata.o [1]
  .near.bss        zero     0x00066e     0x2  rtc.o [1]
  .near.bss        zero     0x000670     0x1  Globaldata.o [1]
  .near.bss        zero     0x000671     0x1  Globaldata.o [1]
  .near.bss        zero     0x000672     0x1  Globaldata.o [1]
  .near.bss        zero     0x000673     0x1  Globaldata.o [1]
  .near.bss        zero     0x000674     0x1  Sys_Timer.o [1]
                          - 0x000675   0x665

"A2":                                  0x100
  CSTACK                    0x000f00   0x100  <Block>
    CSTACK         uninit   0x000f00   0x100  <Block tail>
                          - 0x001000   0x100

"A3":                                   0x80
  INTVEC                    0x008000    0x80  <Block>
    .intvec        const    0x008000    0x80  interrupt.o [4]
                          - 0x008080    0x80

"P3":                                 0x495f
  .near_func.text  ro code  0x008080   0xb5c  BC95.o [1]
  .near_func.text  ro code  0x008bdc   0x7f1  BC95.o [1]
  .near_func.text  ro code  0x0093cd   0x647  BC95.o [1]
  .near_func.text  ro code  0x009a14   0x58d  BC95.o [1]
  .near_func.text  ro code  0x009fa1   0x293  float.o [4]
  .near_func.text  ro code  0x00a234   0x192  Sys_Timer.o [1]
  .near_func.text  ro code  0x00a3c6   0x15b  stm8l15x_itc.o [1]
  .near_func.text  ro code  0x00a521   0x152  stm8l15x_rtc.o [1]
  .near.rodata     const    0x00a673   0x14c  Temperature.o [1]
  .near_func.text  ro code  0x00a7bf   0x11f  stm8l15x_exti.o [1]
  .near_func.text  ro code  0x00a8de   0x119  vreg_util.o [4]
  .near_func.text  ro code  0x00a9f7   0x105  Sys_Timer.o [1]
  .near_func.text  ro code  0x00aafc    0xd3  Save.o [1]
  .near_func.text  ro code  0x00abcf    0xd3  stm8l15x_usart.o [1]
  .near_func.text  ro code  0x00aca2    0xca  Temperature.o [1]
  .near.rodata     const    0x00ad6c    0xc8  BC95.o [1]
  .near_func.text  ro code  0x00ae34    0xb9  long.o [4]
  .near_func.text  ro code  0x00aeed    0xb7  stm8l15x_rtc.o [1]
  .near_func.text  ro code  0x00afa4    0xaf  stm8l15x_gpio.o [1]
  .near_func.text  ro code  0x00b053    0xae  main.o [1]
  .near_func.text  ro code  0x00b101    0xac  stm8l15x_usart.o [1]
  .near_func.text  ro code  0x00b1ad    0xab  stm8l15x_rtc.o [1]
  .near_func.text  ro code  0x00b258    0xa5  mcu_init.o [1]
  .near_func.text  ro code  0x00b2fd    0xa2  Save.o [1]
  .near_func.text  ro code  0x00b39f    0x9d  rtc.o [1]
  .near_func.text  ro code  0x00b43c    0x99  stm8l15x_clk.o [1]
  .near_func.text  ro code  0x00b4d5    0x94  Pulse_Acquire.o [1]
  .near_func.text  ro code  0x00b569    0x94  stm8l15x_usart.o [1]
  .near_func.text  ro code  0x00b5fd    0x93  stm8l15x_clk.o [1]
  .near_func.text  ro code  0x00b690    0x8f  uart.o [1]
  .near_func.text  ro code  0x00b71f    0x8e  stm8l15x_clk.o [1]
  .near_func.text  ro code  0x00b7ad    0x8a  BC95.o [1]
  .near_func.text  ro code  0x00b837    0x88  uart.o [1]
  .near.rodata     const    0x00b8bf    0x80  BC95.o [1]
  .near_func.text  ro code  0x00b93f    0x62  long_util.o [4]
  .near_func.text  ro code  0x00b9a1    0x61  mcu_init.o [1]
  .near_func.text  ro code  0x00ba02    0x5f  Pulse_Acquire.o [1]
  .near_func.text  ro code  0x00ba61    0x5e  rtc.o [1]
  .near_func.text  ro code  0x00babf    0x5c  stm8l15x_rtc.o [1]
  .near_func.text  ro code  0x00bb1b    0x5c  stm8l15x_rtc.o [1]
  .near_func.text  ro code  0x00bb77    0x56  uart.o [1]
  .near_func.text  ro code  0x00bbcd    0x55  stm8l15x_exti.o [1]
  .near_func.text  ro code  0x00bc22    0x55  stm8l15x_rtc.o [1]
  .near_func.text  ro code  0x00bc77    0x55  stm8l15x_rtc.o [1]
  .near_func.text  ro code  0x00bccc    0x50  stm8l15x_adc.o [1]
  .near_func.text  ro code  0x00bd1c    0x50  Sys_Timer.o [1]
  .near_func.text  ro code  0x00bd6c    0x4f  main.o [1]
  .near_func.text  ro code  0x00bdbb    0x4e  stm8l15x_adc.o [1]
  .near_func.text  ro code  0x00be09    0x4d  Sys_Timer.o [1]
  .near_func.text  ro code  0x00be56    0x49  mcu_init.o [1]
  .near_func.text  ro code  0x00be9f    0x46  Globaldata.o [1]
  .near_func.text  ro code  0x00bee5    0x45  stm8l15x_rtc.o [1]
  .near_func.text  ro code  0x00bf2a    0x44  strstr.o [4]
  .near_func.text  ro code  0x00bf6e    0x42  BC95.o [1]
  .near.rodata     const    0x00bfb0    0x40  BC95.o [1]
  .near_func.text  ro code  0x00bff0    0x3f  stm8l15x_exti.o [1]
  .near_func.text  ro code  0x00c02f    0x3e  stm8l15x_usart.o [1]
  .near_func.text  ro code  0x00c06d    0x3b  stm8l15x_rtc.o [1]
  .near_func.text  ro code  0x00c0a8    0x3a  short.o [4]
  .near_func.text  ro code  0x00c0e2    0x37  stm8l15x_rtc.o [1]
  .near_func.text  ro code  0x00c119    0x36  rtc.o [1]
  .near_func.text  ro code  0x00c14f    0x36  stm8l15x_exti.o [1]
  .near_func.text  ro code  0x00c185    0x32  uart.o [1]
  .near_func.text  ro code  0x00c1b7    0x2f  stm8l15x_adc.o [1]
  .near_func.text  ro code  0x00c1e6    0x2d  stm8l15x_rtc.o [1]
  .near_func.text  ro code  0x00c213    0x2c  stm8l15x_rtc.o [1]
  .near_func.text  ro code  0x00c23f    0x2b  stm8l15x_usart.o [1]
  .near_func.text  ro code  0x00c26a    0x2a  rtc.o [1]
  .near_func.text  ro code  0x00c294    0x29  rtc.o [1]
  .near_func.text  ro code  0x00c2bd    0x28  rtc.o [1]
  .near_func.text  ro code  0x00c2e5    0x28  stm8l15x_adc.o [1]
  .near_func.text  ro code  0x00c30d    0x25  BC95.o [1]
  .near_func.text  ro code  0x00c332    0x25  Pulse_Acquire.o [1]
  .near_func.text  ro code  0x00c357    0x25  memcpy.o [4]
  .near_func.text  ro code  0x00c37c    0x24  Save.o [1]
  .near_func.text  ro code  0x00c3a0    0x23  Globaldata.o [1]
  .near_func.text  ro code  0x00c3c3    0x23  stm8l15x_rtc.o [1]
  .near_func.text  ro code  0x00c3e6    0x22  stm8l15x_exti.o [1]
  .iar.init_table  const    0x00c408     0x8  - Linker created -
  .near_func.text  ro code  0x00c410    0x20  BC95.o [1]
  .near_func.text  ro code  0x00c430    0x20  stm8l15x_rtc.o [1]
  .near.rodata     const    0x00c450    0x1f  BC95.o [1]
  .near_func.text  ro code  0x00c46f    0x1e  BC95.o [1]
  .near_func.text  ro code  0x00c48d    0x1e  stm8l15x_adc.o [1]
  .near_func.text  ro code  0x00c4ab    0x1e  char.o [4]
  .near_func.text  ro code  0x00c4c9    0x1e  init_small.o [4]
  .near_func.text  ro code  0x00c4e7    0x1c  stm8l15x_it.o [1]
  .near.rodata     const    0x00c503    0x1b  BC95.o [1]
  .near_func.text  ro code  0x00c51e    0x1b  Globaldata.o [1]
  .near_func.text  ro code  0x00c539    0x1b  stm8l15x_rtc.o [1]
  .near_func.text  ro code  0x00c554    0x1a  stm8l15x_clk.o [1]
  .near_func.text  ro code  0x00c56e    0x1a  dc_util.o [4]
  .near_func.text  ro code  0x00c588    0x19  stm8l15x_flash.o [1]
  .near_func.text  ro code  0x00c5a1    0x19  stm8l15x_flash.o [1]
  .near_func.text  ro code  0x00c5ba    0x18  stm8l15x_it.o [1]
  .near_func.text  ro code  0x00c5d2    0x18  stm8l15x_it.o [1]
  .near_func.text  ro code  0x00c5ea    0x17  BC95.o [1]
  .near_func.text  ro code  0x00c601    0x17  memset.o [4]
  .near_func.text  ro code  0x00c618    0x17  init.o [4]
  .near_func.text  ro code  0x00c62f    0x16  main.o [1]
  .near_func.text  ro code  0x00c645    0x16  stm8l15x_it.o [1]
  .near_func.text  ro code  0x00c65b    0x16  stm8l15x_it.o [1]
  .near_func.text  ro code  0x00c671    0x16  stm8l15x_it.o [1]
  .near_func.text  ro code  0x00c687    0x16  stm8l15x_it.o [1]
  .near_func.text  ro code  0x00c69d    0x15  Save.o [1]
  .near_func.text  ro code  0x00c6b2    0x15  stm8l15x_rtc.o [1]
  .near_func.text  ro code  0x00c6c7    0x14  __dbg_xxexit.o [3]
  .near_func.text  ro code  0x00c6db    0x13  BC95.o [1]
  .near_func.text  ro code  0x00c6ee    0x13  Save.o [1]
  .near_func.text  ro code  0x00c701    0x13  Save.o [1]
  .near_func.text  ro code  0x00c714    0x13  stm8l15x_clk.o [1]
  .near_func.text  ro code  0x00c727    0x13  cstartup.o [4]
  .near_func.text  ro code  0x00c73a    0x11  stm8l15x_adc.o [1]
  .near_func.text  ro code  0x00c74b    0x10  Save.o [1]
  .near_func.text  ro code  0x00c75b     0xf  Save.o [1]
  .near_func.text  ro code  0x00c76a     0xe  stm8l15x_adc.o [1]
  .near_func.text  ro code  0x00c778     0xe  stm8l15x_clk.o [1]
  .near_func.text  ro code  0x00c786     0xe  stm8l15x_pwr.o [1]
  .near_func.text  ro code  0x00c794     0xe  stm8l15x_pwr.o [1]
  .near_func.text  ro code  0x00c7a2     0xd  BC95.o [1]
  .near_func.text  ro code  0x00c7af     0xd  Save.o [1]
  .near_func.text  ro code  0x00c7bc     0xd  Save.o [1]
  .near_func.text  ro code  0x00c7c9     0xd  Save.o [1]
  .near_func.text  ro code  0x00c7d6     0xd  Save.o [1]
  .near_func.text  ro code  0x00c7e3     0xd  Save.o [1]
  .near_func.text  ro code  0x00c7f0     0xd  stm8l15x_adc.o [1]
  .near_func.text  ro code  0x00c7fd     0xd  move.o [4]
  .near.rodata     const    0x00c80a     0xc  BC95.o [1]
  .near.rodata     const    0x00c816     0xc  BC95.o [1]
  .near.rodata     const    0x00c822     0xc  BC95.o [1]
  .near.rodata     const    0x00c82e     0xc  BC95.o [1]
  .near.rodata     const    0x00c83a     0xc  BC95.o [1]
  .near_func.text  ro code  0x00c846     0xc  stm8l15x_rtc.o [1]
  .near.rodata     const    0x00c852     0xb  BC95.o [1]
  .near.rodata     const    0x00c85d     0xb  BC95.o [1]
  .near.rodata     const    0x00c868     0xb  BC95.o [1]
  .near.rodata     const    0x00c873     0xb  BC95.o [1]
  .near.rodata     const    0x00c87e     0xb  BC95.o [1]
  .near.rodata     const    0x00c889     0xb  BC95.o [1]
  .near.rodata     const    0x00c894     0xb  BC95.o [1]
  .near_func.text  ro code  0x00c89f     0xb  stm8l15x_flash.o [1]
  .near_func.text  ro code  0x00c8aa     0xb  stm8l15x_flash.o [1]
  .near_func.text  ro code  0x00c8b5     0xb  abs.o [4]
  .near.rodata     const    0x00c8c0     0xa  BC95.o [1]
  .near.rodata     const    0x00c8ca     0xa  BC95.o [1]
  .near.rodata     const    0x00c8d4     0xa  BC95.o [1]
  .near_func.text  ro code  0x00c8de     0xa  mcu_init.o [1]
  .near_func.text  ro code  0x00c8e8     0xa  stm8l15x_clk.o [1]
  .near.rodata     const    0x00c8f2     0x9  BC95.o [1]
  .near.rodata     const    0x00c8fb     0x9  BC95.o [1]
  .near.rodata     const    0x00c904     0x9  BC95.o [1]
  .near_func.text  ro code  0x00c90d     0x9  BC95.o [1]
  .near_func.text  ro code  0x00c916     0x9  stm8l15x_gpio.o [1]
  .near_func.text  ro code  0x00c91f     0x9  stm8l15x_tim1.o [1]
  .near_func.text  ro code  0x00c928     0x9  stm8l15x_tim4.o [1]
  .near.rodata     const    0x00c931     0x8  BC95.o [1]
  .near_func.text  ro code  0x00c939     0x8  stm8l15x_gpio.o [1]
  .near_func.text  ro code  0x00c941     0x8  stm8l15x_usart.o [1]
  .near.rodata     const    0x00c949     0x7  BC95.o [1]
  .near_func.text  ro code  0x00c950     0x7  stm8l15x_gpio.o [1]
  .near.rodata     const    0x00c957     0x6  BC95.o [1]
  .near.rodata     const    0x00c95d     0x6  BC95.o [1]
  .near_func.text  ro code  0x00c963     0x6  Save.o [1]
  .near.rodata     const    0x00c969     0x5  BC95.o [1]
  .near.rodata     const    0x00c96e     0x5  BC95.o [1]
  .near.rodata     const    0x00c973     0x5  stm8l15x_clk.o [1]
  .near_func.text  ro code  0x00c978     0x5  BC95.o [1]
  .near_func.text  ro code  0x00c97d     0x5  stm8l15x_adc.o [1]
  .near_func.text  ro code  0x00c982     0x5  stm8l15x_flash.o [1]
  .near_func.text  ro code  0x00c987     0x5  stm8l15x_iwdg.o [1]
  .near_func.text  ro code  0x00c98c     0x5  stm8l15x_iwdg.o [1]
  .near_func.text  ro code  0x00c991     0x5  stm8l15x_usart.o [1]
  .near_func.text  ro code  0x00c996     0x5  stm8l15x_usart.o [1]
  .near_func.text  ro code  0x00c99b     0x5  cexit.o [4]
  .near.rodata     const    0x00c9a0     0x4  BC95.o [1]
  .near_func.text  ro code  0x00c9a4     0x4  stm8l15x_clk.o [1]
  .near_func.text  ro code  0x00c9a8     0x4  stm8l15x_clk.o [1]
  .near_func.text  ro code  0x00c9ac     0x4  stm8l15x_iwdg.o [1]
  .near_func.text  ro code  0x00c9b0     0x4  stm8l15x_iwdg.o [1]
  .near_func.text  ro code  0x00c9b4     0x4  stm8l15x_iwdg.o [1]
  .near.rodata     const    0x00c9b8     0x3  BC95.o [1]
  .near_func.text  ro code  0x00c9bb     0x3  interrupt.o [4]
  .near_func.text  ro code  0x00c9be     0x3  low_level_init.o [4]
  .near_func.text  ro code  0x00c9c1     0x3  exit.o [4]
  .near_func.text  ro code  0x00c9c4     0x3  unhandled_exception.o [4]
  .near_func.text  ro code  0x00c9c7     0x1  stm8l15x_it.o [1]
  .near_func.text  ro code  0x00c9c8     0x1  stm8l15x_it.o [1]
  .near_func.text  ro code  0x00c9c9     0x1  stm8l15x_it.o [1]
  .near_func.text  ro code  0x00c9ca     0x1  stm8l15x_it.o [1]
  .near_func.text  ro code  0x00c9cb     0x1  stm8l15x_it.o [1]
  .near_func.text  ro code  0x00c9cc     0x1  stm8l15x_it.o [1]
  .near_func.text  ro code  0x00c9cd     0x1  stm8l15x_it.o [1]
  .near_func.text  ro code  0x00c9ce     0x1  stm8l15x_it.o [1]
  .near_func.text  ro code  0x00c9cf     0x1  stm8l15x_it.o [1]
  .near_func.text  ro code  0x00c9d0     0x1  stm8l15x_it.o [1]
  .near_func.text  ro code  0x00c9d1     0x1  stm8l15x_it.o [1]
  .near_func.text  ro code  0x00c9d2     0x1  stm8l15x_it.o [1]
  .near_func.text  ro code  0x00c9d3     0x1  stm8l15x_it.o [1]
  .near_func.text  ro code  0x00c9d4     0x1  stm8l15x_it.o [1]
  .near_func.text  ro code  0x00c9d5     0x1  stm8l15x_it.o [1]
  .near_func.text  ro code  0x00c9d6     0x1  stm8l15x_it.o [1]
  .near_func.text  ro code  0x00c9d7     0x1  stm8l15x_it.o [1]
  .near_func.text  ro code  0x00c9d8     0x1  stm8l15x_it.o [1]
  .near_func.text  ro code  0x00c9d9     0x1  stm8l15x_it.o [1]
  .near_func.text  ro code  0x00c9da     0x1  stm8l15x_it.o [1]
  .near_func.text  ro code  0x00c9db     0x1  stm8l15x_it.o [1]
  .near_func.text  ro code  0x00c9dc     0x1  stm8l15x_it.o [1]
  .near_func.text  ro code  0x00c9dd     0x1  stm8l15x_it.o [1]
  .near_func.text  ro code  0x00c9de     0x1  __dbg_break.o [3]
                          - 0x00c9df  0x495f


*******************************************************************************
*** INIT TABLE
***

          Address   Size
          -------   ----
Zero (__iar_zero_init2)
    1 destination range, total size 0x665:
          0x000010  0x665



*******************************************************************************
*** MODULE SUMMARY
***

    Module                 ro code  ro data  rw data
    ------                 -------  -------  -------
F:\0中科君达\0项目\NB水表\软件\NB-IOT程序V1.0\project\Debug\Obj: [1]
    BC95.o                   8 341      688      712
    Globaldata.o               132                21
    Pulse_Acquire.o            280                 5
    Save.o                     570
    Sys_Timer.o                820               161
    Temperature.o              202      332
    main.o                     275
    mcu_init.o                 345
    rtc.o                      428                17
    stm8l15x_adc.o             324
    stm8l15x_clk.o             519        5
    stm8l15x_exti.o            523
    stm8l15x_flash.o            77
    stm8l15x_gpio.o            199
    stm8l15x_it.o              187
    stm8l15x_itc.o             347
    stm8l15x_iwdg.o             22
    stm8l15x_pwr.o              28
    stm8l15x_rtc.o           1 445
    stm8l15x_tim1.o              9
    stm8l15x_tim4.o              9
    stm8l15x_usart.o           654
    uart.o                     415               721
    ------------------------------------------------
    Total:                  16 151    1 025    1 637

command line: [2]
    ------------------------------------------------
    Total:

dbgstm8smd.a: [3]
    __dbg_break.o                1
    __dbg_xxexit.o              20
    ------------------------------------------------
    Total:                      21

dlstm8smn.a: [4]
    abs.o                       11
    cexit.o                      5
    char.o                      30
    cstartup.o                  19
    dc_util.o                   26
    exit.o                       3
    float.o                    659
    init.o                      23
    init_small.o                30
    interrupt.o                  3      128
    long.o                     185
    long_util.o                 98
    low_level_init.o             3
    memcpy.o                    37
    memset.o                    23
    move.o                      13
    short.o                     58
    strstr.o                    68
    unhandled_exception.o        3
    vreg_util.o                281
    vregs.o                                       16
    ------------------------------------------------
    Total:                   1 578      128       16

    Linker created                        8      256
----------------------------------------------------
    Grand Total:            17 750    1 161    1 909


*******************************************************************************
*** ENTRY LIST
***

Entry                    Address   Size  Type      Object
-----                    -------   ----  ----      ------
.iar.init_table$$Base   0x00c408          --   Gb  - Linker created -
.iar.init_table$$Limit  0x00c410          --   Gb  - Linker created -
?b0                     0x000000         Data  Gb  vregs.o [4]
?b1                     0x000001         Data  Gb  vregs.o [4]
?b10                    0x00000a         Data  Gb  vregs.o [4]
?b11                    0x00000b         Data  Gb  vregs.o [4]
?b12                    0x00000c         Data  Gb  vregs.o [4]
?b13                    0x00000d         Data  Gb  vregs.o [4]
?b14                    0x00000e         Data  Gb  vregs.o [4]
?b15                    0x00000f         Data  Gb  vregs.o [4]
?b2                     0x000002         Data  Gb  vregs.o [4]
?b3                     0x000003         Data  Gb  vregs.o [4]
?b4                     0x000004         Data  Gb  vregs.o [4]
?b5                     0x000005         Data  Gb  vregs.o [4]
?b6                     0x000006         Data  Gb  vregs.o [4]
?b7                     0x000007         Data  Gb  vregs.o [4]
?b8                     0x000008         Data  Gb  vregs.o [4]
?b9                     0x000009         Data  Gb  vregs.o [4]
?dc32_l0                0x00c56e         Code  Gb  dc_util.o [4]
?dc32_l1                0x00c57b         Code  Gb  dc_util.o [4]
?e0                     0x000001         Data  Gb  vregs.o [4]
?e1                     0x000005         Data  Gb  vregs.o [4]
?e2                     0x000009         Data  Gb  vregs.o [4]
?e3                     0x00000d         Data  Gb  vregs.o [4]
?epilogue_l2            0x00a985         Code  Gb  vreg_util.o [4]
?epilogue_l2_l3         0x00a982         Code  Gb  vreg_util.o [4]
?epilogue_l2_w6         0x00a989         Code  Gb  vreg_util.o [4]
?epilogue_w4            0x00a990         Code  Gb  vreg_util.o [4]
?fcastf32u16_l0_x       0x00a0f4         Code  Gb  float.o [4]
?fcasts16f32_x_l0       0x00a112         Code  Gb  float.o [4]
?fdiv32_l0_dc32_l1      0x00a041         Code  Gb  float.o [4]
?fdiv32_l0_l0_l1        0x00a046         Code  Gb  float.o [4]
?fmul32_l0_l0_dc32      0x009fa1         Code  Gb  float.o [4]
?fmul32_l0_l0_l1        0x009fa6         Code  Gb  float.o [4]
?inc32_0x_0x            0x00ae3e         Code  Gb  long.o [4]
?inc32_l0_l0            0x00ae34         Code  Gb  long.o [4]
?inc32_l1_l1            0x00ae39         Code  Gb  long.o [4]
?l0                     0x000000         Data  Gb  vregs.o [4]
?l1                     0x000004         Data  Gb  vregs.o [4]
?l2                     0x000008         Data  Gb  vregs.o [4]
?l3                     0x00000c         Data  Gb  vregs.o [4]
?load32_0x_l0           0x00b977         Code  Gb  long_util.o [4]
?load32_0x_l1           0x00b985         Code  Gb  long_util.o [4]
?load32_0x_l2           0x00b993         Code  Gb  long_util.o [4]
?load32_l0_0x           0x00b94f         Code  Gb  long_util.o [4]
?load32_l0_asp          0x00b944         Code  Gb  long_util.o [4]
?load32_l0_dbsp         0x00b93f         Code  Gb  long_util.o [4]
?load32_l0_xsp          0x00b946         Code  Gb  long_util.o [4]
?load32_l1_0x           0x00b96b         Code  Gb  long_util.o [4]
?load32_l1_asp          0x00b960         Code  Gb  long_util.o [4]
?load32_l1_dbsp         0x00b95b         Code  Gb  long_util.o [4]
?load32_l1_xsp          0x00b962         Code  Gb  long_util.o [4]
?mov_e0_e1              0x00a9ac         Code  Gb  vreg_util.o [4]
?mov_e0_e2              0x00a9b9         Code  Gb  vreg_util.o [4]
?mov_e0_e3              0x00a9c6         Code  Gb  vreg_util.o [4]
?mov_e1_e0              0x00a9d3         Code  Gb  vreg_util.o [4]
?mov_e2_e0              0x00a9e0         Code  Gb  vreg_util.o [4]
?mov_e3_e0              0x00a9ed         Code  Gb  vreg_util.o [4]
?mov_l0_l1              0x00a9a9         Code  Gb  vreg_util.o [4]
?mov_l0_l2              0x00a9b6         Code  Gb  vreg_util.o [4]
?mov_l0_l3              0x00a9c3         Code  Gb  vreg_util.o [4]
?mov_l1_l0              0x00a9d0         Code  Gb  vreg_util.o [4]
?mov_l2_l0              0x00a9dd         Code  Gb  vreg_util.o [4]
?mov_l3_l0              0x00a9ea         Code  Gb  vreg_util.o [4]
?mov_w0_w1              0x00a994         Code  Gb  vreg_util.o [4]
?mov_w1_w3              0x00a9af         Code  Gb  vreg_util.o [4]
?mov_w1_w5              0x00a9bc         Code  Gb  vreg_util.o [4]
?mov_w1_w6              0x00a99b         Code  Gb  vreg_util.o [4]
?mov_w1_w7              0x00a9c9         Code  Gb  vreg_util.o [4]
?mov_w2_w1              0x00a9a2         Code  Gb  vreg_util.o [4]
?mov_w3_w1              0x00a9d6         Code  Gb  vreg_util.o [4]
?mov_w5_w1              0x00a9e3         Code  Gb  vreg_util.o [4]
?mov_w7_w1              0x00a9f0         Code  Gb  vreg_util.o [4]
?move1616_v_x_y_a       0x00c7fd         Code  Gb  move.o [4]
?mul16_x_x_w0           0x00c0a8         Code  Gb  short.o [4]
?pop_l0                 0x00a94e         Code  Gb  vreg_util.o [4]
?pop_l1                 0x00a959         Code  Gb  vreg_util.o [4]
?pop_l2                 0x00a964         Code  Gb  vreg_util.o [4]
?pop_l3                 0x00a96f         Code  Gb  vreg_util.o [4]
?pop_w4                 0x00a900         Code  Gb  vreg_util.o [4]
?pop_w6                 0x00a907         Code  Gb  vreg_util.o [4]
?pop_w7                 0x00a90e         Code  Gb  vreg_util.o [4]
?push_l0                0x00a91d         Code  Gb  vreg_util.o [4]
?push_l1                0x00a922         Code  Gb  vreg_util.o [4]
?push_l2                0x00a927         Code  Gb  vreg_util.o [4]
?push_l3                0x00a92c         Code  Gb  vreg_util.o [4]
?push_w4                0x00a8de         Code  Gb  vreg_util.o [4]
?push_w6                0x00a8e3         Code  Gb  vreg_util.o [4]
?push_w7                0x00a8e8         Code  Gb  vreg_util.o [4]
?sext16_x_a             0x00c0db         Code  Gb  short.o [4]
?sll16_x_x_a            0x00c0c6         Code  Gb  short.o [4]
?sll8_a_a_5             0x00c4bf         Code  Gb  char.o [4]
?smod8_a_b0_a           0x00c4ab         Code  Gb  char.o [4]
?srl16_x_x_10           0x00c0d0         Code  Gb  short.o [4]
?srl16_x_x_11           0x00c0cf         Code  Gb  short.o [4]
?srl16_x_x_12           0x00c0ce         Code  Gb  short.o [4]
?srl16_x_x_4            0x00c0d6         Code  Gb  short.o [4]
?srl16_x_x_5            0x00c0d5         Code  Gb  short.o [4]
?srl16_x_x_6            0x00c0d4         Code  Gb  short.o [4]
?srl16_x_x_7            0x00c0d3         Code  Gb  short.o [4]
?srl16_x_x_8            0x00c0d2         Code  Gb  short.o [4]
?srl16_x_x_9            0x00c0d1         Code  Gb  short.o [4]
?srl32_0x_0x_a          0x00aedf         Code  Gb  long.o [4]
?srl32_l0_l0_a          0x00aedc         Code  Gb  long.o [4]
?srl8_a_a_5             0x00c4c4         Code  Gb  char.o [4]
?ucmp32_c_l0_0x         0x00aec1         Code  Gb  long.o [4]
?ucmp32_c_l0_l1         0x00aed1         Code  Gb  long.o [4]
?udiv32_l0_l0_dl        0x00ae51         Code  Gb  long.o [4]
?udiv32_l0_l0_l1        0x00ae54         Code  Gb  long.o [4]
?umod32_l1_l0_dl        0x00ae4c         Code  Gb  long.o [4]
?umod32_l1_l0_l1        0x00ae54         Code  Gb  long.o [4]
?w0                     0x000000         Data  Gb  vregs.o [4]
?w1                     0x000002         Data  Gb  vregs.o [4]
?w2                     0x000004         Data  Gb  vregs.o [4]
?w3                     0x000006         Data  Gb  vregs.o [4]
?w4                     0x000008         Data  Gb  vregs.o [4]
?w5                     0x00000a         Data  Gb  vregs.o [4]
?w6                     0x00000c         Data  Gb  vregs.o [4]
?w7                     0x00000e         Data  Gb  vregs.o [4]
ACK                     0x00b7ad   0x8a  Code  Gb  BC95.o [1]
ADC1_COMP_IRQHandler    0x00c9d6    0x1  Code  Gb  stm8l15x_it.o [1]
ADC_ChannelCmd          0x00bdbb   0x4e  Code  Gb  stm8l15x_adc.o [1]
ADC_ClearFlag           0x00c7f0    0xd  Code  Gb  stm8l15x_adc.o [1]
ADC_Cmd                 0x00c73a   0x11  Code  Gb  stm8l15x_adc.o [1]
ADC_GetConversionValue  0x00c2e5   0x28  Code  Gb  stm8l15x_adc.o [1]
ADC_GetFlagStatus       0x00c48d   0x1e  Code  Gb  stm8l15x_adc.o [1]
ADC_Init                0x00c1b7   0x2f  Code  Gb  stm8l15x_adc.o [1]
ADC_SamplingTimeConfig  0x00bccc   0x50  Code  Gb  stm8l15x_adc.o [1]
ADC_SoftwareStartConv   0x00c97d    0x5  Code  Gb  stm8l15x_adc.o [1]
ADC_VrefintCmd          0x00c76a    0xe  Code  Gb  stm8l15x_adc.o [1]
ASCLL_to_Int            0x00be9f   0x46  Code  Gb  Globaldata.o [1]
Alarm_Interrupt         0x00c2bd   0x28  Code  Gb  rtc.o [1]
BAT_Alarm_Vol           0x00066a    0x2  Data  Gb  Globaldata.o [1]
BAT_Vol                 0x000668    0x2  Data  Gb  Globaldata.o [1]
BC95                    0x0002e1  0x2c8  Data  Gb  BC95.o [1]
BC95_Data_Send          0x00c410   0x20  Code  Gb  BC95.o [1]
BC95_Delay_CallBalk     0x00c978    0x5  Code  Gb  BC95.o [1]
BC95_Power_Off          0x00c90d    0x9  Code  Gb  BC95.o [1]
BC95_Power_On           0x00bf6e   0x42  Code  Gb  BC95.o [1]
BC95_Process            0x0093cd  0x647  Code  Gb  BC95.o [1]
BC95_Reset              0x00c46f   0x1e  Code  Gb  BC95.o [1]
BC95_Start              0x00c7a2    0xd  Code  Gb  BC95.o [1]
BC95_Start_Timeout_CallBalk
                        0x00c30d   0x25  Code  Gb  BC95.o [1]
BCD_to_Int              0x00c3a0   0x23  Code  Gb  Globaldata.o [1]
Bcd2ToByte              0x00c539   0x1b  Code  Lc  stm8l15x_rtc.o [1]
ByteToBcd2              0x00c430   0x20  Code  Lc  stm8l15x_rtc.o [1]
CLK_GetClockFreq        0x00b5fd   0x93  Code  Gb  stm8l15x_clk.o [1]
CLK_GetFlagStatus       0x00b43c   0x99  Code  Gb  stm8l15x_clk.o [1]
CLK_HSICmd              0x00c778    0xe  Code  Gb  stm8l15x_clk.o [1]
CLK_HaltConfig          0x00c554   0x1a  Code  Gb  stm8l15x_clk.o [1]
CLK_LSEConfig           0x00c714   0x13  Code  Gb  stm8l15x_clk.o [1]
CLK_PeripheralClockConfig
                        0x00b71f   0x8e  Code  Gb  stm8l15x_clk.o [1]
CLK_RTCClockConfig      0x00c8e8    0xa  Code  Gb  stm8l15x_clk.o [1]
CLK_SYSCLKDivConfig     0x00c9a8    0x4  Code  Gb  stm8l15x_clk.o [1]
CLK_SYSCLKSourceConfig  0x00c9a4    0x4  Code  Gb  stm8l15x_clk.o [1]
CSTACK$$Base            0x000f00          --   Gb  - Linker created -
CSTACK$$Limit           0x001000          --   Gb  - Linker created -
Cal                     0x000657    0x5  Data  Gb  Pulse_Acquire.o [1]
Create_Timer            0x00a9f7  0x105  Code  Gb  Sys_Timer.o [1]
DMA1_CHANNEL0_1_IRQHandler
                        0x00c9c9    0x1  Code  Gb  stm8l15x_it.o [1]
DMA1_CHANNEL2_3_IRQHandler
                        0x00c9ca    0x1  Code  Gb  stm8l15x_it.o [1]
Delete_Timer            0x00bd1c   0x50  Code  Gb  Sys_Timer.o [1]
Device_Status           0x000670    0x1  Data  Gb  Globaldata.o [1]
EXTI0_IRQHandler        0x00c65b   0x16  Code  Gb  stm8l15x_it.o [1]
EXTI1_IRQHandler        0x00c9cd    0x1  Code  Gb  stm8l15x_it.o [1]
EXTI2_IRQHandler        0x00c9ce    0x1  Code  Gb  stm8l15x_it.o [1]
EXTI3_IRQHandler        0x00c9cf    0x1  Code  Gb  stm8l15x_it.o [1]
EXTI4_IRQHandler        0x00c9d0    0x1  Code  Gb  stm8l15x_it.o [1]
EXTI5_IRQHandler        0x00c9d1    0x1  Code  Gb  stm8l15x_it.o [1]
EXTI6_IRQHandler        0x00c9d2    0x1  Code  Gb  stm8l15x_it.o [1]
EXTI7_IRQHandler        0x00c9d3    0x1  Code  Gb  stm8l15x_it.o [1]
EXTIB_G_IRQHandler      0x00c9cc    0x1  Code  Gb  stm8l15x_it.o [1]
EXTID_H_IRQHandler      0x00c645   0x16  Code  Gb  stm8l15x_it.o [1]
EXTIE_F_PVD_IRQHandler  0x00c9cb    0x1  Code  Gb  stm8l15x_it.o [1]
EXTI_ClearITPendingBit  0x00c3e6   0x22  Code  Gb  stm8l15x_exti.o [1]
EXTI_SelectPort         0x00c14f   0x36  Code  Gb  stm8l15x_exti.o [1]
EXTI_SetHalfPortSelection
                        0x00bff0   0x3f  Code  Gb  stm8l15x_exti.o [1]
EXTI_SetPinSensitivity  0x00a7bf  0x11f  Code  Gb  stm8l15x_exti.o [1]
EXTI_SetPortSensitivity
                        0x00bbcd   0x55  Code  Gb  stm8l15x_exti.o [1]
Exti0_Interrupt         0x00c332   0x25  Code  Gb  Pulse_Acquire.o [1]
ExtiD_Interrupt         0x00b4d5   0x94  Code  Gb  Pulse_Acquire.o [1]
FLASH_GetFlagStatus     0x00c5a1   0x19  Code  Gb  stm8l15x_flash.o [1]
FLASH_IRQHandler        0x00c9c8    0x1  Code  Gb  stm8l15x_it.o [1]
FLASH_Lock              0x00c89f    0xb  Code  Gb  stm8l15x_flash.o [1]
FLASH_ProgramByte       0x00c8aa    0xb  Code  Gb  stm8l15x_flash.o [1]
FLASH_ReadByte          0x00c982    0x5  Code  Gb  stm8l15x_flash.o [1]
FLASH_Unlock            0x00c588   0x19  Code  Gb  stm8l15x_flash.o [1]
GPIO_Configuration      0x00be56   0x49  Code  Gb  mcu_init.o [1]
GPIO_Init               0x00afa4   0xaf  Code  Gb  stm8l15x_gpio.o [1]
GPIO_ReadInputDataBit   0x00c916    0x9  Code  Gb  stm8l15x_gpio.o [1]
GPIO_ResetBits          0x00c939    0x8  Code  Gb  stm8l15x_gpio.o [1]
GPIO_SetBits            0x00c950    0x7  Code  Gb  stm8l15x_gpio.o [1]
Gather_Cycle_counter    0x000673    0x1  Data  Gb  Globaldata.o [1]
I2C1_SPI2_IRQHandler    0x00c9dd    0x1  Code  Gb  stm8l15x_it.o [1]
INTVEC$$Base            0x008000          --   Gb  - Linker created -
INTVEC$$Limit           0x008080          --   Gb  - Linker created -
ITC_SetSoftwarePriority
                        0x00a3c6  0x15b  Code  Gb  stm8l15x_itc.o [1]
IWDG_Enable             0x00c98c    0x5  Code  Gb  stm8l15x_iwdg.o [1]
IWDG_INIT               0x00c62f   0x16  Code  Gb  main.o [1]
IWDG_ReloadCounter      0x00c987    0x5  Code  Gb  stm8l15x_iwdg.o [1]
IWDG_SetPrescaler       0x00c9b0    0x4  Code  Gb  stm8l15x_iwdg.o [1]
IWDG_SetReload          0x00c9b4    0x4  Code  Gb  stm8l15x_iwdg.o [1]
IWDG_WriteAccessCmd     0x00c9ac    0x4  Code  Gb  stm8l15x_iwdg.o [1]
Int_to_ASCLL            0x00c51e   0x1b  Code  Gb  Globaldata.o [1]
LCD_AES_IRQHandler      0x00c9d4    0x1  Code  Gb  stm8l15x_it.o [1]
Last_Vol                0x00066e    0x2  Data  Gb  rtc.o [1]
Meter_Number            0x000649    0x7  Data  Gb  Globaldata.o [1]
PWR_FastWakeUpCmd       0x00c786    0xe  Code  Gb  stm8l15x_pwr.o [1]
PWR_UltraLowPowerCmd    0x00c794    0xe  Code  Gb  stm8l15x_pwr.o [1]
Pulse_Acquire_Config    0x00ba02   0x5f  Code  Gb  Pulse_Acquire.o [1]
RCC_Configuration       0x00c8de    0xa  Code  Gb  mcu_init.o [1]
RTC_AlarmCmd            0x00bc77   0x55  Code  Gb  stm8l15x_rtc.o [1]
RTC_AlarmStr            0x000650    0x7  Data  Gb  rtc.o [1]
RTC_CSSLSE_IRQHandler   0x00c4e7   0x1c  Code  Gb  stm8l15x_it.o [1]
RTC_ClearITPendingBit   0x00c846    0xc  Code  Gb  stm8l15x_rtc.o [1]
RTC_DateStr             0x000664    0x4  Data  Gb  rtc.o [1]
RTC_EnterInitMode       0x00c213   0x2c  Code  Gb  stm8l15x_rtc.o [1]
RTC_GetDate             0x00bb1b   0x5c  Code  Gb  stm8l15x_rtc.o [1]
RTC_GetITStatus         0x00c1e6   0x2d  Code  Gb  stm8l15x_rtc.o [1]
RTC_GetTime             0x00bc22   0x55  Code  Gb  stm8l15x_rtc.o [1]
RTC_ITConfig            0x00c06d   0x3b  Code  Gb  stm8l15x_rtc.o [1]
RTC_Init                0x00babf   0x5c  Code  Gb  stm8l15x_rtc.o [1]
RTC_SetAlarm            0x00a521  0x152  Code  Gb  stm8l15x_rtc.o [1]
RTC_SetDate             0x00aeed   0xb7  Code  Gb  stm8l15x_rtc.o [1]
RTC_SetTime             0x00b1ad   0xab  Code  Gb  stm8l15x_rtc.o [1]
RTC_SetWakeUpCounter    0x00c6b2   0x15  Code  Gb  stm8l15x_rtc.o [1]
RTC_TimeStr             0x000660    0x4  Data  Gb  rtc.o [1]
RTC_WaitForSynchro      0x00c0e2   0x37  Code  Gb  stm8l15x_rtc.o [1]
RTC_WakeUpClockConfig   0x00c3c3   0x23  Code  Gb  stm8l15x_rtc.o [1]
RTC_WakeUpCmd           0x00bee5   0x45  Code  Gb  stm8l15x_rtc.o [1]
Read_ACUM_Flow          0x00c75b    0xf  Code  Gb  Save.o [1]
Read_BAT_Alarm_Value    0x00c6ee   0x13  Code  Gb  Save.o [1]
Read_BC95_ErrorRecord   0x00c963    0x6  Code  Gb  Save.o [1]
Read_Meter_Number       0x00c37c   0x24  Code  Gb  Save.o [1]
Read_Report_Cycle       0x00c701   0x13  Code  Gb  Save.o [1]
Read_Settle_Date        0x00c74b   0x10  Code  Gb  Save.o [1]
Read_Temp               0x00aca2   0xca  Code  Gb  Temperature.o [1]
Read_Voltage            0x00b258   0xa5  Code  Gb  mcu_init.o [1]
Recv_Data_Process       0x009a14  0x58d  Code  Gb  BC95.o [1]
Region$$Table$$Base     0x00c408          --   Gb  - Linker created -
Region$$Table$$Limit    0x00c410          --   Gb  - Linker created -
Report_All_Parameters   0x008080  0xb5c  Code  Gb  BC95.o [1]
Report_Cycle            0x00066c    0x2  Data  Gb  Globaldata.o [1]
Report_Cycle_counter    0x00065c    0x4  Data  Gb  Globaldata.o [1]
Report_HC_Flow          0x008bdc  0x7f1  Code  Gb  BC95.o [1]
Rtc_Config              0x00ba61   0x5e  Code  Gb  rtc.o [1]
SPI1_IRQHandler         0x00c9da    0x1  Code  Gb  stm8l15x_it.o [1]
SWITCH_CSS_BREAK_DAC_IRQHandler
                        0x00c9d5    0x1  Code  Gb  stm8l15x_it.o [1]
SYSDivFactor            0x00c973    0x5  Data  Gb  stm8l15x_clk.o [1]
Save_Add_Flow           0x00c69d   0x15  Code  Gb  Save.o [1]
Save_BAT_Alarm_Value    0x00c7af    0xd  Code  Gb  Save.o [1]
Save_BC95_ErrorRecord   0x00c7e3    0xd  Code  Gb  Save.o [1]
Save_Meter_Number       0x00c7d6    0xd  Code  Gb  Save.o [1]
Save_Report_Cycle       0x00c7c9    0xd  Code  Gb  Save.o [1]
Save_SDCF_Flow          0x00aafc   0xd3  Code  Gb  Save.o [1]
Save_Settle_Date        0x00c7bc    0xd  Code  Gb  Save.o [1]
Send_Data_Process       0x00c5ea   0x17  Code  Gb  BC95.o [1]
Set_Alarm               0x00c119   0x36  Code  Gb  rtc.o [1]
Settle_Date             0x000672    0x1  Data  Gb  Globaldata.o [1]
Sleep                   0x00b053   0xae  Code  Gb  main.o [1]
SysTick_Handler         0x00a234  0x192  Code  Gb  Sys_Timer.o [1]
Sys_Timer               0x0005a9   0xa0  Data  Lc  Sys_Timer.o [1]
Sys_Timer_Process       0x00be09   0x4d  Code  Gb  Sys_Timer.o [1]
TIM1_CC_IRQHandler      0x00c9d9    0x1  Code  Gb  stm8l15x_it.o [1]
TIM1_ClearITPendingBit  0x00c91f    0x9  Code  Gb  stm8l15x_tim1.o [1]
TIM1_UPD_OVF_TRG_COM_IRQHandler
                        0x00c5ba   0x18  Code  Gb  stm8l15x_it.o [1]
TIM2_CC_USART2_RX_IRQHandler
                        0x00c687   0x16  Code  Gb  stm8l15x_it.o [1]
TIM2_UPD_OVF_TRG_BRK_USART2_TX_IRQHandler
                        0x00c671   0x16  Code  Gb  stm8l15x_it.o [1]
TIM3_CC_USART3_RX_IRQHandler
                        0x00c9d8    0x1  Code  Gb  stm8l15x_it.o [1]
TIM3_UPD_OVF_TRG_BRK_USART3_TX_IRQHandler
                        0x00c9d7    0x1  Code  Gb  stm8l15x_it.o [1]
TIM4_ClearITPendingBit  0x00c928    0x9  Code  Gb  stm8l15x_tim4.o [1]
TIM4_UPD_OVF_TRG_IRQHandler
                        0x00c5d2   0x18  Code  Gb  stm8l15x_it.o [1]
TRAP_IRQHandler         0x00c9c7    0x1  Code  Gb  stm8l15x_it.o [1]
Temp                    0x000671    0x1  Data  Gb  Globaldata.o [1]
Temp_Table              0x00a673  0x14c  Data  Gb  Temperature.o [1]
USART1_RX_TIM5_CC_IRQHandler
                        0x00c9dc    0x1  Code  Gb  stm8l15x_it.o [1]
USART1_TX_TIM5_UPD_OVF_TRG_BRK_IRQHandler
                        0x00c9db    0x1  Code  Gb  stm8l15x_it.o [1]
USART2_Configuration    0x00b9a1   0x61  Code  Gb  mcu_init.o [1]
USART2_IRQHandler       0x00b690   0x8f  Code  Gb  uart.o [1]
USART2_TX_IRQHandler    0x00bb77   0x56  Code  Gb  uart.o [1]
USART_ClearITPendingBit
                        0x00c996    0x5  Code  Gb  stm8l15x_usart.o [1]
USART_Cmd               0x00c23f   0x2b  Code  Gb  stm8l15x_usart.o [1]
USART_DeInit            0x00c02f   0x3e  Code  Gb  stm8l15x_usart.o [1]
USART_GetITStatus       0x00b101   0xac  Code  Gb  stm8l15x_usart.o [1]
USART_ITConfig          0x00b569   0x94  Code  Gb  stm8l15x_usart.o [1]
USART_Init              0x00abcf   0xd3  Code  Gb  stm8l15x_usart.o [1]
USART_ReceiveData8      0x00c991    0x5  Code  Gb  stm8l15x_usart.o [1]
USART_SendData8         0x00c941    0x8  Code  Gb  stm8l15x_usart.o [1]
Uart2                   0x000010  0x2d1  Data  Gb  uart.o [1]
Uart2_Receive           0x00c185   0x32  Code  Gb  uart.o [1]
Uart2_Send              0x00b837   0x88  Code  Gb  uart.o [1]
Wake_Interrupt          0x00b39f   0x9d  Code  Gb  rtc.o [1]
WriteRom                0x00b2fd   0xa2  Code  Gb  Save.o [1]
__DebugBreak            0x00c9de    0x1  Code  Gb  __dbg_break.o [3]
__exit                  0x00c6c7   0x14  Code  Gb  __dbg_xxexit.o [3]
__iar_Strstr            0x00bf2a   0x44  Code  Gb  strstr.o [4]
__iar_data_init2        0x00c618   0x17  Code  Gb  init.o [4]
__iar_program_start     0x00c727         Code  Gb  cstartup.o [4]
__iar_unhandled_exception
                        0x00c9c4         Code  Gb  unhandled_exception.o [4]
__iar_zero_init2        0x00c4c9         Code  Gb  init_small.o [4]
__intvec                0x008000         Data  Gb  interrupt.o [4]
__low_level_init        0x00c9be    0x3  Code  Gb  low_level_init.o [4]
_exit                   0x00c99b         Code  Gb  cexit.o [4]
_interrupt_1            0x00c9c7         Code  Gb  stm8l15x_it.o [1]
_interrupt_10           0x00c65b         Code  Gb  stm8l15x_it.o [1]
_interrupt_11           0x00c9cd         Code  Gb  stm8l15x_it.o [1]
_interrupt_12           0x00c9ce         Code  Gb  stm8l15x_it.o [1]
_interrupt_13           0x00c9cf         Code  Gb  stm8l15x_it.o [1]
_interrupt_14           0x00c9d0         Code  Gb  stm8l15x_it.o [1]
_interrupt_15           0x00c9d1         Code  Gb  stm8l15x_it.o [1]
_interrupt_16           0x00c9d2         Code  Gb  stm8l15x_it.o [1]
_interrupt_17           0x00c9d3         Code  Gb  stm8l15x_it.o [1]
_interrupt_18           0x00c9d4         Code  Gb  stm8l15x_it.o [1]
_interrupt_19           0x00c9d5         Code  Gb  stm8l15x_it.o [1]
_interrupt_20           0x00c9d6         Code  Gb  stm8l15x_it.o [1]
_interrupt_21           0x00c671         Code  Gb  stm8l15x_it.o [1]
_interrupt_22           0x00c687         Code  Gb  stm8l15x_it.o [1]
_interrupt_23           0x00c9d7         Code  Gb  stm8l15x_it.o [1]
_interrupt_24           0x00c9d8         Code  Gb  stm8l15x_it.o [1]
_interrupt_25           0x00c5ba         Code  Gb  stm8l15x_it.o [1]
_interrupt_26           0x00c9d9         Code  Gb  stm8l15x_it.o [1]
_interrupt_27           0x00c5d2         Code  Gb  stm8l15x_it.o [1]
_interrupt_28           0x00c9da         Code  Gb  stm8l15x_it.o [1]
_interrupt_29           0x00c9db         Code  Gb  stm8l15x_it.o [1]
_interrupt_3            0x00c9c8         Code  Gb  stm8l15x_it.o [1]
_interrupt_30           0x00c9dc         Code  Gb  stm8l15x_it.o [1]
_interrupt_31           0x00c9dd         Code  Gb  stm8l15x_it.o [1]
_interrupt_4            0x00c9c9         Code  Gb  stm8l15x_it.o [1]
_interrupt_5            0x00c9ca         Code  Gb  stm8l15x_it.o [1]
_interrupt_6            0x00c4e7         Code  Gb  stm8l15x_it.o [1]
_interrupt_7            0x00c9cb         Code  Gb  stm8l15x_it.o [1]
_interrupt_8            0x00c9cc         Code  Gb  stm8l15x_it.o [1]
_interrupt_9            0x00c645         Code  Gb  stm8l15x_it.o [1]
abs                     0x00c8b5    0xb  Code  Gb  abs.o [4]
delay_ms                0x00c294   0x29  Code  Gb  rtc.o [1]
exit                    0x00c9c1    0x3  Code  Gb  exit.o [4]
main                    0x00bd6c   0x4f  Code  Gb  main.o [1]
memcpy                  0x00c357   0x25  Code  Gb  memcpy.o [4]
memset                  0x00c601   0x17  Code  Gb  memset.o [4]
rtc_interrupt           0x00c26a   0x2a  Code  Gb  rtc.o [1]
strstr                  0x00c6db   0x13  Code  Gb  BC95.o [1]


[1] = F:\0中科君达\0项目\NB水表\软件\NB-IOT程序V1.0\project\Debug\Obj
[2] = command line
[3] = dbgstm8smd.a
[4] = dlstm8smn.a

  17 750 bytes of readonly  code memory
   1 161 bytes of readonly  data memory
   1 909 bytes of readwrite data memory

Errors: none
Warnings: none
