###############################################################################
#
# IAR ELF Linker V2.20.1.176 for STM8                     21/Jul/2018  18:47:23
# Copyright 2010-2015 IAR Systems AB.
#
#    Output file  =  
#        F:\0中科君达\0项目\NB水表\软件\NB-IOT程序V1.0\project\Debug\Exe\project.out
#    Map file     =  
#        F:\0中科君达\0项目\NB水表\软件\NB-IOT程序V1.0\project\Debug\List\project.map
#    Command line =  
#        F:\0中科君达\0项目\NB水表\软件\NB-IOT程序V1.0\project\Debug\Obj\BC95.o
#        F:\0中科君达\0项目\NB水表\软件\NB-IOT程序V1.0\project\Debug\Obj\Globaldata.o
#        F:\0中科君达\0项目\NB水表\软件\NB-IOT程序V1.0\project\Debug\Obj\main.o
#        F:\0中科君达\0项目\NB水表\软件\NB-IOT程序V1.0\project\Debug\Obj\mcu_init.o
#        F:\0中科君达\0项目\NB水表\软件\NB-IOT程序V1.0\project\Debug\Obj\Pulse_Acquire.o
#        F:\0中科君达\0项目\NB水表\软件\NB-IOT程序V1.0\project\Debug\Obj\rtc.o
#        F:\0中科君达\0项目\NB水表\软件\NB-IOT程序V1.0\project\Debug\Obj\Save.o
#        F:\0中科君达\0项目\NB水表\软件\NB-IOT程序V1.0\project\Debug\Obj\stm8l15x_adc.o
#        F:\0中科君达\0项目\NB水表\软件\NB-IOT程序V1.0\project\Debug\Obj\stm8l15x_aes.o
#        F:\0中科君达\0项目\NB水表\软件\NB-IOT程序V1.0\project\Debug\Obj\stm8l15x_beep.o
#        F:\0中科君达\0项目\NB水表\软件\NB-IOT程序V1.0\project\Debug\Obj\stm8l15x_clk.o
#        F:\0中科君达\0项目\NB水表\软件\NB-IOT程序V1.0\project\Debug\Obj\stm8l15x_comp.o
#        F:\0中科君达\0项目\NB水表\软件\NB-IOT程序V1.0\project\Debug\Obj\stm8l15x_dac.o
#        F:\0中科君达\0项目\NB水表\软件\NB-IOT程序V1.0\project\Debug\Obj\stm8l15x_dma.o
#        F:\0中科君达\0项目\NB水表\软件\NB-IOT程序V1.0\project\Debug\Obj\stm8l15x_exti.o
#        F:\0中科君达\0项目\NB水表\软件\NB-IOT程序V1.0\project\Debug\Obj\stm8l15x_flash.o
#        F:\0中科君达\0项目\NB水表\软件\NB-IOT程序V1.0\project\Debug\Obj\stm8l15x_gpio.o
#        F:\0中科君达\0项目\NB水表\软件\NB-IOT程序V1.0\project\Debug\Obj\stm8l15x_i2c.o
#        F:\0中科君达\0项目\NB水表\软件\NB-IOT程序V1.0\project\Debug\Obj\stm8l15x_irtim.o
#        F:\0中科君达\0项目\NB水表\软件\NB-IOT程序V1.0\project\Debug\Obj\stm8l15x_it.o
#        F:\0中科君达\0项目\NB水表\软件\NB-IOT程序V1.0\project\Debug\Obj\stm8l15x_itc.o
#        F:\0中科君达\0项目\NB水表\软件\NB-IOT程序V1.0\project\Debug\Obj\stm8l15x_iwdg.o
#        F:\0中科君达\0项目\NB水表\软件\NB-IOT程序V1.0\project\Debug\Obj\stm8l15x_lcd.o
#        F:\0中科君达\0项目\NB水表\软件\NB-IOT程序V1.0\project\Debug\Obj\stm8l15x_pwr.o
#        F:\0中科君达\0项目\NB水表\软件\NB-IOT程序V1.0\project\Debug\Obj\stm8l15x_rst.o
#        F:\0中科君达\0项目\NB水表\软件\NB-IOT程序V1.0\project\Debug\Obj\stm8l15x_rtc.o
#        F:\0中科君达\0项目\NB水表\软件\NB-IOT程序V1.0\project\Debug\Obj\stm8l15x_spi.o
#        F:\0中科君达\0项目\NB水表\软件\NB-IOT程序V1.0\project\Debug\Obj\stm8l15x_syscfg.o
#        F:\0中科君达\0项目\NB水表\软件\NB-IOT程序V1.0\project\Debug\Obj\stm8l15x_tim1.o
#        F:\0中科君达\0项目\NB水表\软件\NB-IOT程序V1.0\project\Debug\Obj\stm8l15x_tim2.o
#        F:\0中科君达\0项目\NB水表\软件\NB-IOT程序V1.0\project\Debug\Obj\stm8l15x_tim3.o
#        F:\0中科君达\0项目\NB水表\软件\NB-IOT程序V1.0\project\Debug\Obj\stm8l15x_tim4.o
#        F:\0中科君达\0项目\NB水表\软件\NB-IOT程序V1.0\project\Debug\Obj\stm8l15x_tim5.o
#        F:\0中科君达\0项目\NB水表\软件\NB-IOT程序V1.0\project\Debug\Obj\stm8l15x_usart.o
#        F:\0中科君达\0项目\NB水表\软件\NB-IOT程序V1.0\project\Debug\Obj\stm8l15x_wfe.o
#        F:\0中科君达\0项目\NB水表\软件\NB-IOT程序V1.0\project\Debug\Obj\stm8l15x_wwdg.o
#        F:\0中科君达\0项目\NB水表\软件\NB-IOT程序V1.0\project\Debug\Obj\Sys_Timer.o
#        F:\0中科君达\0项目\NB水表\软件\NB-IOT程序V1.0\project\Debug\Obj\Temperature.o
#        F:\0中科君达\0项目\NB水表\软件\NB-IOT程序V1.0\project\Debug\Obj\uart.o
#        --redirect _Printf=_PrintfSmall --redirect _Scanf=_ScanfSmall -o
#        F:\0中科君达\0项目\NB水表\软件\NB-IOT程序V1.0\project\Debug\Exe\project.out
#        --map
#        F:\0中科君达\0项目\NB水表\软件\NB-IOT程序V1.0\project\Debug\List\project.map
#        --config "D:\IAR for STM8\stm8\config\lnkstm8l151c8.icf" --config_def
#        _CSTACK_SIZE=0x100 --config_def _HEAP_SIZE=0x100 --entry
#        __iar_program_start --debug_lib
#
###############################################################################

*******************************************************************************
*** RUNTIME MODEL ATTRIBUTES
***

__SystemLibrary            = DLib
__code_model               = small
__core                     = stm8
__data_model               = medium
__dlib_file_descriptor     = 0
__dlib_full_locale_support = 0
__rt_version               = 4


*******************************************************************************
*** PLACEMENT SUMMARY
***

"A1":  place at start of [0x000000-0x0000ff] { rw section .vregs };
"A2":  place at end of [0x000000-0x000fff] { block CSTACK };
"P2":  place in [from 0x000000 to 0x000fff] {
          block HEAP, rw section __DLIB_PERTHREAD, rw section .far.bss,
          rw section .far.data, rw section .far.noinit,
          rw section .far_func.textrw, rw section .huge.bss,
          rw section .huge.data, rw section .huge.noinit,
          rw section .huge_func.textrw, rw section .iar.dynexit,
          rw section .near.bss, rw section .near.data, rw section .near.noinit,
          rw section .near_func.textrw };
"A3":  place at start of [0x008000-0x00ffff] { block INTVEC };
"P3":  place in [from 0x008000 to 0x00ffff] {
          ro section __DLIB_PERTHREAD_init, ro section .far.data_init,
          ro section .far_func.textrw_init, ro section .huge.data_init,
          ro section .huge_func.textrw_init, ro section .iar.init_table,
          ro section .init_array, ro section .near.data_init,
          ro section .near.rodata, ro section .near_func.text,
          ro section .near_func.textrw_init, ro section .tiny.data_init,
          ro section .tiny.rodata_init };

  Section          Kind      Address    Size  Object
  -------          ----      -------    ----  ------
"A1":                                   0x10
  .vregs           uninit   0x000000    0x10  vregs.o [4]
                          - 0x000010    0x10

"P2":                                  0x664
  .near.bss        zero     0x000010   0x2d1  uart.o [1]
  .near.bss        zero     0x0002e1   0x2c7  BC95.o [1]
  .near.bss        zero     0x0005a8    0xa0  Sys_Timer.o [1]
  .near.bss        zero     0x000648     0x7  Globaldata.o [1]
  .near.bss        zero     0x00064f     0x7  rtc.o [1]
  .near.bss        zero     0x000656     0x5  Pulse_Acquire.o [1]
  .near.bss        zero     0x00065b     0x4  Globaldata.o [1]
  .near.bss        zero     0x00065f     0x4  rtc.o [1]
  .near.bss        zero     0x000663     0x4  rtc.o [1]
  .near.bss        zero     0x000667     0x2  Globaldata.o [1]
  .near.bss        zero     0x000669     0x2  Globaldata.o [1]
  .near.bss        zero     0x00066b     0x2  Globaldata.o [1]
  .near.bss        zero     0x00066d     0x2  rtc.o [1]
  .near.bss        zero     0x00066f     0x1  Globaldata.o [1]
  .near.bss        zero     0x000670     0x1  Globaldata.o [1]
  .near.bss        zero     0x000671     0x1  Globaldata.o [1]
  .near.bss        zero     0x000672     0x1  Globaldata.o [1]
  .near.bss        zero     0x000673     0x1  Sys_Timer.o [1]
                          - 0x000674   0x664

"A2":                                  0x100
  CSTACK                    0x000f00   0x100  <Block>
    CSTACK         uninit   0x000f00   0x100  <Block tail>
                          - 0x001000   0x100

"A3":                                   0x80
  INTVEC                    0x008000    0x80  <Block>
    .intvec        const    0x008000    0x80  interrupt.o [4]
                          - 0x008080    0x80

"P3":                                 0x4939
  .near_func.text  ro code  0x008080   0xb5c  BC95.o [1]
  .near_func.text  ro code  0x008bdc   0x7f1  BC95.o [1]
  .near_func.text  ro code  0x0093cd   0x62b  BC95.o [1]
  .near_func.text  ro code  0x0099f8   0x58d  BC95.o [1]
  .near_func.text  ro code  0x009f85   0x293  float.o [4]
  .near_func.text  ro code  0x00a218   0x192  Sys_Timer.o [1]
  .near_func.text  ro code  0x00a3aa   0x15b  stm8l15x_itc.o [1]
  .near_func.text  ro code  0x00a505   0x152  stm8l15x_rtc.o [1]
  .near.rodata     const    0x00a657   0x14c  Temperature.o [1]
  .near_func.text  ro code  0x00a7a3   0x11f  stm8l15x_exti.o [1]
  .near_func.text  ro code  0x00a8c2   0x119  vreg_util.o [4]
  .near_func.text  ro code  0x00a9db   0x105  Sys_Timer.o [1]
  .near_func.text  ro code  0x00aae0    0xd3  Save.o [1]
  .near_func.text  ro code  0x00abb3    0xd3  stm8l15x_usart.o [1]
  .near_func.text  ro code  0x00ac86    0xca  Temperature.o [1]
  .near.rodata     const    0x00ad50    0xc8  BC95.o [1]
  .near_func.text  ro code  0x00ae18    0xb9  long.o [4]
  .near_func.text  ro code  0x00aed1    0xb7  stm8l15x_rtc.o [1]
  .near_func.text  ro code  0x00af88    0xaf  stm8l15x_gpio.o [1]
  .near_func.text  ro code  0x00b037    0xae  main.o [1]
  .near_func.text  ro code  0x00b0e5    0xac  stm8l15x_usart.o [1]
  .near_func.text  ro code  0x00b191    0xab  stm8l15x_rtc.o [1]
  .near_func.text  ro code  0x00b23c    0xa5  mcu_init.o [1]
  .near_func.text  ro code  0x00b2e1    0xa2  Save.o [1]
  .near_func.text  ro code  0x00b383    0x9d  rtc.o [1]
  .near_func.text  ro code  0x00b420    0x99  stm8l15x_clk.o [1]
  .near_func.text  ro code  0x00b4b9    0x94  Pulse_Acquire.o [1]
  .near_func.text  ro code  0x00b54d    0x94  stm8l15x_usart.o [1]
  .near_func.text  ro code  0x00b5e1    0x93  stm8l15x_clk.o [1]
  .near_func.text  ro code  0x00b674    0x8f  uart.o [1]
  .near_func.text  ro code  0x00b703    0x8e  stm8l15x_clk.o [1]
  .near_func.text  ro code  0x00b791    0x8a  BC95.o [1]
  .near_func.text  ro code  0x00b81b    0x88  uart.o [1]
  .near.rodata     const    0x00b8a3    0x80  BC95.o [1]
  .near_func.text  ro code  0x00b923    0x62  long_util.o [4]
  .near_func.text  ro code  0x00b985    0x61  mcu_init.o [1]
  .near_func.text  ro code  0x00b9e6    0x5f  Pulse_Acquire.o [1]
  .near_func.text  ro code  0x00ba45    0x5e  rtc.o [1]
  .near_func.text  ro code  0x00baa3    0x5c  stm8l15x_rtc.o [1]
  .near_func.text  ro code  0x00baff    0x5c  stm8l15x_rtc.o [1]
  .near_func.text  ro code  0x00bb5b    0x56  uart.o [1]
  .near_func.text  ro code  0x00bbb1    0x55  stm8l15x_exti.o [1]
  .near_func.text  ro code  0x00bc06    0x55  stm8l15x_rtc.o [1]
  .near_func.text  ro code  0x00bc5b    0x55  stm8l15x_rtc.o [1]
  .near_func.text  ro code  0x00bcb0    0x50  stm8l15x_adc.o [1]
  .near_func.text  ro code  0x00bd00    0x50  Sys_Timer.o [1]
  .near_func.text  ro code  0x00bd50    0x4e  stm8l15x_adc.o [1]
  .near_func.text  ro code  0x00bd9e    0x4d  Sys_Timer.o [1]
  .near_func.text  ro code  0x00bdeb    0x49  mcu_init.o [1]
  .near_func.text  ro code  0x00be34    0x47  main.o [1]
  .near_func.text  ro code  0x00be7b    0x46  Globaldata.o [1]
  .near_func.text  ro code  0x00bec1    0x45  stm8l15x_rtc.o [1]
  .near_func.text  ro code  0x00bf06    0x44  strstr.o [4]
  .near_func.text  ro code  0x00bf4a    0x42  BC95.o [1]
  .near.rodata     const    0x00bf8c    0x40  BC95.o [1]
  .near_func.text  ro code  0x00bfcc    0x3f  stm8l15x_exti.o [1]
  .near_func.text  ro code  0x00c00b    0x3e  stm8l15x_usart.o [1]
  .near_func.text  ro code  0x00c049    0x3b  stm8l15x_rtc.o [1]
  .near_func.text  ro code  0x00c084    0x3a  short.o [4]
  .near_func.text  ro code  0x00c0be    0x37  stm8l15x_rtc.o [1]
  .near_func.text  ro code  0x00c0f5    0x36  rtc.o [1]
  .near_func.text  ro code  0x00c12b    0x36  stm8l15x_exti.o [1]
  .near_func.text  ro code  0x00c161    0x32  uart.o [1]
  .near_func.text  ro code  0x00c193    0x2f  stm8l15x_adc.o [1]
  .near_func.text  ro code  0x00c1c2    0x2d  stm8l15x_rtc.o [1]
  .near_func.text  ro code  0x00c1ef    0x2c  stm8l15x_rtc.o [1]
  .near_func.text  ro code  0x00c21b    0x2b  stm8l15x_usart.o [1]
  .near_func.text  ro code  0x00c246    0x2a  rtc.o [1]
  .near_func.text  ro code  0x00c270    0x29  rtc.o [1]
  .near_func.text  ro code  0x00c299    0x28  rtc.o [1]
  .near_func.text  ro code  0x00c2c1    0x28  stm8l15x_adc.o [1]
  .near_func.text  ro code  0x00c2e9    0x25  BC95.o [1]
  .near_func.text  ro code  0x00c30e    0x25  Pulse_Acquire.o [1]
  .near_func.text  ro code  0x00c333    0x25  memcpy.o [4]
  .near_func.text  ro code  0x00c358    0x24  Save.o [1]
  .near_func.text  ro code  0x00c37c    0x23  Globaldata.o [1]
  .near_func.text  ro code  0x00c39f    0x23  stm8l15x_rtc.o [1]
  .near_func.text  ro code  0x00c3c2    0x22  stm8l15x_exti.o [1]
  .iar.init_table  const    0x00c3e4     0x8  - Linker created -
  .near_func.text  ro code  0x00c3ec    0x20  BC95.o [1]
  .near_func.text  ro code  0x00c40c    0x20  stm8l15x_rtc.o [1]
  .near.rodata     const    0x00c42c    0x1f  BC95.o [1]
  .near_func.text  ro code  0x00c44b    0x1e  BC95.o [1]
  .near_func.text  ro code  0x00c469    0x1e  stm8l15x_adc.o [1]
  .near_func.text  ro code  0x00c487    0x1e  char.o [4]
  .near_func.text  ro code  0x00c4a5    0x1e  init_small.o [4]
  .near_func.text  ro code  0x00c4c3    0x1c  stm8l15x_it.o [1]
  .near.rodata     const    0x00c4df    0x1b  BC95.o [1]
  .near_func.text  ro code  0x00c4fa    0x1b  Globaldata.o [1]
  .near_func.text  ro code  0x00c515    0x1b  stm8l15x_rtc.o [1]
  .near_func.text  ro code  0x00c530    0x1a  stm8l15x_clk.o [1]
  .near_func.text  ro code  0x00c54a    0x1a  dc_util.o [4]
  .near_func.text  ro code  0x00c564    0x19  stm8l15x_flash.o [1]
  .near_func.text  ro code  0x00c57d    0x19  stm8l15x_flash.o [1]
  .near_func.text  ro code  0x00c596    0x18  stm8l15x_it.o [1]
  .near_func.text  ro code  0x00c5ae    0x18  stm8l15x_it.o [1]
  .near_func.text  ro code  0x00c5c6    0x17  BC95.o [1]
  .near_func.text  ro code  0x00c5dd    0x17  memset.o [4]
  .near_func.text  ro code  0x00c5f4    0x17  init.o [4]
  .near_func.text  ro code  0x00c60b    0x16  main.o [1]
  .near_func.text  ro code  0x00c621    0x16  stm8l15x_it.o [1]
  .near_func.text  ro code  0x00c637    0x16  stm8l15x_it.o [1]
  .near_func.text  ro code  0x00c64d    0x16  stm8l15x_it.o [1]
  .near_func.text  ro code  0x00c663    0x16  stm8l15x_it.o [1]
  .near_func.text  ro code  0x00c679    0x15  Save.o [1]
  .near_func.text  ro code  0x00c68e    0x15  stm8l15x_rtc.o [1]
  .near_func.text  ro code  0x00c6a3    0x14  __dbg_xxexit.o [3]
  .near_func.text  ro code  0x00c6b7    0x13  BC95.o [1]
  .near_func.text  ro code  0x00c6ca    0x13  Save.o [1]
  .near_func.text  ro code  0x00c6dd    0x13  Save.o [1]
  .near_func.text  ro code  0x00c6f0    0x13  stm8l15x_clk.o [1]
  .near_func.text  ro code  0x00c703    0x13  cstartup.o [4]
  .near_func.text  ro code  0x00c716    0x11  stm8l15x_adc.o [1]
  .near_func.text  ro code  0x00c727    0x10  Save.o [1]
  .near_func.text  ro code  0x00c737     0xf  Save.o [1]
  .near_func.text  ro code  0x00c746     0xe  stm8l15x_adc.o [1]
  .near_func.text  ro code  0x00c754     0xe  stm8l15x_clk.o [1]
  .near_func.text  ro code  0x00c762     0xe  stm8l15x_pwr.o [1]
  .near_func.text  ro code  0x00c770     0xe  stm8l15x_pwr.o [1]
  .near_func.text  ro code  0x00c77e     0xd  BC95.o [1]
  .near_func.text  ro code  0x00c78b     0xd  Save.o [1]
  .near_func.text  ro code  0x00c798     0xd  Save.o [1]
  .near_func.text  ro code  0x00c7a5     0xd  Save.o [1]
  .near_func.text  ro code  0x00c7b2     0xd  Save.o [1]
  .near_func.text  ro code  0x00c7bf     0xd  Save.o [1]
  .near_func.text  ro code  0x00c7cc     0xd  stm8l15x_adc.o [1]
  .near_func.text  ro code  0x00c7d9     0xd  move.o [4]
  .near.rodata     const    0x00c7e6     0xc  BC95.o [1]
  .near.rodata     const    0x00c7f2     0xc  BC95.o [1]
  .near.rodata     const    0x00c7fe     0xc  BC95.o [1]
  .near.rodata     const    0x00c80a     0xc  BC95.o [1]
  .near.rodata     const    0x00c816     0xc  BC95.o [1]
  .near_func.text  ro code  0x00c822     0xc  stm8l15x_rtc.o [1]
  .near.rodata     const    0x00c82e     0xb  BC95.o [1]
  .near.rodata     const    0x00c839     0xb  BC95.o [1]
  .near.rodata     const    0x00c844     0xb  BC95.o [1]
  .near.rodata     const    0x00c84f     0xb  BC95.o [1]
  .near.rodata     const    0x00c85a     0xb  BC95.o [1]
  .near.rodata     const    0x00c865     0xb  BC95.o [1]
  .near.rodata     const    0x00c870     0xb  BC95.o [1]
  .near_func.text  ro code  0x00c87b     0xb  stm8l15x_flash.o [1]
  .near_func.text  ro code  0x00c886     0xb  stm8l15x_flash.o [1]
  .near_func.text  ro code  0x00c891     0xb  abs.o [4]
  .near.rodata     const    0x00c89c     0xa  BC95.o [1]
  .near_func.text  ro code  0x00c8a6     0xa  mcu_init.o [1]
  .near_func.text  ro code  0x00c8b0     0xa  stm8l15x_clk.o [1]
  .near.rodata     const    0x00c8ba     0x9  BC95.o [1]
  .near.rodata     const    0x00c8c3     0x9  BC95.o [1]
  .near.rodata     const    0x00c8cc     0x9  BC95.o [1]
  .near.rodata     const    0x00c8d5     0x9  BC95.o [1]
  .near.rodata     const    0x00c8de     0x9  BC95.o [1]
  .near_func.text  ro code  0x00c8e7     0x9  BC95.o [1]
  .near_func.text  ro code  0x00c8f0     0x9  stm8l15x_gpio.o [1]
  .near_func.text  ro code  0x00c8f9     0x9  stm8l15x_tim1.o [1]
  .near_func.text  ro code  0x00c902     0x9  stm8l15x_tim4.o [1]
  .near.rodata     const    0x00c90b     0x8  BC95.o [1]
  .near_func.text  ro code  0x00c913     0x8  stm8l15x_gpio.o [1]
  .near_func.text  ro code  0x00c91b     0x8  stm8l15x_usart.o [1]
  .near.rodata     const    0x00c923     0x7  BC95.o [1]
  .near_func.text  ro code  0x00c92a     0x7  stm8l15x_gpio.o [1]
  .near.rodata     const    0x00c931     0x6  BC95.o [1]
  .near.rodata     const    0x00c937     0x6  BC95.o [1]
  .near_func.text  ro code  0x00c93d     0x6  Save.o [1]
  .near.rodata     const    0x00c943     0x5  BC95.o [1]
  .near.rodata     const    0x00c948     0x5  BC95.o [1]
  .near.rodata     const    0x00c94d     0x5  stm8l15x_clk.o [1]
  .near_func.text  ro code  0x00c952     0x5  BC95.o [1]
  .near_func.text  ro code  0x00c957     0x5  stm8l15x_adc.o [1]
  .near_func.text  ro code  0x00c95c     0x5  stm8l15x_flash.o [1]
  .near_func.text  ro code  0x00c961     0x5  stm8l15x_iwdg.o [1]
  .near_func.text  ro code  0x00c966     0x5  stm8l15x_iwdg.o [1]
  .near_func.text  ro code  0x00c96b     0x5  stm8l15x_usart.o [1]
  .near_func.text  ro code  0x00c970     0x5  stm8l15x_usart.o [1]
  .near_func.text  ro code  0x00c975     0x5  cexit.o [4]
  .near.rodata     const    0x00c97a     0x4  BC95.o [1]
  .near_func.text  ro code  0x00c97e     0x4  stm8l15x_clk.o [1]
  .near_func.text  ro code  0x00c982     0x4  stm8l15x_clk.o [1]
  .near_func.text  ro code  0x00c986     0x4  stm8l15x_iwdg.o [1]
  .near_func.text  ro code  0x00c98a     0x4  stm8l15x_iwdg.o [1]
  .near_func.text  ro code  0x00c98e     0x4  stm8l15x_iwdg.o [1]
  .near.rodata     const    0x00c992     0x3  BC95.o [1]
  .near_func.text  ro code  0x00c995     0x3  interrupt.o [4]
  .near_func.text  ro code  0x00c998     0x3  low_level_init.o [4]
  .near_func.text  ro code  0x00c99b     0x3  exit.o [4]
  .near_func.text  ro code  0x00c99e     0x3  unhandled_exception.o [4]
  .near_func.text  ro code  0x00c9a1     0x1  stm8l15x_it.o [1]
  .near_func.text  ro code  0x00c9a2     0x1  stm8l15x_it.o [1]
  .near_func.text  ro code  0x00c9a3     0x1  stm8l15x_it.o [1]
  .near_func.text  ro code  0x00c9a4     0x1  stm8l15x_it.o [1]
  .near_func.text  ro code  0x00c9a5     0x1  stm8l15x_it.o [1]
  .near_func.text  ro code  0x00c9a6     0x1  stm8l15x_it.o [1]
  .near_func.text  ro code  0x00c9a7     0x1  stm8l15x_it.o [1]
  .near_func.text  ro code  0x00c9a8     0x1  stm8l15x_it.o [1]
  .near_func.text  ro code  0x00c9a9     0x1  stm8l15x_it.o [1]
  .near_func.text  ro code  0x00c9aa     0x1  stm8l15x_it.o [1]
  .near_func.text  ro code  0x00c9ab     0x1  stm8l15x_it.o [1]
  .near_func.text  ro code  0x00c9ac     0x1  stm8l15x_it.o [1]
  .near_func.text  ro code  0x00c9ad     0x1  stm8l15x_it.o [1]
  .near_func.text  ro code  0x00c9ae     0x1  stm8l15x_it.o [1]
  .near_func.text  ro code  0x00c9af     0x1  stm8l15x_it.o [1]
  .near_func.text  ro code  0x00c9b0     0x1  stm8l15x_it.o [1]
  .near_func.text  ro code  0x00c9b1     0x1  stm8l15x_it.o [1]
  .near_func.text  ro code  0x00c9b2     0x1  stm8l15x_it.o [1]
  .near_func.text  ro code  0x00c9b3     0x1  stm8l15x_it.o [1]
  .near_func.text  ro code  0x00c9b4     0x1  stm8l15x_it.o [1]
  .near_func.text  ro code  0x00c9b5     0x1  stm8l15x_it.o [1]
  .near_func.text  ro code  0x00c9b6     0x1  stm8l15x_it.o [1]
  .near_func.text  ro code  0x00c9b7     0x1  stm8l15x_it.o [1]
  .near_func.text  ro code  0x00c9b8     0x1  __dbg_break.o [3]
                          - 0x00c9b9  0x4939


*******************************************************************************
*** INIT TABLE
***

          Address   Size
          -------   ----
Zero (__iar_zero_init2)
    1 destination range, total size 0x664:
          0x000010  0x664



*******************************************************************************
*** MODULE SUMMARY
***

    Module                 ro code  ro data  rw data
    ------                 -------  -------  -------
F:\0中科君达\0项目\NB水表\软件\NB-IOT程序V1.0\project\Debug\Obj: [1]
    BC95.o                   8 313      686      711
    Globaldata.o               132                21
    Pulse_Acquire.o            280                 5
    Save.o                     570
    Sys_Timer.o                820               161
    Temperature.o              202      332
    main.o                     267
    mcu_init.o                 345
    rtc.o                      428                17
    stm8l15x_adc.o             324
    stm8l15x_clk.o             519        5
    stm8l15x_exti.o            523
    stm8l15x_flash.o            77
    stm8l15x_gpio.o            199
    stm8l15x_it.o              187
    stm8l15x_itc.o             347
    stm8l15x_iwdg.o             22
    stm8l15x_pwr.o              28
    stm8l15x_rtc.o           1 445
    stm8l15x_tim1.o              9
    stm8l15x_tim4.o              9
    stm8l15x_usart.o           654
    uart.o                     415               721
    ------------------------------------------------
    Total:                  16 115    1 023    1 636

command line: [2]
    ------------------------------------------------
    Total:

dbgstm8smd.a: [3]
    __dbg_break.o                1
    __dbg_xxexit.o              20
    ------------------------------------------------
    Total:                      21

dlstm8smn.a: [4]
    abs.o                       11
    cexit.o                      5
    char.o                      30
    cstartup.o                  19
    dc_util.o                   26
    exit.o                       3
    float.o                    659
    init.o                      23
    init_small.o                30
    interrupt.o                  3      128
    long.o                     185
    long_util.o                 98
    low_level_init.o             3
    memcpy.o                    37
    memset.o                    23
    move.o                      13
    short.o                     58
    strstr.o                    68
    unhandled_exception.o        3
    vreg_util.o                281
    vregs.o                                       16
    ------------------------------------------------
    Total:                   1 578      128       16

    Linker created                        8      256
----------------------------------------------------
    Grand Total:            17 714    1 159    1 908


*******************************************************************************
*** ENTRY LIST
***

Entry                    Address   Size  Type      Object
-----                    -------   ----  ----      ------
.iar.init_table$$Base   0x00c3e4          --   Gb  - Linker created -
.iar.init_table$$Limit  0x00c3ec          --   Gb  - Linker created -
?b0                     0x000000         Data  Gb  vregs.o [4]
?b1                     0x000001         Data  Gb  vregs.o [4]
?b10                    0x00000a         Data  Gb  vregs.o [4]
?b11                    0x00000b         Data  Gb  vregs.o [4]
?b12                    0x00000c         Data  Gb  vregs.o [4]
?b13                    0x00000d         Data  Gb  vregs.o [4]
?b14                    0x00000e         Data  Gb  vregs.o [4]
?b15                    0x00000f         Data  Gb  vregs.o [4]
?b2                     0x000002         Data  Gb  vregs.o [4]
?b3                     0x000003         Data  Gb  vregs.o [4]
?b4                     0x000004         Data  Gb  vregs.o [4]
?b5                     0x000005         Data  Gb  vregs.o [4]
?b6                     0x000006         Data  Gb  vregs.o [4]
?b7                     0x000007         Data  Gb  vregs.o [4]
?b8                     0x000008         Data  Gb  vregs.o [4]
?b9                     0x000009         Data  Gb  vregs.o [4]
?dc32_l0                0x00c54a         Code  Gb  dc_util.o [4]
?dc32_l1                0x00c557         Code  Gb  dc_util.o [4]
?e0                     0x000001         Data  Gb  vregs.o [4]
?e1                     0x000005         Data  Gb  vregs.o [4]
?e2                     0x000009         Data  Gb  vregs.o [4]
?e3                     0x00000d         Data  Gb  vregs.o [4]
?epilogue_l2            0x00a969         Code  Gb  vreg_util.o [4]
?epilogue_l2_l3         0x00a966         Code  Gb  vreg_util.o [4]
?epilogue_l2_w6         0x00a96d         Code  Gb  vreg_util.o [4]
?epilogue_w4            0x00a974         Code  Gb  vreg_util.o [4]
?fcastf32u16_l0_x       0x00a0d8         Code  Gb  float.o [4]
?fcasts16f32_x_l0       0x00a0f6         Code  Gb  float.o [4]
?fdiv32_l0_dc32_l1      0x00a025         Code  Gb  float.o [4]
?fdiv32_l0_l0_l1        0x00a02a         Code  Gb  float.o [4]
?fmul32_l0_l0_dc32      0x009f85         Code  Gb  float.o [4]
?fmul32_l0_l0_l1        0x009f8a         Code  Gb  float.o [4]
?inc32_0x_0x            0x00ae22         Code  Gb  long.o [4]
?inc32_l0_l0            0x00ae18         Code  Gb  long.o [4]
?inc32_l1_l1            0x00ae1d         Code  Gb  long.o [4]
?l0                     0x000000         Data  Gb  vregs.o [4]
?l1                     0x000004         Data  Gb  vregs.o [4]
?l2                     0x000008         Data  Gb  vregs.o [4]
?l3                     0x00000c         Data  Gb  vregs.o [4]
?load32_0x_l0           0x00b95b         Code  Gb  long_util.o [4]
?load32_0x_l1           0x00b969         Code  Gb  long_util.o [4]
?load32_0x_l2           0x00b977         Code  Gb  long_util.o [4]
?load32_l0_0x           0x00b933         Code  Gb  long_util.o [4]
?load32_l0_asp          0x00b928         Code  Gb  long_util.o [4]
?load32_l0_dbsp         0x00b923         Code  Gb  long_util.o [4]
?load32_l0_xsp          0x00b92a         Code  Gb  long_util.o [4]
?load32_l1_0x           0x00b94f         Code  Gb  long_util.o [4]
?load32_l1_asp          0x00b944         Code  Gb  long_util.o [4]
?load32_l1_dbsp         0x00b93f         Code  Gb  long_util.o [4]
?load32_l1_xsp          0x00b946         Code  Gb  long_util.o [4]
?mov_e0_e1              0x00a990         Code  Gb  vreg_util.o [4]
?mov_e0_e2              0x00a99d         Code  Gb  vreg_util.o [4]
?mov_e0_e3              0x00a9aa         Code  Gb  vreg_util.o [4]
?mov_e1_e0              0x00a9b7         Code  Gb  vreg_util.o [4]
?mov_e2_e0              0x00a9c4         Code  Gb  vreg_util.o [4]
?mov_e3_e0              0x00a9d1         Code  Gb  vreg_util.o [4]
?mov_l0_l1              0x00a98d         Code  Gb  vreg_util.o [4]
?mov_l0_l2              0x00a99a         Code  Gb  vreg_util.o [4]
?mov_l0_l3              0x00a9a7         Code  Gb  vreg_util.o [4]
?mov_l1_l0              0x00a9b4         Code  Gb  vreg_util.o [4]
?mov_l2_l0              0x00a9c1         Code  Gb  vreg_util.o [4]
?mov_l3_l0              0x00a9ce         Code  Gb  vreg_util.o [4]
?mov_w0_w1              0x00a978         Code  Gb  vreg_util.o [4]
?mov_w1_w3              0x00a993         Code  Gb  vreg_util.o [4]
?mov_w1_w5              0x00a9a0         Code  Gb  vreg_util.o [4]
?mov_w1_w6              0x00a97f         Code  Gb  vreg_util.o [4]
?mov_w1_w7              0x00a9ad         Code  Gb  vreg_util.o [4]
?mov_w2_w1              0x00a986         Code  Gb  vreg_util.o [4]
?mov_w3_w1              0x00a9ba         Code  Gb  vreg_util.o [4]
?mov_w5_w1              0x00a9c7         Code  Gb  vreg_util.o [4]
?mov_w7_w1              0x00a9d4         Code  Gb  vreg_util.o [4]
?move1616_v_x_y_a       0x00c7d9         Code  Gb  move.o [4]
?mul16_x_x_w0           0x00c084         Code  Gb  short.o [4]
?pop_l0                 0x00a932         Code  Gb  vreg_util.o [4]
?pop_l1                 0x00a93d         Code  Gb  vreg_util.o [4]
?pop_l2                 0x00a948         Code  Gb  vreg_util.o [4]
?pop_l3                 0x00a953         Code  Gb  vreg_util.o [4]
?pop_w4                 0x00a8e4         Code  Gb  vreg_util.o [4]
?pop_w6                 0x00a8eb         Code  Gb  vreg_util.o [4]
?pop_w7                 0x00a8f2         Code  Gb  vreg_util.o [4]
?push_l0                0x00a901         Code  Gb  vreg_util.o [4]
?push_l1                0x00a906         Code  Gb  vreg_util.o [4]
?push_l2                0x00a90b         Code  Gb  vreg_util.o [4]
?push_l3                0x00a910         Code  Gb  vreg_util.o [4]
?push_w4                0x00a8c2         Code  Gb  vreg_util.o [4]
?push_w6                0x00a8c7         Code  Gb  vreg_util.o [4]
?push_w7                0x00a8cc         Code  Gb  vreg_util.o [4]
?sext16_x_a             0x00c0b7         Code  Gb  short.o [4]
?sll16_x_x_a            0x00c0a2         Code  Gb  short.o [4]
?sll8_a_a_5             0x00c49b         Code  Gb  char.o [4]
?smod8_a_b0_a           0x00c487         Code  Gb  char.o [4]
?srl16_x_x_10           0x00c0ac         Code  Gb  short.o [4]
?srl16_x_x_11           0x00c0ab         Code  Gb  short.o [4]
?srl16_x_x_12           0x00c0aa         Code  Gb  short.o [4]
?srl16_x_x_4            0x00c0b2         Code  Gb  short.o [4]
?srl16_x_x_5            0x00c0b1         Code  Gb  short.o [4]
?srl16_x_x_6            0x00c0b0         Code  Gb  short.o [4]
?srl16_x_x_7            0x00c0af         Code  Gb  short.o [4]
?srl16_x_x_8            0x00c0ae         Code  Gb  short.o [4]
?srl16_x_x_9            0x00c0ad         Code  Gb  short.o [4]
?srl32_0x_0x_a          0x00aec3         Code  Gb  long.o [4]
?srl32_l0_l0_a          0x00aec0         Code  Gb  long.o [4]
?srl8_a_a_5             0x00c4a0         Code  Gb  char.o [4]
?ucmp32_c_l0_0x         0x00aea5         Code  Gb  long.o [4]
?ucmp32_c_l0_l1         0x00aeb5         Code  Gb  long.o [4]
?udiv32_l0_l0_dl        0x00ae35         Code  Gb  long.o [4]
?udiv32_l0_l0_l1        0x00ae38         Code  Gb  long.o [4]
?umod32_l1_l0_dl        0x00ae30         Code  Gb  long.o [4]
?umod32_l1_l0_l1        0x00ae38         Code  Gb  long.o [4]
?w0                     0x000000         Data  Gb  vregs.o [4]
?w1                     0x000002         Data  Gb  vregs.o [4]
?w2                     0x000004         Data  Gb  vregs.o [4]
?w3                     0x000006         Data  Gb  vregs.o [4]
?w4                     0x000008         Data  Gb  vregs.o [4]
?w5                     0x00000a         Data  Gb  vregs.o [4]
?w6                     0x00000c         Data  Gb  vregs.o [4]
?w7                     0x00000e         Data  Gb  vregs.o [4]
ACK                     0x00b791   0x8a  Code  Gb  BC95.o [1]
ADC1_COMP_IRQHandler    0x00c9b0    0x1  Code  Gb  stm8l15x_it.o [1]
ADC_ChannelCmd          0x00bd50   0x4e  Code  Gb  stm8l15x_adc.o [1]
ADC_ClearFlag           0x00c7cc    0xd  Code  Gb  stm8l15x_adc.o [1]
ADC_Cmd                 0x00c716   0x11  Code  Gb  stm8l15x_adc.o [1]
ADC_GetConversionValue  0x00c2c1   0x28  Code  Gb  stm8l15x_adc.o [1]
ADC_GetFlagStatus       0x00c469   0x1e  Code  Gb  stm8l15x_adc.o [1]
ADC_Init                0x00c193   0x2f  Code  Gb  stm8l15x_adc.o [1]
ADC_SamplingTimeConfig  0x00bcb0   0x50  Code  Gb  stm8l15x_adc.o [1]
ADC_SoftwareStartConv   0x00c957    0x5  Code  Gb  stm8l15x_adc.o [1]
ADC_VrefintCmd          0x00c746    0xe  Code  Gb  stm8l15x_adc.o [1]
ASCLL_to_Int            0x00be7b   0x46  Code  Gb  Globaldata.o [1]
Alarm_Interrupt         0x00c299   0x28  Code  Gb  rtc.o [1]
BAT_Alarm_Vol           0x000669    0x2  Data  Gb  Globaldata.o [1]
BAT_Vol                 0x000667    0x2  Data  Gb  Globaldata.o [1]
BC95                    0x0002e1  0x2c7  Data  Gb  BC95.o [1]
BC95_Data_Send          0x00c3ec   0x20  Code  Gb  BC95.o [1]
BC95_Delay_CallBalk     0x00c952    0x5  Code  Gb  BC95.o [1]
BC95_Power_Off          0x00c8e7    0x9  Code  Gb  BC95.o [1]
BC95_Power_On           0x00bf4a   0x42  Code  Gb  BC95.o [1]
BC95_Process            0x0093cd  0x62b  Code  Gb  BC95.o [1]
BC95_Reset              0x00c44b   0x1e  Code  Gb  BC95.o [1]
BC95_Start              0x00c77e    0xd  Code  Gb  BC95.o [1]
BC95_Start_Timeout_CallBalk
                        0x00c2e9   0x25  Code  Gb  BC95.o [1]
BCD_to_Int              0x00c37c   0x23  Code  Gb  Globaldata.o [1]
Bcd2ToByte              0x00c515   0x1b  Code  Lc  stm8l15x_rtc.o [1]
ByteToBcd2              0x00c40c   0x20  Code  Lc  stm8l15x_rtc.o [1]
CLK_GetClockFreq        0x00b5e1   0x93  Code  Gb  stm8l15x_clk.o [1]
CLK_GetFlagStatus       0x00b420   0x99  Code  Gb  stm8l15x_clk.o [1]
CLK_HSICmd              0x00c754    0xe  Code  Gb  stm8l15x_clk.o [1]
CLK_HaltConfig          0x00c530   0x1a  Code  Gb  stm8l15x_clk.o [1]
CLK_LSEConfig           0x00c6f0   0x13  Code  Gb  stm8l15x_clk.o [1]
CLK_PeripheralClockConfig
                        0x00b703   0x8e  Code  Gb  stm8l15x_clk.o [1]
CLK_RTCClockConfig      0x00c8b0    0xa  Code  Gb  stm8l15x_clk.o [1]
CLK_SYSCLKDivConfig     0x00c982    0x4  Code  Gb  stm8l15x_clk.o [1]
CLK_SYSCLKSourceConfig  0x00c97e    0x4  Code  Gb  stm8l15x_clk.o [1]
CSTACK$$Base            0x000f00          --   Gb  - Linker created -
CSTACK$$Limit           0x001000          --   Gb  - Linker created -
Cal                     0x000656    0x5  Data  Gb  Pulse_Acquire.o [1]
Create_Timer            0x00a9db  0x105  Code  Gb  Sys_Timer.o [1]
DMA1_CHANNEL0_1_IRQHandler
                        0x00c9a3    0x1  Code  Gb  stm8l15x_it.o [1]
DMA1_CHANNEL2_3_IRQHandler
                        0x00c9a4    0x1  Code  Gb  stm8l15x_it.o [1]
Delete_Timer            0x00bd00   0x50  Code  Gb  Sys_Timer.o [1]
Device_Status           0x00066f    0x1  Data  Gb  Globaldata.o [1]
EXTI0_IRQHandler        0x00c637   0x16  Code  Gb  stm8l15x_it.o [1]
EXTI1_IRQHandler        0x00c9a7    0x1  Code  Gb  stm8l15x_it.o [1]
EXTI2_IRQHandler        0x00c9a8    0x1  Code  Gb  stm8l15x_it.o [1]
EXTI3_IRQHandler        0x00c9a9    0x1  Code  Gb  stm8l15x_it.o [1]
EXTI4_IRQHandler        0x00c9aa    0x1  Code  Gb  stm8l15x_it.o [1]
EXTI5_IRQHandler        0x00c9ab    0x1  Code  Gb  stm8l15x_it.o [1]
EXTI6_IRQHandler        0x00c9ac    0x1  Code  Gb  stm8l15x_it.o [1]
EXTI7_IRQHandler        0x00c9ad    0x1  Code  Gb  stm8l15x_it.o [1]
EXTIB_G_IRQHandler      0x00c9a6    0x1  Code  Gb  stm8l15x_it.o [1]
EXTID_H_IRQHandler      0x00c621   0x16  Code  Gb  stm8l15x_it.o [1]
EXTIE_F_PVD_IRQHandler  0x00c9a5    0x1  Code  Gb  stm8l15x_it.o [1]
EXTI_ClearITPendingBit  0x00c3c2   0x22  Code  Gb  stm8l15x_exti.o [1]
EXTI_SelectPort         0x00c12b   0x36  Code  Gb  stm8l15x_exti.o [1]
EXTI_SetHalfPortSelection
                        0x00bfcc   0x3f  Code  Gb  stm8l15x_exti.o [1]
EXTI_SetPinSensitivity  0x00a7a3  0x11f  Code  Gb  stm8l15x_exti.o [1]
EXTI_SetPortSensitivity
                        0x00bbb1   0x55  Code  Gb  stm8l15x_exti.o [1]
Exti0_Interrupt         0x00c30e   0x25  Code  Gb  Pulse_Acquire.o [1]
ExtiD_Interrupt         0x00b4b9   0x94  Code  Gb  Pulse_Acquire.o [1]
FLASH_GetFlagStatus     0x00c57d   0x19  Code  Gb  stm8l15x_flash.o [1]
FLASH_IRQHandler        0x00c9a2    0x1  Code  Gb  stm8l15x_it.o [1]
FLASH_Lock              0x00c87b    0xb  Code  Gb  stm8l15x_flash.o [1]
FLASH_ProgramByte       0x00c886    0xb  Code  Gb  stm8l15x_flash.o [1]
FLASH_ReadByte          0x00c95c    0x5  Code  Gb  stm8l15x_flash.o [1]
FLASH_Unlock            0x00c564   0x19  Code  Gb  stm8l15x_flash.o [1]
GPIO_Configuration      0x00bdeb   0x49  Code  Gb  mcu_init.o [1]
GPIO_Init               0x00af88   0xaf  Code  Gb  stm8l15x_gpio.o [1]
GPIO_ReadInputDataBit   0x00c8f0    0x9  Code  Gb  stm8l15x_gpio.o [1]
GPIO_ResetBits          0x00c913    0x8  Code  Gb  stm8l15x_gpio.o [1]
GPIO_SetBits            0x00c92a    0x7  Code  Gb  stm8l15x_gpio.o [1]
Gather_Cycle_counter    0x000672    0x1  Data  Gb  Globaldata.o [1]
I2C1_SPI2_IRQHandler    0x00c9b7    0x1  Code  Gb  stm8l15x_it.o [1]
INTVEC$$Base            0x008000          --   Gb  - Linker created -
INTVEC$$Limit           0x008080          --   Gb  - Linker created -
ITC_SetSoftwarePriority
                        0x00a3aa  0x15b  Code  Gb  stm8l15x_itc.o [1]
IWDG_Enable             0x00c966    0x5  Code  Gb  stm8l15x_iwdg.o [1]
IWDG_INIT               0x00c60b   0x16  Code  Gb  main.o [1]
IWDG_ReloadCounter      0x00c961    0x5  Code  Gb  stm8l15x_iwdg.o [1]
IWDG_SetPrescaler       0x00c98a    0x4  Code  Gb  stm8l15x_iwdg.o [1]
IWDG_SetReload          0x00c98e    0x4  Code  Gb  stm8l15x_iwdg.o [1]
IWDG_WriteAccessCmd     0x00c986    0x4  Code  Gb  stm8l15x_iwdg.o [1]
Int_to_ASCLL            0x00c4fa   0x1b  Code  Gb  Globaldata.o [1]
LCD_AES_IRQHandler      0x00c9ae    0x1  Code  Gb  stm8l15x_it.o [1]
Last_Vol                0x00066d    0x2  Data  Gb  rtc.o [1]
Meter_Number            0x000648    0x7  Data  Gb  Globaldata.o [1]
PWR_FastWakeUpCmd       0x00c762    0xe  Code  Gb  stm8l15x_pwr.o [1]
PWR_UltraLowPowerCmd    0x00c770    0xe  Code  Gb  stm8l15x_pwr.o [1]
Pulse_Acquire_Config    0x00b9e6   0x5f  Code  Gb  Pulse_Acquire.o [1]
RCC_Configuration       0x00c8a6    0xa  Code  Gb  mcu_init.o [1]
RTC_AlarmCmd            0x00bc5b   0x55  Code  Gb  stm8l15x_rtc.o [1]
RTC_AlarmStr            0x00064f    0x7  Data  Gb  rtc.o [1]
RTC_CSSLSE_IRQHandler   0x00c4c3   0x1c  Code  Gb  stm8l15x_it.o [1]
RTC_ClearITPendingBit   0x00c822    0xc  Code  Gb  stm8l15x_rtc.o [1]
RTC_DateStr             0x000663    0x4  Data  Gb  rtc.o [1]
RTC_EnterInitMode       0x00c1ef   0x2c  Code  Gb  stm8l15x_rtc.o [1]
RTC_GetDate             0x00baff   0x5c  Code  Gb  stm8l15x_rtc.o [1]
RTC_GetITStatus         0x00c1c2   0x2d  Code  Gb  stm8l15x_rtc.o [1]
RTC_GetTime             0x00bc06   0x55  Code  Gb  stm8l15x_rtc.o [1]
RTC_ITConfig            0x00c049   0x3b  Code  Gb  stm8l15x_rtc.o [1]
RTC_Init                0x00baa3   0x5c  Code  Gb  stm8l15x_rtc.o [1]
RTC_SetAlarm            0x00a505  0x152  Code  Gb  stm8l15x_rtc.o [1]
RTC_SetDate             0x00aed1   0xb7  Code  Gb  stm8l15x_rtc.o [1]
RTC_SetTime             0x00b191   0xab  Code  Gb  stm8l15x_rtc.o [1]
RTC_SetWakeUpCounter    0x00c68e   0x15  Code  Gb  stm8l15x_rtc.o [1]
RTC_TimeStr             0x00065f    0x4  Data  Gb  rtc.o [1]
RTC_WaitForSynchro      0x00c0be   0x37  Code  Gb  stm8l15x_rtc.o [1]
RTC_WakeUpClockConfig   0x00c39f   0x23  Code  Gb  stm8l15x_rtc.o [1]
RTC_WakeUpCmd           0x00bec1   0x45  Code  Gb  stm8l15x_rtc.o [1]
Read_ACUM_Flow          0x00c737    0xf  Code  Gb  Save.o [1]
Read_BAT_Alarm_Value    0x00c6ca   0x13  Code  Gb  Save.o [1]
Read_BC95_ErrorRecord   0x00c93d    0x6  Code  Gb  Save.o [1]
Read_Meter_Number       0x00c358   0x24  Code  Gb  Save.o [1]
Read_Report_Cycle       0x00c6dd   0x13  Code  Gb  Save.o [1]
Read_Settle_Date        0x00c727   0x10  Code  Gb  Save.o [1]
Read_Temp               0x00ac86   0xca  Code  Gb  Temperature.o [1]
Read_Voltage            0x00b23c   0xa5  Code  Gb  mcu_init.o [1]
Recv_Data_Process       0x0099f8  0x58d  Code  Gb  BC95.o [1]
Region$$Table$$Base     0x00c3e4          --   Gb  - Linker created -
Region$$Table$$Limit    0x00c3ec          --   Gb  - Linker created -
Report_All_Parameters   0x008080  0xb5c  Code  Gb  BC95.o [1]
Report_Cycle            0x00066b    0x2  Data  Gb  Globaldata.o [1]
Report_Cycle_counter    0x00065b    0x4  Data  Gb  Globaldata.o [1]
Report_HC_Flow          0x008bdc  0x7f1  Code  Gb  BC95.o [1]
Rtc_Config              0x00ba45   0x5e  Code  Gb  rtc.o [1]
SPI1_IRQHandler         0x00c9b4    0x1  Code  Gb  stm8l15x_it.o [1]
SWITCH_CSS_BREAK_DAC_IRQHandler
                        0x00c9af    0x1  Code  Gb  stm8l15x_it.o [1]
SYSDivFactor            0x00c94d    0x5  Data  Gb  stm8l15x_clk.o [1]
Save_Add_Flow           0x00c679   0x15  Code  Gb  Save.o [1]
Save_BAT_Alarm_Value    0x00c78b    0xd  Code  Gb  Save.o [1]
Save_BC95_ErrorRecord   0x00c7bf    0xd  Code  Gb  Save.o [1]
Save_Meter_Number       0x00c7b2    0xd  Code  Gb  Save.o [1]
Save_Report_Cycle       0x00c7a5    0xd  Code  Gb  Save.o [1]
Save_SDCF_Flow          0x00aae0   0xd3  Code  Gb  Save.o [1]
Save_Settle_Date        0x00c798    0xd  Code  Gb  Save.o [1]
Send_Data_Process       0x00c5c6   0x17  Code  Gb  BC95.o [1]
Set_Alarm               0x00c0f5   0x36  Code  Gb  rtc.o [1]
Settle_Date             0x000671    0x1  Data  Gb  Globaldata.o [1]
Sleep                   0x00b037   0xae  Code  Gb  main.o [1]
SysTick_Handler         0x00a218  0x192  Code  Gb  Sys_Timer.o [1]
Sys_Timer               0x0005a8   0xa0  Data  Lc  Sys_Timer.o [1]
Sys_Timer_Process       0x00bd9e   0x4d  Code  Gb  Sys_Timer.o [1]
TIM1_CC_IRQHandler      0x00c9b3    0x1  Code  Gb  stm8l15x_it.o [1]
TIM1_ClearITPendingBit  0x00c8f9    0x9  Code  Gb  stm8l15x_tim1.o [1]
TIM1_UPD_OVF_TRG_COM_IRQHandler
                        0x00c596   0x18  Code  Gb  stm8l15x_it.o [1]
TIM2_CC_USART2_RX_IRQHandler
                        0x00c663   0x16  Code  Gb  stm8l15x_it.o [1]
TIM2_UPD_OVF_TRG_BRK_USART2_TX_IRQHandler
                        0x00c64d   0x16  Code  Gb  stm8l15x_it.o [1]
TIM3_CC_USART3_RX_IRQHandler
                        0x00c9b2    0x1  Code  Gb  stm8l15x_it.o [1]
TIM3_UPD_OVF_TRG_BRK_USART3_TX_IRQHandler
                        0x00c9b1    0x1  Code  Gb  stm8l15x_it.o [1]
TIM4_ClearITPendingBit  0x00c902    0x9  Code  Gb  stm8l15x_tim4.o [1]
TIM4_UPD_OVF_TRG_IRQHandler
                        0x00c5ae   0x18  Code  Gb  stm8l15x_it.o [1]
TRAP_IRQHandler         0x00c9a1    0x1  Code  Gb  stm8l15x_it.o [1]
Temp                    0x000670    0x1  Data  Gb  Globaldata.o [1]
Temp_Table              0x00a657  0x14c  Data  Gb  Temperature.o [1]
USART1_RX_TIM5_CC_IRQHandler
                        0x00c9b6    0x1  Code  Gb  stm8l15x_it.o [1]
USART1_TX_TIM5_UPD_OVF_TRG_BRK_IRQHandler
                        0x00c9b5    0x1  Code  Gb  stm8l15x_it.o [1]
USART2_Configuration    0x00b985   0x61  Code  Gb  mcu_init.o [1]
USART2_IRQHandler       0x00b674   0x8f  Code  Gb  uart.o [1]
USART2_TX_IRQHandler    0x00bb5b   0x56  Code  Gb  uart.o [1]
USART_ClearITPendingBit
                        0x00c970    0x5  Code  Gb  stm8l15x_usart.o [1]
USART_Cmd               0x00c21b   0x2b  Code  Gb  stm8l15x_usart.o [1]
USART_DeInit            0x00c00b   0x3e  Code  Gb  stm8l15x_usart.o [1]
USART_GetITStatus       0x00b0e5   0xac  Code  Gb  stm8l15x_usart.o [1]
USART_ITConfig          0x00b54d   0x94  Code  Gb  stm8l15x_usart.o [1]
USART_Init              0x00abb3   0xd3  Code  Gb  stm8l15x_usart.o [1]
USART_ReceiveData8      0x00c96b    0x5  Code  Gb  stm8l15x_usart.o [1]
USART_SendData8         0x00c91b    0x8  Code  Gb  stm8l15x_usart.o [1]
Uart2                   0x000010  0x2d1  Data  Gb  uart.o [1]
Uart2_Receive           0x00c161   0x32  Code  Gb  uart.o [1]
Uart2_Send              0x00b81b   0x88  Code  Gb  uart.o [1]
Wake_Interrupt          0x00b383   0x9d  Code  Gb  rtc.o [1]
WriteRom                0x00b2e1   0xa2  Code  Gb  Save.o [1]
__DebugBreak            0x00c9b8    0x1  Code  Gb  __dbg_break.o [3]
__exit                  0x00c6a3   0x14  Code  Gb  __dbg_xxexit.o [3]
__iar_Strstr            0x00bf06   0x44  Code  Gb  strstr.o [4]
__iar_data_init2        0x00c5f4   0x17  Code  Gb  init.o [4]
__iar_program_start     0x00c703         Code  Gb  cstartup.o [4]
__iar_unhandled_exception
                        0x00c99e         Code  Gb  unhandled_exception.o [4]
__iar_zero_init2        0x00c4a5         Code  Gb  init_small.o [4]
__intvec                0x008000         Data  Gb  interrupt.o [4]
__low_level_init        0x00c998    0x3  Code  Gb  low_level_init.o [4]
_exit                   0x00c975         Code  Gb  cexit.o [4]
_interrupt_1            0x00c9a1         Code  Gb  stm8l15x_it.o [1]
_interrupt_10           0x00c637         Code  Gb  stm8l15x_it.o [1]
_interrupt_11           0x00c9a7         Code  Gb  stm8l15x_it.o [1]
_interrupt_12           0x00c9a8         Code  Gb  stm8l15x_it.o [1]
_interrupt_13           0x00c9a9         Code  Gb  stm8l15x_it.o [1]
_interrupt_14           0x00c9aa         Code  Gb  stm8l15x_it.o [1]
_interrupt_15           0x00c9ab         Code  Gb  stm8l15x_it.o [1]
_interrupt_16           0x00c9ac         Code  Gb  stm8l15x_it.o [1]
_interrupt_17           0x00c9ad         Code  Gb  stm8l15x_it.o [1]
_interrupt_18           0x00c9ae         Code  Gb  stm8l15x_it.o [1]
_interrupt_19           0x00c9af         Code  Gb  stm8l15x_it.o [1]
_interrupt_20           0x00c9b0         Code  Gb  stm8l15x_it.o [1]
_interrupt_21           0x00c64d         Code  Gb  stm8l15x_it.o [1]
_interrupt_22           0x00c663         Code  Gb  stm8l15x_it.o [1]
_interrupt_23           0x00c9b1         Code  Gb  stm8l15x_it.o [1]
_interrupt_24           0x00c9b2         Code  Gb  stm8l15x_it.o [1]
_interrupt_25           0x00c596         Code  Gb  stm8l15x_it.o [1]
_interrupt_26           0x00c9b3         Code  Gb  stm8l15x_it.o [1]
_interrupt_27           0x00c5ae         Code  Gb  stm8l15x_it.o [1]
_interrupt_28           0x00c9b4         Code  Gb  stm8l15x_it.o [1]
_interrupt_29           0x00c9b5         Code  Gb  stm8l15x_it.o [1]
_interrupt_3            0x00c9a2         Code  Gb  stm8l15x_it.o [1]
_interrupt_30           0x00c9b6         Code  Gb  stm8l15x_it.o [1]
_interrupt_31           0x00c9b7         Code  Gb  stm8l15x_it.o [1]
_interrupt_4            0x00c9a3         Code  Gb  stm8l15x_it.o [1]
_interrupt_5            0x00c9a4         Code  Gb  stm8l15x_it.o [1]
_interrupt_6            0x00c4c3         Code  Gb  stm8l15x_it.o [1]
_interrupt_7            0x00c9a5         Code  Gb  stm8l15x_it.o [1]
_interrupt_8            0x00c9a6         Code  Gb  stm8l15x_it.o [1]
_interrupt_9            0x00c621         Code  Gb  stm8l15x_it.o [1]
abs                     0x00c891    0xb  Code  Gb  abs.o [4]
delay_ms                0x00c270   0x29  Code  Gb  rtc.o [1]
exit                    0x00c99b    0x3  Code  Gb  exit.o [4]
main                    0x00be34   0x47  Code  Gb  main.o [1]
memcpy                  0x00c333   0x25  Code  Gb  memcpy.o [4]
memset                  0x00c5dd   0x17  Code  Gb  memset.o [4]
rtc_interrupt           0x00c246   0x2a  Code  Gb  rtc.o [1]
strstr                  0x00c6b7   0x13  Code  Gb  BC95.o [1]


[1] = F:\0中科君达\0项目\NB水表\软件\NB-IOT程序V1.0\project\Debug\Obj
[2] = command line
[3] = dbgstm8smd.a
[4] = dlstm8smn.a

  17 714 bytes of readonly  code memory
   1 159 bytes of readonly  data memory
   1 908 bytes of readwrite data memory

Errors: none
Warnings: none
