###############################################################################
#
# IAR ELF Linker V2.20.1.176 for STM8                     23/Jul/2018  13:59:15
# Copyright 2010-2015 IAR Systems AB.
#
#    Output file  =  
#        F:\0中科君达\0项目\NB水表\软件\NB-IOT程序V1.0\project\Debug\Exe\project.out
#    Map file     =  
#        F:\0中科君达\0项目\NB水表\软件\NB-IOT程序V1.0\project\Debug\List\project.map
#    Command line =  
#        F:\0中科君达\0项目\NB水表\软件\NB-IOT程序V1.0\project\Debug\Obj\BC95.o
#        F:\0中科君达\0项目\NB水表\软件\NB-IOT程序V1.0\project\Debug\Obj\Globaldata.o
#        F:\0中科君达\0项目\NB水表\软件\NB-IOT程序V1.0\project\Debug\Obj\main.o
#        F:\0中科君达\0项目\NB水表\软件\NB-IOT程序V1.0\project\Debug\Obj\mcu_init.o
#        F:\0中科君达\0项目\NB水表\软件\NB-IOT程序V1.0\project\Debug\Obj\Pulse_Acquire.o
#        F:\0中科君达\0项目\NB水表\软件\NB-IOT程序V1.0\project\Debug\Obj\rtc.o
#        F:\0中科君达\0项目\NB水表\软件\NB-IOT程序V1.0\project\Debug\Obj\Save.o
#        F:\0中科君达\0项目\NB水表\软件\NB-IOT程序V1.0\project\Debug\Obj\stm8l15x_adc.o
#        F:\0中科君达\0项目\NB水表\软件\NB-IOT程序V1.0\project\Debug\Obj\stm8l15x_aes.o
#        F:\0中科君达\0项目\NB水表\软件\NB-IOT程序V1.0\project\Debug\Obj\stm8l15x_beep.o
#        F:\0中科君达\0项目\NB水表\软件\NB-IOT程序V1.0\project\Debug\Obj\stm8l15x_clk.o
#        F:\0中科君达\0项目\NB水表\软件\NB-IOT程序V1.0\project\Debug\Obj\stm8l15x_comp.o
#        F:\0中科君达\0项目\NB水表\软件\NB-IOT程序V1.0\project\Debug\Obj\stm8l15x_dac.o
#        F:\0中科君达\0项目\NB水表\软件\NB-IOT程序V1.0\project\Debug\Obj\stm8l15x_dma.o
#        F:\0中科君达\0项目\NB水表\软件\NB-IOT程序V1.0\project\Debug\Obj\stm8l15x_exti.o
#        F:\0中科君达\0项目\NB水表\软件\NB-IOT程序V1.0\project\Debug\Obj\stm8l15x_flash.o
#        F:\0中科君达\0项目\NB水表\软件\NB-IOT程序V1.0\project\Debug\Obj\stm8l15x_gpio.o
#        F:\0中科君达\0项目\NB水表\软件\NB-IOT程序V1.0\project\Debug\Obj\stm8l15x_i2c.o
#        F:\0中科君达\0项目\NB水表\软件\NB-IOT程序V1.0\project\Debug\Obj\stm8l15x_irtim.o
#        F:\0中科君达\0项目\NB水表\软件\NB-IOT程序V1.0\project\Debug\Obj\stm8l15x_it.o
#        F:\0中科君达\0项目\NB水表\软件\NB-IOT程序V1.0\project\Debug\Obj\stm8l15x_itc.o
#        F:\0中科君达\0项目\NB水表\软件\NB-IOT程序V1.0\project\Debug\Obj\stm8l15x_iwdg.o
#        F:\0中科君达\0项目\NB水表\软件\NB-IOT程序V1.0\project\Debug\Obj\stm8l15x_lcd.o
#        F:\0中科君达\0项目\NB水表\软件\NB-IOT程序V1.0\project\Debug\Obj\stm8l15x_pwr.o
#        F:\0中科君达\0项目\NB水表\软件\NB-IOT程序V1.0\project\Debug\Obj\stm8l15x_rst.o
#        F:\0中科君达\0项目\NB水表\软件\NB-IOT程序V1.0\project\Debug\Obj\stm8l15x_rtc.o
#        F:\0中科君达\0项目\NB水表\软件\NB-IOT程序V1.0\project\Debug\Obj\stm8l15x_spi.o
#        F:\0中科君达\0项目\NB水表\软件\NB-IOT程序V1.0\project\Debug\Obj\stm8l15x_syscfg.o
#        F:\0中科君达\0项目\NB水表\软件\NB-IOT程序V1.0\project\Debug\Obj\stm8l15x_tim1.o
#        F:\0中科君达\0项目\NB水表\软件\NB-IOT程序V1.0\project\Debug\Obj\stm8l15x_tim2.o
#        F:\0中科君达\0项目\NB水表\软件\NB-IOT程序V1.0\project\Debug\Obj\stm8l15x_tim3.o
#        F:\0中科君达\0项目\NB水表\软件\NB-IOT程序V1.0\project\Debug\Obj\stm8l15x_tim4.o
#        F:\0中科君达\0项目\NB水表\软件\NB-IOT程序V1.0\project\Debug\Obj\stm8l15x_tim5.o
#        F:\0中科君达\0项目\NB水表\软件\NB-IOT程序V1.0\project\Debug\Obj\stm8l15x_usart.o
#        F:\0中科君达\0项目\NB水表\软件\NB-IOT程序V1.0\project\Debug\Obj\stm8l15x_wfe.o
#        F:\0中科君达\0项目\NB水表\软件\NB-IOT程序V1.0\project\Debug\Obj\stm8l15x_wwdg.o
#        F:\0中科君达\0项目\NB水表\软件\NB-IOT程序V1.0\project\Debug\Obj\Sys_Timer.o
#        F:\0中科君达\0项目\NB水表\软件\NB-IOT程序V1.0\project\Debug\Obj\Temperature.o
#        F:\0中科君达\0项目\NB水表\软件\NB-IOT程序V1.0\project\Debug\Obj\uart.o
#        --redirect _Printf=_PrintfSmall --redirect _Scanf=_ScanfSmall -o
#        F:\0中科君达\0项目\NB水表\软件\NB-IOT程序V1.0\project\Debug\Exe\project.out
#        --map
#        F:\0中科君达\0项目\NB水表\软件\NB-IOT程序V1.0\project\Debug\List\project.map
#        --config "D:\IAR for STM8\stm8\config\lnkstm8l151c8.icf" --config_def
#        _CSTACK_SIZE=0x100 --config_def _HEAP_SIZE=0x100 --entry
#        __iar_program_start --debug_lib
#
###############################################################################

*******************************************************************************
*** RUNTIME MODEL ATTRIBUTES
***

__SystemLibrary            = DLib
__code_model               = small
__core                     = stm8
__data_model               = medium
__dlib_file_descriptor     = 0
__dlib_full_locale_support = 0
__rt_version               = 4


*******************************************************************************
*** PLACEMENT SUMMARY
***

"A1":  place at start of [0x000000-0x0000ff] { rw section .vregs };
"A2":  place at end of [0x000000-0x000fff] { block CSTACK };
"P2":  place in [from 0x000000 to 0x000fff] {
          block HEAP, rw section __DLIB_PERTHREAD, rw section .far.bss,
          rw section .far.data, rw section .far.noinit,
          rw section .far_func.textrw, rw section .huge.bss,
          rw section .huge.data, rw section .huge.noinit,
          rw section .huge_func.textrw, rw section .iar.dynexit,
          rw section .near.bss, rw section .near.data, rw section .near.noinit,
          rw section .near_func.textrw };
"A3":  place at start of [0x008000-0x00ffff] { block INTVEC };
"P3":  place in [from 0x008000 to 0x00ffff] {
          ro section __DLIB_PERTHREAD_init, ro section .far.data_init,
          ro section .far_func.textrw_init, ro section .huge.data_init,
          ro section .huge_func.textrw_init, ro section .iar.init_table,
          ro section .init_array, ro section .near.data_init,
          ro section .near.rodata, ro section .near_func.text,
          ro section .near_func.textrw_init, ro section .tiny.data_init,
          ro section .tiny.rodata_init };

  Section          Kind      Address    Size  Object
  -------          ----      -------    ----  ------
"A1":                                   0x10
  .vregs           uninit   0x000000    0x10  vregs.o [4]
                          - 0x000010    0x10

"P2":                                  0x665
  .near.bss        zero     0x000010   0x2d1  uart.o [1]
  .near.bss        zero     0x0002e1   0x2c8  BC95.o [1]
  .near.bss        zero     0x0005a9    0xa0  Sys_Timer.o [1]
  .near.bss        zero     0x000649     0x7  Globaldata.o [1]
  .near.bss        zero     0x000650     0x7  rtc.o [1]
  .near.bss        zero     0x000657     0x5  Pulse_Acquire.o [1]
  .near.bss        zero     0x00065c     0x4  Globaldata.o [1]
  .near.bss        zero     0x000660     0x4  rtc.o [1]
  .near.bss        zero     0x000664     0x4  rtc.o [1]
  .near.bss        zero     0x000668     0x2  Globaldata.o [1]
  .near.bss        zero     0x00066a     0x2  Globaldata.o [1]
  .near.bss        zero     0x00066c     0x2  Globaldata.o [1]
  .near.bss        zero     0x00066e     0x2  rtc.o [1]
  .near.bss        zero     0x000670     0x1  Globaldata.o [1]
  .near.bss        zero     0x000671     0x1  Globaldata.o [1]
  .near.bss        zero     0x000672     0x1  Globaldata.o [1]
  .near.bss        zero     0x000673     0x1  Globaldata.o [1]
  .near.bss        zero     0x000674     0x1  Sys_Timer.o [1]
                          - 0x000675   0x665

"A2":                                  0x100
  CSTACK                    0x000f00   0x100  <Block>
    CSTACK         uninit   0x000f00   0x100  <Block tail>
                          - 0x001000   0x100

"A3":                                   0x80
  INTVEC                    0x008000    0x80  <Block>
    .intvec        const    0x008000    0x80  interrupt.o [4]
                          - 0x008080    0x80

"P3":                                 0x495b
  .near_func.text  ro code  0x008080   0xb5c  BC95.o [1]
  .near_func.text  ro code  0x008bdc   0x7f1  BC95.o [1]
  .near_func.text  ro code  0x0093cd   0x645  BC95.o [1]
  .near_func.text  ro code  0x009a12   0x58d  BC95.o [1]
  .near_func.text  ro code  0x009f9f   0x293  float.o [4]
  .near_func.text  ro code  0x00a232   0x192  Sys_Timer.o [1]
  .near_func.text  ro code  0x00a3c4   0x15b  stm8l15x_itc.o [1]
  .near_func.text  ro code  0x00a51f   0x152  stm8l15x_rtc.o [1]
  .near.rodata     const    0x00a671   0x14c  Temperature.o [1]
  .near_func.text  ro code  0x00a7bd   0x11f  stm8l15x_exti.o [1]
  .near_func.text  ro code  0x00a8dc   0x119  vreg_util.o [4]
  .near_func.text  ro code  0x00a9f5   0x105  Sys_Timer.o [1]
  .near_func.text  ro code  0x00aafa    0xd3  Save.o [1]
  .near_func.text  ro code  0x00abcd    0xd3  stm8l15x_usart.o [1]
  .near_func.text  ro code  0x00aca0    0xca  Temperature.o [1]
  .near.rodata     const    0x00ad6a    0xc8  BC95.o [1]
  .near_func.text  ro code  0x00ae32    0xb9  long.o [4]
  .near_func.text  ro code  0x00aeeb    0xb7  stm8l15x_rtc.o [1]
  .near_func.text  ro code  0x00afa2    0xaf  stm8l15x_gpio.o [1]
  .near_func.text  ro code  0x00b051    0xae  main.o [1]
  .near_func.text  ro code  0x00b0ff    0xac  stm8l15x_usart.o [1]
  .near_func.text  ro code  0x00b1ab    0xab  stm8l15x_rtc.o [1]
  .near_func.text  ro code  0x00b256    0xa5  mcu_init.o [1]
  .near_func.text  ro code  0x00b2fb    0xa2  Save.o [1]
  .near_func.text  ro code  0x00b39d    0x9d  rtc.o [1]
  .near_func.text  ro code  0x00b43a    0x99  stm8l15x_clk.o [1]
  .near_func.text  ro code  0x00b4d3    0x94  Pulse_Acquire.o [1]
  .near_func.text  ro code  0x00b567    0x94  stm8l15x_usart.o [1]
  .near_func.text  ro code  0x00b5fb    0x93  stm8l15x_clk.o [1]
  .near_func.text  ro code  0x00b68e    0x8f  uart.o [1]
  .near_func.text  ro code  0x00b71d    0x8e  stm8l15x_clk.o [1]
  .near_func.text  ro code  0x00b7ab    0x8a  BC95.o [1]
  .near_func.text  ro code  0x00b835    0x88  uart.o [1]
  .near.rodata     const    0x00b8bd    0x80  BC95.o [1]
  .near_func.text  ro code  0x00b93d    0x62  long_util.o [4]
  .near_func.text  ro code  0x00b99f    0x61  mcu_init.o [1]
  .near_func.text  ro code  0x00ba00    0x5f  Pulse_Acquire.o [1]
  .near_func.text  ro code  0x00ba5f    0x5e  rtc.o [1]
  .near_func.text  ro code  0x00babd    0x5c  stm8l15x_rtc.o [1]
  .near_func.text  ro code  0x00bb19    0x5c  stm8l15x_rtc.o [1]
  .near_func.text  ro code  0x00bb75    0x56  uart.o [1]
  .near_func.text  ro code  0x00bbcb    0x55  stm8l15x_exti.o [1]
  .near_func.text  ro code  0x00bc20    0x55  stm8l15x_rtc.o [1]
  .near_func.text  ro code  0x00bc75    0x55  stm8l15x_rtc.o [1]
  .near_func.text  ro code  0x00bcca    0x50  stm8l15x_adc.o [1]
  .near_func.text  ro code  0x00bd1a    0x50  Sys_Timer.o [1]
  .near_func.text  ro code  0x00bd6a    0x4f  main.o [1]
  .near_func.text  ro code  0x00bdb9    0x4e  stm8l15x_adc.o [1]
  .near_func.text  ro code  0x00be07    0x4d  Sys_Timer.o [1]
  .near_func.text  ro code  0x00be54    0x49  mcu_init.o [1]
  .near_func.text  ro code  0x00be9d    0x46  Globaldata.o [1]
  .near_func.text  ro code  0x00bee3    0x45  stm8l15x_rtc.o [1]
  .near_func.text  ro code  0x00bf28    0x44  strstr.o [4]
  .near_func.text  ro code  0x00bf6c    0x42  BC95.o [1]
  .near.rodata     const    0x00bfae    0x40  BC95.o [1]
  .near_func.text  ro code  0x00bfee    0x3f  stm8l15x_exti.o [1]
  .near_func.text  ro code  0x00c02d    0x3e  stm8l15x_usart.o [1]
  .near_func.text  ro code  0x00c06b    0x3b  stm8l15x_rtc.o [1]
  .near_func.text  ro code  0x00c0a6    0x3a  short.o [4]
  .near_func.text  ro code  0x00c0e0    0x37  stm8l15x_rtc.o [1]
  .near_func.text  ro code  0x00c117    0x36  rtc.o [1]
  .near_func.text  ro code  0x00c14d    0x36  stm8l15x_exti.o [1]
  .near_func.text  ro code  0x00c183    0x32  uart.o [1]
  .near_func.text  ro code  0x00c1b5    0x2f  stm8l15x_adc.o [1]
  .near_func.text  ro code  0x00c1e4    0x2d  stm8l15x_rtc.o [1]
  .near_func.text  ro code  0x00c211    0x2c  stm8l15x_rtc.o [1]
  .near_func.text  ro code  0x00c23d    0x2b  stm8l15x_usart.o [1]
  .near_func.text  ro code  0x00c268    0x2a  rtc.o [1]
  .near_func.text  ro code  0x00c292    0x29  rtc.o [1]
  .near_func.text  ro code  0x00c2bb    0x28  rtc.o [1]
  .near_func.text  ro code  0x00c2e3    0x28  stm8l15x_adc.o [1]
  .near_func.text  ro code  0x00c30b    0x25  BC95.o [1]
  .near_func.text  ro code  0x00c330    0x25  Pulse_Acquire.o [1]
  .near_func.text  ro code  0x00c355    0x25  memcpy.o [4]
  .near_func.text  ro code  0x00c37a    0x24  Save.o [1]
  .near_func.text  ro code  0x00c39e    0x23  Globaldata.o [1]
  .near_func.text  ro code  0x00c3c1    0x23  stm8l15x_rtc.o [1]
  .near_func.text  ro code  0x00c3e4    0x22  stm8l15x_exti.o [1]
  .iar.init_table  const    0x00c406     0x8  - Linker created -
  .near_func.text  ro code  0x00c40e    0x20  BC95.o [1]
  .near_func.text  ro code  0x00c42e    0x20  stm8l15x_rtc.o [1]
  .near.rodata     const    0x00c44e    0x1f  BC95.o [1]
  .near_func.text  ro code  0x00c46d    0x1e  BC95.o [1]
  .near_func.text  ro code  0x00c48b    0x1e  stm8l15x_adc.o [1]
  .near_func.text  ro code  0x00c4a9    0x1e  char.o [4]
  .near_func.text  ro code  0x00c4c7    0x1e  init_small.o [4]
  .near_func.text  ro code  0x00c4e5    0x1c  stm8l15x_it.o [1]
  .near.rodata     const    0x00c501    0x1b  BC95.o [1]
  .near_func.text  ro code  0x00c51c    0x1b  Globaldata.o [1]
  .near_func.text  ro code  0x00c537    0x1b  stm8l15x_rtc.o [1]
  .near_func.text  ro code  0x00c552    0x1a  stm8l15x_clk.o [1]
  .near_func.text  ro code  0x00c56c    0x1a  dc_util.o [4]
  .near_func.text  ro code  0x00c586    0x19  stm8l15x_flash.o [1]
  .near_func.text  ro code  0x00c59f    0x19  stm8l15x_flash.o [1]
  .near_func.text  ro code  0x00c5b8    0x18  stm8l15x_it.o [1]
  .near_func.text  ro code  0x00c5d0    0x18  stm8l15x_it.o [1]
  .near_func.text  ro code  0x00c5e8    0x17  BC95.o [1]
  .near_func.text  ro code  0x00c5ff    0x17  memset.o [4]
  .near_func.text  ro code  0x00c616    0x17  init.o [4]
  .near_func.text  ro code  0x00c62d    0x16  main.o [1]
  .near_func.text  ro code  0x00c643    0x16  stm8l15x_it.o [1]
  .near_func.text  ro code  0x00c659    0x16  stm8l15x_it.o [1]
  .near_func.text  ro code  0x00c66f    0x16  stm8l15x_it.o [1]
  .near_func.text  ro code  0x00c685    0x16  stm8l15x_it.o [1]
  .near_func.text  ro code  0x00c69b    0x15  Save.o [1]
  .near_func.text  ro code  0x00c6b0    0x15  stm8l15x_rtc.o [1]
  .near_func.text  ro code  0x00c6c5    0x14  __dbg_xxexit.o [3]
  .near_func.text  ro code  0x00c6d9    0x13  BC95.o [1]
  .near_func.text  ro code  0x00c6ec    0x13  Save.o [1]
  .near_func.text  ro code  0x00c6ff    0x13  Save.o [1]
  .near_func.text  ro code  0x00c712    0x13  stm8l15x_clk.o [1]
  .near_func.text  ro code  0x00c725    0x13  cstartup.o [4]
  .near_func.text  ro code  0x00c738    0x11  stm8l15x_adc.o [1]
  .near_func.text  ro code  0x00c749    0x10  Save.o [1]
  .near_func.text  ro code  0x00c759     0xf  Save.o [1]
  .near_func.text  ro code  0x00c768     0xe  stm8l15x_adc.o [1]
  .near_func.text  ro code  0x00c776     0xe  stm8l15x_clk.o [1]
  .near_func.text  ro code  0x00c784     0xe  stm8l15x_pwr.o [1]
  .near_func.text  ro code  0x00c792     0xe  stm8l15x_pwr.o [1]
  .near_func.text  ro code  0x00c7a0     0xd  BC95.o [1]
  .near_func.text  ro code  0x00c7ad     0xd  Save.o [1]
  .near_func.text  ro code  0x00c7ba     0xd  Save.o [1]
  .near_func.text  ro code  0x00c7c7     0xd  Save.o [1]
  .near_func.text  ro code  0x00c7d4     0xd  Save.o [1]
  .near_func.text  ro code  0x00c7e1     0xd  Save.o [1]
  .near_func.text  ro code  0x00c7ee     0xd  stm8l15x_adc.o [1]
  .near_func.text  ro code  0x00c7fb     0xd  move.o [4]
  .near.rodata     const    0x00c808     0xc  BC95.o [1]
  .near.rodata     const    0x00c814     0xc  BC95.o [1]
  .near.rodata     const    0x00c820     0xc  BC95.o [1]
  .near.rodata     const    0x00c82c     0xc  BC95.o [1]
  .near.rodata     const    0x00c838     0xc  BC95.o [1]
  .near_func.text  ro code  0x00c844     0xc  stm8l15x_rtc.o [1]
  .near.rodata     const    0x00c850     0xb  BC95.o [1]
  .near.rodata     const    0x00c85b     0xb  BC95.o [1]
  .near.rodata     const    0x00c866     0xb  BC95.o [1]
  .near.rodata     const    0x00c871     0xb  BC95.o [1]
  .near.rodata     const    0x00c87c     0xb  BC95.o [1]
  .near.rodata     const    0x00c887     0xb  BC95.o [1]
  .near.rodata     const    0x00c892     0xb  BC95.o [1]
  .near_func.text  ro code  0x00c89d     0xb  stm8l15x_flash.o [1]
  .near_func.text  ro code  0x00c8a8     0xb  stm8l15x_flash.o [1]
  .near_func.text  ro code  0x00c8b3     0xb  abs.o [4]
  .near.rodata     const    0x00c8be     0xa  BC95.o [1]
  .near_func.text  ro code  0x00c8c8     0xa  mcu_init.o [1]
  .near_func.text  ro code  0x00c8d2     0xa  stm8l15x_clk.o [1]
  .near.rodata     const    0x00c8dc     0x9  BC95.o [1]
  .near.rodata     const    0x00c8e5     0x9  BC95.o [1]
  .near.rodata     const    0x00c8ee     0x9  BC95.o [1]
  .near.rodata     const    0x00c8f7     0x9  BC95.o [1]
  .near.rodata     const    0x00c900     0x9  BC95.o [1]
  .near_func.text  ro code  0x00c909     0x9  BC95.o [1]
  .near_func.text  ro code  0x00c912     0x9  stm8l15x_gpio.o [1]
  .near_func.text  ro code  0x00c91b     0x9  stm8l15x_tim1.o [1]
  .near_func.text  ro code  0x00c924     0x9  stm8l15x_tim4.o [1]
  .near.rodata     const    0x00c92d     0x8  BC95.o [1]
  .near_func.text  ro code  0x00c935     0x8  stm8l15x_gpio.o [1]
  .near_func.text  ro code  0x00c93d     0x8  stm8l15x_usart.o [1]
  .near.rodata     const    0x00c945     0x7  BC95.o [1]
  .near_func.text  ro code  0x00c94c     0x7  stm8l15x_gpio.o [1]
  .near.rodata     const    0x00c953     0x6  BC95.o [1]
  .near.rodata     const    0x00c959     0x6  BC95.o [1]
  .near_func.text  ro code  0x00c95f     0x6  Save.o [1]
  .near.rodata     const    0x00c965     0x5  BC95.o [1]
  .near.rodata     const    0x00c96a     0x5  BC95.o [1]
  .near.rodata     const    0x00c96f     0x5  stm8l15x_clk.o [1]
  .near_func.text  ro code  0x00c974     0x5  BC95.o [1]
  .near_func.text  ro code  0x00c979     0x5  stm8l15x_adc.o [1]
  .near_func.text  ro code  0x00c97e     0x5  stm8l15x_flash.o [1]
  .near_func.text  ro code  0x00c983     0x5  stm8l15x_iwdg.o [1]
  .near_func.text  ro code  0x00c988     0x5  stm8l15x_iwdg.o [1]
  .near_func.text  ro code  0x00c98d     0x5  stm8l15x_usart.o [1]
  .near_func.text  ro code  0x00c992     0x5  stm8l15x_usart.o [1]
  .near_func.text  ro code  0x00c997     0x5  cexit.o [4]
  .near.rodata     const    0x00c99c     0x4  BC95.o [1]
  .near_func.text  ro code  0x00c9a0     0x4  stm8l15x_clk.o [1]
  .near_func.text  ro code  0x00c9a4     0x4  stm8l15x_clk.o [1]
  .near_func.text  ro code  0x00c9a8     0x4  stm8l15x_iwdg.o [1]
  .near_func.text  ro code  0x00c9ac     0x4  stm8l15x_iwdg.o [1]
  .near_func.text  ro code  0x00c9b0     0x4  stm8l15x_iwdg.o [1]
  .near.rodata     const    0x00c9b4     0x3  BC95.o [1]
  .near_func.text  ro code  0x00c9b7     0x3  interrupt.o [4]
  .near_func.text  ro code  0x00c9ba     0x3  low_level_init.o [4]
  .near_func.text  ro code  0x00c9bd     0x3  exit.o [4]
  .near_func.text  ro code  0x00c9c0     0x3  unhandled_exception.o [4]
  .near_func.text  ro code  0x00c9c3     0x1  stm8l15x_it.o [1]
  .near_func.text  ro code  0x00c9c4     0x1  stm8l15x_it.o [1]
  .near_func.text  ro code  0x00c9c5     0x1  stm8l15x_it.o [1]
  .near_func.text  ro code  0x00c9c6     0x1  stm8l15x_it.o [1]
  .near_func.text  ro code  0x00c9c7     0x1  stm8l15x_it.o [1]
  .near_func.text  ro code  0x00c9c8     0x1  stm8l15x_it.o [1]
  .near_func.text  ro code  0x00c9c9     0x1  stm8l15x_it.o [1]
  .near_func.text  ro code  0x00c9ca     0x1  stm8l15x_it.o [1]
  .near_func.text  ro code  0x00c9cb     0x1  stm8l15x_it.o [1]
  .near_func.text  ro code  0x00c9cc     0x1  stm8l15x_it.o [1]
  .near_func.text  ro code  0x00c9cd     0x1  stm8l15x_it.o [1]
  .near_func.text  ro code  0x00c9ce     0x1  stm8l15x_it.o [1]
  .near_func.text  ro code  0x00c9cf     0x1  stm8l15x_it.o [1]
  .near_func.text  ro code  0x00c9d0     0x1  stm8l15x_it.o [1]
  .near_func.text  ro code  0x00c9d1     0x1  stm8l15x_it.o [1]
  .near_func.text  ro code  0x00c9d2     0x1  stm8l15x_it.o [1]
  .near_func.text  ro code  0x00c9d3     0x1  stm8l15x_it.o [1]
  .near_func.text  ro code  0x00c9d4     0x1  stm8l15x_it.o [1]
  .near_func.text  ro code  0x00c9d5     0x1  stm8l15x_it.o [1]
  .near_func.text  ro code  0x00c9d6     0x1  stm8l15x_it.o [1]
  .near_func.text  ro code  0x00c9d7     0x1  stm8l15x_it.o [1]
  .near_func.text  ro code  0x00c9d8     0x1  stm8l15x_it.o [1]
  .near_func.text  ro code  0x00c9d9     0x1  stm8l15x_it.o [1]
  .near_func.text  ro code  0x00c9da     0x1  __dbg_break.o [3]
                          - 0x00c9db  0x495b


*******************************************************************************
*** INIT TABLE
***

          Address   Size
          -------   ----
Zero (__iar_zero_init2)
    1 destination range, total size 0x665:
          0x000010  0x665



*******************************************************************************
*** MODULE SUMMARY
***

    Module                 ro code  ro data  rw data
    ------                 -------  -------  -------
F:\0中科君达\0项目\NB水表\软件\NB-IOT程序V1.0\project\Debug\Obj: [1]
    BC95.o                   8 339      686      712
    Globaldata.o               132                21
    Pulse_Acquire.o            280                 5
    Save.o                     570
    Sys_Timer.o                820               161
    Temperature.o              202      332
    main.o                     275
    mcu_init.o                 345
    rtc.o                      428                17
    stm8l15x_adc.o             324
    stm8l15x_clk.o             519        5
    stm8l15x_exti.o            523
    stm8l15x_flash.o            77
    stm8l15x_gpio.o            199
    stm8l15x_it.o              187
    stm8l15x_itc.o             347
    stm8l15x_iwdg.o             22
    stm8l15x_pwr.o              28
    stm8l15x_rtc.o           1 445
    stm8l15x_tim1.o              9
    stm8l15x_tim4.o              9
    stm8l15x_usart.o           654
    uart.o                     415               721
    ------------------------------------------------
    Total:                  16 149    1 023    1 637

command line: [2]
    ------------------------------------------------
    Total:

dbgstm8smd.a: [3]
    __dbg_break.o                1
    __dbg_xxexit.o              20
    ------------------------------------------------
    Total:                      21

dlstm8smn.a: [4]
    abs.o                       11
    cexit.o                      5
    char.o                      30
    cstartup.o                  19
    dc_util.o                   26
    exit.o                       3
    float.o                    659
    init.o                      23
    init_small.o                30
    interrupt.o                  3      128
    long.o                     185
    long_util.o                 98
    low_level_init.o             3
    memcpy.o                    37
    memset.o                    23
    move.o                      13
    short.o                     58
    strstr.o                    68
    unhandled_exception.o        3
    vreg_util.o                281
    vregs.o                                       16
    ------------------------------------------------
    Total:                   1 578      128       16

    Linker created                        8      256
----------------------------------------------------
    Grand Total:            17 748    1 159    1 909


*******************************************************************************
*** ENTRY LIST
***

Entry                    Address   Size  Type      Object
-----                    -------   ----  ----      ------
.iar.init_table$$Base   0x00c406          --   Gb  - Linker created -
.iar.init_table$$Limit  0x00c40e          --   Gb  - Linker created -
?b0                     0x000000         Data  Gb  vregs.o [4]
?b1                     0x000001         Data  Gb  vregs.o [4]
?b10                    0x00000a         Data  Gb  vregs.o [4]
?b11                    0x00000b         Data  Gb  vregs.o [4]
?b12                    0x00000c         Data  Gb  vregs.o [4]
?b13                    0x00000d         Data  Gb  vregs.o [4]
?b14                    0x00000e         Data  Gb  vregs.o [4]
?b15                    0x00000f         Data  Gb  vregs.o [4]
?b2                     0x000002         Data  Gb  vregs.o [4]
?b3                     0x000003         Data  Gb  vregs.o [4]
?b4                     0x000004         Data  Gb  vregs.o [4]
?b5                     0x000005         Data  Gb  vregs.o [4]
?b6                     0x000006         Data  Gb  vregs.o [4]
?b7                     0x000007         Data  Gb  vregs.o [4]
?b8                     0x000008         Data  Gb  vregs.o [4]
?b9                     0x000009         Data  Gb  vregs.o [4]
?dc32_l0                0x00c56c         Code  Gb  dc_util.o [4]
?dc32_l1                0x00c579         Code  Gb  dc_util.o [4]
?e0                     0x000001         Data  Gb  vregs.o [4]
?e1                     0x000005         Data  Gb  vregs.o [4]
?e2                     0x000009         Data  Gb  vregs.o [4]
?e3                     0x00000d         Data  Gb  vregs.o [4]
?epilogue_l2            0x00a983         Code  Gb  vreg_util.o [4]
?epilogue_l2_l3         0x00a980         Code  Gb  vreg_util.o [4]
?epilogue_l2_w6         0x00a987         Code  Gb  vreg_util.o [4]
?epilogue_w4            0x00a98e         Code  Gb  vreg_util.o [4]
?fcastf32u16_l0_x       0x00a0f2         Code  Gb  float.o [4]
?fcasts16f32_x_l0       0x00a110         Code  Gb  float.o [4]
?fdiv32_l0_dc32_l1      0x00a03f         Code  Gb  float.o [4]
?fdiv32_l0_l0_l1        0x00a044         Code  Gb  float.o [4]
?fmul32_l0_l0_dc32      0x009f9f         Code  Gb  float.o [4]
?fmul32_l0_l0_l1        0x009fa4         Code  Gb  float.o [4]
?inc32_0x_0x            0x00ae3c         Code  Gb  long.o [4]
?inc32_l0_l0            0x00ae32         Code  Gb  long.o [4]
?inc32_l1_l1            0x00ae37         Code  Gb  long.o [4]
?l0                     0x000000         Data  Gb  vregs.o [4]
?l1                     0x000004         Data  Gb  vregs.o [4]
?l2                     0x000008         Data  Gb  vregs.o [4]
?l3                     0x00000c         Data  Gb  vregs.o [4]
?load32_0x_l0           0x00b975         Code  Gb  long_util.o [4]
?load32_0x_l1           0x00b983         Code  Gb  long_util.o [4]
?load32_0x_l2           0x00b991         Code  Gb  long_util.o [4]
?load32_l0_0x           0x00b94d         Code  Gb  long_util.o [4]
?load32_l0_asp          0x00b942         Code  Gb  long_util.o [4]
?load32_l0_dbsp         0x00b93d         Code  Gb  long_util.o [4]
?load32_l0_xsp          0x00b944         Code  Gb  long_util.o [4]
?load32_l1_0x           0x00b969         Code  Gb  long_util.o [4]
?load32_l1_asp          0x00b95e         Code  Gb  long_util.o [4]
?load32_l1_dbsp         0x00b959         Code  Gb  long_util.o [4]
?load32_l1_xsp          0x00b960         Code  Gb  long_util.o [4]
?mov_e0_e1              0x00a9aa         Code  Gb  vreg_util.o [4]
?mov_e0_e2              0x00a9b7         Code  Gb  vreg_util.o [4]
?mov_e0_e3              0x00a9c4         Code  Gb  vreg_util.o [4]
?mov_e1_e0              0x00a9d1         Code  Gb  vreg_util.o [4]
?mov_e2_e0              0x00a9de         Code  Gb  vreg_util.o [4]
?mov_e3_e0              0x00a9eb         Code  Gb  vreg_util.o [4]
?mov_l0_l1              0x00a9a7         Code  Gb  vreg_util.o [4]
?mov_l0_l2              0x00a9b4         Code  Gb  vreg_util.o [4]
?mov_l0_l3              0x00a9c1         Code  Gb  vreg_util.o [4]
?mov_l1_l0              0x00a9ce         Code  Gb  vreg_util.o [4]
?mov_l2_l0              0x00a9db         Code  Gb  vreg_util.o [4]
?mov_l3_l0              0x00a9e8         Code  Gb  vreg_util.o [4]
?mov_w0_w1              0x00a992         Code  Gb  vreg_util.o [4]
?mov_w1_w3              0x00a9ad         Code  Gb  vreg_util.o [4]
?mov_w1_w5              0x00a9ba         Code  Gb  vreg_util.o [4]
?mov_w1_w6              0x00a999         Code  Gb  vreg_util.o [4]
?mov_w1_w7              0x00a9c7         Code  Gb  vreg_util.o [4]
?mov_w2_w1              0x00a9a0         Code  Gb  vreg_util.o [4]
?mov_w3_w1              0x00a9d4         Code  Gb  vreg_util.o [4]
?mov_w5_w1              0x00a9e1         Code  Gb  vreg_util.o [4]
?mov_w7_w1              0x00a9ee         Code  Gb  vreg_util.o [4]
?move1616_v_x_y_a       0x00c7fb         Code  Gb  move.o [4]
?mul16_x_x_w0           0x00c0a6         Code  Gb  short.o [4]
?pop_l0                 0x00a94c         Code  Gb  vreg_util.o [4]
?pop_l1                 0x00a957         Code  Gb  vreg_util.o [4]
?pop_l2                 0x00a962         Code  Gb  vreg_util.o [4]
?pop_l3                 0x00a96d         Code  Gb  vreg_util.o [4]
?pop_w4                 0x00a8fe         Code  Gb  vreg_util.o [4]
?pop_w6                 0x00a905         Code  Gb  vreg_util.o [4]
?pop_w7                 0x00a90c         Code  Gb  vreg_util.o [4]
?push_l0                0x00a91b         Code  Gb  vreg_util.o [4]
?push_l1                0x00a920         Code  Gb  vreg_util.o [4]
?push_l2                0x00a925         Code  Gb  vreg_util.o [4]
?push_l3                0x00a92a         Code  Gb  vreg_util.o [4]
?push_w4                0x00a8dc         Code  Gb  vreg_util.o [4]
?push_w6                0x00a8e1         Code  Gb  vreg_util.o [4]
?push_w7                0x00a8e6         Code  Gb  vreg_util.o [4]
?sext16_x_a             0x00c0d9         Code  Gb  short.o [4]
?sll16_x_x_a            0x00c0c4         Code  Gb  short.o [4]
?sll8_a_a_5             0x00c4bd         Code  Gb  char.o [4]
?smod8_a_b0_a           0x00c4a9         Code  Gb  char.o [4]
?srl16_x_x_10           0x00c0ce         Code  Gb  short.o [4]
?srl16_x_x_11           0x00c0cd         Code  Gb  short.o [4]
?srl16_x_x_12           0x00c0cc         Code  Gb  short.o [4]
?srl16_x_x_4            0x00c0d4         Code  Gb  short.o [4]
?srl16_x_x_5            0x00c0d3         Code  Gb  short.o [4]
?srl16_x_x_6            0x00c0d2         Code  Gb  short.o [4]
?srl16_x_x_7            0x00c0d1         Code  Gb  short.o [4]
?srl16_x_x_8            0x00c0d0         Code  Gb  short.o [4]
?srl16_x_x_9            0x00c0cf         Code  Gb  short.o [4]
?srl32_0x_0x_a          0x00aedd         Code  Gb  long.o [4]
?srl32_l0_l0_a          0x00aeda         Code  Gb  long.o [4]
?srl8_a_a_5             0x00c4c2         Code  Gb  char.o [4]
?ucmp32_c_l0_0x         0x00aebf         Code  Gb  long.o [4]
?ucmp32_c_l0_l1         0x00aecf         Code  Gb  long.o [4]
?udiv32_l0_l0_dl        0x00ae4f         Code  Gb  long.o [4]
?udiv32_l0_l0_l1        0x00ae52         Code  Gb  long.o [4]
?umod32_l1_l0_dl        0x00ae4a         Code  Gb  long.o [4]
?umod32_l1_l0_l1        0x00ae52         Code  Gb  long.o [4]
?w0                     0x000000         Data  Gb  vregs.o [4]
?w1                     0x000002         Data  Gb  vregs.o [4]
?w2                     0x000004         Data  Gb  vregs.o [4]
?w3                     0x000006         Data  Gb  vregs.o [4]
?w4                     0x000008         Data  Gb  vregs.o [4]
?w5                     0x00000a         Data  Gb  vregs.o [4]
?w6                     0x00000c         Data  Gb  vregs.o [4]
?w7                     0x00000e         Data  Gb  vregs.o [4]
ACK                     0x00b7ab   0x8a  Code  Gb  BC95.o [1]
ADC1_COMP_IRQHandler    0x00c9d2    0x1  Code  Gb  stm8l15x_it.o [1]
ADC_ChannelCmd          0x00bdb9   0x4e  Code  Gb  stm8l15x_adc.o [1]
ADC_ClearFlag           0x00c7ee    0xd  Code  Gb  stm8l15x_adc.o [1]
ADC_Cmd                 0x00c738   0x11  Code  Gb  stm8l15x_adc.o [1]
ADC_GetConversionValue  0x00c2e3   0x28  Code  Gb  stm8l15x_adc.o [1]
ADC_GetFlagStatus       0x00c48b   0x1e  Code  Gb  stm8l15x_adc.o [1]
ADC_Init                0x00c1b5   0x2f  Code  Gb  stm8l15x_adc.o [1]
ADC_SamplingTimeConfig  0x00bcca   0x50  Code  Gb  stm8l15x_adc.o [1]
ADC_SoftwareStartConv   0x00c979    0x5  Code  Gb  stm8l15x_adc.o [1]
ADC_VrefintCmd          0x00c768    0xe  Code  Gb  stm8l15x_adc.o [1]
ASCLL_to_Int            0x00be9d   0x46  Code  Gb  Globaldata.o [1]
Alarm_Interrupt         0x00c2bb   0x28  Code  Gb  rtc.o [1]
BAT_Alarm_Vol           0x00066a    0x2  Data  Gb  Globaldata.o [1]
BAT_Vol                 0x000668    0x2  Data  Gb  Globaldata.o [1]
BC95                    0x0002e1  0x2c8  Data  Gb  BC95.o [1]
BC95_Data_Send          0x00c40e   0x20  Code  Gb  BC95.o [1]
BC95_Delay_CallBalk     0x00c974    0x5  Code  Gb  BC95.o [1]
BC95_Power_Off          0x00c909    0x9  Code  Gb  BC95.o [1]
BC95_Power_On           0x00bf6c   0x42  Code  Gb  BC95.o [1]
BC95_Process            0x0093cd  0x645  Code  Gb  BC95.o [1]
BC95_Reset              0x00c46d   0x1e  Code  Gb  BC95.o [1]
BC95_Start              0x00c7a0    0xd  Code  Gb  BC95.o [1]
BC95_Start_Timeout_CallBalk
                        0x00c30b   0x25  Code  Gb  BC95.o [1]
BCD_to_Int              0x00c39e   0x23  Code  Gb  Globaldata.o [1]
Bcd2ToByte              0x00c537   0x1b  Code  Lc  stm8l15x_rtc.o [1]
ByteToBcd2              0x00c42e   0x20  Code  Lc  stm8l15x_rtc.o [1]
CLK_GetClockFreq        0x00b5fb   0x93  Code  Gb  stm8l15x_clk.o [1]
CLK_GetFlagStatus       0x00b43a   0x99  Code  Gb  stm8l15x_clk.o [1]
CLK_HSICmd              0x00c776    0xe  Code  Gb  stm8l15x_clk.o [1]
CLK_HaltConfig          0x00c552   0x1a  Code  Gb  stm8l15x_clk.o [1]
CLK_LSEConfig           0x00c712   0x13  Code  Gb  stm8l15x_clk.o [1]
CLK_PeripheralClockConfig
                        0x00b71d   0x8e  Code  Gb  stm8l15x_clk.o [1]
CLK_RTCClockConfig      0x00c8d2    0xa  Code  Gb  stm8l15x_clk.o [1]
CLK_SYSCLKDivConfig     0x00c9a4    0x4  Code  Gb  stm8l15x_clk.o [1]
CLK_SYSCLKSourceConfig  0x00c9a0    0x4  Code  Gb  stm8l15x_clk.o [1]
CSTACK$$Base            0x000f00          --   Gb  - Linker created -
CSTACK$$Limit           0x001000          --   Gb  - Linker created -
Cal                     0x000657    0x5  Data  Gb  Pulse_Acquire.o [1]
Create_Timer            0x00a9f5  0x105  Code  Gb  Sys_Timer.o [1]
DMA1_CHANNEL0_1_IRQHandler
                        0x00c9c5    0x1  Code  Gb  stm8l15x_it.o [1]
DMA1_CHANNEL2_3_IRQHandler
                        0x00c9c6    0x1  Code  Gb  stm8l15x_it.o [1]
Delete_Timer            0x00bd1a   0x50  Code  Gb  Sys_Timer.o [1]
Device_Status           0x000670    0x1  Data  Gb  Globaldata.o [1]
EXTI0_IRQHandler        0x00c659   0x16  Code  Gb  stm8l15x_it.o [1]
EXTI1_IRQHandler        0x00c9c9    0x1  Code  Gb  stm8l15x_it.o [1]
EXTI2_IRQHandler        0x00c9ca    0x1  Code  Gb  stm8l15x_it.o [1]
EXTI3_IRQHandler        0x00c9cb    0x1  Code  Gb  stm8l15x_it.o [1]
EXTI4_IRQHandler        0x00c9cc    0x1  Code  Gb  stm8l15x_it.o [1]
EXTI5_IRQHandler        0x00c9cd    0x1  Code  Gb  stm8l15x_it.o [1]
EXTI6_IRQHandler        0x00c9ce    0x1  Code  Gb  stm8l15x_it.o [1]
EXTI7_IRQHandler        0x00c9cf    0x1  Code  Gb  stm8l15x_it.o [1]
EXTIB_G_IRQHandler      0x00c9c8    0x1  Code  Gb  stm8l15x_it.o [1]
EXTID_H_IRQHandler      0x00c643   0x16  Code  Gb  stm8l15x_it.o [1]
EXTIE_F_PVD_IRQHandler  0x00c9c7    0x1  Code  Gb  stm8l15x_it.o [1]
EXTI_ClearITPendingBit  0x00c3e4   0x22  Code  Gb  stm8l15x_exti.o [1]
EXTI_SelectPort         0x00c14d   0x36  Code  Gb  stm8l15x_exti.o [1]
EXTI_SetHalfPortSelection
                        0x00bfee   0x3f  Code  Gb  stm8l15x_exti.o [1]
EXTI_SetPinSensitivity  0x00a7bd  0x11f  Code  Gb  stm8l15x_exti.o [1]
EXTI_SetPortSensitivity
                        0x00bbcb   0x55  Code  Gb  stm8l15x_exti.o [1]
Exti0_Interrupt         0x00c330   0x25  Code  Gb  Pulse_Acquire.o [1]
ExtiD_Interrupt         0x00b4d3   0x94  Code  Gb  Pulse_Acquire.o [1]
FLASH_GetFlagStatus     0x00c59f   0x19  Code  Gb  stm8l15x_flash.o [1]
FLASH_IRQHandler        0x00c9c4    0x1  Code  Gb  stm8l15x_it.o [1]
FLASH_Lock              0x00c89d    0xb  Code  Gb  stm8l15x_flash.o [1]
FLASH_ProgramByte       0x00c8a8    0xb  Code  Gb  stm8l15x_flash.o [1]
FLASH_ReadByte          0x00c97e    0x5  Code  Gb  stm8l15x_flash.o [1]
FLASH_Unlock            0x00c586   0x19  Code  Gb  stm8l15x_flash.o [1]
GPIO_Configuration      0x00be54   0x49  Code  Gb  mcu_init.o [1]
GPIO_Init               0x00afa2   0xaf  Code  Gb  stm8l15x_gpio.o [1]
GPIO_ReadInputDataBit   0x00c912    0x9  Code  Gb  stm8l15x_gpio.o [1]
GPIO_ResetBits          0x00c935    0x8  Code  Gb  stm8l15x_gpio.o [1]
GPIO_SetBits            0x00c94c    0x7  Code  Gb  stm8l15x_gpio.o [1]
Gather_Cycle_counter    0x000673    0x1  Data  Gb  Globaldata.o [1]
I2C1_SPI2_IRQHandler    0x00c9d9    0x1  Code  Gb  stm8l15x_it.o [1]
INTVEC$$Base            0x008000          --   Gb  - Linker created -
INTVEC$$Limit           0x008080          --   Gb  - Linker created -
ITC_SetSoftwarePriority
                        0x00a3c4  0x15b  Code  Gb  stm8l15x_itc.o [1]
IWDG_Enable             0x00c988    0x5  Code  Gb  stm8l15x_iwdg.o [1]
IWDG_INIT               0x00c62d   0x16  Code  Gb  main.o [1]
IWDG_ReloadCounter      0x00c983    0x5  Code  Gb  stm8l15x_iwdg.o [1]
IWDG_SetPrescaler       0x00c9ac    0x4  Code  Gb  stm8l15x_iwdg.o [1]
IWDG_SetReload          0x00c9b0    0x4  Code  Gb  stm8l15x_iwdg.o [1]
IWDG_WriteAccessCmd     0x00c9a8    0x4  Code  Gb  stm8l15x_iwdg.o [1]
Int_to_ASCLL            0x00c51c   0x1b  Code  Gb  Globaldata.o [1]
LCD_AES_IRQHandler      0x00c9d0    0x1  Code  Gb  stm8l15x_it.o [1]
Last_Vol                0x00066e    0x2  Data  Gb  rtc.o [1]
Meter_Number            0x000649    0x7  Data  Gb  Globaldata.o [1]
PWR_FastWakeUpCmd       0x00c784    0xe  Code  Gb  stm8l15x_pwr.o [1]
PWR_UltraLowPowerCmd    0x00c792    0xe  Code  Gb  stm8l15x_pwr.o [1]
Pulse_Acquire_Config    0x00ba00   0x5f  Code  Gb  Pulse_Acquire.o [1]
RCC_Configuration       0x00c8c8    0xa  Code  Gb  mcu_init.o [1]
RTC_AlarmCmd            0x00bc75   0x55  Code  Gb  stm8l15x_rtc.o [1]
RTC_AlarmStr            0x000650    0x7  Data  Gb  rtc.o [1]
RTC_CSSLSE_IRQHandler   0x00c4e5   0x1c  Code  Gb  stm8l15x_it.o [1]
RTC_ClearITPendingBit   0x00c844    0xc  Code  Gb  stm8l15x_rtc.o [1]
RTC_DateStr             0x000664    0x4  Data  Gb  rtc.o [1]
RTC_EnterInitMode       0x00c211   0x2c  Code  Gb  stm8l15x_rtc.o [1]
RTC_GetDate             0x00bb19   0x5c  Code  Gb  stm8l15x_rtc.o [1]
RTC_GetITStatus         0x00c1e4   0x2d  Code  Gb  stm8l15x_rtc.o [1]
RTC_GetTime             0x00bc20   0x55  Code  Gb  stm8l15x_rtc.o [1]
RTC_ITConfig            0x00c06b   0x3b  Code  Gb  stm8l15x_rtc.o [1]
RTC_Init                0x00babd   0x5c  Code  Gb  stm8l15x_rtc.o [1]
RTC_SetAlarm            0x00a51f  0x152  Code  Gb  stm8l15x_rtc.o [1]
RTC_SetDate             0x00aeeb   0xb7  Code  Gb  stm8l15x_rtc.o [1]
RTC_SetTime             0x00b1ab   0xab  Code  Gb  stm8l15x_rtc.o [1]
RTC_SetWakeUpCounter    0x00c6b0   0x15  Code  Gb  stm8l15x_rtc.o [1]
RTC_TimeStr             0x000660    0x4  Data  Gb  rtc.o [1]
RTC_WaitForSynchro      0x00c0e0   0x37  Code  Gb  stm8l15x_rtc.o [1]
RTC_WakeUpClockConfig   0x00c3c1   0x23  Code  Gb  stm8l15x_rtc.o [1]
RTC_WakeUpCmd           0x00bee3   0x45  Code  Gb  stm8l15x_rtc.o [1]
Read_ACUM_Flow          0x00c759    0xf  Code  Gb  Save.o [1]
Read_BAT_Alarm_Value    0x00c6ec   0x13  Code  Gb  Save.o [1]
Read_BC95_ErrorRecord   0x00c95f    0x6  Code  Gb  Save.o [1]
Read_Meter_Number       0x00c37a   0x24  Code  Gb  Save.o [1]
Read_Report_Cycle       0x00c6ff   0x13  Code  Gb  Save.o [1]
Read_Settle_Date        0x00c749   0x10  Code  Gb  Save.o [1]
Read_Temp               0x00aca0   0xca  Code  Gb  Temperature.o [1]
Read_Voltage            0x00b256   0xa5  Code  Gb  mcu_init.o [1]
Recv_Data_Process       0x009a12  0x58d  Code  Gb  BC95.o [1]
Region$$Table$$Base     0x00c406          --   Gb  - Linker created -
Region$$Table$$Limit    0x00c40e          --   Gb  - Linker created -
Report_All_Parameters   0x008080  0xb5c  Code  Gb  BC95.o [1]
Report_Cycle            0x00066c    0x2  Data  Gb  Globaldata.o [1]
Report_Cycle_counter    0x00065c    0x4  Data  Gb  Globaldata.o [1]
Report_HC_Flow          0x008bdc  0x7f1  Code  Gb  BC95.o [1]
Rtc_Config              0x00ba5f   0x5e  Code  Gb  rtc.o [1]
SPI1_IRQHandler         0x00c9d6    0x1  Code  Gb  stm8l15x_it.o [1]
SWITCH_CSS_BREAK_DAC_IRQHandler
                        0x00c9d1    0x1  Code  Gb  stm8l15x_it.o [1]
SYSDivFactor            0x00c96f    0x5  Data  Gb  stm8l15x_clk.o [1]
Save_Add_Flow           0x00c69b   0x15  Code  Gb  Save.o [1]
Save_BAT_Alarm_Value    0x00c7ad    0xd  Code  Gb  Save.o [1]
Save_BC95_ErrorRecord   0x00c7e1    0xd  Code  Gb  Save.o [1]
Save_Meter_Number       0x00c7d4    0xd  Code  Gb  Save.o [1]
Save_Report_Cycle       0x00c7c7    0xd  Code  Gb  Save.o [1]
Save_SDCF_Flow          0x00aafa   0xd3  Code  Gb  Save.o [1]
Save_Settle_Date        0x00c7ba    0xd  Code  Gb  Save.o [1]
Send_Data_Process       0x00c5e8   0x17  Code  Gb  BC95.o [1]
Set_Alarm               0x00c117   0x36  Code  Gb  rtc.o [1]
Settle_Date             0x000672    0x1  Data  Gb  Globaldata.o [1]
Sleep                   0x00b051   0xae  Code  Gb  main.o [1]
SysTick_Handler         0x00a232  0x192  Code  Gb  Sys_Timer.o [1]
Sys_Timer               0x0005a9   0xa0  Data  Lc  Sys_Timer.o [1]
Sys_Timer_Process       0x00be07   0x4d  Code  Gb  Sys_Timer.o [1]
TIM1_CC_IRQHandler      0x00c9d5    0x1  Code  Gb  stm8l15x_it.o [1]
TIM1_ClearITPendingBit  0x00c91b    0x9  Code  Gb  stm8l15x_tim1.o [1]
TIM1_UPD_OVF_TRG_COM_IRQHandler
                        0x00c5b8   0x18  Code  Gb  stm8l15x_it.o [1]
TIM2_CC_USART2_RX_IRQHandler
                        0x00c685   0x16  Code  Gb  stm8l15x_it.o [1]
TIM2_UPD_OVF_TRG_BRK_USART2_TX_IRQHandler
                        0x00c66f   0x16  Code  Gb  stm8l15x_it.o [1]
TIM3_CC_USART3_RX_IRQHandler
                        0x00c9d4    0x1  Code  Gb  stm8l15x_it.o [1]
TIM3_UPD_OVF_TRG_BRK_USART3_TX_IRQHandler
                        0x00c9d3    0x1  Code  Gb  stm8l15x_it.o [1]
TIM4_ClearITPendingBit  0x00c924    0x9  Code  Gb  stm8l15x_tim4.o [1]
TIM4_UPD_OVF_TRG_IRQHandler
                        0x00c5d0   0x18  Code  Gb  stm8l15x_it.o [1]
TRAP_IRQHandler         0x00c9c3    0x1  Code  Gb  stm8l15x_it.o [1]
Temp                    0x000671    0x1  Data  Gb  Globaldata.o [1]
Temp_Table              0x00a671  0x14c  Data  Gb  Temperature.o [1]
USART1_RX_TIM5_CC_IRQHandler
                        0x00c9d8    0x1  Code  Gb  stm8l15x_it.o [1]
USART1_TX_TIM5_UPD_OVF_TRG_BRK_IRQHandler
                        0x00c9d7    0x1  Code  Gb  stm8l15x_it.o [1]
USART2_Configuration    0x00b99f   0x61  Code  Gb  mcu_init.o [1]
USART2_IRQHandler       0x00b68e   0x8f  Code  Gb  uart.o [1]
USART2_TX_IRQHandler    0x00bb75   0x56  Code  Gb  uart.o [1]
USART_ClearITPendingBit
                        0x00c992    0x5  Code  Gb  stm8l15x_usart.o [1]
USART_Cmd               0x00c23d   0x2b  Code  Gb  stm8l15x_usart.o [1]
USART_DeInit            0x00c02d   0x3e  Code  Gb  stm8l15x_usart.o [1]
USART_GetITStatus       0x00b0ff   0xac  Code  Gb  stm8l15x_usart.o [1]
USART_ITConfig          0x00b567   0x94  Code  Gb  stm8l15x_usart.o [1]
USART_Init              0x00abcd   0xd3  Code  Gb  stm8l15x_usart.o [1]
USART_ReceiveData8      0x00c98d    0x5  Code  Gb  stm8l15x_usart.o [1]
USART_SendData8         0x00c93d    0x8  Code  Gb  stm8l15x_usart.o [1]
Uart2                   0x000010  0x2d1  Data  Gb  uart.o [1]
Uart2_Receive           0x00c183   0x32  Code  Gb  uart.o [1]
Uart2_Send              0x00b835   0x88  Code  Gb  uart.o [1]
Wake_Interrupt          0x00b39d   0x9d  Code  Gb  rtc.o [1]
WriteRom                0x00b2fb   0xa2  Code  Gb  Save.o [1]
__DebugBreak            0x00c9da    0x1  Code  Gb  __dbg_break.o [3]
__exit                  0x00c6c5   0x14  Code  Gb  __dbg_xxexit.o [3]
__iar_Strstr            0x00bf28   0x44  Code  Gb  strstr.o [4]
__iar_data_init2        0x00c616   0x17  Code  Gb  init.o [4]
__iar_program_start     0x00c725         Code  Gb  cstartup.o [4]
__iar_unhandled_exception
                        0x00c9c0         Code  Gb  unhandled_exception.o [4]
__iar_zero_init2        0x00c4c7         Code  Gb  init_small.o [4]
__intvec                0x008000         Data  Gb  interrupt.o [4]
__low_level_init        0x00c9ba    0x3  Code  Gb  low_level_init.o [4]
_exit                   0x00c997         Code  Gb  cexit.o [4]
_interrupt_1            0x00c9c3         Code  Gb  stm8l15x_it.o [1]
_interrupt_10           0x00c659         Code  Gb  stm8l15x_it.o [1]
_interrupt_11           0x00c9c9         Code  Gb  stm8l15x_it.o [1]
_interrupt_12           0x00c9ca         Code  Gb  stm8l15x_it.o [1]
_interrupt_13           0x00c9cb         Code  Gb  stm8l15x_it.o [1]
_interrupt_14           0x00c9cc         Code  Gb  stm8l15x_it.o [1]
_interrupt_15           0x00c9cd         Code  Gb  stm8l15x_it.o [1]
_interrupt_16           0x00c9ce         Code  Gb  stm8l15x_it.o [1]
_interrupt_17           0x00c9cf         Code  Gb  stm8l15x_it.o [1]
_interrupt_18           0x00c9d0         Code  Gb  stm8l15x_it.o [1]
_interrupt_19           0x00c9d1         Code  Gb  stm8l15x_it.o [1]
_interrupt_20           0x00c9d2         Code  Gb  stm8l15x_it.o [1]
_interrupt_21           0x00c66f         Code  Gb  stm8l15x_it.o [1]
_interrupt_22           0x00c685         Code  Gb  stm8l15x_it.o [1]
_interrupt_23           0x00c9d3         Code  Gb  stm8l15x_it.o [1]
_interrupt_24           0x00c9d4         Code  Gb  stm8l15x_it.o [1]
_interrupt_25           0x00c5b8         Code  Gb  stm8l15x_it.o [1]
_interrupt_26           0x00c9d5         Code  Gb  stm8l15x_it.o [1]
_interrupt_27           0x00c5d0         Code  Gb  stm8l15x_it.o [1]
_interrupt_28           0x00c9d6         Code  Gb  stm8l15x_it.o [1]
_interrupt_29           0x00c9d7         Code  Gb  stm8l15x_it.o [1]
_interrupt_3            0x00c9c4         Code  Gb  stm8l15x_it.o [1]
_interrupt_30           0x00c9d8         Code  Gb  stm8l15x_it.o [1]
_interrupt_31           0x00c9d9         Code  Gb  stm8l15x_it.o [1]
_interrupt_4            0x00c9c5         Code  Gb  stm8l15x_it.o [1]
_interrupt_5            0x00c9c6         Code  Gb  stm8l15x_it.o [1]
_interrupt_6            0x00c4e5         Code  Gb  stm8l15x_it.o [1]
_interrupt_7            0x00c9c7         Code  Gb  stm8l15x_it.o [1]
_interrupt_8            0x00c9c8         Code  Gb  stm8l15x_it.o [1]
_interrupt_9            0x00c643         Code  Gb  stm8l15x_it.o [1]
abs                     0x00c8b3    0xb  Code  Gb  abs.o [4]
delay_ms                0x00c292   0x29  Code  Gb  rtc.o [1]
exit                    0x00c9bd    0x3  Code  Gb  exit.o [4]
main                    0x00bd6a   0x4f  Code  Gb  main.o [1]
memcpy                  0x00c355   0x25  Code  Gb  memcpy.o [4]
memset                  0x00c5ff   0x17  Code  Gb  memset.o [4]
rtc_interrupt           0x00c268   0x2a  Code  Gb  rtc.o [1]
strstr                  0x00c6d9   0x13  Code  Gb  BC95.o [1]


[1] = F:\0中科君达\0项目\NB水表\软件\NB-IOT程序V1.0\project\Debug\Obj
[2] = command line
[3] = dbgstm8smd.a
[4] = dlstm8smn.a

  17 748 bytes of readonly  code memory
   1 159 bytes of readonly  data memory
   1 909 bytes of readwrite data memory

Errors: none
Warnings: none
