###############################################################################
#
# IAR ELF Linker V2.10.4.157 for STM8                     02/Jul/2018  14:59:28
# Copyright 2010-2015 IAR Systems AB.
#
#    Output file  =  
#        F:\中科君达\NB水表\软件\NB-IOT程序V1.0\project\Debug\Exe\project.out
#    Map file     =  
#        F:\中科君达\NB水表\软件\NB-IOT程序V1.0\project\Debug\List\project.map
#    Command line =  
#        F:\中科君达\NB水表\软件\NB-IOT程序V1.0\project\Debug\Obj\BC95.o
#        F:\中科君达\NB水表\软件\NB-IOT程序V1.0\project\Debug\Obj\Globaldata.o
#        F:\中科君达\NB水表\软件\NB-IOT程序V1.0\project\Debug\Obj\main.o
#        F:\中科君达\NB水表\软件\NB-IOT程序V1.0\project\Debug\Obj\mcu_init.o
#        F:\中科君达\NB水表\软件\NB-IOT程序V1.0\project\Debug\Obj\Pulse_Acquire.o
#        F:\中科君达\NB水表\软件\NB-IOT程序V1.0\project\Debug\Obj\rtc.o
#        F:\中科君达\NB水表\软件\NB-IOT程序V1.0\project\Debug\Obj\Save.o
#        F:\中科君达\NB水表\软件\NB-IOT程序V1.0\project\Debug\Obj\stm8l15x_adc.o
#        F:\中科君达\NB水表\软件\NB-IOT程序V1.0\project\Debug\Obj\stm8l15x_aes.o
#        F:\中科君达\NB水表\软件\NB-IOT程序V1.0\project\Debug\Obj\stm8l15x_beep.o
#        F:\中科君达\NB水表\软件\NB-IOT程序V1.0\project\Debug\Obj\stm8l15x_clk.o
#        F:\中科君达\NB水表\软件\NB-IOT程序V1.0\project\Debug\Obj\stm8l15x_comp.o
#        F:\中科君达\NB水表\软件\NB-IOT程序V1.0\project\Debug\Obj\stm8l15x_dac.o
#        F:\中科君达\NB水表\软件\NB-IOT程序V1.0\project\Debug\Obj\stm8l15x_dma.o
#        F:\中科君达\NB水表\软件\NB-IOT程序V1.0\project\Debug\Obj\stm8l15x_exti.o
#        F:\中科君达\NB水表\软件\NB-IOT程序V1.0\project\Debug\Obj\stm8l15x_flash.o
#        F:\中科君达\NB水表\软件\NB-IOT程序V1.0\project\Debug\Obj\stm8l15x_gpio.o
#        F:\中科君达\NB水表\软件\NB-IOT程序V1.0\project\Debug\Obj\stm8l15x_i2c.o
#        F:\中科君达\NB水表\软件\NB-IOT程序V1.0\project\Debug\Obj\stm8l15x_irtim.o
#        F:\中科君达\NB水表\软件\NB-IOT程序V1.0\project\Debug\Obj\stm8l15x_it.o
#        F:\中科君达\NB水表\软件\NB-IOT程序V1.0\project\Debug\Obj\stm8l15x_itc.o
#        F:\中科君达\NB水表\软件\NB-IOT程序V1.0\project\Debug\Obj\stm8l15x_iwdg.o
#        F:\中科君达\NB水表\软件\NB-IOT程序V1.0\project\Debug\Obj\stm8l15x_lcd.o
#        F:\中科君达\NB水表\软件\NB-IOT程序V1.0\project\Debug\Obj\stm8l15x_pwr.o
#        F:\中科君达\NB水表\软件\NB-IOT程序V1.0\project\Debug\Obj\stm8l15x_rst.o
#        F:\中科君达\NB水表\软件\NB-IOT程序V1.0\project\Debug\Obj\stm8l15x_rtc.o
#        F:\中科君达\NB水表\软件\NB-IOT程序V1.0\project\Debug\Obj\stm8l15x_spi.o
#        F:\中科君达\NB水表\软件\NB-IOT程序V1.0\project\Debug\Obj\stm8l15x_syscfg.o
#        F:\中科君达\NB水表\软件\NB-IOT程序V1.0\project\Debug\Obj\stm8l15x_tim1.o
#        F:\中科君达\NB水表\软件\NB-IOT程序V1.0\project\Debug\Obj\stm8l15x_tim2.o
#        F:\中科君达\NB水表\软件\NB-IOT程序V1.0\project\Debug\Obj\stm8l15x_tim3.o
#        F:\中科君达\NB水表\软件\NB-IOT程序V1.0\project\Debug\Obj\stm8l15x_tim4.o
#        F:\中科君达\NB水表\软件\NB-IOT程序V1.0\project\Debug\Obj\stm8l15x_tim5.o
#        F:\中科君达\NB水表\软件\NB-IOT程序V1.0\project\Debug\Obj\stm8l15x_usart.o
#        F:\中科君达\NB水表\软件\NB-IOT程序V1.0\project\Debug\Obj\stm8l15x_wfe.o
#        F:\中科君达\NB水表\软件\NB-IOT程序V1.0\project\Debug\Obj\stm8l15x_wwdg.o
#        F:\中科君达\NB水表\软件\NB-IOT程序V1.0\project\Debug\Obj\Sys_Timer.o
#        F:\中科君达\NB水表\软件\NB-IOT程序V1.0\project\Debug\Obj\Temperature.o
#        F:\中科君达\NB水表\软件\NB-IOT程序V1.0\project\Debug\Obj\uart.o
#        --redirect _Printf=_PrintfSmall --redirect _Scanf=_ScanfSmall -o
#        F:\中科君达\NB水表\软件\NB-IOT程序V1.0\project\Debug\Exe\project.out
#        --map
#        F:\中科君达\NB水表\软件\NB-IOT程序V1.0\project\Debug\List\project.map
#        --config "D:\IAR for STM8\stm8\config\lnkstm8l151c8.icf" --config_def
#        _CSTACK_SIZE=0x100 --config_def _HEAP_SIZE=0x100 --entry
#        __iar_program_start --debug_lib
#
###############################################################################

*******************************************************************************
*** RUNTIME MODEL ATTRIBUTES
***

__SystemLibrary            = DLib
__code_model               = small
__core                     = stm8
__data_model               = medium
__dlib_file_descriptor     = 0
__dlib_full_locale_support = 0
__rt_version               = 4


*******************************************************************************
*** PLACEMENT SUMMARY
***

"A1":  place at start of [0x000000-0x0000ff] { rw section .vregs };
"A2":  place at end of [0x000000-0x000fff] { block CSTACK };
"P2":  place in [from 0x000000 to 0x000fff] {
          block HEAP, rw section __DLIB_PERTHREAD, rw section .far.bss,
          rw section .far.data, rw section .far.noinit,
          rw section .far_func.textrw, rw section .huge.bss,
          rw section .huge.data, rw section .huge.noinit,
          rw section .huge_func.textrw, rw section .iar.dynexit,
          rw section .near.bss, rw section .near.data, rw section .near.noinit,
          rw section .near_func.textrw };
"A3":  place at start of [0x008000-0x00ffff] { block INTVEC };
"P3":  place in [from 0x008000 to 0x00ffff] {
          ro section __DLIB_PERTHREAD_init, ro section .far.data_init,
          ro section .far_func.textrw_init, ro section .huge.data_init,
          ro section .huge_func.textrw_init, ro section .iar.init_table,
          ro section .init_array, ro section .near.data_init,
          ro section .near.rodata, ro section .near_func.text,
          ro section .near_func.textrw_init, ro section .tiny.data_init,
          ro section .tiny.rodata_init };

  Section          Kind      Address    Size  Object
  -------          ----      -------    ----  ------
"A1":                                   0x10
  .vregs           uninit   0x000000    0x10  vregs.o [4]
                          - 0x000010    0x10

"P2":                                  0x6ed
  .near.bss        zero     0x000010   0x2d1  uart.o [1]
  .near.bss        zero     0x0002e1   0x2c6  BC95.o [1]
  .near.bss        zero     0x0005a7    0xa0  Sys_Timer.o [1]
  .near.bss        zero     0x000647    0x89  uart.o [1]
  .near.bss        zero     0x0006d0     0x7  Globaldata.o [1]
  .near.bss        zero     0x0006d7     0x7  rtc.o [1]
  .near.bss        zero     0x0006de     0x5  Pulse_Acquire.o [1]
  .near.bss        zero     0x0006e3     0x4  Globaldata.o [1]
  .near.bss        zero     0x0006e7     0x4  rtc.o [1]
  .near.bss        zero     0x0006eb     0x4  rtc.o [1]
  .near.bss        zero     0x0006ef     0x2  Globaldata.o [1]
  .near.bss        zero     0x0006f1     0x2  Globaldata.o [1]
  .near.bss        zero     0x0006f3     0x2  Globaldata.o [1]
  .near.bss        zero     0x0006f5     0x2  rtc.o [1]
  .near.bss        zero     0x0006f7     0x1  Globaldata.o [1]
  .near.bss        zero     0x0006f8     0x1  Globaldata.o [1]
  .near.bss        zero     0x0006f9     0x1  Globaldata.o [1]
  .near.bss        zero     0x0006fa     0x1  Globaldata.o [1]
  .near.bss        zero     0x0006fb     0x1  stm8l15x_it.o [1]
  .near.bss        zero     0x0006fc     0x1  Sys_Timer.o [1]
                          - 0x0006fd   0x6ed

"A2":                                  0x100
  CSTACK                    0x000f00   0x100  <Block>
    CSTACK         uninit   0x000f00   0x100  <Block tail>
                          - 0x001000   0x100

"A3":                                   0x80
  INTVEC                    0x008000    0x80  <Block>
    .intvec        const    0x008000    0x80  interrupt.o [4]
                          - 0x008080    0x80

"P3":                                 0x4a71
  .near_func.text  ro code  0x008080   0xb34  BC95.o [1]
  .near_func.text  ro code  0x008bb4   0x7f1  BC95.o [1]
  .near_func.text  ro code  0x0093a5   0x5fa  BC95.o [1]
  .near_func.text  ro code  0x00999f   0x571  BC95.o [1]
  .near_func.text  ro code  0x009f10   0x293  float.o [4]
  .near_func.text  ro code  0x00a1a3   0x18e  Sys_Timer.o [1]
  .near_func.text  ro code  0x00a331   0x15a  stm8l15x_itc.o [1]
  .near_func.text  ro code  0x00a48b   0x14e  stm8l15x_rtc.o [1]
  .near.rodata     const    0x00a5d9   0x14c  Temperature.o [1]
  .near.rodata     const    0x00a725   0x140  BC95.o [1]
  .near_func.text  ro code  0x00a865   0x117  Sys_Timer.o [1]
  .near_func.text  ro code  0x00a97c   0x116  stm8l15x_exti.o [1]
  .near_func.text  ro code  0x00aa92   0x10d  vreg_util.o [4]
  .near_func.text  ro code  0x00ab9f    0xda  uart.o [1]
  .near_func.text  ro code  0x00ac79    0xd8  stm8l15x_usart.o [1]
  .near_func.text  ro code  0x00ad51    0xd3  Save.o [1]
  .near_func.text  ro code  0x00ae24    0xcc  Temperature.o [1]
  .near_func.text  ro code  0x00aef0    0xbd  stm8l15x_rtc.o [1]
  .near_func.text  ro code  0x00afad    0xbd  long.o [4]
  .near_func.text  ro code  0x00b06a    0xb9  stm8l15x_rtc.o [1]
  .near_func.text  ro code  0x00b123    0xb6  stm8l15x_gpio.o [1]
  .near_func.text  ro code  0x00b1d9    0xae  main.o [1]
  .near_func.text  ro code  0x00b287    0xac  stm8l15x_usart.o [1]
  .near_func.text  ro code  0x00b333    0xa6  Save.o [1]
  .near_func.text  ro code  0x00b3d9    0xa5  mcu_init.o [1]
  .near_func.text  ro code  0x00b47e    0x9c  rtc.o [1]
  .near_func.text  ro code  0x00b51a    0x99  stm8l15x_clk.o [1]
  .near_func.text  ro code  0x00b5b3    0x96  stm8l15x_usart.o [1]
  .near_func.text  ro code  0x00b649    0x95  Pulse_Acquire.o [1]
  .near_func.text  ro code  0x00b6de    0x93  stm8l15x_clk.o [1]
  .near_func.text  ro code  0x00b771    0x92  uart.o [1]
  .near_func.text  ro code  0x00b803    0x8e  stm8l15x_clk.o [1]
  .near_func.text  ro code  0x00b891    0x88  BC95.o [1]
  .near_func.text  ro code  0x00b919    0x87  uart.o [1]
  .near.rodata     const    0x00b9a0    0x80  BC95.o [1]
  .near_func.text  ro code  0x00ba20    0x62  long_util.o [4]
  .near_func.text  ro code  0x00ba82    0x61  mcu_init.o [1]
  .near_func.text  ro code  0x00bae3    0x5f  Pulse_Acquire.o [1]
  .near_func.text  ro code  0x00bb42    0x5f  Sys_Timer.o [1]
  .near_func.text  ro code  0x00bba1    0x5e  rtc.o [1]
  .near_func.text  ro code  0x00bbff    0x57  Sys_Timer.o [1]
  .near_func.text  ro code  0x00bc56    0x57  uart.o [1]
  .near_func.text  ro code  0x00bcad    0x56  stm8l15x_rtc.o [1]
  .near_func.text  ro code  0x00bd03    0x55  stm8l15x_rtc.o [1]
  .near_func.text  ro code  0x00bd58    0x53  stm8l15x_exti.o [1]
  .near_func.text  ro code  0x00bdab    0x4f  stm8l15x_rtc.o [1]
  .near_func.text  ro code  0x00bdfa    0x4d  stm8l15x_rtc.o [1]
  .near_func.text  ro code  0x00be47    0x4c  stm8l15x_adc.o [1]
  .near_func.text  ro code  0x00be93    0x4c  stm8l15x_adc.o [1]
  .near_func.text  ro code  0x00bedf    0x49  mcu_init.o [1]
  .near_func.text  ro code  0x00bf28    0x47  main.o [1]
  .near_func.text  ro code  0x00bf6f    0x46  Globaldata.o [1]
  .near_func.text  ro code  0x00bfb5    0x44  strstr.o [4]
  .near_func.text  ro code  0x00bff9    0x43  stm8l15x_rtc.o [1]
  .near_func.text  ro code  0x00c03c    0x42  stm8l15x_usart.o [1]
  .near.rodata     const    0x00c07e    0x40  BC95.o [1]
  .near_func.text  ro code  0x00c0be    0x3f  stm8l15x_exti.o [1]
  .near_func.text  ro code  0x00c0fd    0x3b  stm8l15x_rtc.o [1]
  .near_func.text  ro code  0x00c138    0x3a  short.o [4]
  .near_func.text  ro code  0x00c172    0x36  rtc.o [1]
  .near_func.text  ro code  0x00c1a8    0x36  stm8l15x_exti.o [1]
  .near_func.text  ro code  0x00c1de    0x35  stm8l15x_rtc.o [1]
  .near_func.text  ro code  0x00c213    0x33  uart.o [1]
  .near_func.text  ro code  0x00c246    0x2e  BC95.o [1]
  .near_func.text  ro code  0x00c274    0x2d  stm8l15x_rtc.o [1]
  .near_func.text  ro code  0x00c2a1    0x2d  stm8l15x_usart.o [1]
  .near_func.text  ro code  0x00c2ce    0x2b  Save.o [1]
  .near_func.text  ro code  0x00c2f9    0x2b  stm8l15x_adc.o [1]
  .near_func.text  ro code  0x00c324    0x2a  rtc.o [1]
  .near_func.text  ro code  0x00c34e    0x2a  stm8l15x_rtc.o [1]
  .near_func.text  ro code  0x00c378    0x29  stm8l15x_adc.o [1]
  .near_func.text  ro code  0x00c3a1    0x29  stm8l15x_usart.o [1]
  .near_func.text  ro code  0x00c3ca    0x27  rtc.o [1]
  .near_func.text  ro code  0x00c3f1    0x26  rtc.o [1]
  .near_func.text  ro code  0x00c417    0x25  Pulse_Acquire.o [1]
  .near_func.text  ro code  0x00c43c    0x25  memcpy.o [4]
  .near_func.text  ro code  0x00c461    0x24  stm8l15x_it.o [1]
  .near_func.text  ro code  0x00c485    0x23  Globaldata.o [1]
  .near_func.text  ro code  0x00c4a8    0x23  stm8l15x_rtc.o [1]
  .near_func.text  ro code  0x00c4cb    0x22  stm8l15x_exti.o [1]
  .near_func.text  ro code  0x00c4ed    0x21  dc_util.o [4]
  .iar.init_table  const    0x00c50e     0x8  - Linker created -
  .near_func.text  ro code  0x00c516    0x20  BC95.o [1]
  .near_func.text  ro code  0x00c536    0x20  stm8l15x_rtc.o [1]
  .near.rodata     const    0x00c556    0x1f  BC95.o [1]
  .near_func.text  ro code  0x00c575    0x1f  move.o [4]
  .near_func.text  ro code  0x00c594    0x1e  BC95.o [1]
  .near_func.text  ro code  0x00c5b2    0x1e  BC95.o [1]
  .near_func.text  ro code  0x00c5d0    0x1e  stm8l15x_adc.o [1]
  .near_func.text  ro code  0x00c5ee    0x1e  char.o [4]
  .near_func.text  ro code  0x00c60c    0x1e  init_small.o [4]
  .near.rodata     const    0x00c62a    0x1b  BC95.o [1]
  .near_func.text  ro code  0x00c645    0x1b  Globaldata.o [1]
  .near_func.text  ro code  0x00c660    0x1b  stm8l15x_rtc.o [1]
  .near_func.text  ro code  0x00c67b    0x1b  stm8l15x_rtc.o [1]
  .near_func.text  ro code  0x00c696    0x1a  stm8l15x_clk.o [1]
  .near_func.text  ro code  0x00c6b0    0x19  stm8l15x_flash.o [1]
  .near_func.text  ro code  0x00c6c9    0x19  stm8l15x_flash.o [1]
  .near_func.text  ro code  0x00c6e2    0x18  stm8l15x_it.o [1]
  .near_func.text  ro code  0x00c6fa    0x18  stm8l15x_it.o [1]
  .near_func.text  ro code  0x00c712    0x17  init.o [4]
  .near_func.text  ro code  0x00c729    0x16  BC95.o [1]
  .near_func.text  ro code  0x00c73f    0x16  main.o [1]
  .near_func.text  ro code  0x00c755    0x16  stm8l15x_it.o [1]
  .near_func.text  ro code  0x00c76b    0x16  stm8l15x_it.o [1]
  .near_func.text  ro code  0x00c781    0x16  stm8l15x_it.o [1]
  .near_func.text  ro code  0x00c797    0x16  stm8l15x_it.o [1]
  .near_func.text  ro code  0x00c7ad    0x16  stm8l15x_it.o [1]
  .near_func.text  ro code  0x00c7c3    0x16  stm8l15x_it.o [1]
  .near_func.text  ro code  0x00c7d9    0x15  Save.o [1]
  .near_func.text  ro code  0x00c7ee    0x15  memset.o [4]
  .near_func.text  ro code  0x00c803    0x14  __dbg_xxexit.o [3]
  .near_func.text  ro code  0x00c817    0x13  BC95.o [1]
  .near_func.text  ro code  0x00c82a    0x13  Save.o [1]
  .near_func.text  ro code  0x00c83d    0x13  Save.o [1]
  .near_func.text  ro code  0x00c850    0x13  stm8l15x_clk.o [1]
  .near_func.text  ro code  0x00c863    0x13  cstartup.o [4]
  .near_func.text  ro code  0x00c876    0x12  Save.o [1]
  .near_func.text  ro code  0x00c888    0x11  stm8l15x_adc.o [1]
  .near_func.text  ro code  0x00c899     0xf  Save.o [1]
  .near_func.text  ro code  0x00c8a8     0xe  stm8l15x_adc.o [1]
  .near_func.text  ro code  0x00c8b6     0xe  stm8l15x_adc.o [1]
  .near_func.text  ro code  0x00c8c4     0xe  stm8l15x_clk.o [1]
  .near_func.text  ro code  0x00c8d2     0xe  stm8l15x_pwr.o [1]
  .near_func.text  ro code  0x00c8e0     0xe  stm8l15x_pwr.o [1]
  .near_func.text  ro code  0x00c8ee     0xd  BC95.o [1]
  .near_func.text  ro code  0x00c8fb     0xd  Save.o [1]
  .near_func.text  ro code  0x00c908     0xd  Save.o [1]
  .near_func.text  ro code  0x00c915     0xd  Save.o [1]
  .near_func.text  ro code  0x00c922     0xd  Save.o [1]
  .near.rodata     const    0x00c92f     0xc  BC95.o [1]
  .near.rodata     const    0x00c93b     0xc  BC95.o [1]
  .near.rodata     const    0x00c947     0xc  BC95.o [1]
  .near.rodata     const    0x00c953     0xc  BC95.o [1]
  .near.rodata     const    0x00c95f     0xc  BC95.o [1]
  .near_func.text  ro code  0x00c96b     0xc  stm8l15x_rtc.o [1]
  .near.rodata     const    0x00c977     0xb  BC95.o [1]
  .near.rodata     const    0x00c982     0xb  BC95.o [1]
  .near.rodata     const    0x00c98d     0xb  BC95.o [1]
  .near.rodata     const    0x00c998     0xb  BC95.o [1]
  .near.rodata     const    0x00c9a3     0xb  BC95.o [1]
  .near.rodata     const    0x00c9ae     0xb  BC95.o [1]
  .near.rodata     const    0x00c9b9     0xb  BC95.o [1]
  .near_func.text  ro code  0x00c9c4     0xb  stm8l15x_flash.o [1]
  .near_func.text  ro code  0x00c9cf     0xb  stm8l15x_flash.o [1]
  .near_func.text  ro code  0x00c9da     0xb  abs.o [4]
  .near.rodata     const    0x00c9e5     0xa  BC95.o [1]
  .near_func.text  ro code  0x00c9ef     0xa  mcu_init.o [1]
  .near_func.text  ro code  0x00c9f9     0xa  stm8l15x_clk.o [1]
  .near.rodata     const    0x00ca03     0x9  BC95.o [1]
  .near.rodata     const    0x00ca0c     0x9  BC95.o [1]
  .near.rodata     const    0x00ca15     0x9  BC95.o [1]
  .near.rodata     const    0x00ca1e     0x9  BC95.o [1]
  .near.rodata     const    0x00ca27     0x9  BC95.o [1]
  .near_func.text  ro code  0x00ca30     0x9  BC95.o [1]
  .near_func.text  ro code  0x00ca39     0x9  stm8l15x_tim1.o [1]
  .near_func.text  ro code  0x00ca42     0x9  stm8l15x_tim4.o [1]
  .near.rodata     const    0x00ca4b     0x8  BC95.o [1]
  .near_func.text  ro code  0x00ca53     0x8  stm8l15x_gpio.o [1]
  .near.rodata     const    0x00ca5b     0x7  BC95.o [1]
  .near_func.text  ro code  0x00ca62     0x7  stm8l15x_gpio.o [1]
  .near_func.text  ro code  0x00ca69     0x7  stm8l15x_usart.o [1]
  .near.rodata     const    0x00ca70     0x6  BC95.o [1]
  .near.rodata     const    0x00ca76     0x6  BC95.o [1]
  .near.rodata     const    0x00ca7c     0x5  BC95.o [1]
  .near.rodata     const    0x00ca81     0x5  BC95.o [1]
  .near.rodata     const    0x00ca86     0x5  stm8l15x_clk.o [1]
  .near_func.text  ro code  0x00ca8b     0x5  BC95.o [1]
  .near_func.text  ro code  0x00ca90     0x5  stm8l15x_adc.o [1]
  .near_func.text  ro code  0x00ca95     0x5  stm8l15x_flash.o [1]
  .near_func.text  ro code  0x00ca9a     0x5  stm8l15x_iwdg.o [1]
  .near_func.text  ro code  0x00ca9f     0x5  stm8l15x_iwdg.o [1]
  .near_func.text  ro code  0x00caa4     0x5  stm8l15x_usart.o [1]
  .near_func.text  ro code  0x00caa9     0x5  cexit.o [4]
  .near.rodata     const    0x00caae     0x4  BC95.o [1]
  .near_func.text  ro code  0x00cab2     0x4  stm8l15x_clk.o [1]
  .near_func.text  ro code  0x00cab6     0x4  stm8l15x_clk.o [1]
  .near_func.text  ro code  0x00caba     0x4  stm8l15x_iwdg.o [1]
  .near_func.text  ro code  0x00cabe     0x4  stm8l15x_iwdg.o [1]
  .near_func.text  ro code  0x00cac2     0x4  stm8l15x_iwdg.o [1]
  .near.rodata     const    0x00cac6     0x3  BC95.o [1]
  .near_func.text  ro code  0x00cac9     0x3  stm8l15x_gpio.o [1]
  .near_func.text  ro code  0x00cacc     0x3  stm8l15x_usart.o [1]
  .near_func.text  ro code  0x00cacf     0x3  interrupt.o [4]
  .near_func.text  ro code  0x00cad2     0x3  low_level_init.o [4]
  .near_func.text  ro code  0x00cad5     0x3  exit.o [4]
  .near_func.text  ro code  0x00cad8     0x3  unhandled_exception.o [4]
  .near_func.text  ro code  0x00cadb     0x1  stm8l15x_it.o [1]
  .near_func.text  ro code  0x00cadc     0x1  stm8l15x_it.o [1]
  .near_func.text  ro code  0x00cadd     0x1  stm8l15x_it.o [1]
  .near_func.text  ro code  0x00cade     0x1  stm8l15x_it.o [1]
  .near_func.text  ro code  0x00cadf     0x1  stm8l15x_it.o [1]
  .near_func.text  ro code  0x00cae0     0x1  stm8l15x_it.o [1]
  .near_func.text  ro code  0x00cae1     0x1  stm8l15x_it.o [1]
  .near_func.text  ro code  0x00cae2     0x1  stm8l15x_it.o [1]
  .near_func.text  ro code  0x00cae3     0x1  stm8l15x_it.o [1]
  .near_func.text  ro code  0x00cae4     0x1  stm8l15x_it.o [1]
  .near_func.text  ro code  0x00cae5     0x1  stm8l15x_it.o [1]
  .near_func.text  ro code  0x00cae6     0x1  stm8l15x_it.o [1]
  .near_func.text  ro code  0x00cae7     0x1  stm8l15x_it.o [1]
  .near_func.text  ro code  0x00cae8     0x1  stm8l15x_it.o [1]
  .near_func.text  ro code  0x00cae9     0x1  stm8l15x_it.o [1]
  .near_func.text  ro code  0x00caea     0x1  stm8l15x_it.o [1]
  .near_func.text  ro code  0x00caeb     0x1  stm8l15x_it.o [1]
  .near_func.text  ro code  0x00caec     0x1  stm8l15x_it.o [1]
  .near_func.text  ro code  0x00caed     0x1  stm8l15x_it.o [1]
  .near_func.text  ro code  0x00caee     0x1  stm8l15x_it.o [1]
  .near_func.text  ro code  0x00caef     0x1  stm8l15x_it.o [1]
  .near_func.text  ro code  0x00caf0     0x1  __dbg_break.o [3]
                          - 0x00caf1  0x4a71


*******************************************************************************
*** INIT TABLE
***

          Address   Size
          -------   ----
Zero (__iar_zero_init2)
    1 destination range, total size 0x6ed:
          0x000010  0x6ed



*******************************************************************************
*** MODULE SUMMARY
***

    Module                 ro code  ro data  rw data
    ------                 -------  -------  -------
F:\中科君达\NB水表\软件\NB-IOT程序V1.0\project\Debug\Obj: [1]
    BC95.o                   8 166      806      710
    Globaldata.o               132                21
    Pulse_Acquire.o            281                 5
    Save.o                     564
    Sys_Timer.o                859               161
    Temperature.o              204      332
    main.o                     267
    mcu_init.o                 345
    rtc.o                      423                17
    stm8l15x_adc.o             316
    stm8l15x_clk.o             519        5
    stm8l15x_exti.o            512
    stm8l15x_flash.o            77
    stm8l15x_gpio.o            200
    stm8l15x_it.o              237                 1
    stm8l15x_itc.o             346
    stm8l15x_iwdg.o             22
    stm8l15x_pwr.o              28
    stm8l15x_rtc.o           1 434
    stm8l15x_tim1.o              9
    stm8l15x_tim4.o              9
    stm8l15x_usart.o           705
    uart.o                     637               858
    ------------------------------------------------
    Total:                  16 292    1 143    1 773

command line: [2]
    ------------------------------------------------
    Total:

dbgstm8smd.a: [3]
    __dbg_break.o                1
    __dbg_xxexit.o              20
    ------------------------------------------------
    Total:                      21

dlstm8smn.a: [4]
    abs.o                       11
    cexit.o                      5
    char.o                      30
    cstartup.o                  19
    dc_util.o                   33
    exit.o                       3
    float.o                    659
    init.o                      23
    init_small.o                30
    interrupt.o                  3      128
    long.o                     189
    long_util.o                 98
    low_level_init.o             3
    memcpy.o                    37
    memset.o                    21
    move.o                      31
    short.o                     58
    strstr.o                    68
    unhandled_exception.o        3
    vreg_util.o                269
    vregs.o                                       16
    ------------------------------------------------
    Total:                   1 593      128       16

    Linker created                        8      256
----------------------------------------------------
    Grand Total:            17 906    1 279    2 045


*******************************************************************************
*** ENTRY LIST
***

Entry                    Address   Size  Type      Object
-----                    -------   ----  ----      ------
.iar.init_table$$Base   0x00c50e          --   Gb  - Linker created -
.iar.init_table$$Limit  0x00c516          --   Gb  - Linker created -
?b0                     0x000000         Data  Gb  vregs.o [4]
?b1                     0x000001         Data  Gb  vregs.o [4]
?b10                    0x00000a         Data  Gb  vregs.o [4]
?b11                    0x00000b         Data  Gb  vregs.o [4]
?b12                    0x00000c         Data  Gb  vregs.o [4]
?b13                    0x00000d         Data  Gb  vregs.o [4]
?b14                    0x00000e         Data  Gb  vregs.o [4]
?b15                    0x00000f         Data  Gb  vregs.o [4]
?b2                     0x000002         Data  Gb  vregs.o [4]
?b3                     0x000003         Data  Gb  vregs.o [4]
?b4                     0x000004         Data  Gb  vregs.o [4]
?b5                     0x000005         Data  Gb  vregs.o [4]
?b6                     0x000006         Data  Gb  vregs.o [4]
?b7                     0x000007         Data  Gb  vregs.o [4]
?b8                     0x000008         Data  Gb  vregs.o [4]
?b9                     0x000009         Data  Gb  vregs.o [4]
?dc32_l0                0x00c4f4         Code  Gb  dc_util.o [4]
?dc32_l1                0x00c501         Code  Gb  dc_util.o [4]
?dc8_px                 0x00c4ed         Code  Gb  dc_util.o [4]
?e0                     0x000001         Data  Gb  vregs.o [4]
?e1                     0x000005         Data  Gb  vregs.o [4]
?e2                     0x000009         Data  Gb  vregs.o [4]
?e3                     0x00000d         Data  Gb  vregs.o [4]
?epilogue_l2            0x00ab2d         Code  Gb  vreg_util.o [4]
?epilogue_l2_l3         0x00ab2a         Code  Gb  vreg_util.o [4]
?epilogue_l2_w6         0x00ab31         Code  Gb  vreg_util.o [4]
?epilogue_w4            0x00ab38         Code  Gb  vreg_util.o [4]
?fcastf32u16_l0_x       0x00a063         Code  Gb  float.o [4]
?fcasts16f32_x_l0       0x00a081         Code  Gb  float.o [4]
?fdiv32_l0_dc32_l1      0x009fb0         Code  Gb  float.o [4]
?fdiv32_l0_l0_l1        0x009fb5         Code  Gb  float.o [4]
?fmul32_l0_l0_dc32      0x009f10         Code  Gb  float.o [4]
?fmul32_l0_l0_l1        0x009f15         Code  Gb  float.o [4]
?inc32_0x_0x            0x00afb7         Code  Gb  long.o [4]
?inc32_l0_l0            0x00afad         Code  Gb  long.o [4]
?inc32_l1_l1            0x00afb2         Code  Gb  long.o [4]
?l0                     0x000000         Data  Gb  vregs.o [4]
?l1                     0x000004         Data  Gb  vregs.o [4]
?l2                     0x000008         Data  Gb  vregs.o [4]
?l3                     0x00000c         Data  Gb  vregs.o [4]
?load32_0x_l0           0x00ba58         Code  Gb  long_util.o [4]
?load32_0x_l1           0x00ba66         Code  Gb  long_util.o [4]
?load32_0x_l2           0x00ba74         Code  Gb  long_util.o [4]
?load32_l0_0x           0x00ba30         Code  Gb  long_util.o [4]
?load32_l0_asp          0x00ba25         Code  Gb  long_util.o [4]
?load32_l0_dbsp         0x00ba20         Code  Gb  long_util.o [4]
?load32_l0_xsp          0x00ba27         Code  Gb  long_util.o [4]
?load32_l1_0x           0x00ba4c         Code  Gb  long_util.o [4]
?load32_l1_asp          0x00ba41         Code  Gb  long_util.o [4]
?load32_l1_dbsp         0x00ba3c         Code  Gb  long_util.o [4]
?load32_l1_xsp          0x00ba43         Code  Gb  long_util.o [4]
?mov_e0_e1              0x00ab54         Code  Gb  vreg_util.o [4]
?mov_e0_e2              0x00ab61         Code  Gb  vreg_util.o [4]
?mov_e0_e3              0x00ab6e         Code  Gb  vreg_util.o [4]
?mov_e1_e0              0x00ab7b         Code  Gb  vreg_util.o [4]
?mov_e2_e0              0x00ab88         Code  Gb  vreg_util.o [4]
?mov_e3_e0              0x00ab95         Code  Gb  vreg_util.o [4]
?mov_l0_l1              0x00ab51         Code  Gb  vreg_util.o [4]
?mov_l0_l2              0x00ab5e         Code  Gb  vreg_util.o [4]
?mov_l0_l3              0x00ab6b         Code  Gb  vreg_util.o [4]
?mov_l1_l0              0x00ab78         Code  Gb  vreg_util.o [4]
?mov_l2_l0              0x00ab85         Code  Gb  vreg_util.o [4]
?mov_l3_l0              0x00ab92         Code  Gb  vreg_util.o [4]
?mov_w0_w1              0x00ab3c         Code  Gb  vreg_util.o [4]
?mov_w1_w3              0x00ab57         Code  Gb  vreg_util.o [4]
?mov_w1_w5              0x00ab64         Code  Gb  vreg_util.o [4]
?mov_w1_w6              0x00ab43         Code  Gb  vreg_util.o [4]
?mov_w1_w7              0x00ab71         Code  Gb  vreg_util.o [4]
?mov_w2_w1              0x00ab4a         Code  Gb  vreg_util.o [4]
?mov_w3_w1              0x00ab7e         Code  Gb  vreg_util.o [4]
?mov_w5_w1              0x00ab8b         Code  Gb  vreg_util.o [4]
?mov_w7_w1              0x00ab98         Code  Gb  vreg_util.o [4]
?move1616_v_x_y_a       0x00c587         Code  Gb  move.o [4]
?move1616_v_x_y_tos16   0x00c575         Code  Gb  move.o [4]
?mul16_x_x_w0           0x00c138         Code  Gb  short.o [4]
?pop_l0                 0x00aaf6         Code  Gb  vreg_util.o [4]
?pop_l1                 0x00ab01         Code  Gb  vreg_util.o [4]
?pop_l2                 0x00ab0c         Code  Gb  vreg_util.o [4]
?pop_l3                 0x00ab17         Code  Gb  vreg_util.o [4]
?pop_w4                 0x00aaaf         Code  Gb  vreg_util.o [4]
?pop_w6                 0x00aab6         Code  Gb  vreg_util.o [4]
?push_l0                0x00aac5         Code  Gb  vreg_util.o [4]
?push_l1                0x00aaca         Code  Gb  vreg_util.o [4]
?push_l2                0x00aacf         Code  Gb  vreg_util.o [4]
?push_l3                0x00aad4         Code  Gb  vreg_util.o [4]
?push_w4                0x00aa92         Code  Gb  vreg_util.o [4]
?push_w6                0x00aa97         Code  Gb  vreg_util.o [4]
?sext16_x_a             0x00c16b         Code  Gb  short.o [4]
?sll16_x_x_a            0x00c156         Code  Gb  short.o [4]
?sll8_a_a_5             0x00c602         Code  Gb  char.o [4]
?smod8_a_b0_a           0x00c5ee         Code  Gb  char.o [4]
?srl16_x_x_10           0x00c160         Code  Gb  short.o [4]
?srl16_x_x_11           0x00c15f         Code  Gb  short.o [4]
?srl16_x_x_12           0x00c15e         Code  Gb  short.o [4]
?srl16_x_x_4            0x00c166         Code  Gb  short.o [4]
?srl16_x_x_5            0x00c165         Code  Gb  short.o [4]
?srl16_x_x_6            0x00c164         Code  Gb  short.o [4]
?srl16_x_x_7            0x00c163         Code  Gb  short.o [4]
?srl16_x_x_8            0x00c162         Code  Gb  short.o [4]
?srl16_x_x_9            0x00c161         Code  Gb  short.o [4]
?srl32_0x_0x_a          0x00b05c         Code  Gb  long.o [4]
?srl32_l0_l0_a          0x00b059         Code  Gb  long.o [4]
?srl32_l0_l0_db         0x00b055         Code  Gb  long.o [4]
?srl8_a_a_5             0x00c607         Code  Gb  char.o [4]
?ucmp32_c_l0_0x         0x00b03a         Code  Gb  long.o [4]
?ucmp32_c_l0_l1         0x00b04a         Code  Gb  long.o [4]
?udiv32_l0_l0_dl        0x00afca         Code  Gb  long.o [4]
?udiv32_l0_l0_l1        0x00afcd         Code  Gb  long.o [4]
?umod32_l1_l0_dl        0x00afc5         Code  Gb  long.o [4]
?umod32_l1_l0_l1        0x00afcd         Code  Gb  long.o [4]
?w0                     0x000000         Data  Gb  vregs.o [4]
?w1                     0x000002         Data  Gb  vregs.o [4]
?w2                     0x000004         Data  Gb  vregs.o [4]
?w3                     0x000006         Data  Gb  vregs.o [4]
?w4                     0x000008         Data  Gb  vregs.o [4]
?w5                     0x00000a         Data  Gb  vregs.o [4]
?w6                     0x00000c         Data  Gb  vregs.o [4]
?w7                     0x00000e         Data  Gb  vregs.o [4]
ACK                     0x00b891   0x88  Code  Gb  BC95.o [1]
ADC1_COMP_IRQHandler    0x00caea    0x1  Code  Gb  stm8l15x_it.o [1]
ADC_ChannelCmd          0x00be47   0x4c  Code  Gb  stm8l15x_adc.o [1]
ADC_ClearFlag           0x00c8b6    0xe  Code  Gb  stm8l15x_adc.o [1]
ADC_Cmd                 0x00c888   0x11  Code  Gb  stm8l15x_adc.o [1]
ADC_GetConversionValue  0x00c2f9   0x2b  Code  Gb  stm8l15x_adc.o [1]
ADC_GetFlagStatus       0x00c5d0   0x1e  Code  Gb  stm8l15x_adc.o [1]
ADC_Init                0x00c378   0x29  Code  Gb  stm8l15x_adc.o [1]
ADC_SamplingTimeConfig  0x00be93   0x4c  Code  Gb  stm8l15x_adc.o [1]
ADC_SoftwareStartConv   0x00ca90    0x5  Code  Gb  stm8l15x_adc.o [1]
ADC_VrefintCmd          0x00c8a8    0xe  Code  Gb  stm8l15x_adc.o [1]
ASCLL_to_Int            0x00bf6f   0x46  Code  Gb  Globaldata.o [1]
Alarm_Interrupt         0x00c3ca   0x27  Code  Gb  rtc.o [1]
BAT_Alarm_Vol           0x0006f1    0x2  Data  Gb  Globaldata.o [1]
BAT_Vol                 0x0006ef    0x2  Data  Gb  Globaldata.o [1]
BC95                    0x0002e1  0x2c6  Data  Gb  BC95.o [1]
BC95_Data_Send          0x00c516   0x20  Code  Gb  BC95.o [1]
BC95_Delay_CallBalk     0x00ca8b    0x5  Code  Gb  BC95.o [1]
BC95_Power_Off          0x00ca30    0x9  Code  Gb  BC95.o [1]
BC95_Power_On           0x00c246   0x2e  Code  Gb  BC95.o [1]
BC95_Process            0x0093a5  0x5fa  Code  Gb  BC95.o [1]
BC95_Reset              0x00c594   0x1e  Code  Gb  BC95.o [1]
BC95_Start              0x00c8ee    0xd  Code  Gb  BC95.o [1]
BC95_Start_Timeout_CallBalk
                        0x00c5b2   0x1e  Code  Gb  BC95.o [1]
BCD_to_Int              0x00c485   0x23  Code  Gb  Globaldata.o [1]
Bcd2ToByte              0x00c67b   0x1b  Code  Lc  stm8l15x_rtc.o [1]
ByteToBcd2              0x00c536   0x20  Code  Lc  stm8l15x_rtc.o [1]
CLK_GetClockFreq        0x00b6de   0x93  Code  Gb  stm8l15x_clk.o [1]
CLK_GetFlagStatus       0x00b51a   0x99  Code  Gb  stm8l15x_clk.o [1]
CLK_HSICmd              0x00c8c4    0xe  Code  Gb  stm8l15x_clk.o [1]
CLK_HaltConfig          0x00c696   0x1a  Code  Gb  stm8l15x_clk.o [1]
CLK_LSEConfig           0x00c850   0x13  Code  Gb  stm8l15x_clk.o [1]
CLK_PeripheralClockConfig
                        0x00b803   0x8e  Code  Gb  stm8l15x_clk.o [1]
CLK_RTCClockConfig      0x00c9f9    0xa  Code  Gb  stm8l15x_clk.o [1]
CLK_SYSCLKDivConfig     0x00cab6    0x4  Code  Gb  stm8l15x_clk.o [1]
CLK_SYSCLKSourceConfig  0x00cab2    0x4  Code  Gb  stm8l15x_clk.o [1]
CSTACK$$Base            0x000f00          --   Gb  - Linker created -
CSTACK$$Limit           0x001000          --   Gb  - Linker created -
Cal                     0x0006de    0x5  Data  Gb  Pulse_Acquire.o [1]
Create_Timer            0x00a865  0x117  Code  Gb  Sys_Timer.o [1]
DMA1_CHANNEL0_1_IRQHandler
                        0x00cadd    0x1  Code  Gb  stm8l15x_it.o [1]
DMA1_CHANNEL2_3_IRQHandler
                        0x00cade    0x1  Code  Gb  stm8l15x_it.o [1]
Delete_Timer            0x00bb42   0x5f  Code  Gb  Sys_Timer.o [1]
Device_Status           0x0006f7    0x1  Data  Gb  Globaldata.o [1]
EXTI0_IRQHandler        0x00c76b   0x16  Code  Gb  stm8l15x_it.o [1]
EXTI1_IRQHandler        0x00cae1    0x1  Code  Gb  stm8l15x_it.o [1]
EXTI2_IRQHandler        0x00cae2    0x1  Code  Gb  stm8l15x_it.o [1]
EXTI3_IRQHandler        0x00cae3    0x1  Code  Gb  stm8l15x_it.o [1]
EXTI4_IRQHandler        0x00cae4    0x1  Code  Gb  stm8l15x_it.o [1]
EXTI5_IRQHandler        0x00cae5    0x1  Code  Gb  stm8l15x_it.o [1]
EXTI6_IRQHandler        0x00cae6    0x1  Code  Gb  stm8l15x_it.o [1]
EXTI7_IRQHandler        0x00cae7    0x1  Code  Gb  stm8l15x_it.o [1]
EXTIB_G_IRQHandler      0x00cae0    0x1  Code  Gb  stm8l15x_it.o [1]
EXTID_H_IRQHandler      0x00c755   0x16  Code  Gb  stm8l15x_it.o [1]
EXTIE_F_PVD_IRQHandler  0x00cadf    0x1  Code  Gb  stm8l15x_it.o [1]
EXTI_ClearITPendingBit  0x00c4cb   0x22  Code  Gb  stm8l15x_exti.o [1]
EXTI_SelectPort         0x00c1a8   0x36  Code  Gb  stm8l15x_exti.o [1]
EXTI_SetHalfPortSelection
                        0x00c0be   0x3f  Code  Gb  stm8l15x_exti.o [1]
EXTI_SetPinSensitivity  0x00a97c  0x116  Code  Gb  stm8l15x_exti.o [1]
EXTI_SetPortSensitivity
                        0x00bd58   0x53  Code  Gb  stm8l15x_exti.o [1]
Exti0_Interrupt         0x00c417   0x25  Code  Gb  Pulse_Acquire.o [1]
ExtiD_Interrupt         0x00b649   0x95  Code  Gb  Pulse_Acquire.o [1]
FLASH_GetFlagStatus     0x00c6c9   0x19  Code  Gb  stm8l15x_flash.o [1]
FLASH_IRQHandler        0x00cadc    0x1  Code  Gb  stm8l15x_it.o [1]
FLASH_Lock              0x00c9c4    0xb  Code  Gb  stm8l15x_flash.o [1]
FLASH_ProgramByte       0x00c9cf    0xb  Code  Gb  stm8l15x_flash.o [1]
FLASH_ReadByte          0x00ca95    0x5  Code  Gb  stm8l15x_flash.o [1]
FLASH_Unlock            0x00c6b0   0x19  Code  Gb  stm8l15x_flash.o [1]
GPIO_Configuration      0x00bedf   0x49  Code  Gb  mcu_init.o [1]
GPIO_Init               0x00b123   0xb6  Code  Gb  stm8l15x_gpio.o [1]
GPIO_ReadInputDataBit   0x00cac9    0x3  Code  Gb  stm8l15x_gpio.o [1]
GPIO_ResetBits          0x00ca53    0x8  Code  Gb  stm8l15x_gpio.o [1]
GPIO_SetBits            0x00ca62    0x7  Code  Gb  stm8l15x_gpio.o [1]
Gather_Cycle_counter    0x0006fa    0x1  Data  Gb  Globaldata.o [1]
I2C1_SPI2_IRQHandler    0x00caef    0x1  Code  Gb  stm8l15x_it.o [1]
INTVEC$$Base            0x008000          --   Gb  - Linker created -
INTVEC$$Limit           0x008080          --   Gb  - Linker created -
ITC_SetSoftwarePriority
                        0x00a331  0x15a  Code  Gb  stm8l15x_itc.o [1]
IWDG_Enable             0x00ca9f    0x5  Code  Gb  stm8l15x_iwdg.o [1]
IWDG_INIT               0x00c73f   0x16  Code  Gb  main.o [1]
IWDG_ReloadCounter      0x00ca9a    0x5  Code  Gb  stm8l15x_iwdg.o [1]
IWDG_SetPrescaler       0x00cabe    0x4  Code  Gb  stm8l15x_iwdg.o [1]
IWDG_SetReload          0x00cac2    0x4  Code  Gb  stm8l15x_iwdg.o [1]
IWDG_WriteAccessCmd     0x00caba    0x4  Code  Gb  stm8l15x_iwdg.o [1]
Int_to_ASCLL            0x00c645   0x1b  Code  Gb  Globaldata.o [1]
LCD_AES_IRQHandler      0x00cae8    0x1  Code  Gb  stm8l15x_it.o [1]
Last_Vol                0x0006f5    0x2  Data  Gb  rtc.o [1]
Meter_Number            0x0006d0    0x7  Data  Gb  Globaldata.o [1]
PWR_FastWakeUpCmd       0x00c8d2    0xe  Code  Gb  stm8l15x_pwr.o [1]
PWR_UltraLowPowerCmd    0x00c8e0    0xe  Code  Gb  stm8l15x_pwr.o [1]
Pulse_Acquire_Config    0x00bae3   0x5f  Code  Gb  Pulse_Acquire.o [1]
RCC_Configuration       0x00c9ef    0xa  Code  Gb  mcu_init.o [1]
RTC_AlarmCmd            0x00bd03   0x55  Code  Gb  stm8l15x_rtc.o [1]
RTC_AlarmStr            0x0006d7    0x7  Data  Gb  rtc.o [1]
RTC_CSSLSE_IRQHandler   0x00c461   0x24  Code  Gb  stm8l15x_it.o [1]
RTC_ClearITPendingBit   0x00c96b    0xc  Code  Gb  stm8l15x_rtc.o [1]
RTC_DateStr             0x0006eb    0x4  Data  Gb  rtc.o [1]
RTC_EnterInitMode       0x00c34e   0x2a  Code  Gb  stm8l15x_rtc.o [1]
RTC_GetDate             0x00bcad   0x56  Code  Gb  stm8l15x_rtc.o [1]
RTC_GetITStatus         0x00c274   0x2d  Code  Gb  stm8l15x_rtc.o [1]
RTC_GetTime             0x00bdab   0x4f  Code  Gb  stm8l15x_rtc.o [1]
RTC_ITConfig            0x00c0fd   0x3b  Code  Gb  stm8l15x_rtc.o [1]
RTC_Init                0x00bdfa   0x4d  Code  Gb  stm8l15x_rtc.o [1]
RTC_SetAlarm            0x00a48b  0x14e  Code  Gb  stm8l15x_rtc.o [1]
RTC_SetDate             0x00aef0   0xbd  Code  Gb  stm8l15x_rtc.o [1]
RTC_SetTime             0x00b06a   0xb9  Code  Gb  stm8l15x_rtc.o [1]
RTC_SetWakeUpCounter    0x00c660   0x1b  Code  Gb  stm8l15x_rtc.o [1]
RTC_TimeStr             0x0006e7    0x4  Data  Gb  rtc.o [1]
RTC_WaitForSynchro      0x00c1de   0x35  Code  Gb  stm8l15x_rtc.o [1]
RTC_WakeUpClockConfig   0x00c4a8   0x23  Code  Gb  stm8l15x_rtc.o [1]
RTC_WakeUpCmd           0x00bff9   0x43  Code  Gb  stm8l15x_rtc.o [1]
Read_ACUM_Flow          0x00c899    0xf  Code  Gb  Save.o [1]
Read_BAT_Alarm_Value    0x00c82a   0x13  Code  Gb  Save.o [1]
Read_Meter_Number       0x00c2ce   0x2b  Code  Gb  Save.o [1]
Read_Report_Cycle       0x00c83d   0x13  Code  Gb  Save.o [1]
Read_Settle_Date        0x00c876   0x12  Code  Gb  Save.o [1]
Read_Temp               0x00ae24   0xcc  Code  Gb  Temperature.o [1]
Read_Voltage            0x00b3d9   0xa5  Code  Gb  mcu_init.o [1]
Recv_Data_Process       0x00999f  0x571  Code  Gb  BC95.o [1]
Region$$Table$$Base     0x00c50e          --   Gb  - Linker created -
Region$$Table$$Limit    0x00c516          --   Gb  - Linker created -
Report_All_Parameters   0x008080  0xb34  Code  Gb  BC95.o [1]
Report_Cycle            0x0006f3    0x2  Data  Gb  Globaldata.o [1]
Report_Cycle_counter    0x0006e3    0x4  Data  Gb  Globaldata.o [1]
Report_HC_Flow          0x008bb4  0x7f1  Code  Gb  BC95.o [1]
Rtc_Config              0x00bba1   0x5e  Code  Gb  rtc.o [1]
SPI1_IRQHandler         0x00caec    0x1  Code  Gb  stm8l15x_it.o [1]
SWITCH_CSS_BREAK_DAC_IRQHandler
                        0x00cae9    0x1  Code  Gb  stm8l15x_it.o [1]
SYSDivFactor            0x00ca86    0x5  Data  Gb  stm8l15x_clk.o [1]
Save_Add_Flow           0x00c7d9   0x15  Code  Gb  Save.o [1]
Save_BAT_Alarm_Value    0x00c8fb    0xd  Code  Gb  Save.o [1]
Save_Meter_Number       0x00c922    0xd  Code  Gb  Save.o [1]
Save_Report_Cycle       0x00c915    0xd  Code  Gb  Save.o [1]
Save_SDCF_Flow          0x00ad51   0xd3  Code  Gb  Save.o [1]
Save_Settle_Date        0x00c908    0xd  Code  Gb  Save.o [1]
Send_Data_Process       0x00c729   0x16  Code  Gb  BC95.o [1]
Set_Alarm               0x00c172   0x36  Code  Gb  rtc.o [1]
Settle_Date             0x0006f9    0x1  Data  Gb  Globaldata.o [1]
Sleep                   0x00b1d9   0xae  Code  Gb  main.o [1]
SysTick_Handler         0x00a1a3  0x18e  Code  Gb  Sys_Timer.o [1]
Sys_Timer               0x0005a7   0xa0  Data  Lc  Sys_Timer.o [1]
Sys_Timer_Process       0x00bbff   0x57  Code  Gb  Sys_Timer.o [1]
TIM1_CC_IRQHandler      0x00caeb    0x1  Code  Gb  stm8l15x_it.o [1]
TIM1_ClearITPendingBit  0x00ca39    0x9  Code  Gb  stm8l15x_tim1.o [1]
TIM1_UPD_OVF_TRG_COM_IRQHandler
                        0x00c6e2   0x18  Code  Gb  stm8l15x_it.o [1]
TIM2_CC_USART2_RX_IRQHandler
                        0x00c797   0x16  Code  Gb  stm8l15x_it.o [1]
TIM2_UPD_OVF_TRG_BRK_USART2_TX_IRQHandler
                        0x00c781   0x16  Code  Gb  stm8l15x_it.o [1]
TIM3_CC_USART3_RX_IRQHandler
                        0x00c7c3   0x16  Code  Gb  stm8l15x_it.o [1]
TIM3_UPD_OVF_TRG_BRK_USART3_TX_IRQHandler
                        0x00c7ad   0x16  Code  Gb  stm8l15x_it.o [1]
TIM4_ClearITPendingBit  0x00ca42    0x9  Code  Gb  stm8l15x_tim4.o [1]
TIM4_UPD_OVF_TRG_IRQHandler
                        0x00c6fa   0x18  Code  Gb  stm8l15x_it.o [1]
TRAP_IRQHandler         0x00cadb    0x1  Code  Gb  stm8l15x_it.o [1]
Temp                    0x0006f8    0x1  Data  Gb  Globaldata.o [1]
Temp_Table              0x00a5d9  0x14c  Data  Gb  Temperature.o [1]
USART1_RX_TIM5_CC_IRQHandler
                        0x00caee    0x1  Code  Gb  stm8l15x_it.o [1]
USART1_TX_TIM5_UPD_OVF_TRG_BRK_IRQHandler
                        0x00caed    0x1  Code  Gb  stm8l15x_it.o [1]
USART2_Configuration    0x00ba82   0x61  Code  Gb  mcu_init.o [1]
USART2_IRQHandler       0x00b771   0x92  Code  Gb  uart.o [1]
USART2_TX_IRQHandler    0x00bc56   0x57  Code  Gb  uart.o [1]
USART3_IRQHandler       0x00ab9f   0xda  Code  Gb  uart.o [1]
USART_ClearITPendingBit
                        0x00caa4    0x5  Code  Gb  stm8l15x_usart.o [1]
USART_Cmd               0x00c2a1   0x2d  Code  Gb  stm8l15x_usart.o [1]
USART_DeInit            0x00c03c   0x42  Code  Gb  stm8l15x_usart.o [1]
USART_GetITStatus       0x00b287   0xac  Code  Gb  stm8l15x_usart.o [1]
USART_ITConfig          0x00b5b3   0x96  Code  Gb  stm8l15x_usart.o [1]
USART_Init              0x00ac79   0xd8  Code  Gb  stm8l15x_usart.o [1]
USART_ReceiveData8      0x00cacc    0x3  Code  Gb  stm8l15x_usart.o [1]
USART_SendData8         0x00ca69    0x7  Code  Gb  stm8l15x_usart.o [1]
USART_SendData9         0x00c3a1   0x29  Code  Gb  stm8l15x_usart.o [1]
Uart2                   0x000010  0x2d1  Data  Gb  uart.o [1]
Uart2_Receive           0x00c213   0x33  Code  Gb  uart.o [1]
Uart2_Send              0x00b919   0x87  Code  Gb  uart.o [1]
Uart3                   0x000647   0x89  Data  Gb  uart.o [1]
Wake_Interrupt          0x00b47e   0x9c  Code  Gb  rtc.o [1]
WriteRom                0x00b333   0xa6  Code  Gb  Save.o [1]
__DebugBreak            0x00caf0    0x1  Code  Gb  __dbg_break.o [3]
__exit                  0x00c803   0x14  Code  Gb  __dbg_xxexit.o [3]
__iar_Strstr            0x00bfb5   0x44  Code  Gb  strstr.o [4]
__iar_data_init2        0x00c712   0x17  Code  Gb  init.o [4]
__iar_program_start     0x00c863         Code  Gb  cstartup.o [4]
__iar_unhandled_exception
                        0x00cad8         Code  Gb  unhandled_exception.o [4]
__iar_zero_init2        0x00c60c         Code  Gb  init_small.o [4]
__intvec                0x008000         Data  Gb  interrupt.o [4]
__low_level_init        0x00cad2    0x3  Code  Gb  low_level_init.o [4]
_exit                   0x00caa9         Code  Gb  cexit.o [4]
_interrupt_1            0x00cadb         Code  Gb  stm8l15x_it.o [1]
_interrupt_10           0x00c76b         Code  Gb  stm8l15x_it.o [1]
_interrupt_11           0x00cae1         Code  Gb  stm8l15x_it.o [1]
_interrupt_12           0x00cae2         Code  Gb  stm8l15x_it.o [1]
_interrupt_13           0x00cae3         Code  Gb  stm8l15x_it.o [1]
_interrupt_14           0x00cae4         Code  Gb  stm8l15x_it.o [1]
_interrupt_15           0x00cae5         Code  Gb  stm8l15x_it.o [1]
_interrupt_16           0x00cae6         Code  Gb  stm8l15x_it.o [1]
_interrupt_17           0x00cae7         Code  Gb  stm8l15x_it.o [1]
_interrupt_18           0x00cae8         Code  Gb  stm8l15x_it.o [1]
_interrupt_19           0x00cae9         Code  Gb  stm8l15x_it.o [1]
_interrupt_20           0x00caea         Code  Gb  stm8l15x_it.o [1]
_interrupt_21           0x00c781         Code  Gb  stm8l15x_it.o [1]
_interrupt_22           0x00c797         Code  Gb  stm8l15x_it.o [1]
_interrupt_23           0x00c7ad         Code  Gb  stm8l15x_it.o [1]
_interrupt_24           0x00c7c3         Code  Gb  stm8l15x_it.o [1]
_interrupt_25           0x00c6e2         Code  Gb  stm8l15x_it.o [1]
_interrupt_26           0x00caeb         Code  Gb  stm8l15x_it.o [1]
_interrupt_27           0x00c6fa         Code  Gb  stm8l15x_it.o [1]
_interrupt_28           0x00caec         Code  Gb  stm8l15x_it.o [1]
_interrupt_29           0x00caed         Code  Gb  stm8l15x_it.o [1]
_interrupt_3            0x00cadc         Code  Gb  stm8l15x_it.o [1]
_interrupt_30           0x00caee         Code  Gb  stm8l15x_it.o [1]
_interrupt_31           0x00caef         Code  Gb  stm8l15x_it.o [1]
_interrupt_4            0x00cadd         Code  Gb  stm8l15x_it.o [1]
_interrupt_5            0x00cade         Code  Gb  stm8l15x_it.o [1]
_interrupt_6            0x00c461         Code  Gb  stm8l15x_it.o [1]
_interrupt_7            0x00cadf         Code  Gb  stm8l15x_it.o [1]
_interrupt_8            0x00cae0         Code  Gb  stm8l15x_it.o [1]
_interrupt_9            0x00c755         Code  Gb  stm8l15x_it.o [1]
aa                      0x0006fb    0x1  Data  Gb  stm8l15x_it.o [1]
abs                     0x00c9da    0xb  Code  Gb  abs.o [4]
delay_ms                0x00c3f1   0x26  Code  Gb  rtc.o [1]
exit                    0x00cad5    0x3  Code  Gb  exit.o [4]
main                    0x00bf28   0x47  Code  Gb  main.o [1]
memcpy                  0x00c43c   0x25  Code  Gb  memcpy.o [4]
memset                  0x00c7ee   0x15  Code  Gb  memset.o [4]
rtc_interrupt           0x00c324   0x2a  Code  Gb  rtc.o [1]
strstr                  0x00c817   0x13  Code  Gb  BC95.o [1]


[1] = F:\中科君达\NB水表\软件\NB-IOT程序V1.0\project\Debug\Obj
[2] = command line
[3] = dbgstm8smd.a
[4] = dlstm8smn.a

  17 906 bytes of readonly  code memory
   1 279 bytes of readonly  data memory
   2 045 bytes of readwrite data memory

Errors: none
Warnings: none
