###############################################################################
#
# IAR ELF Linker V2.20.1.176 for STM8                     11/Aug/2018  16:01:04
# Copyright 2010-2015 IAR Systems AB.
#
#    Output file  =  
#        F:\0中科君达\0项目\NB水表\软件\NB-IOT程序V1.0\project\Debug\Exe\project.out
#    Map file     =  
#        F:\0中科君达\0项目\NB水表\软件\NB-IOT程序V1.0\project\Debug\List\project.map
#    Command line =  
#        F:\0中科君达\0项目\NB水表\软件\NB-IOT程序V1.0\project\Debug\Obj\BC95.o
#        F:\0中科君达\0项目\NB水表\软件\NB-IOT程序V1.0\project\Debug\Obj\Globaldata.o
#        F:\0中科君达\0项目\NB水表\软件\NB-IOT程序V1.0\project\Debug\Obj\main.o
#        F:\0中科君达\0项目\NB水表\软件\NB-IOT程序V1.0\project\Debug\Obj\mcu_init.o
#        F:\0中科君达\0项目\NB水表\软件\NB-IOT程序V1.0\project\Debug\Obj\Pulse_Acquire.o
#        F:\0中科君达\0项目\NB水表\软件\NB-IOT程序V1.0\project\Debug\Obj\rtc.o
#        F:\0中科君达\0项目\NB水表\软件\NB-IOT程序V1.0\project\Debug\Obj\Save.o
#        F:\0中科君达\0项目\NB水表\软件\NB-IOT程序V1.0\project\Debug\Obj\stm8l15x_adc.o
#        F:\0中科君达\0项目\NB水表\软件\NB-IOT程序V1.0\project\Debug\Obj\stm8l15x_clk.o
#        F:\0中科君达\0项目\NB水表\软件\NB-IOT程序V1.0\project\Debug\Obj\stm8l15x_exti.o
#        F:\0中科君达\0项目\NB水表\软件\NB-IOT程序V1.0\project\Debug\Obj\stm8l15x_flash.o
#        F:\0中科君达\0项目\NB水表\软件\NB-IOT程序V1.0\project\Debug\Obj\stm8l15x_gpio.o
#        F:\0中科君达\0项目\NB水表\软件\NB-IOT程序V1.0\project\Debug\Obj\stm8l15x_it.o
#        F:\0中科君达\0项目\NB水表\软件\NB-IOT程序V1.0\project\Debug\Obj\stm8l15x_itc.o
#        F:\0中科君达\0项目\NB水表\软件\NB-IOT程序V1.0\project\Debug\Obj\stm8l15x_iwdg.o
#        F:\0中科君达\0项目\NB水表\软件\NB-IOT程序V1.0\project\Debug\Obj\stm8l15x_pwr.o
#        F:\0中科君达\0项目\NB水表\软件\NB-IOT程序V1.0\project\Debug\Obj\stm8l15x_rst.o
#        F:\0中科君达\0项目\NB水表\软件\NB-IOT程序V1.0\project\Debug\Obj\stm8l15x_rtc.o
#        F:\0中科君达\0项目\NB水表\软件\NB-IOT程序V1.0\project\Debug\Obj\stm8l15x_syscfg.o
#        F:\0中科君达\0项目\NB水表\软件\NB-IOT程序V1.0\project\Debug\Obj\stm8l15x_usart.o
#        F:\0中科君达\0项目\NB水表\软件\NB-IOT程序V1.0\project\Debug\Obj\stm8l15x_wfe.o
#        F:\0中科君达\0项目\NB水表\软件\NB-IOT程序V1.0\project\Debug\Obj\stm8l15x_wwdg.o
#        F:\0中科君达\0项目\NB水表\软件\NB-IOT程序V1.0\project\Debug\Obj\Sys_Timer.o
#        F:\0中科君达\0项目\NB水表\软件\NB-IOT程序V1.0\project\Debug\Obj\Temperature.o
#        F:\0中科君达\0项目\NB水表\软件\NB-IOT程序V1.0\project\Debug\Obj\uart.o
#        --redirect _Printf=_PrintfSmall --redirect _Scanf=_ScanfSmall -o
#        F:\0中科君达\0项目\NB水表\软件\NB-IOT程序V1.0\project\Debug\Exe\project.out
#        --map
#        F:\0中科君达\0项目\NB水表\软件\NB-IOT程序V1.0\project\Debug\List\project.map
#        --config "D:\IAR for STM8\stm8\config\lnkstm8l151c8.icf" --config_def
#        _CSTACK_SIZE=0x100 --config_def _HEAP_SIZE=0x100 --entry
#        __iar_program_start --debug_lib
#
###############################################################################

*******************************************************************************
*** RUNTIME MODEL ATTRIBUTES
***

__SystemLibrary            = DLib
__code_model               = small
__core                     = stm8
__data_model               = medium
__dlib_file_descriptor     = 0
__dlib_full_locale_support = 0
__rt_version               = 4


*******************************************************************************
*** PLACEMENT SUMMARY
***

"A1":  place at start of [0x000000-0x0000ff] { rw section .vregs };
"A2":  place at end of [0x000000-0x000fff] { block CSTACK };
"P2":  place in [from 0x000000 to 0x000fff] {
          block HEAP, rw section __DLIB_PERTHREAD, rw section .far.bss,
          rw section .far.data, rw section .far.noinit,
          rw section .far_func.textrw, rw section .huge.bss,
          rw section .huge.data, rw section .huge.noinit,
          rw section .huge_func.textrw, rw section .iar.dynexit,
          rw section .near.bss, rw section .near.data, rw section .near.noinit,
          rw section .near_func.textrw };
"A3":  place at start of [0x008000-0x00ffff] { block INTVEC };
"P3":  place in [from 0x008000 to 0x00ffff] {
          ro section __DLIB_PERTHREAD_init, ro section .far.data_init,
          ro section .far_func.textrw_init, ro section .huge.data_init,
          ro section .huge_func.textrw_init, ro section .iar.init_table,
          ro section .init_array, ro section .near.data_init,
          ro section .near.rodata, ro section .near_func.text,
          ro section .near_func.textrw_init, ro section .tiny.data_init,
          ro section .tiny.rodata_init };

  Section          Kind      Address    Size  Object
  -------          ----      -------    ----  ------
"A1":                                   0x10
  .vregs           uninit   0x000000    0x10  vregs.o [4]
                          - 0x000010    0x10

"P2":                                  0x3d3
  .near.bss        zero     0x000010   0x1d1  uart.o [1]
  .near.bss        zero     0x0001e1   0x12e  BC95.o [1]
  .near.bss        zero     0x00030f    0xa0  Sys_Timer.o [1]
  .near.bss        zero     0x0003af    0x22  Globaldata.o [1]
  .near.bss        zero     0x0003d1     0x7  Pulse_Acquire.o [1]
  .near.bss        zero     0x0003d8     0x4  Globaldata.o [1]
  .near.bss        zero     0x0003dc     0x4  Globaldata.o [1]
  .near.bss        zero     0x0003e0     0x2  Globaldata.o [1]
  .near.bss        zero     0x0003e2     0x1  Sys_Timer.o [1]
                          - 0x0003e3   0x3d3

"A2":                                  0x100
  CSTACK                    0x000f00   0x100  <Block>
    CSTACK         uninit   0x000f00   0x100  <Block tail>
                          - 0x001000   0x100

"A3":                                   0x80
  INTVEC                    0x008000    0x80  <Block>
    .intvec        const    0x008000    0x80  interrupt.o [4]
                          - 0x008080    0x80

"P3":                                 0x514a
  .near_func.text  ro code  0x008080   0xb29  BC95.o [1]
  .near_func.text  ro code  0x008ba9   0x7f1  BC95.o [1]
  .near_func.text  ro code  0x00939a   0x654  BC95.o [1]
  .near_func.text  ro code  0x0099ee   0x651  BC95.o [1]
  .near_func.text  ro code  0x00a03f   0x293  float.o [4]
  .near_func.text  ro code  0x00a2d2   0x200  rtc.o [1]
  .near_func.text  ro code  0x00a4d2   0x1a2  BC95.o [1]
  .near_func.text  ro code  0x00a674   0x192  Sys_Timer.o [1]
  .near_func.text  ro code  0x00a806   0x15b  stm8l15x_itc.o [1]
  .near_func.text  ro code  0x00a961   0x152  stm8l15x_rtc.o [1]
  .near.rodata     const    0x00aab3   0x14c  Temperature.o [1]
  .near_func.text  ro code  0x00abff   0x140  Pulse_Acquire.o [1]
  .near_func.text  ro code  0x00ad3f   0x140  rtc.o [1]
  .near_func.text  ro code  0x00ae7f   0x120  vreg_util.o [4]
  .near_func.text  ro code  0x00af9f   0x11f  stm8l15x_exti.o [1]
  .near_func.text  ro code  0x00b0be   0x105  Sys_Timer.o [1]
  .near_func.text  ro code  0x00b1c3   0x101  Save.o [1]
  .near_func.text  ro code  0x00b2c4    0xe0  Temperature.o [1]
  .near_func.text  ro code  0x00b3a4    0xd3  Save.o [1]
  .near_func.text  ro code  0x00b477    0xd3  stm8l15x_usart.o [1]
  .near.rodata     const    0x00b54a    0xc8  BC95.o [1]
  .near_func.text  ro code  0x00b612    0xb7  stm8l15x_rtc.o [1]
  .near_func.text  ro code  0x00b6c9    0xb3  Save.o [1]
  .near_func.text  ro code  0x00b77c    0xaf  stm8l15x_gpio.o [1]
  .near_func.text  ro code  0x00b82b    0xac  stm8l15x_usart.o [1]
  .near_func.text  ro code  0x00b8d7    0xab  stm8l15x_rtc.o [1]
  .near_func.text  ro code  0x00b982    0xa5  mcu_init.o [1]
  .near_func.text  ro code  0x00ba27    0xa3  long.o [4]
  .near_func.text  ro code  0x00baca    0xa2  Save.o [1]
  .near_func.text  ro code  0x00bb6c    0x99  stm8l15x_clk.o [1]
  .near_func.text  ro code  0x00bc05    0x94  stm8l15x_usart.o [1]
  .near_func.text  ro code  0x00bc99    0x93  stm8l15x_clk.o [1]
  .near_func.text  ro code  0x00bd2c    0x8f  uart.o [1]
  .near_func.text  ro code  0x00bdbb    0x8e  stm8l15x_clk.o [1]
  .near_func.text  ro code  0x00be49    0x8a  BC95.o [1]
  .near_func.text  ro code  0x00bed3    0x88  uart.o [1]
  .near.rodata     const    0x00bf5b    0x80  BC95.o [1]
  .near_func.text  ro code  0x00bfdb    0x7d  Save.o [1]
  .near_func.text  ro code  0x00c058    0x6a  Globaldata.o [1]
  .near_func.text  ro code  0x00c0c2    0x63  short.o [4]
  .near_func.text  ro code  0x00c125    0x61  mcu_init.o [1]
  .near_func.text  ro code  0x00c186    0x5f  Pulse_Acquire.o [1]
  .near_func.text  ro code  0x00c1e5    0x5e  rtc.o [1]
  .near_func.text  ro code  0x00c243    0x5c  stm8l15x_rtc.o [1]
  .near_func.text  ro code  0x00c29f    0x5c  stm8l15x_rtc.o [1]
  .near_func.text  ro code  0x00c2fb    0x59  main.o [1]
  .near_func.text  ro code  0x00c354    0x56  uart.o [1]
  .near_func.text  ro code  0x00c3aa    0x55  stm8l15x_exti.o [1]
  .near_func.text  ro code  0x00c3ff    0x55  stm8l15x_rtc.o [1]
  .near_func.text  ro code  0x00c454    0x55  stm8l15x_rtc.o [1]
  .near_func.text  ro code  0x00c4a9    0x53  BC95.o [1]
  .near_func.text  ro code  0x00c4fc    0x52  long_util.o [4]
  .near_func.text  ro code  0x00c54e    0x50  stm8l15x_adc.o [1]
  .near_func.text  ro code  0x00c59e    0x50  Sys_Timer.o [1]
  .near_func.text  ro code  0x00c5ee    0x4e  stm8l15x_adc.o [1]
  .near_func.text  ro code  0x00c63c    0x4d  Sys_Timer.o [1]
  .near_func.text  ro code  0x00c689    0x4a  mcu_init.o [1]
  .near_func.text  ro code  0x00c6d3    0x49  mcu_init.o [1]
  .near_func.text  ro code  0x00c71c    0x46  Globaldata.o [1]
  .near_func.text  ro code  0x00c762    0x45  stm8l15x_rtc.o [1]
  .near_func.text  ro code  0x00c7a7    0x44  strstr.o [4]
  .near_func.text  ro code  0x00c7eb    0x42  BC95.o [1]
  .near.rodata     const    0x00c82d    0x40  BC95.o [1]
  .near_func.text  ro code  0x00c86d    0x3f  stm8l15x_exti.o [1]
  .near_func.text  ro code  0x00c8ac    0x3e  stm8l15x_usart.o [1]
  .near_func.text  ro code  0x00c8ea    0x3d  Save.o [1]
  .near_func.text  ro code  0x00c927    0x3b  stm8l15x_rtc.o [1]
  .near_func.text  ro code  0x00c962    0x39  rtc.o [1]
  .near_func.text  ro code  0x00c99b    0x38  Save.o [1]
  .near_func.text  ro code  0x00c9d3    0x37  stm8l15x_rtc.o [1]
  .near_func.text  ro code  0x00ca0a    0x36  stm8l15x_exti.o [1]
  .near_func.text  ro code  0x00ca40    0x36  memcmp.o [4]
  .near_func.text  ro code  0x00ca76    0x32  uart.o [1]
  .near_func.text  ro code  0x00caa8    0x2f  stm8l15x_adc.o [1]
  .near_func.text  ro code  0x00cad7    0x2d  stm8l15x_rtc.o [1]
  .near_func.text  ro code  0x00cb04    0x2c  stm8l15x_rtc.o [1]
  .near_func.text  ro code  0x00cb30    0x2b  stm8l15x_usart.o [1]
  .near.rodata     const    0x00cb5b    0x28  BC95.o [1]
  .near_func.text  ro code  0x00cb83    0x28  stm8l15x_adc.o [1]
  .near_func.text  ro code  0x00cbab    0x27  rtc.o [1]
  .near_func.text  ro code  0x00cbd2    0x25  BC95.o [1]
  .near_func.text  ro code  0x00cbf7    0x25  Pulse_Acquire.o [1]
  .near_func.text  ro code  0x00cc1c    0x25  memcpy.o [4]
  .near_func.text  ro code  0x00cc41    0x23  stm8l15x_rtc.o [1]
  .near_func.text  ro code  0x00cc64    0x22  stm8l15x_exti.o [1]
  .iar.init_table  const    0x00cc86     0x8  - Linker created -
  .near_func.text  ro code  0x00cc8e    0x20  stm8l15x_rtc.o [1]
  .near.rodata     const    0x00ccae    0x1f  BC95.o [1]
  .near_func.text  ro code  0x00cccd    0x1f  main.o [1]
  .near_func.text  ro code  0x00ccec    0x1e  BC95.o [1]
  .near_func.text  ro code  0x00cd0a    0x1e  stm8l15x_adc.o [1]
  .near_func.text  ro code  0x00cd28    0x1e  init_small.o [4]
  .near.rodata     const    0x00cd46    0x1b  BC95.o [1]
  .near_func.text  ro code  0x00cd61    0x1b  Globaldata.o [1]
  .near_func.text  ro code  0x00cd7c    0x1b  stm8l15x_rtc.o [1]
  .near_func.text  ro code  0x00cd97    0x1a  dc_util.o [4]
  .near_func.text  ro code  0x00cdb1    0x19  stm8l15x_flash.o [1]
  .near_func.text  ro code  0x00cdca    0x19  stm8l15x_flash.o [1]
  .near_func.text  ro code  0x00cde3    0x19  stm8l15x_it.o [1]
  .near_func.text  ro code  0x00cdfc    0x17  memset.o [4]
  .near_func.text  ro code  0x00ce13    0x17  init.o [4]
  .near_func.text  ro code  0x00ce2a    0x16  main.o [1]
  .near_func.text  ro code  0x00ce40    0x16  stm8l15x_it.o [1]
  .near_func.text  ro code  0x00ce56    0x16  stm8l15x_it.o [1]
  .near_func.text  ro code  0x00ce6c    0x16  stm8l15x_it.o [1]
  .near_func.text  ro code  0x00ce82    0x16  stm8l15x_it.o [1]
  .near_func.text  ro code  0x00ce98    0x15  Save.o [1]
  .near_func.text  ro code  0x00cead    0x15  stm8l15x_rtc.o [1]
  .near_func.text  ro code  0x00cec2    0x14  __dbg_xxexit.o [3]
  .near_func.text  ro code  0x00ced6    0x13  BC95.o [1]
  .near_func.text  ro code  0x00cee9    0x13  BC95.o [1]
  .near_func.text  ro code  0x00cefc    0x13  stm8l15x_clk.o [1]
  .near_func.text  ro code  0x00cf0f    0x13  cstartup.o [4]
  .near_func.text  ro code  0x00cf22    0x12  strlen.o [4]
  .near.rodata     const    0x00cf34    0x11  BC95.o [1]
  .near.rodata     const    0x00cf45    0x11  BC95.o [1]
  .near.rodata     const    0x00cf56    0x11  BC95.o [1]
  .near_func.text  ro code  0x00cf67    0x11  stm8l15x_adc.o [1]
  .near_func.text  ro code  0x00cf78     0xf  Save.o [1]
  .near_func.text  ro code  0x00cf87     0xe  stm8l15x_adc.o [1]
  .near_func.text  ro code  0x00cf95     0xe  stm8l15x_pwr.o [1]
  .near_func.text  ro code  0x00cfa3     0xd  BC95.o [1]
  .near_func.text  ro code  0x00cfb0     0xd  Save.o [1]
  .near_func.text  ro code  0x00cfbd     0xd  stm8l15x_adc.o [1]
  .near_func.text  ro code  0x00cfca     0xd  move.o [4]
  .near.rodata     const    0x00cfd7     0xc  BC95.o [1]
  .near.rodata     const    0x00cfe3     0xc  BC95.o [1]
  .near.rodata     const    0x00cfef     0xc  BC95.o [1]
  .near.rodata     const    0x00cffb     0xc  BC95.o [1]
  .near.rodata     const    0x00d007     0xc  BC95.o [1]
  .near.rodata     const    0x00d013     0xc  BC95.o [1]
  .near.rodata     const    0x00d01f     0xc  BC95.o [1]
  .near.rodata     const    0x00d02b     0xc  BC95.o [1]
  .near_func.text  ro code  0x00d037     0xc  stm8l15x_rtc.o [1]
  .near.rodata     const    0x00d043     0xb  BC95.o [1]
  .near.rodata     const    0x00d04e     0xb  BC95.o [1]
  .near.rodata     const    0x00d059     0xb  BC95.o [1]
  .near.rodata     const    0x00d064     0xb  BC95.o [1]
  .near.rodata     const    0x00d06f     0xb  BC95.o [1]
  .near.rodata     const    0x00d07a     0xb  BC95.o [1]
  .near_func.text  ro code  0x00d085     0xb  stm8l15x_flash.o [1]
  .near_func.text  ro code  0x00d090     0xb  stm8l15x_flash.o [1]
  .near_func.text  ro code  0x00d09b     0xb  abs.o [4]
  .near_func.text  ro code  0x00d0a6     0xa  mcu_init.o [1]
  .near_func.text  ro code  0x00d0b0     0xa  stm8l15x_clk.o [1]
  .near_func.text  ro code  0x00d0ba     0xa  char.o [4]
  .near.rodata     const    0x00d0c4     0x9  BC95.o [1]
  .near.rodata     const    0x00d0cd     0x9  BC95.o [1]
  .near.rodata     const    0x00d0d6     0x9  BC95.o [1]
  .near.rodata     const    0x00d0df     0x9  BC95.o [1]
  .near.rodata     const    0x00d0e8     0x9  Save.o [1]
  .near.rodata     const    0x00d0f1     0x9  Save.o [1]
  .near_func.text  ro code  0x00d0fa     0x9  BC95.o [1]
  .near_func.text  ro code  0x00d103     0x9  stm8l15x_gpio.o [1]
  .near.rodata     const    0x00d10c     0x8  BC95.o [1]
  .near_func.text  ro code  0x00d114     0x8  stm8l15x_gpio.o [1]
  .near_func.text  ro code  0x00d11c     0x8  stm8l15x_usart.o [1]
  .near.rodata     const    0x00d124     0x7  BC95.o [1]
  .near.rodata     const    0x00d12b     0x7  BC95.o [1]
  .near.rodata     const    0x00d132     0x7  BC95.o [1]
  .near_func.text  ro code  0x00d139     0x7  stm8l15x_gpio.o [1]
  .near.rodata     const    0x00d140     0x6  BC95.o [1]
  .near_func.text  ro code  0x00d146     0x6  Save.o [1]
  .near_func.text  ro code  0x00d14c     0x6  Save.o [1]
  .near.rodata     const    0x00d152     0x5  BC95.o [1]
  .near.rodata     const    0x00d157     0x5  BC95.o [1]
  .near.rodata     const    0x00d15c     0x5  stm8l15x_clk.o [1]
  .near_func.text  ro code  0x00d161     0x5  BC95.o [1]
  .near_func.text  ro code  0x00d166     0x5  stm8l15x_adc.o [1]
  .near_func.text  ro code  0x00d16b     0x5  stm8l15x_flash.o [1]
  .near_func.text  ro code  0x00d170     0x5  stm8l15x_iwdg.o [1]
  .near_func.text  ro code  0x00d175     0x5  stm8l15x_iwdg.o [1]
  .near_func.text  ro code  0x00d17a     0x5  stm8l15x_usart.o [1]
  .near_func.text  ro code  0x00d17f     0x5  stm8l15x_usart.o [1]
  .near_func.text  ro code  0x00d184     0x5  cexit.o [4]
  .near.rodata     const    0x00d189     0x4  BC95.o [1]
  .near_func.text  ro code  0x00d18d     0x4  stm8l15x_clk.o [1]
  .near_func.text  ro code  0x00d191     0x4  stm8l15x_clk.o [1]
  .near_func.text  ro code  0x00d195     0x4  stm8l15x_iwdg.o [1]
  .near_func.text  ro code  0x00d199     0x4  stm8l15x_iwdg.o [1]
  .near_func.text  ro code  0x00d19d     0x4  stm8l15x_iwdg.o [1]
  .near.rodata     const    0x00d1a1     0x3  BC95.o [1]
  .near_func.text  ro code  0x00d1a4     0x3  interrupt.o [4]
  .near_func.text  ro code  0x00d1a7     0x3  low_level_init.o [4]
  .near_func.text  ro code  0x00d1aa     0x3  exit.o [4]
  .near_func.text  ro code  0x00d1ad     0x3  unhandled_exception.o [4]
  .near_func.text  ro code  0x00d1b0     0x1  stm8l15x_it.o [1]
  .near_func.text  ro code  0x00d1b1     0x1  stm8l15x_it.o [1]
  .near_func.text  ro code  0x00d1b2     0x1  stm8l15x_it.o [1]
  .near_func.text  ro code  0x00d1b3     0x1  stm8l15x_it.o [1]
  .near_func.text  ro code  0x00d1b4     0x1  stm8l15x_it.o [1]
  .near_func.text  ro code  0x00d1b5     0x1  stm8l15x_it.o [1]
  .near_func.text  ro code  0x00d1b6     0x1  stm8l15x_it.o [1]
  .near_func.text  ro code  0x00d1b7     0x1  stm8l15x_it.o [1]
  .near_func.text  ro code  0x00d1b8     0x1  stm8l15x_it.o [1]
  .near_func.text  ro code  0x00d1b9     0x1  stm8l15x_it.o [1]
  .near_func.text  ro code  0x00d1ba     0x1  stm8l15x_it.o [1]
  .near_func.text  ro code  0x00d1bb     0x1  stm8l15x_it.o [1]
  .near_func.text  ro code  0x00d1bc     0x1  stm8l15x_it.o [1]
  .near_func.text  ro code  0x00d1bd     0x1  stm8l15x_it.o [1]
  .near_func.text  ro code  0x00d1be     0x1  stm8l15x_it.o [1]
  .near_func.text  ro code  0x00d1bf     0x1  stm8l15x_it.o [1]
  .near_func.text  ro code  0x00d1c0     0x1  stm8l15x_it.o [1]
  .near_func.text  ro code  0x00d1c1     0x1  stm8l15x_it.o [1]
  .near_func.text  ro code  0x00d1c2     0x1  stm8l15x_it.o [1]
  .near_func.text  ro code  0x00d1c3     0x1  stm8l15x_it.o [1]
  .near_func.text  ro code  0x00d1c4     0x1  stm8l15x_it.o [1]
  .near_func.text  ro code  0x00d1c5     0x1  stm8l15x_it.o [1]
  .near_func.text  ro code  0x00d1c6     0x1  stm8l15x_it.o [1]
  .near_func.text  ro code  0x00d1c7     0x1  stm8l15x_it.o [1]
  .near_func.text  ro code  0x00d1c8     0x1  stm8l15x_it.o [1]
  .near_func.text  ro code  0x00d1c9     0x1  __dbg_break.o [3]
                          - 0x00d1ca  0x514a


*******************************************************************************
*** INIT TABLE
***

          Address   Size
          -------   ----
Zero (__iar_zero_init2)
    1 destination range, total size 0x3d3:
          0x000010  0x3d3



*******************************************************************************
*** MODULE SUMMARY
***

    Module                 ro code  ro data  rw data
    ------                 -------  -------  -------
F:\0中科君达\0项目\NB水表\软件\NB-IOT程序V1.0\project\Debug\Obj: [1]
    BC95.o                   8 964      791      302
    Globaldata.o               203                44
    Pulse_Acquire.o            452                 7
    Save.o                   1 112       18
    Sys_Timer.o                820               161
    Temperature.o              224      332
    main.o                     142
    mcu_init.o                 419
    rtc.o                    1 022
    stm8l15x_adc.o             324
    stm8l15x_clk.o             479        5
    stm8l15x_exti.o            523
    stm8l15x_flash.o            77
    stm8l15x_gpio.o            199
    stm8l15x_it.o              138
    stm8l15x_itc.o             347
    stm8l15x_iwdg.o             22
    stm8l15x_pwr.o              14
    stm8l15x_rtc.o           1 445
    stm8l15x_usart.o           654
    uart.o                     415               465
    ------------------------------------------------
    Total:                  17 995    1 146      979

command line: [2]
    ------------------------------------------------
    Total:

dbgstm8smd.a: [3]
    __dbg_break.o                1
    __dbg_xxexit.o              20
    ------------------------------------------------
    Total:                      21

dlstm8smn.a: [4]
    abs.o                       11
    cexit.o                      5
    char.o                      10
    cstartup.o                  19
    dc_util.o                   26
    exit.o                       3
    float.o                    659
    init.o                      23
    init_small.o                30
    interrupt.o                  3      128
    long.o                     163
    long_util.o                 82
    low_level_init.o             3
    memcmp.o                    54
    memcpy.o                    37
    memset.o                    23
    move.o                      13
    short.o                     99
    strlen.o                    18
    strstr.o                    68
    unhandled_exception.o        3
    vreg_util.o                288
    vregs.o                                       16
    ------------------------------------------------
    Total:                   1 640      128       16

    Linker created                        8      256
----------------------------------------------------
    Grand Total:            19 656    1 282    1 251


*******************************************************************************
*** ENTRY LIST
***

Entry                    Address   Size  Type      Object
-----                    -------   ----  ----      ------
.iar.init_table$$Base   0x00cc86          --   Gb  - Linker created -
.iar.init_table$$Limit  0x00cc8e          --   Gb  - Linker created -
?b0                     0x000000         Data  Gb  vregs.o [4]
?b1                     0x000001         Data  Gb  vregs.o [4]
?b10                    0x00000a         Data  Gb  vregs.o [4]
?b11                    0x00000b         Data  Gb  vregs.o [4]
?b12                    0x00000c         Data  Gb  vregs.o [4]
?b13                    0x00000d         Data  Gb  vregs.o [4]
?b14                    0x00000e         Data  Gb  vregs.o [4]
?b15                    0x00000f         Data  Gb  vregs.o [4]
?b2                     0x000002         Data  Gb  vregs.o [4]
?b3                     0x000003         Data  Gb  vregs.o [4]
?b4                     0x000004         Data  Gb  vregs.o [4]
?b5                     0x000005         Data  Gb  vregs.o [4]
?b6                     0x000006         Data  Gb  vregs.o [4]
?b7                     0x000007         Data  Gb  vregs.o [4]
?b8                     0x000008         Data  Gb  vregs.o [4]
?b9                     0x000009         Data  Gb  vregs.o [4]
?dc32_l0                0x00cd97         Code  Gb  dc_util.o [4]
?dc32_l1                0x00cda4         Code  Gb  dc_util.o [4]
?e0                     0x000001         Data  Gb  vregs.o [4]
?e1                     0x000005         Data  Gb  vregs.o [4]
?e2                     0x000009         Data  Gb  vregs.o [4]
?e3                     0x00000d         Data  Gb  vregs.o [4]
?epilogue_l2            0x00af26         Code  Gb  vreg_util.o [4]
?epilogue_l2_l3         0x00af23         Code  Gb  vreg_util.o [4]
?epilogue_l2_w6         0x00af2a         Code  Gb  vreg_util.o [4]
?epilogue_w4            0x00af31         Code  Gb  vreg_util.o [4]
?fcastf32u16_l0_x       0x00a192         Code  Gb  float.o [4]
?fcasts16f32_x_l0       0x00a1b0         Code  Gb  float.o [4]
?fdiv32_l0_dc32_l1      0x00a0df         Code  Gb  float.o [4]
?fdiv32_l0_l0_l1        0x00a0e4         Code  Gb  float.o [4]
?fmul32_l0_l0_dc32      0x00a03f         Code  Gb  float.o [4]
?fmul32_l0_l0_l1        0x00a044         Code  Gb  float.o [4]
?inc32_0x_0x            0x00ba31         Code  Gb  long.o [4]
?inc32_l0_l0            0x00ba27         Code  Gb  long.o [4]
?inc32_l1_l1            0x00ba2c         Code  Gb  long.o [4]
?l0                     0x000000         Data  Gb  vregs.o [4]
?l1                     0x000004         Data  Gb  vregs.o [4]
?l2                     0x000008         Data  Gb  vregs.o [4]
?l3                     0x00000c         Data  Gb  vregs.o [4]
?load32_0x_l0           0x00c524         Code  Gb  long_util.o [4]
?load32_0x_l1           0x00c532         Code  Gb  long_util.o [4]
?load32_0x_l2           0x00c540         Code  Gb  long_util.o [4]
?load32_l0_0x           0x00c4fc         Code  Gb  long_util.o [4]
?load32_l1_0x           0x00c518         Code  Gb  long_util.o [4]
?load32_l1_asp          0x00c50d         Code  Gb  long_util.o [4]
?load32_l1_dbsp         0x00c508         Code  Gb  long_util.o [4]
?load32_l1_xsp          0x00c50f         Code  Gb  long_util.o [4]
?mov_e0_e1              0x00af54         Code  Gb  vreg_util.o [4]
?mov_e0_e2              0x00af61         Code  Gb  vreg_util.o [4]
?mov_e0_e3              0x00af6e         Code  Gb  vreg_util.o [4]
?mov_e1_e0              0x00af7b         Code  Gb  vreg_util.o [4]
?mov_e2_e0              0x00af88         Code  Gb  vreg_util.o [4]
?mov_e3_e0              0x00af95         Code  Gb  vreg_util.o [4]
?mov_l0_l1              0x00af51         Code  Gb  vreg_util.o [4]
?mov_l0_l2              0x00af5e         Code  Gb  vreg_util.o [4]
?mov_l0_l3              0x00af6b         Code  Gb  vreg_util.o [4]
?mov_l1_l0              0x00af78         Code  Gb  vreg_util.o [4]
?mov_l2_l0              0x00af85         Code  Gb  vreg_util.o [4]
?mov_l3_l0              0x00af92         Code  Gb  vreg_util.o [4]
?mov_w0_w1              0x00af35         Code  Gb  vreg_util.o [4]
?mov_w1_w3              0x00af57         Code  Gb  vreg_util.o [4]
?mov_w1_w5              0x00af64         Code  Gb  vreg_util.o [4]
?mov_w1_w6              0x00af3c         Code  Gb  vreg_util.o [4]
?mov_w1_w7              0x00af71         Code  Gb  vreg_util.o [4]
?mov_w2_w1              0x00af43         Code  Gb  vreg_util.o [4]
?mov_w3_w1              0x00af7e         Code  Gb  vreg_util.o [4]
?mov_w4_w6              0x00af4a         Code  Gb  vreg_util.o [4]
?mov_w5_w1              0x00af8b         Code  Gb  vreg_util.o [4]
?mov_w7_w1              0x00af98         Code  Gb  vreg_util.o [4]
?move1616_v_x_y_a       0x00cfca         Code  Gb  move.o [4]
?mul16_x_x_w0           0x00c0c2         Code  Gb  short.o [4]
?pop_l0                 0x00aeef         Code  Gb  vreg_util.o [4]
?pop_l1                 0x00aefa         Code  Gb  vreg_util.o [4]
?pop_l2                 0x00af05         Code  Gb  vreg_util.o [4]
?pop_l3                 0x00af10         Code  Gb  vreg_util.o [4]
?pop_w4                 0x00aea1         Code  Gb  vreg_util.o [4]
?pop_w6                 0x00aea8         Code  Gb  vreg_util.o [4]
?pop_w7                 0x00aeaf         Code  Gb  vreg_util.o [4]
?push_l0                0x00aebe         Code  Gb  vreg_util.o [4]
?push_l1                0x00aec3         Code  Gb  vreg_util.o [4]
?push_l2                0x00aec8         Code  Gb  vreg_util.o [4]
?push_l3                0x00aecd         Code  Gb  vreg_util.o [4]
?push_w4                0x00ae7f         Code  Gb  vreg_util.o [4]
?push_w6                0x00ae84         Code  Gb  vreg_util.o [4]
?push_w7                0x00ae89         Code  Gb  vreg_util.o [4]
?sdiv16_x_x_y           0x00c0e0         Code  Gb  short.o [4]
?sext16_x_a             0x00c11e         Code  Gb  short.o [4]
?sll16_x_x_a            0x00c109         Code  Gb  short.o [4]
?sll8_a_a_5             0x00d0ba         Code  Gb  char.o [4]
?smod16_y_x_y           0x00c0f9         Code  Gb  short.o [4]
?srl16_x_x_10           0x00c113         Code  Gb  short.o [4]
?srl16_x_x_11           0x00c112         Code  Gb  short.o [4]
?srl16_x_x_12           0x00c111         Code  Gb  short.o [4]
?srl16_x_x_4            0x00c119         Code  Gb  short.o [4]
?srl16_x_x_5            0x00c118         Code  Gb  short.o [4]
?srl16_x_x_6            0x00c117         Code  Gb  short.o [4]
?srl16_x_x_7            0x00c116         Code  Gb  short.o [4]
?srl16_x_x_8            0x00c115         Code  Gb  short.o [4]
?srl16_x_x_9            0x00c114         Code  Gb  short.o [4]
?srl8_a_a_5             0x00d0bf         Code  Gb  char.o [4]
?ucmp32_c_l0_0x         0x00baaf         Code  Gb  long.o [4]
?ucmp32_c_l0_l1         0x00babf         Code  Gb  long.o [4]
?udiv32_l0_l0_dl        0x00ba3f         Code  Gb  long.o [4]
?udiv32_l0_l0_l1        0x00ba42         Code  Gb  long.o [4]
?umod32_l1_l0_l1        0x00ba42         Code  Gb  long.o [4]
?w0                     0x000000         Data  Gb  vregs.o [4]
?w1                     0x000002         Data  Gb  vregs.o [4]
?w2                     0x000004         Data  Gb  vregs.o [4]
?w3                     0x000006         Data  Gb  vregs.o [4]
?w4                     0x000008         Data  Gb  vregs.o [4]
?w5                     0x00000a         Data  Gb  vregs.o [4]
?w6                     0x00000c         Data  Gb  vregs.o [4]
?w7                     0x00000e         Data  Gb  vregs.o [4]
ACK                     0x00be49   0x8a  Code  Gb  BC95.o [1]
ADC1_COMP_IRQHandler    0x00d1bf    0x1  Code  Gb  stm8l15x_it.o [1]
ADC_ChannelCmd          0x00c5ee   0x4e  Code  Gb  stm8l15x_adc.o [1]
ADC_ClearFlag           0x00cfbd    0xd  Code  Gb  stm8l15x_adc.o [1]
ADC_Cmd                 0x00cf67   0x11  Code  Gb  stm8l15x_adc.o [1]
ADC_GetConversionValue  0x00cb83   0x28  Code  Gb  stm8l15x_adc.o [1]
ADC_GetFlagStatus       0x00cd0a   0x1e  Code  Gb  stm8l15x_adc.o [1]
ADC_Init                0x00caa8   0x2f  Code  Gb  stm8l15x_adc.o [1]
ADC_SamplingTimeConfig  0x00c54e   0x50  Code  Gb  stm8l15x_adc.o [1]
ADC_SoftwareStartConv   0x00d166    0x5  Code  Gb  stm8l15x_adc.o [1]
ADC_VrefintCmd          0x00cf87    0xe  Code  Gb  stm8l15x_adc.o [1]
ASCLL_to_Int            0x00c71c   0x46  Code  Gb  Globaldata.o [1]
Alarm_Interrupt         0x00cbab   0x27  Code  Gb  rtc.o [1]
BC95                    0x0001e1  0x12e  Data  Gb  BC95.o [1]
BC95_Data_Send          0x00cee9   0x13  Code  Gb  BC95.o [1]
BC95_Delay_CallBalk     0x00d161    0x5  Code  Gb  BC95.o [1]
BC95_Power_Off          0x00d0fa    0x9  Code  Gb  BC95.o [1]
BC95_Power_On           0x00c7eb   0x42  Code  Gb  BC95.o [1]
BC95_Process            0x00939a  0x654  Code  Gb  BC95.o [1]
BC95_Reset              0x00ccec   0x1e  Code  Gb  BC95.o [1]
BC95_Start              0x00cfa3    0xd  Code  Gb  BC95.o [1]
BC95_Start_Timeout_CallBack
                        0x00cbd2   0x25  Code  Gb  BC95.o [1]
Bcd2ToByte              0x00cd7c   0x1b  Code  Lc  stm8l15x_rtc.o [1]
ByteToBcd2              0x00cc8e   0x20  Code  Lc  stm8l15x_rtc.o [1]
CLK_GetClockFreq        0x00bc99   0x93  Code  Gb  stm8l15x_clk.o [1]
CLK_GetFlagStatus       0x00bb6c   0x99  Code  Gb  stm8l15x_clk.o [1]
CLK_LSEConfig           0x00cefc   0x13  Code  Gb  stm8l15x_clk.o [1]
CLK_PeripheralClockConfig
                        0x00bdbb   0x8e  Code  Gb  stm8l15x_clk.o [1]
CLK_RTCClockConfig      0x00d0b0    0xa  Code  Gb  stm8l15x_clk.o [1]
CLK_SYSCLKDivConfig     0x00d191    0x4  Code  Gb  stm8l15x_clk.o [1]
CLK_SYSCLKSourceConfig  0x00d18d    0x4  Code  Gb  stm8l15x_clk.o [1]
CSTACK$$Base            0x000f00          --   Gb  - Linker created -
CSTACK$$Limit           0x001000          --   Gb  - Linker created -
Cal                     0x0003d1    0x7  Data  Gb  Pulse_Acquire.o [1]
Clear_Single_History_Data
                        0x00c99b   0x38  Code  Gb  Save.o [1]
Create_Timer            0x00b0be  0x105  Code  Gb  Sys_Timer.o [1]
DMA1_CHANNEL0_1_IRQHandler
                        0x00d1b2    0x1  Code  Gb  stm8l15x_it.o [1]
DMA1_CHANNEL2_3_IRQHandler
                        0x00d1b3    0x1  Code  Gb  stm8l15x_it.o [1]
Delete_Timer            0x00c59e   0x50  Code  Gb  Sys_Timer.o [1]
EXTI0_IRQHandler        0x00ce56   0x16  Code  Gb  stm8l15x_it.o [1]
EXTI1_IRQHandler        0x00d1b6    0x1  Code  Gb  stm8l15x_it.o [1]
EXTI2_IRQHandler        0x00d1b7    0x1  Code  Gb  stm8l15x_it.o [1]
EXTI3_IRQHandler        0x00d1b8    0x1  Code  Gb  stm8l15x_it.o [1]
EXTI4_IRQHandler        0x00d1b9    0x1  Code  Gb  stm8l15x_it.o [1]
EXTI5_IRQHandler        0x00d1ba    0x1  Code  Gb  stm8l15x_it.o [1]
EXTI6_IRQHandler        0x00d1bb    0x1  Code  Gb  stm8l15x_it.o [1]
EXTI7_IRQHandler        0x00d1bc    0x1  Code  Gb  stm8l15x_it.o [1]
EXTIB_G_IRQHandler      0x00d1b5    0x1  Code  Gb  stm8l15x_it.o [1]
EXTID_H_IRQHandler      0x00ce40   0x16  Code  Gb  stm8l15x_it.o [1]
EXTIE_F_PVD_IRQHandler  0x00d1b4    0x1  Code  Gb  stm8l15x_it.o [1]
EXTI_ClearITPendingBit  0x00cc64   0x22  Code  Gb  stm8l15x_exti.o [1]
EXTI_SelectPort         0x00ca0a   0x36  Code  Gb  stm8l15x_exti.o [1]
EXTI_SetHalfPortSelection
                        0x00c86d   0x3f  Code  Gb  stm8l15x_exti.o [1]
EXTI_SetPinSensitivity  0x00af9f  0x11f  Code  Gb  stm8l15x_exti.o [1]
EXTI_SetPortSensitivity
                        0x00c3aa   0x55  Code  Gb  stm8l15x_exti.o [1]
Exti0_Interrupt         0x00cbf7   0x25  Code  Gb  Pulse_Acquire.o [1]
ExtiD_Interrupt         0x00abff  0x140  Code  Gb  Pulse_Acquire.o [1]
FLASH_GetFlagStatus     0x00cdca   0x19  Code  Gb  stm8l15x_flash.o [1]
FLASH_IRQHandler        0x00d1b1    0x1  Code  Gb  stm8l15x_it.o [1]
FLASH_Lock              0x00d085    0xb  Code  Gb  stm8l15x_flash.o [1]
FLASH_ProgramByte       0x00d090    0xb  Code  Gb  stm8l15x_flash.o [1]
FLASH_ReadByte          0x00d16b    0x5  Code  Gb  stm8l15x_flash.o [1]
FLASH_Unlock            0x00cdb1   0x19  Code  Gb  stm8l15x_flash.o [1]
GMT_to_BT               0x00a2d2  0x200  Code  Gb  rtc.o [1]
GPIO_Configuration      0x00c6d3   0x49  Code  Gb  mcu_init.o [1]
GPIO_Init               0x00b77c   0xaf  Code  Gb  stm8l15x_gpio.o [1]
GPIO_ReadInputDataBit   0x00d103    0x9  Code  Gb  stm8l15x_gpio.o [1]
GPIO_ResetBits          0x00d114    0x8  Code  Gb  stm8l15x_gpio.o [1]
GPIO_SetBits            0x00d139    0x7  Code  Gb  stm8l15x_gpio.o [1]
HistoryData             0x0003e0    0x2  Data  Gb  Globaldata.o [1]
I2C1_SPI2_IRQHandler    0x00d1c8    0x1  Code  Gb  stm8l15x_it.o [1]
INTVEC$$Base            0x008000          --   Gb  - Linker created -
INTVEC$$Limit           0x008080          --   Gb  - Linker created -
ITC_SetSoftwarePriority
                        0x00a806  0x15b  Code  Gb  stm8l15x_itc.o [1]
IWDG_Enable             0x00d175    0x5  Code  Gb  stm8l15x_iwdg.o [1]
IWDG_INIT               0x00ce2a   0x16  Code  Gb  main.o [1]
IWDG_ReloadCounter      0x00d170    0x5  Code  Gb  stm8l15x_iwdg.o [1]
IWDG_SetPrescaler       0x00d199    0x4  Code  Gb  stm8l15x_iwdg.o [1]
IWDG_SetReload          0x00d19d    0x4  Code  Gb  stm8l15x_iwdg.o [1]
IWDG_WriteAccessCmd     0x00d195    0x4  Code  Gb  stm8l15x_iwdg.o [1]
Int_to_ASCLL            0x00cd61   0x1b  Code  Gb  Globaldata.o [1]
LCD_AES_IRQHandler      0x00d1bd    0x1  Code  Gb  stm8l15x_it.o [1]
MCU_DeInit              0x00c689   0x4a  Code  Gb  mcu_init.o [1]
MeterParameter          0x0003af   0x22  Data  Gb  Globaldata.o [1]
PWR_UltraLowPowerCmd    0x00cf95    0xe  Code  Gb  stm8l15x_pwr.o [1]
Pulse_Acquire_Config    0x00c186   0x5f  Code  Gb  Pulse_Acquire.o [1]
RCC_Configuration       0x00d0a6    0xa  Code  Gb  mcu_init.o [1]
RTC_AlarmCmd            0x00c454   0x55  Code  Gb  stm8l15x_rtc.o [1]
RTC_CSSLSE_IRQHandler   0x00cde3   0x19  Code  Gb  stm8l15x_it.o [1]
RTC_ClearITPendingBit   0x00d037    0xc  Code  Gb  stm8l15x_rtc.o [1]
RTC_DateStr             0x0003dc    0x4  Data  Gb  Globaldata.o [1]
RTC_EnterInitMode       0x00cb04   0x2c  Code  Gb  stm8l15x_rtc.o [1]
RTC_GetDate             0x00c29f   0x5c  Code  Gb  stm8l15x_rtc.o [1]
RTC_GetITStatus         0x00cad7   0x2d  Code  Gb  stm8l15x_rtc.o [1]
RTC_GetTime             0x00c3ff   0x55  Code  Gb  stm8l15x_rtc.o [1]
RTC_ITConfig            0x00c927   0x3b  Code  Gb  stm8l15x_rtc.o [1]
RTC_Init                0x00c243   0x5c  Code  Gb  stm8l15x_rtc.o [1]
RTC_SetAlarm            0x00a961  0x152  Code  Gb  stm8l15x_rtc.o [1]
RTC_SetDate             0x00b612   0xb7  Code  Gb  stm8l15x_rtc.o [1]
RTC_SetTime             0x00b8d7   0xab  Code  Gb  stm8l15x_rtc.o [1]
RTC_SetWakeUpCounter    0x00cead   0x15  Code  Gb  stm8l15x_rtc.o [1]
RTC_TimeStr             0x0003d8    0x4  Data  Gb  Globaldata.o [1]
RTC_WaitForSynchro      0x00c9d3   0x37  Code  Gb  stm8l15x_rtc.o [1]
RTC_WakeUpClockConfig   0x00cc41   0x23  Code  Gb  stm8l15x_rtc.o [1]
RTC_WakeUpCmd           0x00c762   0x45  Code  Gb  stm8l15x_rtc.o [1]
Read_ACUM_Flow          0x00cf78    0xf  Code  Gb  Save.o [1]
Read_BC95_ErrorRecord   0x00d146    0x6  Code  Gb  Save.o [1]
Read_History_Data       0x00b6c9   0xb3  Code  Gb  Save.o [1]
Read_History_Save_Index
                        0x00d14c    0x6  Code  Gb  Save.o [1]
Read_Meter_Parameter    0x00bfdb   0x7d  Code  Gb  Save.o [1]
Read_Temp               0x00b2c4   0xe0  Code  Gb  Temperature.o [1]
Read_Voltage            0x00b982   0xa5  Code  Gb  mcu_init.o [1]
Recv_Data_Process       0x0099ee  0x651  Code  Gb  BC95.o [1]
Region$$Table$$Base     0x00cc86          --   Gb  - Linker created -
Region$$Table$$Limit    0x00cc8e          --   Gb  - Linker created -
Report_All_Parameters   0x008080  0xb29  Code  Gb  BC95.o [1]
Report_HC_Flow          0x008ba9  0x7f1  Code  Gb  BC95.o [1]
Report_History_Data     0x00a4d2  0x1a2  Code  Gb  BC95.o [1]
Rtc_Config              0x00c1e5   0x5e  Code  Gb  rtc.o [1]
SPI1_IRQHandler         0x00d1c5    0x1  Code  Gb  stm8l15x_it.o [1]
SWITCH_CSS_BREAK_DAC_IRQHandler
                        0x00d1be    0x1  Code  Gb  stm8l15x_it.o [1]
SYSDivFactor            0x00d15c    0x5  Data  Gb  stm8l15x_clk.o [1]
Save_Add_Flow           0x00ce98   0x15  Code  Gb  Save.o [1]
Save_BC95_ErrorRecord   0x00cfb0    0xd  Code  Gb  Save.o [1]
Save_History_Data       0x00b1c3  0x101  Code  Gb  Save.o [1]
Save_Meter_Parameter    0x00c8ea   0x3d  Code  Gb  Save.o [1]
Save_SDCF_Flow          0x00b3a4   0xd3  Code  Gb  Save.o [1]
Send_Data_Process       0x00c4a9   0x53  Code  Gb  BC95.o [1]
Set_Alarm               0x00c962   0x39  Code  Gb  rtc.o [1]
Sleep                   0x00cccd   0x1f  Code  Gb  main.o [1]
SysTick_Handler         0x00a674  0x192  Code  Gb  Sys_Timer.o [1]
Sys_Timer               0x00030f   0xa0  Data  Lc  Sys_Timer.o [1]
Sys_Timer_Process       0x00c63c   0x4d  Code  Gb  Sys_Timer.o [1]
TIM1_CC_IRQHandler      0x00d1c3    0x1  Code  Gb  stm8l15x_it.o [1]
TIM1_UPD_OVF_TRG_COM_IRQHandler
                        0x00d1c2    0x1  Code  Gb  stm8l15x_it.o [1]
TIM2_CC_USART2_RX_IRQHandler
                        0x00ce82   0x16  Code  Gb  stm8l15x_it.o [1]
TIM2_UPD_OVF_TRG_BRK_USART2_TX_IRQHandler
                        0x00ce6c   0x16  Code  Gb  stm8l15x_it.o [1]
TIM3_CC_USART3_RX_IRQHandler
                        0x00d1c1    0x1  Code  Gb  stm8l15x_it.o [1]
TIM3_UPD_OVF_TRG_BRK_USART3_TX_IRQHandler
                        0x00d1c0    0x1  Code  Gb  stm8l15x_it.o [1]
TIM4_UPD_OVF_TRG_IRQHandler
                        0x00d1c4    0x1  Code  Gb  stm8l15x_it.o [1]
TRAP_IRQHandler         0x00d1b0    0x1  Code  Gb  stm8l15x_it.o [1]
Temp_Table              0x00aab3  0x14c  Data  Gb  Temperature.o [1]
USART1_RX_TIM5_CC_IRQHandler
                        0x00d1c7    0x1  Code  Gb  stm8l15x_it.o [1]
USART1_TX_TIM5_UPD_OVF_TRG_BRK_IRQHandler
                        0x00d1c6    0x1  Code  Gb  stm8l15x_it.o [1]
USART2_Configuration    0x00c125   0x61  Code  Gb  mcu_init.o [1]
USART2_IRQHandler       0x00bd2c   0x8f  Code  Gb  uart.o [1]
USART2_TX_IRQHandler    0x00c354   0x56  Code  Gb  uart.o [1]
USART_ClearITPendingBit
                        0x00d17f    0x5  Code  Gb  stm8l15x_usart.o [1]
USART_Cmd               0x00cb30   0x2b  Code  Gb  stm8l15x_usart.o [1]
USART_DeInit            0x00c8ac   0x3e  Code  Gb  stm8l15x_usart.o [1]
USART_GetITStatus       0x00b82b   0xac  Code  Gb  stm8l15x_usart.o [1]
USART_ITConfig          0x00bc05   0x94  Code  Gb  stm8l15x_usart.o [1]
USART_Init              0x00b477   0xd3  Code  Gb  stm8l15x_usart.o [1]
USART_ReceiveData8      0x00d17a    0x5  Code  Gb  stm8l15x_usart.o [1]
USART_SendData8         0x00d11c    0x8  Code  Gb  stm8l15x_usart.o [1]
Uart2                   0x000010  0x1d1  Data  Gb  uart.o [1]
Uart2_Receive           0x00ca76   0x32  Code  Gb  uart.o [1]
Uart2_Send              0x00bed3   0x88  Code  Gb  uart.o [1]
Wake_Interrupt          0x00ad3f  0x140  Code  Gb  rtc.o [1]
WriteRom                0x00baca   0xa2  Code  Gb  Save.o [1]
__DebugBreak            0x00d1c9    0x1  Code  Gb  __dbg_break.o [3]
__exit                  0x00cec2   0x14  Code  Gb  __dbg_xxexit.o [3]
__iar_Strstr            0x00c7a7   0x44  Code  Gb  strstr.o [4]
__iar_data_init2        0x00ce13   0x17  Code  Gb  init.o [4]
__iar_program_start     0x00cf0f         Code  Gb  cstartup.o [4]
__iar_unhandled_exception
                        0x00d1ad         Code  Gb  unhandled_exception.o [4]
__iar_zero_init2        0x00cd28         Code  Gb  init_small.o [4]
__intvec                0x008000         Data  Gb  interrupt.o [4]
__low_level_init        0x00d1a7    0x3  Code  Gb  low_level_init.o [4]
_exit                   0x00d184         Code  Gb  cexit.o [4]
_interrupt_1            0x00d1b0         Code  Gb  stm8l15x_it.o [1]
_interrupt_10           0x00ce56         Code  Gb  stm8l15x_it.o [1]
_interrupt_11           0x00d1b6         Code  Gb  stm8l15x_it.o [1]
_interrupt_12           0x00d1b7         Code  Gb  stm8l15x_it.o [1]
_interrupt_13           0x00d1b8         Code  Gb  stm8l15x_it.o [1]
_interrupt_14           0x00d1b9         Code  Gb  stm8l15x_it.o [1]
_interrupt_15           0x00d1ba         Code  Gb  stm8l15x_it.o [1]
_interrupt_16           0x00d1bb         Code  Gb  stm8l15x_it.o [1]
_interrupt_17           0x00d1bc         Code  Gb  stm8l15x_it.o [1]
_interrupt_18           0x00d1bd         Code  Gb  stm8l15x_it.o [1]
_interrupt_19           0x00d1be         Code  Gb  stm8l15x_it.o [1]
_interrupt_20           0x00d1bf         Code  Gb  stm8l15x_it.o [1]
_interrupt_21           0x00ce6c         Code  Gb  stm8l15x_it.o [1]
_interrupt_22           0x00ce82         Code  Gb  stm8l15x_it.o [1]
_interrupt_23           0x00d1c0         Code  Gb  stm8l15x_it.o [1]
_interrupt_24           0x00d1c1         Code  Gb  stm8l15x_it.o [1]
_interrupt_25           0x00d1c2         Code  Gb  stm8l15x_it.o [1]
_interrupt_26           0x00d1c3         Code  Gb  stm8l15x_it.o [1]
_interrupt_27           0x00d1c4         Code  Gb  stm8l15x_it.o [1]
_interrupt_28           0x00d1c5         Code  Gb  stm8l15x_it.o [1]
_interrupt_29           0x00d1c6         Code  Gb  stm8l15x_it.o [1]
_interrupt_3            0x00d1b1         Code  Gb  stm8l15x_it.o [1]
_interrupt_30           0x00d1c7         Code  Gb  stm8l15x_it.o [1]
_interrupt_31           0x00d1c8         Code  Gb  stm8l15x_it.o [1]
_interrupt_4            0x00d1b2         Code  Gb  stm8l15x_it.o [1]
_interrupt_5            0x00d1b3         Code  Gb  stm8l15x_it.o [1]
_interrupt_6            0x00cde3         Code  Gb  stm8l15x_it.o [1]
_interrupt_7            0x00d1b4         Code  Gb  stm8l15x_it.o [1]
_interrupt_8            0x00d1b5         Code  Gb  stm8l15x_it.o [1]
_interrupt_9            0x00ce40         Code  Gb  stm8l15x_it.o [1]
abs                     0x00d09b    0xb  Code  Gb  abs.o [4]
exit                    0x00d1aa    0x3  Code  Gb  exit.o [4]
main                    0x00c2fb   0x59  Code  Gb  main.o [1]
memcmp                  0x00ca40   0x36  Code  Gb  memcmp.o [4]
memcpy                  0x00cc1c   0x25  Code  Gb  memcpy.o [4]
memset                  0x00cdfc   0x17  Code  Gb  memset.o [4]
strlen                  0x00cf22   0x12  Code  Gb  strlen.o [4]
strnstr                 0x00c058   0x6a  Code  Gb  Globaldata.o [1]
strstr                  0x00ced6   0x13  Code  Gb  BC95.o [1]


[1] = F:\0中科君达\0项目\NB水表\软件\NB-IOT程序V1.0\project\Debug\Obj
[2] = command line
[3] = dbgstm8smd.a
[4] = dlstm8smn.a

  19 656 bytes of readonly  code memory
   1 282 bytes of readonly  data memory
   1 251 bytes of readwrite data memory

Errors: none
Warnings: none
