###############################################################################
#
# IAR ELF Linker V2.20.1.176 for STM8                     28/Jul/2018  18:17:58
# Copyright 2010-2015 IAR Systems AB.
#
#    Output file  =  
#        F:\0中科君达\0项目\NB水表\软件\NB-IOT程序V1.0\project\Debug\Exe\project.out
#    Map file     =  
#        F:\0中科君达\0项目\NB水表\软件\NB-IOT程序V1.0\project\Debug\List\project.map
#    Command line =  
#        F:\0中科君达\0项目\NB水表\软件\NB-IOT程序V1.0\project\Debug\Obj\BC95.o
#        F:\0中科君达\0项目\NB水表\软件\NB-IOT程序V1.0\project\Debug\Obj\Globaldata.o
#        F:\0中科君达\0项目\NB水表\软件\NB-IOT程序V1.0\project\Debug\Obj\main.o
#        F:\0中科君达\0项目\NB水表\软件\NB-IOT程序V1.0\project\Debug\Obj\mcu_init.o
#        F:\0中科君达\0项目\NB水表\软件\NB-IOT程序V1.0\project\Debug\Obj\Pulse_Acquire.o
#        F:\0中科君达\0项目\NB水表\软件\NB-IOT程序V1.0\project\Debug\Obj\rtc.o
#        F:\0中科君达\0项目\NB水表\软件\NB-IOT程序V1.0\project\Debug\Obj\Save.o
#        F:\0中科君达\0项目\NB水表\软件\NB-IOT程序V1.0\project\Debug\Obj\stm8l15x_adc.o
#        F:\0中科君达\0项目\NB水表\软件\NB-IOT程序V1.0\project\Debug\Obj\stm8l15x_aes.o
#        F:\0中科君达\0项目\NB水表\软件\NB-IOT程序V1.0\project\Debug\Obj\stm8l15x_beep.o
#        F:\0中科君达\0项目\NB水表\软件\NB-IOT程序V1.0\project\Debug\Obj\stm8l15x_clk.o
#        F:\0中科君达\0项目\NB水表\软件\NB-IOT程序V1.0\project\Debug\Obj\stm8l15x_comp.o
#        F:\0中科君达\0项目\NB水表\软件\NB-IOT程序V1.0\project\Debug\Obj\stm8l15x_dac.o
#        F:\0中科君达\0项目\NB水表\软件\NB-IOT程序V1.0\project\Debug\Obj\stm8l15x_dma.o
#        F:\0中科君达\0项目\NB水表\软件\NB-IOT程序V1.0\project\Debug\Obj\stm8l15x_exti.o
#        F:\0中科君达\0项目\NB水表\软件\NB-IOT程序V1.0\project\Debug\Obj\stm8l15x_flash.o
#        F:\0中科君达\0项目\NB水表\软件\NB-IOT程序V1.0\project\Debug\Obj\stm8l15x_gpio.o
#        F:\0中科君达\0项目\NB水表\软件\NB-IOT程序V1.0\project\Debug\Obj\stm8l15x_i2c.o
#        F:\0中科君达\0项目\NB水表\软件\NB-IOT程序V1.0\project\Debug\Obj\stm8l15x_irtim.o
#        F:\0中科君达\0项目\NB水表\软件\NB-IOT程序V1.0\project\Debug\Obj\stm8l15x_it.o
#        F:\0中科君达\0项目\NB水表\软件\NB-IOT程序V1.0\project\Debug\Obj\stm8l15x_itc.o
#        F:\0中科君达\0项目\NB水表\软件\NB-IOT程序V1.0\project\Debug\Obj\stm8l15x_iwdg.o
#        F:\0中科君达\0项目\NB水表\软件\NB-IOT程序V1.0\project\Debug\Obj\stm8l15x_lcd.o
#        F:\0中科君达\0项目\NB水表\软件\NB-IOT程序V1.0\project\Debug\Obj\stm8l15x_pwr.o
#        F:\0中科君达\0项目\NB水表\软件\NB-IOT程序V1.0\project\Debug\Obj\stm8l15x_rst.o
#        F:\0中科君达\0项目\NB水表\软件\NB-IOT程序V1.0\project\Debug\Obj\stm8l15x_rtc.o
#        F:\0中科君达\0项目\NB水表\软件\NB-IOT程序V1.0\project\Debug\Obj\stm8l15x_spi.o
#        F:\0中科君达\0项目\NB水表\软件\NB-IOT程序V1.0\project\Debug\Obj\stm8l15x_syscfg.o
#        F:\0中科君达\0项目\NB水表\软件\NB-IOT程序V1.0\project\Debug\Obj\stm8l15x_tim1.o
#        F:\0中科君达\0项目\NB水表\软件\NB-IOT程序V1.0\project\Debug\Obj\stm8l15x_tim2.o
#        F:\0中科君达\0项目\NB水表\软件\NB-IOT程序V1.0\project\Debug\Obj\stm8l15x_tim3.o
#        F:\0中科君达\0项目\NB水表\软件\NB-IOT程序V1.0\project\Debug\Obj\stm8l15x_tim4.o
#        F:\0中科君达\0项目\NB水表\软件\NB-IOT程序V1.0\project\Debug\Obj\stm8l15x_tim5.o
#        F:\0中科君达\0项目\NB水表\软件\NB-IOT程序V1.0\project\Debug\Obj\stm8l15x_usart.o
#        F:\0中科君达\0项目\NB水表\软件\NB-IOT程序V1.0\project\Debug\Obj\stm8l15x_wfe.o
#        F:\0中科君达\0项目\NB水表\软件\NB-IOT程序V1.0\project\Debug\Obj\stm8l15x_wwdg.o
#        F:\0中科君达\0项目\NB水表\软件\NB-IOT程序V1.0\project\Debug\Obj\Sys_Timer.o
#        F:\0中科君达\0项目\NB水表\软件\NB-IOT程序V1.0\project\Debug\Obj\Temperature.o
#        F:\0中科君达\0项目\NB水表\软件\NB-IOT程序V1.0\project\Debug\Obj\uart.o
#        --redirect _Printf=_PrintfSmall --redirect _Scanf=_ScanfSmall -o
#        F:\0中科君达\0项目\NB水表\软件\NB-IOT程序V1.0\project\Debug\Exe\project.out
#        --map
#        F:\0中科君达\0项目\NB水表\软件\NB-IOT程序V1.0\project\Debug\List\project.map
#        --config "D:\IAR for STM8\stm8\config\lnkstm8l151c8.icf" --config_def
#        _CSTACK_SIZE=0x100 --config_def _HEAP_SIZE=0x100 --entry
#        __iar_program_start --debug_lib
#
###############################################################################

*******************************************************************************
*** RUNTIME MODEL ATTRIBUTES
***

__SystemLibrary            = DLib
__code_model               = small
__core                     = stm8
__data_model               = medium
__dlib_file_descriptor     = 0
__dlib_full_locale_support = 0
__rt_version               = 4


*******************************************************************************
*** PLACEMENT SUMMARY
***

"A1":  place at start of [0x000000-0x0000ff] { rw section .vregs };
"A2":  place at end of [0x000000-0x000fff] { block CSTACK };
"P2":  place in [from 0x000000 to 0x000fff] {
          block HEAP, rw section __DLIB_PERTHREAD, rw section .far.bss,
          rw section .far.data, rw section .far.noinit,
          rw section .far_func.textrw, rw section .huge.bss,
          rw section .huge.data, rw section .huge.noinit,
          rw section .huge_func.textrw, rw section .iar.dynexit,
          rw section .near.bss, rw section .near.data, rw section .near.noinit,
          rw section .near_func.textrw };
"A3":  place at start of [0x008000-0x00ffff] { block INTVEC };
"P3":  place in [from 0x008000 to 0x00ffff] {
          ro section __DLIB_PERTHREAD_init, ro section .far.data_init,
          ro section .far_func.textrw_init, ro section .huge.data_init,
          ro section .huge_func.textrw_init, ro section .iar.init_table,
          ro section .init_array, ro section .near.data_init,
          ro section .near.rodata, ro section .near_func.text,
          ro section .near_func.textrw_init, ro section .tiny.data_init,
          ro section .tiny.rodata_init };

  Section          Kind      Address    Size  Object
  -------          ----      -------    ----  ------
"A1":                                   0x10
  .vregs           uninit   0x000000    0x10  vregs.o [4]
                          - 0x000010    0x10

"P2":                                  0x668
  .near.bss        zero     0x000010   0x2d1  uart.o [1]
  .near.bss        zero     0x0002e1   0x2c8  BC95.o [1]
  .near.bss        zero     0x0005a9    0xa0  Sys_Timer.o [1]
  .near.bss        zero     0x000649     0x7  Globaldata.o [1]
  .near.bss        zero     0x000650     0x7  Pulse_Acquire.o [1]
  .near.bss        zero     0x000657     0x7  rtc.o [1]
  .near.bss        zero     0x00065e     0x4  Globaldata.o [1]
  .near.bss        zero     0x000662     0x4  rtc.o [1]
  .near.bss        zero     0x000666     0x4  rtc.o [1]
  .near.bss        zero     0x00066a     0x2  Globaldata.o [1]
  .near.bss        zero     0x00066c     0x2  Globaldata.o [1]
  .near.bss        zero     0x00066e     0x2  Globaldata.o [1]
  .near.bss        zero     0x000670     0x2  rtc.o [1]
  .near.bss        zero     0x000672     0x1  Globaldata.o [1]
  .near.bss        zero     0x000673     0x1  Globaldata.o [1]
  .near.bss        zero     0x000674     0x1  Globaldata.o [1]
  .near.bss        zero     0x000675     0x1  Globaldata.o [1]
  .near.bss        zero     0x000676     0x1  Globaldata.o [1]
  .near.bss        zero     0x000677     0x1  Sys_Timer.o [1]
                          - 0x000678   0x668

"A2":                                  0x100
  CSTACK                    0x000f00   0x100  <Block>
    CSTACK         uninit   0x000f00   0x100  <Block tail>
                          - 0x001000   0x100

"A3":                                   0x80
  INTVEC                    0x008000    0x80  <Block>
    .intvec        const    0x008000    0x80  interrupt.o [4]
                          - 0x008080    0x80

"P3":                                 0x4ba8
  .near_func.text  ro code  0x008080   0xba6  BC95.o [1]
  .near_func.text  ro code  0x008c26   0x7f1  BC95.o [1]
  .near_func.text  ro code  0x009417   0x614  BC95.o [1]
  .near_func.text  ro code  0x009a2b   0x5a9  BC95.o [1]
  .near_func.text  ro code  0x009fd4   0x293  float.o [4]
  .near_func.text  ro code  0x00a267   0x192  Sys_Timer.o [1]
  .near_func.text  ro code  0x00a3f9   0x15b  stm8l15x_itc.o [1]
  .near_func.text  ro code  0x00a554   0x152  stm8l15x_rtc.o [1]
  .near.rodata     const    0x00a6a6   0x14c  Temperature.o [1]
  .near_func.text  ro code  0x00a7f2   0x140  Pulse_Acquire.o [1]
  .near_func.text  ro code  0x00a932   0x11f  stm8l15x_exti.o [1]
  .near_func.text  ro code  0x00aa51   0x119  vreg_util.o [4]
  .near_func.text  ro code  0x00ab6a   0x105  Sys_Timer.o [1]
  .near_func.text  ro code  0x00ac6f    0xd3  Save.o [1]
  .near_func.text  ro code  0x00ad42    0xd3  stm8l15x_usart.o [1]
  .near_func.text  ro code  0x00ae15    0xcb  Save.o [1]
  .near_func.text  ro code  0x00aee0    0xca  Temperature.o [1]
  .near.rodata     const    0x00afaa    0xc8  BC95.o [1]
  .near_func.text  ro code  0x00b072    0xc0  main.o [1]
  .near_func.text  ro code  0x00b132    0xb7  stm8l15x_rtc.o [1]
  .near_func.text  ro code  0x00b1e9    0xaf  stm8l15x_gpio.o [1]
  .near_func.text  ro code  0x00b298    0xac  stm8l15x_usart.o [1]
  .near_func.text  ro code  0x00b344    0xab  stm8l15x_rtc.o [1]
  .near_func.text  ro code  0x00b3ef    0xa5  mcu_init.o [1]
  .near_func.text  ro code  0x00b494    0xa3  long.o [4]
  .near_func.text  ro code  0x00b537    0xa2  Save.o [1]
  .near_func.text  ro code  0x00b5d9    0x9d  rtc.o [1]
  .near_func.text  ro code  0x00b676    0x99  stm8l15x_clk.o [1]
  .near_func.text  ro code  0x00b70f    0x94  stm8l15x_usart.o [1]
  .near_func.text  ro code  0x00b7a3    0x93  stm8l15x_clk.o [1]
  .near_func.text  ro code  0x00b836    0x8f  uart.o [1]
  .near_func.text  ro code  0x00b8c5    0x8e  stm8l15x_clk.o [1]
  .near_func.text  ro code  0x00b953    0x8a  BC95.o [1]
  .near_func.text  ro code  0x00b9dd    0x88  uart.o [1]
  .near.rodata     const    0x00ba65    0x80  BC95.o [1]
  .near_func.text  ro code  0x00bae5    0x6e  Save.o [1]
  .near_func.text  ro code  0x00bb53    0x63  long_util.o [4]
  .near_func.text  ro code  0x00bbb6    0x61  mcu_init.o [1]
  .near_func.text  ro code  0x00bc17    0x5f  Pulse_Acquire.o [1]
  .near_func.text  ro code  0x00bc76    0x5e  rtc.o [1]
  .near_func.text  ro code  0x00bcd4    0x5c  stm8l15x_rtc.o [1]
  .near_func.text  ro code  0x00bd30    0x5c  stm8l15x_rtc.o [1]
  .near_func.text  ro code  0x00bd8c    0x56  uart.o [1]
  .near_func.text  ro code  0x00bde2    0x55  stm8l15x_exti.o [1]
  .near_func.text  ro code  0x00be37    0x55  stm8l15x_rtc.o [1]
  .near_func.text  ro code  0x00be8c    0x55  stm8l15x_rtc.o [1]
  .near_func.text  ro code  0x00bee1    0x50  stm8l15x_adc.o [1]
  .near_func.text  ro code  0x00bf31    0x50  Sys_Timer.o [1]
  .near_func.text  ro code  0x00bf81    0x4e  stm8l15x_adc.o [1]
  .near_func.text  ro code  0x00bfcf    0x4d  Sys_Timer.o [1]
  .near_func.text  ro code  0x00c01c    0x4c  main.o [1]
  .near_func.text  ro code  0x00c068    0x49  mcu_init.o [1]
  .near_func.text  ro code  0x00c0b1    0x46  Globaldata.o [1]
  .near_func.text  ro code  0x00c0f7    0x45  stm8l15x_rtc.o [1]
  .near_func.text  ro code  0x00c13c    0x44  strstr.o [4]
  .near_func.text  ro code  0x00c180    0x42  BC95.o [1]
  .near.rodata     const    0x00c1c2    0x40  BC95.o [1]
  .near_func.text  ro code  0x00c202    0x3f  stm8l15x_exti.o [1]
  .near_func.text  ro code  0x00c241    0x3e  stm8l15x_usart.o [1]
  .near_func.text  ro code  0x00c27f    0x3b  stm8l15x_rtc.o [1]
  .near_func.text  ro code  0x00c2ba    0x3a  short.o [4]
  .near_func.text  ro code  0x00c2f4    0x37  Save.o [1]
  .near_func.text  ro code  0x00c32b    0x37  stm8l15x_rtc.o [1]
  .near_func.text  ro code  0x00c362    0x36  rtc.o [1]
  .near_func.text  ro code  0x00c398    0x36  stm8l15x_exti.o [1]
  .near_func.text  ro code  0x00c3ce    0x32  uart.o [1]
  .near_func.text  ro code  0x00c400    0x2f  stm8l15x_adc.o [1]
  .near_func.text  ro code  0x00c42f    0x2d  stm8l15x_rtc.o [1]
  .near_func.text  ro code  0x00c45c    0x2c  stm8l15x_rtc.o [1]
  .near_func.text  ro code  0x00c488    0x2b  stm8l15x_usart.o [1]
  .near_func.text  ro code  0x00c4b3    0x2a  rtc.o [1]
  .near_func.text  ro code  0x00c4dd    0x29  rtc.o [1]
  .near_func.text  ro code  0x00c506    0x28  BC95.o [1]
  .near_func.text  ro code  0x00c52e    0x28  rtc.o [1]
  .near_func.text  ro code  0x00c556    0x28  stm8l15x_adc.o [1]
  .near_func.text  ro code  0x00c57e    0x25  BC95.o [1]
  .near_func.text  ro code  0x00c5a3    0x25  Pulse_Acquire.o [1]
  .near_func.text  ro code  0x00c5c8    0x25  memcpy.o [4]
  .near_func.text  ro code  0x00c5ed    0x24  Save.o [1]
  .near_func.text  ro code  0x00c611    0x23  Globaldata.o [1]
  .near_func.text  ro code  0x00c634    0x23  stm8l15x_rtc.o [1]
  .near_func.text  ro code  0x00c657    0x22  stm8l15x_exti.o [1]
  .iar.init_table  const    0x00c679     0x8  - Linker created -
  .near_func.text  ro code  0x00c681    0x20  BC95.o [1]
  .near_func.text  ro code  0x00c6a1    0x20  stm8l15x_rtc.o [1]
  .near.rodata     const    0x00c6c1    0x1f  BC95.o [1]
  .near_func.text  ro code  0x00c6e0    0x1e  BC95.o [1]
  .near_func.text  ro code  0x00c6fe    0x1e  stm8l15x_adc.o [1]
  .near_func.text  ro code  0x00c71c    0x1e  init_small.o [4]
  .near_func.text  ro code  0x00c73a    0x1c  stm8l15x_it.o [1]
  .near.rodata     const    0x00c756    0x1b  BC95.o [1]
  .near_func.text  ro code  0x00c771    0x1b  Globaldata.o [1]
  .near_func.text  ro code  0x00c78c    0x1b  stm8l15x_rtc.o [1]
  .near_func.text  ro code  0x00c7a7    0x1a  stm8l15x_clk.o [1]
  .near_func.text  ro code  0x00c7c1    0x1a  dc_util.o [4]
  .near_func.text  ro code  0x00c7db    0x19  stm8l15x_flash.o [1]
  .near_func.text  ro code  0x00c7f4    0x19  stm8l15x_flash.o [1]
  .near_func.text  ro code  0x00c80d    0x18  stm8l15x_it.o [1]
  .near_func.text  ro code  0x00c825    0x18  stm8l15x_it.o [1]
  .near_func.text  ro code  0x00c83d    0x17  memset.o [4]
  .near_func.text  ro code  0x00c854    0x17  init.o [4]
  .near_func.text  ro code  0x00c86b    0x16  stm8l15x_it.o [1]
  .near_func.text  ro code  0x00c881    0x16  stm8l15x_it.o [1]
  .near_func.text  ro code  0x00c897    0x16  stm8l15x_it.o [1]
  .near_func.text  ro code  0x00c8ad    0x16  stm8l15x_it.o [1]
  .near_func.text  ro code  0x00c8c3    0x15  Save.o [1]
  .near_func.text  ro code  0x00c8d8    0x15  stm8l15x_rtc.o [1]
  .near_func.text  ro code  0x00c8ed    0x14  __dbg_xxexit.o [3]
  .near_func.text  ro code  0x00c901    0x13  BC95.o [1]
  .near_func.text  ro code  0x00c914    0x13  Save.o [1]
  .near_func.text  ro code  0x00c927    0x13  Save.o [1]
  .near_func.text  ro code  0x00c93a    0x13  stm8l15x_clk.o [1]
  .near_func.text  ro code  0x00c94d    0x13  cstartup.o [4]
  .near_func.text  ro code  0x00c960    0x11  stm8l15x_adc.o [1]
  .near_func.text  ro code  0x00c971    0x10  Save.o [1]
  .near_func.text  ro code  0x00c981     0xf  Save.o [1]
  .near.rodata     const    0x00c990     0xe  BC95.o [1]
  .near.rodata     const    0x00c99e     0xe  Save.o [1]
  .near.rodata     const    0x00c9ac     0xe  Save.o [1]
  .near_func.text  ro code  0x00c9ba     0xe  stm8l15x_adc.o [1]
  .near_func.text  ro code  0x00c9c8     0xe  stm8l15x_clk.o [1]
  .near_func.text  ro code  0x00c9d6     0xe  stm8l15x_pwr.o [1]
  .near_func.text  ro code  0x00c9e4     0xe  stm8l15x_pwr.o [1]
  .near_func.text  ro code  0x00c9f2     0xd  BC95.o [1]
  .near_func.text  ro code  0x00c9ff     0xd  Save.o [1]
  .near_func.text  ro code  0x00ca0c     0xd  Save.o [1]
  .near_func.text  ro code  0x00ca19     0xd  Save.o [1]
  .near_func.text  ro code  0x00ca26     0xd  Save.o [1]
  .near_func.text  ro code  0x00ca33     0xd  Save.o [1]
  .near_func.text  ro code  0x00ca40     0xd  stm8l15x_adc.o [1]
  .near_func.text  ro code  0x00ca4d     0xd  move.o [4]
  .near.rodata     const    0x00ca5a     0xc  BC95.o [1]
  .near.rodata     const    0x00ca66     0xc  BC95.o [1]
  .near.rodata     const    0x00ca72     0xc  BC95.o [1]
  .near.rodata     const    0x00ca7e     0xc  BC95.o [1]
  .near.rodata     const    0x00ca8a     0xc  BC95.o [1]
  .near_func.text  ro code  0x00ca96     0xc  stm8l15x_rtc.o [1]
  .near.rodata     const    0x00caa2     0xb  BC95.o [1]
  .near.rodata     const    0x00caad     0xb  BC95.o [1]
  .near.rodata     const    0x00cab8     0xb  BC95.o [1]
  .near.rodata     const    0x00cac3     0xb  BC95.o [1]
  .near.rodata     const    0x00cace     0xb  BC95.o [1]
  .near.rodata     const    0x00cad9     0xb  BC95.o [1]
  .near.rodata     const    0x00cae4     0xb  BC95.o [1]
  .near_func.text  ro code  0x00caef     0xb  stm8l15x_flash.o [1]
  .near_func.text  ro code  0x00cafa     0xb  stm8l15x_flash.o [1]
  .near_func.text  ro code  0x00cb05     0xb  abs.o [4]
  .near.rodata     const    0x00cb10     0xa  BC95.o [1]
  .near.rodata     const    0x00cb1a     0xa  BC95.o [1]
  .near.rodata     const    0x00cb24     0xa  BC95.o [1]
  .near_func.text  ro code  0x00cb2e     0xa  mcu_init.o [1]
  .near_func.text  ro code  0x00cb38     0xa  stm8l15x_clk.o [1]
  .near_func.text  ro code  0x00cb42     0xa  char.o [4]
  .near.rodata     const    0x00cb4c     0x9  BC95.o [1]
  .near.rodata     const    0x00cb55     0x9  BC95.o [1]
  .near.rodata     const    0x00cb5e     0x9  BC95.o [1]
  .near_func.text  ro code  0x00cb67     0x9  BC95.o [1]
  .near_func.text  ro code  0x00cb70     0x9  stm8l15x_gpio.o [1]
  .near_func.text  ro code  0x00cb79     0x9  stm8l15x_tim1.o [1]
  .near_func.text  ro code  0x00cb82     0x9  stm8l15x_tim4.o [1]
  .near.rodata     const    0x00cb8b     0x8  BC95.o [1]
  .near_func.text  ro code  0x00cb93     0x8  stm8l15x_gpio.o [1]
  .near_func.text  ro code  0x00cb9b     0x8  stm8l15x_usart.o [1]
  .near.rodata     const    0x00cba3     0x7  BC95.o [1]
  .near_func.text  ro code  0x00cbaa     0x7  stm8l15x_gpio.o [1]
  .near.rodata     const    0x00cbb1     0x6  BC95.o [1]
  .near.rodata     const    0x00cbb7     0x6  BC95.o [1]
  .near_func.text  ro code  0x00cbbd     0x6  Save.o [1]
  .near.rodata     const    0x00cbc3     0x5  BC95.o [1]
  .near.rodata     const    0x00cbc8     0x5  BC95.o [1]
  .near.rodata     const    0x00cbcd     0x5  stm8l15x_clk.o [1]
  .near_func.text  ro code  0x00cbd2     0x5  BC95.o [1]
  .near_func.text  ro code  0x00cbd7     0x5  stm8l15x_adc.o [1]
  .near_func.text  ro code  0x00cbdc     0x5  stm8l15x_flash.o [1]
  .near_func.text  ro code  0x00cbe1     0x5  stm8l15x_iwdg.o [1]
  .near_func.text  ro code  0x00cbe6     0x5  stm8l15x_usart.o [1]
  .near_func.text  ro code  0x00cbeb     0x5  stm8l15x_usart.o [1]
  .near_func.text  ro code  0x00cbf0     0x5  cexit.o [4]
  .near.rodata     const    0x00cbf5     0x4  BC95.o [1]
  .near_func.text  ro code  0x00cbf9     0x4  stm8l15x_clk.o [1]
  .near_func.text  ro code  0x00cbfd     0x4  stm8l15x_clk.o [1]
  .near.rodata     const    0x00cc01     0x3  BC95.o [1]
  .near_func.text  ro code  0x00cc04     0x3  interrupt.o [4]
  .near_func.text  ro code  0x00cc07     0x3  low_level_init.o [4]
  .near_func.text  ro code  0x00cc0a     0x3  exit.o [4]
  .near_func.text  ro code  0x00cc0d     0x3  unhandled_exception.o [4]
  .near_func.text  ro code  0x00cc10     0x1  stm8l15x_it.o [1]
  .near_func.text  ro code  0x00cc11     0x1  stm8l15x_it.o [1]
  .near_func.text  ro code  0x00cc12     0x1  stm8l15x_it.o [1]
  .near_func.text  ro code  0x00cc13     0x1  stm8l15x_it.o [1]
  .near_func.text  ro code  0x00cc14     0x1  stm8l15x_it.o [1]
  .near_func.text  ro code  0x00cc15     0x1  stm8l15x_it.o [1]
  .near_func.text  ro code  0x00cc16     0x1  stm8l15x_it.o [1]
  .near_func.text  ro code  0x00cc17     0x1  stm8l15x_it.o [1]
  .near_func.text  ro code  0x00cc18     0x1  stm8l15x_it.o [1]
  .near_func.text  ro code  0x00cc19     0x1  stm8l15x_it.o [1]
  .near_func.text  ro code  0x00cc1a     0x1  stm8l15x_it.o [1]
  .near_func.text  ro code  0x00cc1b     0x1  stm8l15x_it.o [1]
  .near_func.text  ro code  0x00cc1c     0x1  stm8l15x_it.o [1]
  .near_func.text  ro code  0x00cc1d     0x1  stm8l15x_it.o [1]
  .near_func.text  ro code  0x00cc1e     0x1  stm8l15x_it.o [1]
  .near_func.text  ro code  0x00cc1f     0x1  stm8l15x_it.o [1]
  .near_func.text  ro code  0x00cc20     0x1  stm8l15x_it.o [1]
  .near_func.text  ro code  0x00cc21     0x1  stm8l15x_it.o [1]
  .near_func.text  ro code  0x00cc22     0x1  stm8l15x_it.o [1]
  .near_func.text  ro code  0x00cc23     0x1  stm8l15x_it.o [1]
  .near_func.text  ro code  0x00cc24     0x1  stm8l15x_it.o [1]
  .near_func.text  ro code  0x00cc25     0x1  stm8l15x_it.o [1]
  .near_func.text  ro code  0x00cc26     0x1  stm8l15x_it.o [1]
  .near_func.text  ro code  0x00cc27     0x1  __dbg_break.o [3]
                          - 0x00cc28  0x4ba8


*******************************************************************************
*** INIT TABLE
***

          Address   Size
          -------   ----
Zero (__iar_zero_init2)
    1 destination range, total size 0x668:
          0x000010  0x668



*******************************************************************************
*** MODULE SUMMARY
***

    Module                 ro code  ro data  rw data
    ------                 -------  -------  -------
F:\0中科君达\0项目\NB水表\软件\NB-IOT程序V1.0\project\Debug\Obj: [1]
    BC95.o                   8 409      702      712
    Globaldata.o               132                22
    Pulse_Acquire.o            452                 7
    Save.o                     938       28
    Sys_Timer.o                820               161
    Temperature.o              202      332
    main.o                     268
    mcu_init.o                 345
    rtc.o                      428                17
    stm8l15x_adc.o             324
    stm8l15x_clk.o             519        5
    stm8l15x_exti.o            523
    stm8l15x_flash.o            77
    stm8l15x_gpio.o            199
    stm8l15x_it.o              187
    stm8l15x_itc.o             347
    stm8l15x_iwdg.o              5
    stm8l15x_pwr.o              28
    stm8l15x_rtc.o           1 445
    stm8l15x_tim1.o              9
    stm8l15x_tim4.o              9
    stm8l15x_usart.o           654
    uart.o                     415               721
    ------------------------------------------------
    Total:                  16 735    1 067    1 640

command line: [2]
    ------------------------------------------------
    Total:

dbgstm8smd.a: [3]
    __dbg_break.o                1
    __dbg_xxexit.o              20
    ------------------------------------------------
    Total:                      21

dlstm8smn.a: [4]
    abs.o                       11
    cexit.o                      5
    char.o                      10
    cstartup.o                  19
    dc_util.o                   26
    exit.o                       3
    float.o                    659
    init.o                      23
    init_small.o                30
    interrupt.o                  3      128
    long.o                     163
    long_util.o                 99
    low_level_init.o             3
    memcpy.o                    37
    memset.o                    23
    move.o                      13
    short.o                     58
    strstr.o                    68
    unhandled_exception.o        3
    vreg_util.o                281
    vregs.o                                       16
    ------------------------------------------------
    Total:                   1 537      128       16

    Linker created                        8      256
----------------------------------------------------
    Grand Total:            18 293    1 203    1 912


*******************************************************************************
*** ENTRY LIST
***

Entry                    Address   Size  Type      Object
-----                    -------   ----  ----      ------
.iar.init_table$$Base   0x00c679          --   Gb  - Linker created -
.iar.init_table$$Limit  0x00c681          --   Gb  - Linker created -
?b0                     0x000000         Data  Gb  vregs.o [4]
?b1                     0x000001         Data  Gb  vregs.o [4]
?b10                    0x00000a         Data  Gb  vregs.o [4]
?b11                    0x00000b         Data  Gb  vregs.o [4]
?b12                    0x00000c         Data  Gb  vregs.o [4]
?b13                    0x00000d         Data  Gb  vregs.o [4]
?b14                    0x00000e         Data  Gb  vregs.o [4]
?b15                    0x00000f         Data  Gb  vregs.o [4]
?b2                     0x000002         Data  Gb  vregs.o [4]
?b3                     0x000003         Data  Gb  vregs.o [4]
?b4                     0x000004         Data  Gb  vregs.o [4]
?b5                     0x000005         Data  Gb  vregs.o [4]
?b6                     0x000006         Data  Gb  vregs.o [4]
?b7                     0x000007         Data  Gb  vregs.o [4]
?b8                     0x000008         Data  Gb  vregs.o [4]
?b9                     0x000009         Data  Gb  vregs.o [4]
?dc32_l0                0x00c7c1         Code  Gb  dc_util.o [4]
?dc32_l1                0x00c7ce         Code  Gb  dc_util.o [4]
?e0                     0x000001         Data  Gb  vregs.o [4]
?e1                     0x000005         Data  Gb  vregs.o [4]
?e2                     0x000009         Data  Gb  vregs.o [4]
?e3                     0x00000d         Data  Gb  vregs.o [4]
?epilogue_l2            0x00aaf8         Code  Gb  vreg_util.o [4]
?epilogue_l2_l3         0x00aaf5         Code  Gb  vreg_util.o [4]
?epilogue_l2_w6         0x00aafc         Code  Gb  vreg_util.o [4]
?epilogue_w4            0x00ab03         Code  Gb  vreg_util.o [4]
?fcastf32u16_l0_x       0x00a127         Code  Gb  float.o [4]
?fcasts16f32_x_l0       0x00a145         Code  Gb  float.o [4]
?fdiv32_l0_dc32_l1      0x00a074         Code  Gb  float.o [4]
?fdiv32_l0_l0_l1        0x00a079         Code  Gb  float.o [4]
?fmul32_l0_l0_dc32      0x009fd4         Code  Gb  float.o [4]
?fmul32_l0_l0_l1        0x009fd9         Code  Gb  float.o [4]
?inc32_0x_0x            0x00b49e         Code  Gb  long.o [4]
?inc32_l0_l0            0x00b494         Code  Gb  long.o [4]
?inc32_l1_l1            0x00b499         Code  Gb  long.o [4]
?l0                     0x000000         Data  Gb  vregs.o [4]
?l1                     0x000004         Data  Gb  vregs.o [4]
?l2                     0x000008         Data  Gb  vregs.o [4]
?l3                     0x00000c         Data  Gb  vregs.o [4]
?load32_0x_l0           0x00bb8c         Code  Gb  long_util.o [4]
?load32_0x_l1           0x00bb9a         Code  Gb  long_util.o [4]
?load32_0x_l2           0x00bba8         Code  Gb  long_util.o [4]
?load32_asp_l0          0x00bb80         Code  Gb  long_util.o [4]
?load32_dbsp_l0         0x00bb7b         Code  Gb  long_util.o [4]
?load32_l0_0x           0x00bb53         Code  Gb  long_util.o [4]
?load32_l1_0x           0x00bb6f         Code  Gb  long_util.o [4]
?load32_l1_asp          0x00bb64         Code  Gb  long_util.o [4]
?load32_l1_dbsp         0x00bb5f         Code  Gb  long_util.o [4]
?load32_l1_xsp          0x00bb66         Code  Gb  long_util.o [4]
?load32_xsp_l0          0x00bb82         Code  Gb  long_util.o [4]
?mov_e0_e1              0x00ab1f         Code  Gb  vreg_util.o [4]
?mov_e0_e2              0x00ab2c         Code  Gb  vreg_util.o [4]
?mov_e0_e3              0x00ab39         Code  Gb  vreg_util.o [4]
?mov_e1_e0              0x00ab46         Code  Gb  vreg_util.o [4]
?mov_e2_e0              0x00ab53         Code  Gb  vreg_util.o [4]
?mov_e3_e0              0x00ab60         Code  Gb  vreg_util.o [4]
?mov_l0_l1              0x00ab1c         Code  Gb  vreg_util.o [4]
?mov_l0_l2              0x00ab29         Code  Gb  vreg_util.o [4]
?mov_l0_l3              0x00ab36         Code  Gb  vreg_util.o [4]
?mov_l1_l0              0x00ab43         Code  Gb  vreg_util.o [4]
?mov_l2_l0              0x00ab50         Code  Gb  vreg_util.o [4]
?mov_l3_l0              0x00ab5d         Code  Gb  vreg_util.o [4]
?mov_w0_w1              0x00ab07         Code  Gb  vreg_util.o [4]
?mov_w1_w3              0x00ab22         Code  Gb  vreg_util.o [4]
?mov_w1_w5              0x00ab2f         Code  Gb  vreg_util.o [4]
?mov_w1_w6              0x00ab0e         Code  Gb  vreg_util.o [4]
?mov_w1_w7              0x00ab3c         Code  Gb  vreg_util.o [4]
?mov_w2_w1              0x00ab15         Code  Gb  vreg_util.o [4]
?mov_w3_w1              0x00ab49         Code  Gb  vreg_util.o [4]
?mov_w5_w1              0x00ab56         Code  Gb  vreg_util.o [4]
?mov_w7_w1              0x00ab63         Code  Gb  vreg_util.o [4]
?move1616_v_x_y_a       0x00ca4d         Code  Gb  move.o [4]
?mul16_x_x_w0           0x00c2ba         Code  Gb  short.o [4]
?pop_l0                 0x00aac1         Code  Gb  vreg_util.o [4]
?pop_l1                 0x00aacc         Code  Gb  vreg_util.o [4]
?pop_l2                 0x00aad7         Code  Gb  vreg_util.o [4]
?pop_l3                 0x00aae2         Code  Gb  vreg_util.o [4]
?pop_w4                 0x00aa73         Code  Gb  vreg_util.o [4]
?pop_w6                 0x00aa7a         Code  Gb  vreg_util.o [4]
?pop_w7                 0x00aa81         Code  Gb  vreg_util.o [4]
?push_l0                0x00aa90         Code  Gb  vreg_util.o [4]
?push_l1                0x00aa95         Code  Gb  vreg_util.o [4]
?push_l2                0x00aa9a         Code  Gb  vreg_util.o [4]
?push_l3                0x00aa9f         Code  Gb  vreg_util.o [4]
?push_w4                0x00aa51         Code  Gb  vreg_util.o [4]
?push_w6                0x00aa56         Code  Gb  vreg_util.o [4]
?push_w7                0x00aa5b         Code  Gb  vreg_util.o [4]
?sext16_x_a             0x00c2ed         Code  Gb  short.o [4]
?sll16_x_x_a            0x00c2d8         Code  Gb  short.o [4]
?sll8_a_a_5             0x00cb42         Code  Gb  char.o [4]
?srl16_x_x_10           0x00c2e2         Code  Gb  short.o [4]
?srl16_x_x_11           0x00c2e1         Code  Gb  short.o [4]
?srl16_x_x_12           0x00c2e0         Code  Gb  short.o [4]
?srl16_x_x_4            0x00c2e8         Code  Gb  short.o [4]
?srl16_x_x_5            0x00c2e7         Code  Gb  short.o [4]
?srl16_x_x_6            0x00c2e6         Code  Gb  short.o [4]
?srl16_x_x_7            0x00c2e5         Code  Gb  short.o [4]
?srl16_x_x_8            0x00c2e4         Code  Gb  short.o [4]
?srl16_x_x_9            0x00c2e3         Code  Gb  short.o [4]
?srl8_a_a_5             0x00cb47         Code  Gb  char.o [4]
?ucmp32_c_l0_0x         0x00b51c         Code  Gb  long.o [4]
?ucmp32_c_l0_l1         0x00b52c         Code  Gb  long.o [4]
?udiv32_l0_l0_dl        0x00b4ac         Code  Gb  long.o [4]
?udiv32_l0_l0_l1        0x00b4af         Code  Gb  long.o [4]
?umod32_l1_l0_l1        0x00b4af         Code  Gb  long.o [4]
?w0                     0x000000         Data  Gb  vregs.o [4]
?w1                     0x000002         Data  Gb  vregs.o [4]
?w2                     0x000004         Data  Gb  vregs.o [4]
?w3                     0x000006         Data  Gb  vregs.o [4]
?w4                     0x000008         Data  Gb  vregs.o [4]
?w5                     0x00000a         Data  Gb  vregs.o [4]
?w6                     0x00000c         Data  Gb  vregs.o [4]
?w7                     0x00000e         Data  Gb  vregs.o [4]
ACK                     0x00b953   0x8a  Code  Gb  BC95.o [1]
ADC1_COMP_IRQHandler    0x00cc1f    0x1  Code  Gb  stm8l15x_it.o [1]
ADC_ChannelCmd          0x00bf81   0x4e  Code  Gb  stm8l15x_adc.o [1]
ADC_ClearFlag           0x00ca40    0xd  Code  Gb  stm8l15x_adc.o [1]
ADC_Cmd                 0x00c960   0x11  Code  Gb  stm8l15x_adc.o [1]
ADC_GetConversionValue  0x00c556   0x28  Code  Gb  stm8l15x_adc.o [1]
ADC_GetFlagStatus       0x00c6fe   0x1e  Code  Gb  stm8l15x_adc.o [1]
ADC_Init                0x00c400   0x2f  Code  Gb  stm8l15x_adc.o [1]
ADC_SamplingTimeConfig  0x00bee1   0x50  Code  Gb  stm8l15x_adc.o [1]
ADC_SoftwareStartConv   0x00cbd7    0x5  Code  Gb  stm8l15x_adc.o [1]
ADC_VrefintCmd          0x00c9ba    0xe  Code  Gb  stm8l15x_adc.o [1]
ASCLL_to_Int            0x00c0b1   0x46  Code  Gb  Globaldata.o [1]
Alarm_Interrupt         0x00c52e   0x28  Code  Gb  rtc.o [1]
BAT_Alarm_Vol           0x00066c    0x2  Data  Gb  Globaldata.o [1]
BAT_Vol                 0x00066a    0x2  Data  Gb  Globaldata.o [1]
BC95                    0x0002e1  0x2c8  Data  Gb  BC95.o [1]
BC95_Data_Send          0x00c681   0x20  Code  Gb  BC95.o [1]
BC95_Delay_CallBalk     0x00cbd2    0x5  Code  Gb  BC95.o [1]
BC95_Power_Off          0x00cb67    0x9  Code  Gb  BC95.o [1]
BC95_Power_On           0x00c180   0x42  Code  Gb  BC95.o [1]
BC95_Process            0x009417  0x614  Code  Gb  BC95.o [1]
BC95_Reset              0x00c6e0   0x1e  Code  Gb  BC95.o [1]
BC95_Start              0x00c9f2    0xd  Code  Gb  BC95.o [1]
BC95_Start_Timeout_CallBack
                        0x00c57e   0x25  Code  Gb  BC95.o [1]
BCD_to_Int              0x00c611   0x23  Code  Gb  Globaldata.o [1]
Bcd2ToByte              0x00c78c   0x1b  Code  Lc  stm8l15x_rtc.o [1]
ByteToBcd2              0x00c6a1   0x20  Code  Lc  stm8l15x_rtc.o [1]
CLK_GetClockFreq        0x00b7a3   0x93  Code  Gb  stm8l15x_clk.o [1]
CLK_GetFlagStatus       0x00b676   0x99  Code  Gb  stm8l15x_clk.o [1]
CLK_HSICmd              0x00c9c8    0xe  Code  Gb  stm8l15x_clk.o [1]
CLK_HaltConfig          0x00c7a7   0x1a  Code  Gb  stm8l15x_clk.o [1]
CLK_LSEConfig           0x00c93a   0x13  Code  Gb  stm8l15x_clk.o [1]
CLK_PeripheralClockConfig
                        0x00b8c5   0x8e  Code  Gb  stm8l15x_clk.o [1]
CLK_RTCClockConfig      0x00cb38    0xa  Code  Gb  stm8l15x_clk.o [1]
CLK_SYSCLKDivConfig     0x00cbfd    0x4  Code  Gb  stm8l15x_clk.o [1]
CLK_SYSCLKSourceConfig  0x00cbf9    0x4  Code  Gb  stm8l15x_clk.o [1]
CSTACK$$Base            0x000f00          --   Gb  - Linker created -
CSTACK$$Limit           0x001000          --   Gb  - Linker created -
Cal                     0x000650    0x7  Data  Gb  Pulse_Acquire.o [1]
Clear_History_Data      0x00c2f4   0x37  Code  Gb  Save.o [1]
Create_Timer            0x00ab6a  0x105  Code  Gb  Sys_Timer.o [1]
DMA1_CHANNEL0_1_IRQHandler
                        0x00cc12    0x1  Code  Gb  stm8l15x_it.o [1]
DMA1_CHANNEL2_3_IRQHandler
                        0x00cc13    0x1  Code  Gb  stm8l15x_it.o [1]
Delete_Timer            0x00bf31   0x50  Code  Gb  Sys_Timer.o [1]
Device_Status           0x000672    0x1  Data  Gb  Globaldata.o [1]
EXTI0_IRQHandler        0x00c881   0x16  Code  Gb  stm8l15x_it.o [1]
EXTI1_IRQHandler        0x00cc16    0x1  Code  Gb  stm8l15x_it.o [1]
EXTI2_IRQHandler        0x00cc17    0x1  Code  Gb  stm8l15x_it.o [1]
EXTI3_IRQHandler        0x00cc18    0x1  Code  Gb  stm8l15x_it.o [1]
EXTI4_IRQHandler        0x00cc19    0x1  Code  Gb  stm8l15x_it.o [1]
EXTI5_IRQHandler        0x00cc1a    0x1  Code  Gb  stm8l15x_it.o [1]
EXTI6_IRQHandler        0x00cc1b    0x1  Code  Gb  stm8l15x_it.o [1]
EXTI7_IRQHandler        0x00cc1c    0x1  Code  Gb  stm8l15x_it.o [1]
EXTIB_G_IRQHandler      0x00cc15    0x1  Code  Gb  stm8l15x_it.o [1]
EXTID_H_IRQHandler      0x00c86b   0x16  Code  Gb  stm8l15x_it.o [1]
EXTIE_F_PVD_IRQHandler  0x00cc14    0x1  Code  Gb  stm8l15x_it.o [1]
EXTI_ClearITPendingBit  0x00c657   0x22  Code  Gb  stm8l15x_exti.o [1]
EXTI_SelectPort         0x00c398   0x36  Code  Gb  stm8l15x_exti.o [1]
EXTI_SetHalfPortSelection
                        0x00c202   0x3f  Code  Gb  stm8l15x_exti.o [1]
EXTI_SetPinSensitivity  0x00a932  0x11f  Code  Gb  stm8l15x_exti.o [1]
EXTI_SetPortSensitivity
                        0x00bde2   0x55  Code  Gb  stm8l15x_exti.o [1]
Exti0_Interrupt         0x00c5a3   0x25  Code  Gb  Pulse_Acquire.o [1]
ExtiD_Interrupt         0x00a7f2  0x140  Code  Gb  Pulse_Acquire.o [1]
FLASH_GetFlagStatus     0x00c7f4   0x19  Code  Gb  stm8l15x_flash.o [1]
FLASH_IRQHandler        0x00cc11    0x1  Code  Gb  stm8l15x_it.o [1]
FLASH_Lock              0x00caef    0xb  Code  Gb  stm8l15x_flash.o [1]
FLASH_ProgramByte       0x00cafa    0xb  Code  Gb  stm8l15x_flash.o [1]
FLASH_ReadByte          0x00cbdc    0x5  Code  Gb  stm8l15x_flash.o [1]
FLASH_Unlock            0x00c7db   0x19  Code  Gb  stm8l15x_flash.o [1]
GPIO_Configuration      0x00c068   0x49  Code  Gb  mcu_init.o [1]
GPIO_Init               0x00b1e9   0xaf  Code  Gb  stm8l15x_gpio.o [1]
GPIO_ReadInputDataBit   0x00cb70    0x9  Code  Gb  stm8l15x_gpio.o [1]
GPIO_ResetBits          0x00cb93    0x8  Code  Gb  stm8l15x_gpio.o [1]
GPIO_SetBits            0x00cbaa    0x7  Code  Gb  stm8l15x_gpio.o [1]
Gather_Cycle_counter    0x000675    0x1  Data  Gb  Globaldata.o [1]
HistoryDataIndex        0x000676    0x1  Data  Gb  Globaldata.o [1]
I2C1_SPI2_IRQHandler    0x00cc26    0x1  Code  Gb  stm8l15x_it.o [1]
INTVEC$$Base            0x008000          --   Gb  - Linker created -
INTVEC$$Limit           0x008080          --   Gb  - Linker created -
ITC_SetSoftwarePriority
                        0x00a3f9  0x15b  Code  Gb  stm8l15x_itc.o [1]
IWDG_ReloadCounter      0x00cbe1    0x5  Code  Gb  stm8l15x_iwdg.o [1]
Int_to_ASCLL            0x00c771   0x1b  Code  Gb  Globaldata.o [1]
LCD_AES_IRQHandler      0x00cc1d    0x1  Code  Gb  stm8l15x_it.o [1]
Last_Vol                0x000670    0x2  Data  Gb  rtc.o [1]
Meter_Number            0x000649    0x7  Data  Gb  Globaldata.o [1]
PWR_FastWakeUpCmd       0x00c9d6    0xe  Code  Gb  stm8l15x_pwr.o [1]
PWR_UltraLowPowerCmd    0x00c9e4    0xe  Code  Gb  stm8l15x_pwr.o [1]
Pulse_Acquire_Config    0x00bc17   0x5f  Code  Gb  Pulse_Acquire.o [1]
RCC_Configuration       0x00cb2e    0xa  Code  Gb  mcu_init.o [1]
RTC_AlarmCmd            0x00be8c   0x55  Code  Gb  stm8l15x_rtc.o [1]
RTC_AlarmStr            0x000657    0x7  Data  Gb  rtc.o [1]
RTC_CSSLSE_IRQHandler   0x00c73a   0x1c  Code  Gb  stm8l15x_it.o [1]
RTC_ClearITPendingBit   0x00ca96    0xc  Code  Gb  stm8l15x_rtc.o [1]
RTC_DateStr             0x000666    0x4  Data  Gb  rtc.o [1]
RTC_EnterInitMode       0x00c45c   0x2c  Code  Gb  stm8l15x_rtc.o [1]
RTC_GetDate             0x00bd30   0x5c  Code  Gb  stm8l15x_rtc.o [1]
RTC_GetITStatus         0x00c42f   0x2d  Code  Gb  stm8l15x_rtc.o [1]
RTC_GetTime             0x00be37   0x55  Code  Gb  stm8l15x_rtc.o [1]
RTC_ITConfig            0x00c27f   0x3b  Code  Gb  stm8l15x_rtc.o [1]
RTC_Init                0x00bcd4   0x5c  Code  Gb  stm8l15x_rtc.o [1]
RTC_SetAlarm            0x00a554  0x152  Code  Gb  stm8l15x_rtc.o [1]
RTC_SetDate             0x00b132   0xb7  Code  Gb  stm8l15x_rtc.o [1]
RTC_SetTime             0x00b344   0xab  Code  Gb  stm8l15x_rtc.o [1]
RTC_SetWakeUpCounter    0x00c8d8   0x15  Code  Gb  stm8l15x_rtc.o [1]
RTC_TimeStr             0x000662    0x4  Data  Gb  rtc.o [1]
RTC_WaitForSynchro      0x00c32b   0x37  Code  Gb  stm8l15x_rtc.o [1]
RTC_WakeUpClockConfig   0x00c634   0x23  Code  Gb  stm8l15x_rtc.o [1]
RTC_WakeUpCmd           0x00c0f7   0x45  Code  Gb  stm8l15x_rtc.o [1]
Read_ACUM_Flow          0x00c981    0xf  Code  Gb  Save.o [1]
Read_BAT_Alarm_Value    0x00c914   0x13  Code  Gb  Save.o [1]
Read_BC95_ErrorRecord   0x00cbbd    0x6  Code  Gb  Save.o [1]
Read_History_Data       0x00bae5   0x6e  Code  Gb  Save.o [1]
Read_Meter_Number       0x00c5ed   0x24  Code  Gb  Save.o [1]
Read_Report_Cycle       0x00c927   0x13  Code  Gb  Save.o [1]
Read_Settle_Date        0x00c971   0x10  Code  Gb  Save.o [1]
Read_Temp               0x00aee0   0xca  Code  Gb  Temperature.o [1]
Read_Voltage            0x00b3ef   0xa5  Code  Gb  mcu_init.o [1]
Recv_Data_Process       0x009a2b  0x5a9  Code  Gb  BC95.o [1]
Region$$Table$$Base     0x00c679          --   Gb  - Linker created -
Region$$Table$$Limit    0x00c681          --   Gb  - Linker created -
Report_All_Parameters   0x008080  0xba6  Code  Gb  BC95.o [1]
Report_Cycle            0x00066e    0x2  Data  Gb  Globaldata.o [1]
Report_Cycle_counter    0x00065e    0x4  Data  Gb  Globaldata.o [1]
Report_HC_Flow          0x008c26  0x7f1  Code  Gb  BC95.o [1]
Rtc_Config              0x00bc76   0x5e  Code  Gb  rtc.o [1]
SPI1_IRQHandler         0x00cc23    0x1  Code  Gb  stm8l15x_it.o [1]
SWITCH_CSS_BREAK_DAC_IRQHandler
                        0x00cc1e    0x1  Code  Gb  stm8l15x_it.o [1]
SYSDivFactor            0x00cbcd    0x5  Data  Gb  stm8l15x_clk.o [1]
Save_Add_Flow           0x00c8c3   0x15  Code  Gb  Save.o [1]
Save_BAT_Alarm_Value    0x00c9ff    0xd  Code  Gb  Save.o [1]
Save_BC95_ErrorRecord   0x00ca33    0xd  Code  Gb  Save.o [1]
Save_History_Data       0x00ae15   0xcb  Code  Gb  Save.o [1]
Save_Meter_Number       0x00ca26    0xd  Code  Gb  Save.o [1]
Save_Report_Cycle       0x00ca19    0xd  Code  Gb  Save.o [1]
Save_SDCF_Flow          0x00ac6f   0xd3  Code  Gb  Save.o [1]
Save_Settle_Date        0x00ca0c    0xd  Code  Gb  Save.o [1]
Send_Data_Process       0x00c506   0x28  Code  Gb  BC95.o [1]
Set_Alarm               0x00c362   0x36  Code  Gb  rtc.o [1]
Settle_Date             0x000674    0x1  Data  Gb  Globaldata.o [1]
Sleep                   0x00b072   0xc0  Code  Gb  main.o [1]
SysTick_Handler         0x00a267  0x192  Code  Gb  Sys_Timer.o [1]
Sys_Timer               0x0005a9   0xa0  Data  Lc  Sys_Timer.o [1]
Sys_Timer_Process       0x00bfcf   0x4d  Code  Gb  Sys_Timer.o [1]
TIM1_CC_IRQHandler      0x00cc22    0x1  Code  Gb  stm8l15x_it.o [1]
TIM1_ClearITPendingBit  0x00cb79    0x9  Code  Gb  stm8l15x_tim1.o [1]
TIM1_UPD_OVF_TRG_COM_IRQHandler
                        0x00c80d   0x18  Code  Gb  stm8l15x_it.o [1]
TIM2_CC_USART2_RX_IRQHandler
                        0x00c8ad   0x16  Code  Gb  stm8l15x_it.o [1]
TIM2_UPD_OVF_TRG_BRK_USART2_TX_IRQHandler
                        0x00c897   0x16  Code  Gb  stm8l15x_it.o [1]
TIM3_CC_USART3_RX_IRQHandler
                        0x00cc21    0x1  Code  Gb  stm8l15x_it.o [1]
TIM3_UPD_OVF_TRG_BRK_USART3_TX_IRQHandler
                        0x00cc20    0x1  Code  Gb  stm8l15x_it.o [1]
TIM4_ClearITPendingBit  0x00cb82    0x9  Code  Gb  stm8l15x_tim4.o [1]
TIM4_UPD_OVF_TRG_IRQHandler
                        0x00c825   0x18  Code  Gb  stm8l15x_it.o [1]
TRAP_IRQHandler         0x00cc10    0x1  Code  Gb  stm8l15x_it.o [1]
Temp                    0x000673    0x1  Data  Gb  Globaldata.o [1]
Temp_Table              0x00a6a6  0x14c  Data  Gb  Temperature.o [1]
USART1_RX_TIM5_CC_IRQHandler
                        0x00cc25    0x1  Code  Gb  stm8l15x_it.o [1]
USART1_TX_TIM5_UPD_OVF_TRG_BRK_IRQHandler
                        0x00cc24    0x1  Code  Gb  stm8l15x_it.o [1]
USART2_Configuration    0x00bbb6   0x61  Code  Gb  mcu_init.o [1]
USART2_IRQHandler       0x00b836   0x8f  Code  Gb  uart.o [1]
USART2_TX_IRQHandler    0x00bd8c   0x56  Code  Gb  uart.o [1]
USART_ClearITPendingBit
                        0x00cbeb    0x5  Code  Gb  stm8l15x_usart.o [1]
USART_Cmd               0x00c488   0x2b  Code  Gb  stm8l15x_usart.o [1]
USART_DeInit            0x00c241   0x3e  Code  Gb  stm8l15x_usart.o [1]
USART_GetITStatus       0x00b298   0xac  Code  Gb  stm8l15x_usart.o [1]
USART_ITConfig          0x00b70f   0x94  Code  Gb  stm8l15x_usart.o [1]
USART_Init              0x00ad42   0xd3  Code  Gb  stm8l15x_usart.o [1]
USART_ReceiveData8      0x00cbe6    0x5  Code  Gb  stm8l15x_usart.o [1]
USART_SendData8         0x00cb9b    0x8  Code  Gb  stm8l15x_usart.o [1]
Uart2                   0x000010  0x2d1  Data  Gb  uart.o [1]
Uart2_Receive           0x00c3ce   0x32  Code  Gb  uart.o [1]
Uart2_Send              0x00b9dd   0x88  Code  Gb  uart.o [1]
Wake_Interrupt          0x00b5d9   0x9d  Code  Gb  rtc.o [1]
WriteRom                0x00b537   0xa2  Code  Gb  Save.o [1]
__DebugBreak            0x00cc27    0x1  Code  Gb  __dbg_break.o [3]
__exit                  0x00c8ed   0x14  Code  Gb  __dbg_xxexit.o [3]
__iar_Strstr            0x00c13c   0x44  Code  Gb  strstr.o [4]
__iar_data_init2        0x00c854   0x17  Code  Gb  init.o [4]
__iar_program_start     0x00c94d         Code  Gb  cstartup.o [4]
__iar_unhandled_exception
                        0x00cc0d         Code  Gb  unhandled_exception.o [4]
__iar_zero_init2        0x00c71c         Code  Gb  init_small.o [4]
__intvec                0x008000         Data  Gb  interrupt.o [4]
__low_level_init        0x00cc07    0x3  Code  Gb  low_level_init.o [4]
_exit                   0x00cbf0         Code  Gb  cexit.o [4]
_interrupt_1            0x00cc10         Code  Gb  stm8l15x_it.o [1]
_interrupt_10           0x00c881         Code  Gb  stm8l15x_it.o [1]
_interrupt_11           0x00cc16         Code  Gb  stm8l15x_it.o [1]
_interrupt_12           0x00cc17         Code  Gb  stm8l15x_it.o [1]
_interrupt_13           0x00cc18         Code  Gb  stm8l15x_it.o [1]
_interrupt_14           0x00cc19         Code  Gb  stm8l15x_it.o [1]
_interrupt_15           0x00cc1a         Code  Gb  stm8l15x_it.o [1]
_interrupt_16           0x00cc1b         Code  Gb  stm8l15x_it.o [1]
_interrupt_17           0x00cc1c         Code  Gb  stm8l15x_it.o [1]
_interrupt_18           0x00cc1d         Code  Gb  stm8l15x_it.o [1]
_interrupt_19           0x00cc1e         Code  Gb  stm8l15x_it.o [1]
_interrupt_20           0x00cc1f         Code  Gb  stm8l15x_it.o [1]
_interrupt_21           0x00c897         Code  Gb  stm8l15x_it.o [1]
_interrupt_22           0x00c8ad         Code  Gb  stm8l15x_it.o [1]
_interrupt_23           0x00cc20         Code  Gb  stm8l15x_it.o [1]
_interrupt_24           0x00cc21         Code  Gb  stm8l15x_it.o [1]
_interrupt_25           0x00c80d         Code  Gb  stm8l15x_it.o [1]
_interrupt_26           0x00cc22         Code  Gb  stm8l15x_it.o [1]
_interrupt_27           0x00c825         Code  Gb  stm8l15x_it.o [1]
_interrupt_28           0x00cc23         Code  Gb  stm8l15x_it.o [1]
_interrupt_29           0x00cc24         Code  Gb  stm8l15x_it.o [1]
_interrupt_3            0x00cc11         Code  Gb  stm8l15x_it.o [1]
_interrupt_30           0x00cc25         Code  Gb  stm8l15x_it.o [1]
_interrupt_31           0x00cc26         Code  Gb  stm8l15x_it.o [1]
_interrupt_4            0x00cc12         Code  Gb  stm8l15x_it.o [1]
_interrupt_5            0x00cc13         Code  Gb  stm8l15x_it.o [1]
_interrupt_6            0x00c73a         Code  Gb  stm8l15x_it.o [1]
_interrupt_7            0x00cc14         Code  Gb  stm8l15x_it.o [1]
_interrupt_8            0x00cc15         Code  Gb  stm8l15x_it.o [1]
_interrupt_9            0x00c86b         Code  Gb  stm8l15x_it.o [1]
abs                     0x00cb05    0xb  Code  Gb  abs.o [4]
delay_ms                0x00c4dd   0x29  Code  Gb  rtc.o [1]
exit                    0x00cc0a    0x3  Code  Gb  exit.o [4]
main                    0x00c01c   0x4c  Code  Gb  main.o [1]
memcpy                  0x00c5c8   0x25  Code  Gb  memcpy.o [4]
memset                  0x00c83d   0x17  Code  Gb  memset.o [4]
rtc_interrupt           0x00c4b3   0x2a  Code  Gb  rtc.o [1]
strstr                  0x00c901   0x13  Code  Gb  BC95.o [1]


[1] = F:\0中科君达\0项目\NB水表\软件\NB-IOT程序V1.0\project\Debug\Obj
[2] = command line
[3] = dbgstm8smd.a
[4] = dlstm8smn.a

  18 293 bytes of readonly  code memory
   1 203 bytes of readonly  data memory
   1 912 bytes of readwrite data memory

Errors: none
Warnings: none
