###############################################################################
#
# IAR ELF Linker V2.20.1.176 for STM8                     22/Oct/2018  09:37:35
# Copyright 2010-2015 IAR Systems AB.
#
#    Output file  =  
#        F:\0中科君达\0项目\NB水表\软件\NB-IOT程序(BC95-B5)\PROJECT\Debug\Exe\project.out
#    Map file     =  
#        F:\0中科君达\0项目\NB水表\软件\NB-IOT程序(BC95-B5)\PROJECT\Debug\List\project.map
#    Command line =  
#        "F:\0中科君达\0项目\NB水表\软件\NB-IOT程序(BC95-B5)\PROJECT\Debug\Obj\BC95.o"
#        "F:\0中科君达\0项目\NB水表\软件\NB-IOT程序(BC95-B5)\PROJECT\Debug\Obj\Globaldata.o"
#        "F:\0中科君达\0项目\NB水表\软件\NB-IOT程序(BC95-B5)\PROJECT\Debug\Obj\main.o"
#        "F:\0中科君达\0项目\NB水表\软件\NB-IOT程序(BC95-B5)\PROJECT\Debug\Obj\mcu_init.o"
#        "F:\0中科君达\0项目\NB水表\软件\NB-IOT程序(BC95-B5)\PROJECT\Debug\Obj\Pulse_Acquire.o"
#        "F:\0中科君达\0项目\NB水表\软件\NB-IOT程序(BC95-B5)\PROJECT\Debug\Obj\rtc.o"
#        "F:\0中科君达\0项目\NB水表\软件\NB-IOT程序(BC95-B5)\PROJECT\Debug\Obj\Save.o"
#        "F:\0中科君达\0项目\NB水表\软件\NB-IOT程序(BC95-B5)\PROJECT\Debug\Obj\stm8l15x_adc.o"
#        "F:\0中科君达\0项目\NB水表\软件\NB-IOT程序(BC95-B5)\PROJECT\Debug\Obj\stm8l15x_clk.o"
#        "F:\0中科君达\0项目\NB水表\软件\NB-IOT程序(BC95-B5)\PROJECT\Debug\Obj\stm8l15x_exti.o"
#        "F:\0中科君达\0项目\NB水表\软件\NB-IOT程序(BC95-B5)\PROJECT\Debug\Obj\stm8l15x_flash.o"
#        "F:\0中科君达\0项目\NB水表\软件\NB-IOT程序(BC95-B5)\PROJECT\Debug\Obj\stm8l15x_gpio.o"
#        "F:\0中科君达\0项目\NB水表\软件\NB-IOT程序(BC95-B5)\PROJECT\Debug\Obj\stm8l15x_it.o"
#        "F:\0中科君达\0项目\NB水表\软件\NB-IOT程序(BC95-B5)\PROJECT\Debug\Obj\stm8l15x_itc.o"
#        "F:\0中科君达\0项目\NB水表\软件\NB-IOT程序(BC95-B5)\PROJECT\Debug\Obj\stm8l15x_iwdg.o"
#        "F:\0中科君达\0项目\NB水表\软件\NB-IOT程序(BC95-B5)\PROJECT\Debug\Obj\stm8l15x_pwr.o"
#        "F:\0中科君达\0项目\NB水表\软件\NB-IOT程序(BC95-B5)\PROJECT\Debug\Obj\stm8l15x_rtc.o"
#        "F:\0中科君达\0项目\NB水表\软件\NB-IOT程序(BC95-B5)\PROJECT\Debug\Obj\stm8l15x_syscfg.o"
#        "F:\0中科君达\0项目\NB水表\软件\NB-IOT程序(BC95-B5)\PROJECT\Debug\Obj\stm8l15x_usart.o"
#        "F:\0中科君达\0项目\NB水表\软件\NB-IOT程序(BC95-B5)\PROJECT\Debug\Obj\stm8l15x_wwdg.o"
#        "F:\0中科君达\0项目\NB水表\软件\NB-IOT程序(BC95-B5)\PROJECT\Debug\Obj\Sys_Timer.o"
#        "F:\0中科君达\0项目\NB水表\软件\NB-IOT程序(BC95-B5)\PROJECT\Debug\Obj\Temperature.o"
#        "F:\0中科君达\0项目\NB水表\软件\NB-IOT程序(BC95-B5)\PROJECT\Debug\Obj\uart.o"
#        --redirect _Printf=_PrintfSmall --redirect _Scanf=_ScanfSmall -o
#        "F:\0中科君达\0项目\NB水表\软件\NB-IOT程序(BC95-B5)\PROJECT\Debug\Exe\project.out"
#        --map
#        "F:\0中科君达\0项目\NB水表\软件\NB-IOT程序(BC95-B5)\PROJECT\Debug\List\project.map"
#        --config "D:\IAR for STM8\stm8\config\lnkstm8l151c8.icf" --config_def
#        _CSTACK_SIZE=0x100 --config_def _HEAP_SIZE=0x100 --entry
#        __iar_program_start --debug_lib
#
###############################################################################

*******************************************************************************
*** RUNTIME MODEL ATTRIBUTES
***

__SystemLibrary            = DLib
__code_model               = small
__core                     = stm8
__data_model               = medium
__dlib_file_descriptor     = 0
__dlib_full_locale_support = 0
__rt_version               = 4


*******************************************************************************
*** PLACEMENT SUMMARY
***

"A1":  place at start of [0x000000-0x0000ff] { rw section .vregs };
"A2":  place at end of [0x000000-0x000fff] { block CSTACK };
"P2":  place in [from 0x000000 to 0x000fff] {
          block HEAP, rw section __DLIB_PERTHREAD, rw section .far.bss,
          rw section .far.data, rw section .far.noinit,
          rw section .far_func.textrw, rw section .huge.bss,
          rw section .huge.data, rw section .huge.noinit,
          rw section .huge_func.textrw, rw section .iar.dynexit,
          rw section .near.bss, rw section .near.data, rw section .near.noinit,
          rw section .near_func.textrw };
"A3":  place at start of [0x008000-0x00ffff] { block INTVEC };
"P3":  place in [from 0x008000 to 0x00ffff] {
          ro section __DLIB_PERTHREAD_init, ro section .far.data_init,
          ro section .far_func.textrw_init, ro section .huge.data_init,
          ro section .huge_func.textrw_init, ro section .iar.init_table,
          ro section .init_array, ro section .near.data_init,
          ro section .near.rodata, ro section .near_func.text,
          ro section .near_func.textrw_init, ro section .tiny.data_init,
          ro section .tiny.rodata_init };

  Section          Kind      Address    Size  Object
  -------          ----      -------    ----  ------
"A1":                                   0x10
  .vregs           uninit   0x000000    0x10  vregs.o [4]
                          - 0x000010    0x10

"P2":                                  0x3d3
  .near.bss        zero     0x000010   0x1d1  uart.o [1]
  .near.bss        zero     0x0001e1   0x12e  BC95.o [1]
  .near.bss        zero     0x00030f    0xa0  Sys_Timer.o [1]
  .near.bss        zero     0x0003af    0x22  Globaldata.o [1]
  .near.bss        zero     0x0003d1     0x7  Pulse_Acquire.o [1]
  .near.bss        zero     0x0003d8     0x4  Globaldata.o [1]
  .near.bss        zero     0x0003dc     0x4  Globaldata.o [1]
  .near.bss        zero     0x0003e0     0x2  Globaldata.o [1]
  .near.bss        zero     0x0003e2     0x1  Sys_Timer.o [1]
                          - 0x0003e3   0x3d3

"A2":                                  0x100
  CSTACK                    0x000f00   0x100  <Block>
    CSTACK         uninit   0x000f00   0x100  <Block tail>
                          - 0x001000   0x100

"A3":                                   0x80
  INTVEC                    0x008000    0x80  <Block>
    .intvec        const    0x008000    0x80  interrupt.o [4]
                          - 0x008080    0x80

"P3":                                 0x51de
  .near_func.text  ro code  0x008080   0xb29  BC95.o [1]
  .near_func.text  ro code  0x008ba9   0x7f1  BC95.o [1]
  .near_func.text  ro code  0x00939a   0x67e  BC95.o [1]
  .near_func.text  ro code  0x009a18   0x665  BC95.o [1]
  .near_func.text  ro code  0x00a07d   0x293  float.o [4]
  .near_func.text  ro code  0x00a310   0x200  rtc.o [1]
  .near_func.text  ro code  0x00a510   0x1a2  BC95.o [1]
  .near_func.text  ro code  0x00a6b2   0x192  Sys_Timer.o [1]
  .near_func.text  ro code  0x00a844   0x15b  stm8l15x_itc.o [1]
  .near_func.text  ro code  0x00a99f   0x152  stm8l15x_rtc.o [1]
  .near.rodata     const    0x00aaf1   0x14c  Temperature.o [1]
  .near_func.text  ro code  0x00ac3d   0x136  rtc.o [1]
  .near_func.text  ro code  0x00ad73   0x127  vreg_util.o [4]
  .near_func.text  ro code  0x00ae9a   0x11f  stm8l15x_exti.o [1]
  .near_func.text  ro code  0x00afb9   0x105  Sys_Timer.o [1]
  .near_func.text  ro code  0x00b0be   0x101  Save.o [1]
  .near_func.text  ro code  0x00b1bf    0xf0  Pulse_Acquire.o [1]
  .near_func.text  ro code  0x00b2af    0xdd  Temperature.o [1]
  .near_func.text  ro code  0x00b38c    0xd3  Save.o [1]
  .near_func.text  ro code  0x00b45f    0xd3  stm8l15x_usart.o [1]
  .near.rodata     const    0x00b532    0xc8  BC95.o [1]
  .near_func.text  ro code  0x00b5fa    0xbf  Save.o [1]
  .near_func.text  ro code  0x00b6b9    0xb7  stm8l15x_rtc.o [1]
  .near_func.text  ro code  0x00b770    0xaf  stm8l15x_gpio.o [1]
  .near_func.text  ro code  0x00b81f    0xac  stm8l15x_usart.o [1]
  .near_func.text  ro code  0x00b8cb    0xab  stm8l15x_rtc.o [1]
  .near_func.text  ro code  0x00b976    0xa3  long.o [4]
  .near_func.text  ro code  0x00ba19    0xa2  Save.o [1]
  .near_func.text  ro code  0x00babb    0x9e  mcu_init.o [1]
  .near_func.text  ro code  0x00bb59    0x99  stm8l15x_clk.o [1]
  .near_func.text  ro code  0x00bbf2    0x94  stm8l15x_usart.o [1]
  .near_func.text  ro code  0x00bc86    0x93  stm8l15x_clk.o [1]
  .near_func.text  ro code  0x00bd19    0x8f  uart.o [1]
  .near_func.text  ro code  0x00bda8    0x8e  stm8l15x_clk.o [1]
  .near_func.text  ro code  0x00be36    0x8a  BC95.o [1]
  .near_func.text  ro code  0x00bec0    0x88  uart.o [1]
  .near_func.text  ro code  0x00bf48    0x87  BC95.o [1]
  .near.rodata     const    0x00bfcf    0x80  BC95.o [1]
  .near_func.text  ro code  0x00c04f    0x7d  Save.o [1]
  .near_func.text  ro code  0x00c0cc    0x6a  Globaldata.o [1]
  .near_func.text  ro code  0x00c136    0x67  mcu_init.o [1]
  .near_func.text  ro code  0x00c19d    0x63  short.o [4]
  .near_func.text  ro code  0x00c200    0x61  mcu_init.o [1]
  .near_func.text  ro code  0x00c261    0x5f  Pulse_Acquire.o [1]
  .near_func.text  ro code  0x00c2c0    0x5e  rtc.o [1]
  .near_func.text  ro code  0x00c31e    0x5c  stm8l15x_rtc.o [1]
  .near_func.text  ro code  0x00c37a    0x5c  stm8l15x_rtc.o [1]
  .near_func.text  ro code  0x00c3d6    0x57  main.o [1]
  .near_func.text  ro code  0x00c42d    0x56  uart.o [1]
  .near_func.text  ro code  0x00c483    0x55  stm8l15x_exti.o [1]
  .near_func.text  ro code  0x00c4d8    0x55  stm8l15x_rtc.o [1]
  .near_func.text  ro code  0x00c52d    0x55  stm8l15x_rtc.o [1]
  .near_func.text  ro code  0x00c582    0x52  long_util.o [4]
  .near_func.text  ro code  0x00c5d4    0x50  stm8l15x_adc.o [1]
  .near_func.text  ro code  0x00c624    0x50  Sys_Timer.o [1]
  .near_func.text  ro code  0x00c674    0x4e  stm8l15x_adc.o [1]
  .near_func.text  ro code  0x00c6c2    0x4d  Sys_Timer.o [1]
  .near_func.text  ro code  0x00c70f    0x49  mcu_init.o [1]
  .near_func.text  ro code  0x00c758    0x46  Globaldata.o [1]
  .near_func.text  ro code  0x00c79e    0x45  stm8l15x_rtc.o [1]
  .near_func.text  ro code  0x00c7e3    0x44  strstr.o [4]
  .near.rodata     const    0x00c827    0x40  BC95.o [1]
  .near_func.text  ro code  0x00c867    0x3f  stm8l15x_exti.o [1]
  .near_func.text  ro code  0x00c8a6    0x3e  stm8l15x_usart.o [1]
  .near_func.text  ro code  0x00c8e4    0x3d  Save.o [1]
  .near_func.text  ro code  0x00c921    0x3b  stm8l15x_rtc.o [1]
  .near_func.text  ro code  0x00c95c    0x39  rtc.o [1]
  .near_func.text  ro code  0x00c995    0x38  Save.o [1]
  .near_func.text  ro code  0x00c9cd    0x37  stm8l15x_rtc.o [1]
  .near_func.text  ro code  0x00ca04    0x36  stm8l15x_exti.o [1]
  .near_func.text  ro code  0x00ca3a    0x36  memcmp.o [4]
  .near_func.text  ro code  0x00ca70    0x35  Pulse_Acquire.o [1]
  .near_func.text  ro code  0x00caa5    0x32  uart.o [1]
  .near_func.text  ro code  0x00cad7    0x2f  stm8l15x_adc.o [1]
  .near_func.text  ro code  0x00cb06    0x2e  BC95.o [1]
  .near_func.text  ro code  0x00cb34    0x2d  stm8l15x_rtc.o [1]
  .near_func.text  ro code  0x00cb61    0x2c  stm8l15x_rtc.o [1]
  .near_func.text  ro code  0x00cb8d    0x2b  stm8l15x_usart.o [1]
  .near.rodata     const    0x00cbb8    0x28  BC95.o [1]
  .near_func.text  ro code  0x00cbe0    0x28  stm8l15x_adc.o [1]
  .near_func.text  ro code  0x00cc08    0x27  rtc.o [1]
  .near_func.text  ro code  0x00cc2f    0x25  BC95.o [1]
  .near_func.text  ro code  0x00cc54    0x25  memcpy.o [4]
  .near_func.text  ro code  0x00cc79    0x23  stm8l15x_rtc.o [1]
  .near_func.text  ro code  0x00cc9c    0x22  stm8l15x_exti.o [1]
  .near_func.text  ro code  0x00ccbe    0x21  BC95.o [1]
  .iar.init_table  const    0x00ccdf     0x8  - Linker created -
  .near_func.text  ro code  0x00cce7    0x20  BC95.o [1]
  .near_func.text  ro code  0x00cd07    0x20  stm8l15x_rtc.o [1]
  .near.rodata     const    0x00cd27    0x1f  BC95.o [1]
  .near_func.text  ro code  0x00cd46    0x1f  main.o [1]
  .near_func.text  ro code  0x00cd65    0x1f  Pulse_Acquire.o [1]
  .near_func.text  ro code  0x00cd84    0x1e  BC95.o [1]
  .near_func.text  ro code  0x00cda2    0x1e  stm8l15x_adc.o [1]
  .near_func.text  ro code  0x00cdc0    0x1e  init_small.o [4]
  .near.rodata     const    0x00cdde    0x1c  BC95.o [1]
  .near.rodata     const    0x00cdfa    0x1b  BC95.o [1]
  .near_func.text  ro code  0x00ce15    0x1b  Globaldata.o [1]
  .near_func.text  ro code  0x00ce30    0x1b  stm8l15x_rtc.o [1]
  .near_func.text  ro code  0x00ce4b    0x1a  dc_util.o [4]
  .near_func.text  ro code  0x00ce65    0x19  stm8l15x_flash.o [1]
  .near_func.text  ro code  0x00ce7e    0x19  stm8l15x_flash.o [1]
  .near_func.text  ro code  0x00ce97    0x19  stm8l15x_it.o [1]
  .near_func.text  ro code  0x00ceb0    0x17  memset.o [4]
  .near_func.text  ro code  0x00cec7    0x17  init.o [4]
  .near_func.text  ro code  0x00cede    0x16  main.o [1]
  .near_func.text  ro code  0x00cef4    0x16  stm8l15x_it.o [1]
  .near_func.text  ro code  0x00cf0a    0x16  stm8l15x_it.o [1]
  .near_func.text  ro code  0x00cf20    0x16  stm8l15x_it.o [1]
  .near_func.text  ro code  0x00cf36    0x16  stm8l15x_it.o [1]
  .near_func.text  ro code  0x00cf4c    0x15  Save.o [1]
  .near_func.text  ro code  0x00cf61    0x15  stm8l15x_rtc.o [1]
  .near_func.text  ro code  0x00cf76    0x14  __dbg_xxexit.o [3]
  .near_func.text  ro code  0x00cf8a    0x13  BC95.o [1]
  .near_func.text  ro code  0x00cf9d    0x13  stm8l15x_clk.o [1]
  .near_func.text  ro code  0x00cfb0    0x13  cstartup.o [4]
  .near_func.text  ro code  0x00cfc3    0x12  strlen.o [4]
  .near.rodata     const    0x00cfd5    0x11  BC95.o [1]
  .near.rodata     const    0x00cfe6    0x11  BC95.o [1]
  .near.rodata     const    0x00cff7    0x11  BC95.o [1]
  .near_func.text  ro code  0x00d008    0x11  stm8l15x_adc.o [1]
  .near_func.text  ro code  0x00d019     0xf  Save.o [1]
  .near_func.text  ro code  0x00d028     0xe  stm8l15x_adc.o [1]
  .near_func.text  ro code  0x00d036     0xe  stm8l15x_pwr.o [1]
  .near_func.text  ro code  0x00d044     0xd  Save.o [1]
  .near_func.text  ro code  0x00d051     0xd  stm8l15x_adc.o [1]
  .near_func.text  ro code  0x00d05e     0xd  move.o [4]
  .near.rodata     const    0x00d06b     0xc  BC95.o [1]
  .near.rodata     const    0x00d077     0xc  BC95.o [1]
  .near.rodata     const    0x00d083     0xc  BC95.o [1]
  .near.rodata     const    0x00d08f     0xc  BC95.o [1]
  .near.rodata     const    0x00d09b     0xc  BC95.o [1]
  .near.rodata     const    0x00d0a7     0xc  BC95.o [1]
  .near.rodata     const    0x00d0b3     0xc  BC95.o [1]
  .near.rodata     const    0x00d0bf     0xc  BC95.o [1]
  .near_func.text  ro code  0x00d0cb     0xc  stm8l15x_rtc.o [1]
  .near.rodata     const    0x00d0d7     0xb  BC95.o [1]
  .near.rodata     const    0x00d0e2     0xb  BC95.o [1]
  .near.rodata     const    0x00d0ed     0xb  BC95.o [1]
  .near.rodata     const    0x00d0f8     0xb  BC95.o [1]
  .near.rodata     const    0x00d103     0xb  BC95.o [1]
  .near.rodata     const    0x00d10e     0xb  BC95.o [1]
  .near_func.text  ro code  0x00d119     0xb  stm8l15x_flash.o [1]
  .near_func.text  ro code  0x00d124     0xb  stm8l15x_flash.o [1]
  .near_func.text  ro code  0x00d12f     0xb  abs.o [4]
  .near_func.text  ro code  0x00d13a     0xa  mcu_init.o [1]
  .near_func.text  ro code  0x00d144     0xa  stm8l15x_clk.o [1]
  .near_func.text  ro code  0x00d14e     0xa  char.o [4]
  .near.rodata     const    0x00d158     0x9  BC95.o [1]
  .near.rodata     const    0x00d161     0x9  BC95.o [1]
  .near.rodata     const    0x00d16a     0x9  BC95.o [1]
  .near.rodata     const    0x00d173     0x9  BC95.o [1]
  .near.rodata     const    0x00d17c     0x9  BC95.o [1]
  .near.rodata     const    0x00d185     0x9  Save.o [1]
  .near.rodata     const    0x00d18e     0x9  Save.o [1]
  .near_func.text  ro code  0x00d197     0x9  stm8l15x_gpio.o [1]
  .near.rodata     const    0x00d1a0     0x8  BC95.o [1]
  .near_func.text  ro code  0x00d1a8     0x8  stm8l15x_gpio.o [1]
  .near_func.text  ro code  0x00d1b0     0x8  stm8l15x_usart.o [1]
  .near.rodata     const    0x00d1b8     0x7  BC95.o [1]
  .near.rodata     const    0x00d1bf     0x7  BC95.o [1]
  .near.rodata     const    0x00d1c6     0x7  BC95.o [1]
  .near_func.text  ro code  0x00d1cd     0x7  stm8l15x_gpio.o [1]
  .near.rodata     const    0x00d1d4     0x6  BC95.o [1]
  .near_func.text  ro code  0x00d1da     0x6  Save.o [1]
  .near_func.text  ro code  0x00d1e0     0x6  Save.o [1]
  .near.rodata     const    0x00d1e6     0x5  BC95.o [1]
  .near.rodata     const    0x00d1eb     0x5  BC95.o [1]
  .near.rodata     const    0x00d1f0     0x5  stm8l15x_clk.o [1]
  .near_func.text  ro code  0x00d1f5     0x5  BC95.o [1]
  .near_func.text  ro code  0x00d1fa     0x5  stm8l15x_adc.o [1]
  .near_func.text  ro code  0x00d1ff     0x5  stm8l15x_flash.o [1]
  .near_func.text  ro code  0x00d204     0x5  stm8l15x_iwdg.o [1]
  .near_func.text  ro code  0x00d209     0x5  stm8l15x_iwdg.o [1]
  .near_func.text  ro code  0x00d20e     0x5  stm8l15x_usart.o [1]
  .near_func.text  ro code  0x00d213     0x5  stm8l15x_usart.o [1]
  .near_func.text  ro code  0x00d218     0x5  cexit.o [4]
  .near.rodata     const    0x00d21d     0x4  BC95.o [1]
  .near_func.text  ro code  0x00d221     0x4  stm8l15x_clk.o [1]
  .near_func.text  ro code  0x00d225     0x4  stm8l15x_clk.o [1]
  .near_func.text  ro code  0x00d229     0x4  stm8l15x_iwdg.o [1]
  .near_func.text  ro code  0x00d22d     0x4  stm8l15x_iwdg.o [1]
  .near_func.text  ro code  0x00d231     0x4  stm8l15x_iwdg.o [1]
  .near.rodata     const    0x00d235     0x3  BC95.o [1]
  .near_func.text  ro code  0x00d238     0x3  interrupt.o [4]
  .near_func.text  ro code  0x00d23b     0x3  low_level_init.o [4]
  .near_func.text  ro code  0x00d23e     0x3  exit.o [4]
  .near_func.text  ro code  0x00d241     0x3  unhandled_exception.o [4]
  .near_func.text  ro code  0x00d244     0x1  stm8l15x_it.o [1]
  .near_func.text  ro code  0x00d245     0x1  stm8l15x_it.o [1]
  .near_func.text  ro code  0x00d246     0x1  stm8l15x_it.o [1]
  .near_func.text  ro code  0x00d247     0x1  stm8l15x_it.o [1]
  .near_func.text  ro code  0x00d248     0x1  stm8l15x_it.o [1]
  .near_func.text  ro code  0x00d249     0x1  stm8l15x_it.o [1]
  .near_func.text  ro code  0x00d24a     0x1  stm8l15x_it.o [1]
  .near_func.text  ro code  0x00d24b     0x1  stm8l15x_it.o [1]
  .near_func.text  ro code  0x00d24c     0x1  stm8l15x_it.o [1]
  .near_func.text  ro code  0x00d24d     0x1  stm8l15x_it.o [1]
  .near_func.text  ro code  0x00d24e     0x1  stm8l15x_it.o [1]
  .near_func.text  ro code  0x00d24f     0x1  stm8l15x_it.o [1]
  .near_func.text  ro code  0x00d250     0x1  stm8l15x_it.o [1]
  .near_func.text  ro code  0x00d251     0x1  stm8l15x_it.o [1]
  .near_func.text  ro code  0x00d252     0x1  stm8l15x_it.o [1]
  .near_func.text  ro code  0x00d253     0x1  stm8l15x_it.o [1]
  .near_func.text  ro code  0x00d254     0x1  stm8l15x_it.o [1]
  .near_func.text  ro code  0x00d255     0x1  stm8l15x_it.o [1]
  .near_func.text  ro code  0x00d256     0x1  stm8l15x_it.o [1]
  .near_func.text  ro code  0x00d257     0x1  stm8l15x_it.o [1]
  .near_func.text  ro code  0x00d258     0x1  stm8l15x_it.o [1]
  .near_func.text  ro code  0x00d259     0x1  stm8l15x_it.o [1]
  .near_func.text  ro code  0x00d25a     0x1  stm8l15x_it.o [1]
  .near_func.text  ro code  0x00d25b     0x1  stm8l15x_it.o [1]
  .near_func.text  ro code  0x00d25c     0x1  stm8l15x_it.o [1]
  .near_func.text  ro code  0x00d25d     0x1  __dbg_break.o [3]
                          - 0x00d25e  0x51de


*******************************************************************************
*** INIT TABLE
***

          Address   Size
          -------   ----
Zero (__iar_zero_init2)
    1 destination range, total size 0x3d3:
          0x000010  0x3d3



*******************************************************************************
*** MODULE SUMMARY
***

    Module                 ro code  ro data  rw data
    ------                 -------  -------  -------
F:\0中科君达\0项目\NB水表\软件\NB-IOT程序(BC95-B5)\PROJECT\Debug\Obj: [1]
    BC95.o                   9 082      828      302
    Globaldata.o               203                44
    Pulse_Acquire.o            419                 7
    Save.o                   1 124       18
    Sys_Timer.o                820               161
    Temperature.o              221      332
    main.o                     140
    mcu_init.o                 441
    rtc.o                    1 012
    stm8l15x_adc.o             324
    stm8l15x_clk.o             479        5
    stm8l15x_exti.o            523
    stm8l15x_flash.o            77
    stm8l15x_gpio.o            199
    stm8l15x_it.o              138
    stm8l15x_itc.o             347
    stm8l15x_iwdg.o             22
    stm8l15x_pwr.o              14
    stm8l15x_rtc.o           1 445
    stm8l15x_usart.o           654
    uart.o                     415               465
    ------------------------------------------------
    Total:                  18 099    1 183      979

command line: [2]
    ------------------------------------------------
    Total:

dbgstm8smd.a: [3]
    __dbg_break.o                1
    __dbg_xxexit.o              20
    ------------------------------------------------
    Total:                      21

dlstm8smn.a: [4]
    abs.o                       11
    cexit.o                      5
    char.o                      10
    cstartup.o                  19
    dc_util.o                   26
    exit.o                       3
    float.o                    659
    init.o                      23
    init_small.o                30
    interrupt.o                  3      128
    long.o                     163
    long_util.o                 82
    low_level_init.o             3
    memcmp.o                    54
    memcpy.o                    37
    memset.o                    23
    move.o                      13
    short.o                     99
    strlen.o                    18
    strstr.o                    68
    unhandled_exception.o        3
    vreg_util.o                295
    vregs.o                                       16
    ------------------------------------------------
    Total:                   1 647      128       16

    Linker created                        8      256
----------------------------------------------------
    Grand Total:            19 767    1 319    1 251


*******************************************************************************
*** ENTRY LIST
***

Entry                    Address   Size  Type      Object
-----                    -------   ----  ----      ------
.iar.init_table$$Base   0x00ccdf          --   Gb  - Linker created -
.iar.init_table$$Limit  0x00cce7          --   Gb  - Linker created -
?b0                     0x000000         Data  Gb  vregs.o [4]
?b1                     0x000001         Data  Gb  vregs.o [4]
?b10                    0x00000a         Data  Gb  vregs.o [4]
?b11                    0x00000b         Data  Gb  vregs.o [4]
?b12                    0x00000c         Data  Gb  vregs.o [4]
?b13                    0x00000d         Data  Gb  vregs.o [4]
?b14                    0x00000e         Data  Gb  vregs.o [4]
?b15                    0x00000f         Data  Gb  vregs.o [4]
?b2                     0x000002         Data  Gb  vregs.o [4]
?b3                     0x000003         Data  Gb  vregs.o [4]
?b4                     0x000004         Data  Gb  vregs.o [4]
?b5                     0x000005         Data  Gb  vregs.o [4]
?b6                     0x000006         Data  Gb  vregs.o [4]
?b7                     0x000007         Data  Gb  vregs.o [4]
?b8                     0x000008         Data  Gb  vregs.o [4]
?b9                     0x000009         Data  Gb  vregs.o [4]
?dc32_l0                0x00ce4b         Code  Gb  dc_util.o [4]
?dc32_l1                0x00ce58         Code  Gb  dc_util.o [4]
?e0                     0x000001         Data  Gb  vregs.o [4]
?e1                     0x000005         Data  Gb  vregs.o [4]
?e2                     0x000009         Data  Gb  vregs.o [4]
?e3                     0x00000d         Data  Gb  vregs.o [4]
?epilogue_l2            0x00ae1a         Code  Gb  vreg_util.o [4]
?epilogue_l2_l3         0x00ae17         Code  Gb  vreg_util.o [4]
?epilogue_l2_w6         0x00ae1e         Code  Gb  vreg_util.o [4]
?epilogue_w4            0x00ae25         Code  Gb  vreg_util.o [4]
?fcastf32u16_l0_x       0x00a1d0         Code  Gb  float.o [4]
?fcasts16f32_x_l0       0x00a1ee         Code  Gb  float.o [4]
?fdiv32_l0_dc32_l1      0x00a11d         Code  Gb  float.o [4]
?fdiv32_l0_l0_l1        0x00a122         Code  Gb  float.o [4]
?fmul32_l0_l0_dc32      0x00a07d         Code  Gb  float.o [4]
?fmul32_l0_l0_l1        0x00a082         Code  Gb  float.o [4]
?inc32_0x_0x            0x00b980         Code  Gb  long.o [4]
?inc32_l0_l0            0x00b976         Code  Gb  long.o [4]
?inc32_l1_l1            0x00b97b         Code  Gb  long.o [4]
?l0                     0x000000         Data  Gb  vregs.o [4]
?l1                     0x000004         Data  Gb  vregs.o [4]
?l2                     0x000008         Data  Gb  vregs.o [4]
?l3                     0x00000c         Data  Gb  vregs.o [4]
?load32_0x_l0           0x00c5aa         Code  Gb  long_util.o [4]
?load32_0x_l1           0x00c5b8         Code  Gb  long_util.o [4]
?load32_0x_l2           0x00c5c6         Code  Gb  long_util.o [4]
?load32_l0_0x           0x00c582         Code  Gb  long_util.o [4]
?load32_l1_0x           0x00c59e         Code  Gb  long_util.o [4]
?load32_l1_asp          0x00c593         Code  Gb  long_util.o [4]
?load32_l1_dbsp         0x00c58e         Code  Gb  long_util.o [4]
?load32_l1_xsp          0x00c595         Code  Gb  long_util.o [4]
?mov_e0_e1              0x00ae4f         Code  Gb  vreg_util.o [4]
?mov_e0_e2              0x00ae5c         Code  Gb  vreg_util.o [4]
?mov_e0_e3              0x00ae69         Code  Gb  vreg_util.o [4]
?mov_e1_e0              0x00ae76         Code  Gb  vreg_util.o [4]
?mov_e2_e0              0x00ae83         Code  Gb  vreg_util.o [4]
?mov_e3_e0              0x00ae90         Code  Gb  vreg_util.o [4]
?mov_l0_l1              0x00ae4c         Code  Gb  vreg_util.o [4]
?mov_l0_l2              0x00ae59         Code  Gb  vreg_util.o [4]
?mov_l0_l3              0x00ae66         Code  Gb  vreg_util.o [4]
?mov_l1_l0              0x00ae73         Code  Gb  vreg_util.o [4]
?mov_l2_l0              0x00ae80         Code  Gb  vreg_util.o [4]
?mov_l3_l0              0x00ae8d         Code  Gb  vreg_util.o [4]
?mov_w0_w1              0x00ae29         Code  Gb  vreg_util.o [4]
?mov_w0_w5              0x00ae30         Code  Gb  vreg_util.o [4]
?mov_w1_w3              0x00ae52         Code  Gb  vreg_util.o [4]
?mov_w1_w5              0x00ae5f         Code  Gb  vreg_util.o [4]
?mov_w1_w6              0x00ae37         Code  Gb  vreg_util.o [4]
?mov_w1_w7              0x00ae6c         Code  Gb  vreg_util.o [4]
?mov_w2_w1              0x00ae3e         Code  Gb  vreg_util.o [4]
?mov_w3_w1              0x00ae79         Code  Gb  vreg_util.o [4]
?mov_w4_w6              0x00ae45         Code  Gb  vreg_util.o [4]
?mov_w5_w1              0x00ae86         Code  Gb  vreg_util.o [4]
?mov_w7_w1              0x00ae93         Code  Gb  vreg_util.o [4]
?move1616_v_x_y_a       0x00d05e         Code  Gb  move.o [4]
?mul16_x_x_w0           0x00c19d         Code  Gb  short.o [4]
?pop_l0                 0x00ade3         Code  Gb  vreg_util.o [4]
?pop_l1                 0x00adee         Code  Gb  vreg_util.o [4]
?pop_l2                 0x00adf9         Code  Gb  vreg_util.o [4]
?pop_l3                 0x00ae04         Code  Gb  vreg_util.o [4]
?pop_w4                 0x00ad95         Code  Gb  vreg_util.o [4]
?pop_w6                 0x00ad9c         Code  Gb  vreg_util.o [4]
?pop_w7                 0x00ada3         Code  Gb  vreg_util.o [4]
?push_l0                0x00adb2         Code  Gb  vreg_util.o [4]
?push_l1                0x00adb7         Code  Gb  vreg_util.o [4]
?push_l2                0x00adbc         Code  Gb  vreg_util.o [4]
?push_l3                0x00adc1         Code  Gb  vreg_util.o [4]
?push_w4                0x00ad73         Code  Gb  vreg_util.o [4]
?push_w6                0x00ad78         Code  Gb  vreg_util.o [4]
?push_w7                0x00ad7d         Code  Gb  vreg_util.o [4]
?sdiv16_x_x_y           0x00c1bb         Code  Gb  short.o [4]
?sext16_x_a             0x00c1f9         Code  Gb  short.o [4]
?sll16_x_x_a            0x00c1e4         Code  Gb  short.o [4]
?sll8_a_a_5             0x00d14e         Code  Gb  char.o [4]
?smod16_y_x_y           0x00c1d4         Code  Gb  short.o [4]
?srl16_x_x_10           0x00c1ee         Code  Gb  short.o [4]
?srl16_x_x_11           0x00c1ed         Code  Gb  short.o [4]
?srl16_x_x_12           0x00c1ec         Code  Gb  short.o [4]
?srl16_x_x_4            0x00c1f4         Code  Gb  short.o [4]
?srl16_x_x_5            0x00c1f3         Code  Gb  short.o [4]
?srl16_x_x_6            0x00c1f2         Code  Gb  short.o [4]
?srl16_x_x_7            0x00c1f1         Code  Gb  short.o [4]
?srl16_x_x_8            0x00c1f0         Code  Gb  short.o [4]
?srl16_x_x_9            0x00c1ef         Code  Gb  short.o [4]
?srl8_a_a_5             0x00d153         Code  Gb  char.o [4]
?ucmp32_c_l0_0x         0x00b9fe         Code  Gb  long.o [4]
?ucmp32_c_l0_l1         0x00ba0e         Code  Gb  long.o [4]
?udiv32_l0_l0_dl        0x00b98e         Code  Gb  long.o [4]
?udiv32_l0_l0_l1        0x00b991         Code  Gb  long.o [4]
?umod32_l1_l0_l1        0x00b991         Code  Gb  long.o [4]
?w0                     0x000000         Data  Gb  vregs.o [4]
?w1                     0x000002         Data  Gb  vregs.o [4]
?w2                     0x000004         Data  Gb  vregs.o [4]
?w3                     0x000006         Data  Gb  vregs.o [4]
?w4                     0x000008         Data  Gb  vregs.o [4]
?w5                     0x00000a         Data  Gb  vregs.o [4]
?w6                     0x00000c         Data  Gb  vregs.o [4]
?w7                     0x00000e         Data  Gb  vregs.o [4]
ACK                     0x00be36   0x8a  Code  Gb  BC95.o [1]
ADC1_COMP_IRQHandler    0x00d253    0x1  Code  Gb  stm8l15x_it.o [1]
ADC_ChannelCmd          0x00c674   0x4e  Code  Gb  stm8l15x_adc.o [1]
ADC_ClearFlag           0x00d051    0xd  Code  Gb  stm8l15x_adc.o [1]
ADC_Cmd                 0x00d008   0x11  Code  Gb  stm8l15x_adc.o [1]
ADC_GetConversionValue  0x00cbe0   0x28  Code  Gb  stm8l15x_adc.o [1]
ADC_GetFlagStatus       0x00cda2   0x1e  Code  Gb  stm8l15x_adc.o [1]
ADC_Init                0x00cad7   0x2f  Code  Gb  stm8l15x_adc.o [1]
ADC_SamplingTimeConfig  0x00c5d4   0x50  Code  Gb  stm8l15x_adc.o [1]
ADC_SoftwareStartConv   0x00d1fa    0x5  Code  Gb  stm8l15x_adc.o [1]
ADC_VrefintCmd          0x00d028    0xe  Code  Gb  stm8l15x_adc.o [1]
ASCLL_to_Int            0x00c758   0x46  Code  Gb  Globaldata.o [1]
Alarm_Interrupt         0x00cc08   0x27  Code  Gb  rtc.o [1]
BC95                    0x0001e1  0x12e  Data  Gb  BC95.o [1]
BC95_Data_Send          0x00cce7   0x20  Code  Gb  BC95.o [1]
BC95_Delay_CallBack     0x00d1f5    0x5  Code  Gb  BC95.o [1]
BC95_Power_On           0x00cb06   0x2e  Code  Gb  BC95.o [1]
BC95_Process            0x00939a  0x67e  Code  Gb  BC95.o [1]
BC95_Recv_Timeout_CallBack
                        0x00cc2f   0x25  Code  Gb  BC95.o [1]
BC95_Reset              0x00cd84   0x1e  Code  Gb  BC95.o [1]
BC95_Start              0x00ccbe   0x21  Code  Gb  BC95.o [1]
Bcd2ToByte              0x00ce30   0x1b  Code  Lc  stm8l15x_rtc.o [1]
ByteToBcd2              0x00cd07   0x20  Code  Lc  stm8l15x_rtc.o [1]
CLK_GetClockFreq        0x00bc86   0x93  Code  Gb  stm8l15x_clk.o [1]
CLK_GetFlagStatus       0x00bb59   0x99  Code  Gb  stm8l15x_clk.o [1]
CLK_LSEConfig           0x00cf9d   0x13  Code  Gb  stm8l15x_clk.o [1]
CLK_PeripheralClockConfig
                        0x00bda8   0x8e  Code  Gb  stm8l15x_clk.o [1]
CLK_RTCClockConfig      0x00d144    0xa  Code  Gb  stm8l15x_clk.o [1]
CLK_SYSCLKDivConfig     0x00d225    0x4  Code  Gb  stm8l15x_clk.o [1]
CLK_SYSCLKSourceConfig  0x00d221    0x4  Code  Gb  stm8l15x_clk.o [1]
CSTACK$$Base            0x000f00          --   Gb  - Linker created -
CSTACK$$Limit           0x001000          --   Gb  - Linker created -
Cal                     0x0003d1    0x7  Data  Gb  Pulse_Acquire.o [1]
Clear_Single_History_Data
                        0x00c995   0x38  Code  Gb  Save.o [1]
Create_Timer            0x00afb9  0x105  Code  Gb  Sys_Timer.o [1]
DMA1_CHANNEL0_1_IRQHandler
                        0x00d246    0x1  Code  Gb  stm8l15x_it.o [1]
DMA1_CHANNEL2_3_IRQHandler
                        0x00d247    0x1  Code  Gb  stm8l15x_it.o [1]
Delete_Timer            0x00c624   0x50  Code  Gb  Sys_Timer.o [1]
EXTI0_IRQHandler        0x00cf0a   0x16  Code  Gb  stm8l15x_it.o [1]
EXTI1_IRQHandler        0x00d24a    0x1  Code  Gb  stm8l15x_it.o [1]
EXTI2_IRQHandler        0x00d24b    0x1  Code  Gb  stm8l15x_it.o [1]
EXTI3_IRQHandler        0x00d24c    0x1  Code  Gb  stm8l15x_it.o [1]
EXTI4_IRQHandler        0x00d24d    0x1  Code  Gb  stm8l15x_it.o [1]
EXTI5_IRQHandler        0x00d24e    0x1  Code  Gb  stm8l15x_it.o [1]
EXTI6_IRQHandler        0x00d24f    0x1  Code  Gb  stm8l15x_it.o [1]
EXTI7_IRQHandler        0x00d250    0x1  Code  Gb  stm8l15x_it.o [1]
EXTIB_G_IRQHandler      0x00d249    0x1  Code  Gb  stm8l15x_it.o [1]
EXTID_H_IRQHandler      0x00cef4   0x16  Code  Gb  stm8l15x_it.o [1]
EXTIE_F_PVD_IRQHandler  0x00d248    0x1  Code  Gb  stm8l15x_it.o [1]
EXTI_ClearITPendingBit  0x00cc9c   0x22  Code  Gb  stm8l15x_exti.o [1]
EXTI_SelectPort         0x00ca04   0x36  Code  Gb  stm8l15x_exti.o [1]
EXTI_SetHalfPortSelection
                        0x00c867   0x3f  Code  Gb  stm8l15x_exti.o [1]
EXTI_SetPinSensitivity  0x00ae9a  0x11f  Code  Gb  stm8l15x_exti.o [1]
EXTI_SetPortSensitivity
                        0x00c483   0x55  Code  Gb  stm8l15x_exti.o [1]
Exti0_Interrupt         0x00cd65   0x1f  Code  Gb  Pulse_Acquire.o [1]
ExtiD_Interrupt         0x00b1bf   0xf0  Code  Gb  Pulse_Acquire.o [1]
FLASH_GetFlagStatus     0x00ce7e   0x19  Code  Gb  stm8l15x_flash.o [1]
FLASH_IRQHandler        0x00d245    0x1  Code  Gb  stm8l15x_it.o [1]
FLASH_Lock              0x00d119    0xb  Code  Gb  stm8l15x_flash.o [1]
FLASH_ProgramByte       0x00d124    0xb  Code  Gb  stm8l15x_flash.o [1]
FLASH_ReadByte          0x00d1ff    0x5  Code  Gb  stm8l15x_flash.o [1]
FLASH_Unlock            0x00ce65   0x19  Code  Gb  stm8l15x_flash.o [1]
GMT_to_BT               0x00a310  0x200  Code  Gb  rtc.o [1]
GPIO_Configuration      0x00c70f   0x49  Code  Gb  mcu_init.o [1]
GPIO_Init               0x00b770   0xaf  Code  Gb  stm8l15x_gpio.o [1]
GPIO_ReadInputDataBit   0x00d197    0x9  Code  Gb  stm8l15x_gpio.o [1]
GPIO_ResetBits          0x00d1a8    0x8  Code  Gb  stm8l15x_gpio.o [1]
GPIO_SetBits            0x00d1cd    0x7  Code  Gb  stm8l15x_gpio.o [1]
HistoryData             0x0003e0    0x2  Data  Gb  Globaldata.o [1]
I2C1_SPI2_IRQHandler    0x00d25c    0x1  Code  Gb  stm8l15x_it.o [1]
INTVEC$$Base            0x008000          --   Gb  - Linker created -
INTVEC$$Limit           0x008080          --   Gb  - Linker created -
ITC_SetSoftwarePriority
                        0x00a844  0x15b  Code  Gb  stm8l15x_itc.o [1]
IWDG_Enable             0x00d209    0x5  Code  Gb  stm8l15x_iwdg.o [1]
IWDG_INIT               0x00cede   0x16  Code  Gb  main.o [1]
IWDG_ReloadCounter      0x00d204    0x5  Code  Gb  stm8l15x_iwdg.o [1]
IWDG_SetPrescaler       0x00d22d    0x4  Code  Gb  stm8l15x_iwdg.o [1]
IWDG_SetReload          0x00d231    0x4  Code  Gb  stm8l15x_iwdg.o [1]
IWDG_WriteAccessCmd     0x00d229    0x4  Code  Gb  stm8l15x_iwdg.o [1]
Int_to_ASCLL            0x00ce15   0x1b  Code  Gb  Globaldata.o [1]
LCD_AES_IRQHandler      0x00d251    0x1  Code  Gb  stm8l15x_it.o [1]
MCU_DeInit              0x00c136   0x67  Code  Gb  mcu_init.o [1]
Magnetic_Interference_Detection
                        0x00ca70   0x35  Code  Gb  Pulse_Acquire.o [1]
MeterParameter          0x0003af   0x22  Data  Gb  Globaldata.o [1]
PWR_UltraLowPowerCmd    0x00d036    0xe  Code  Gb  stm8l15x_pwr.o [1]
Pulse_Acquire_Config    0x00c261   0x5f  Code  Gb  Pulse_Acquire.o [1]
RCC_Configuration       0x00d13a    0xa  Code  Gb  mcu_init.o [1]
RTC_AlarmCmd            0x00c52d   0x55  Code  Gb  stm8l15x_rtc.o [1]
RTC_CSSLSE_IRQHandler   0x00ce97   0x19  Code  Gb  stm8l15x_it.o [1]
RTC_ClearITPendingBit   0x00d0cb    0xc  Code  Gb  stm8l15x_rtc.o [1]
RTC_DateStr             0x0003dc    0x4  Data  Gb  Globaldata.o [1]
RTC_EnterInitMode       0x00cb61   0x2c  Code  Gb  stm8l15x_rtc.o [1]
RTC_GetDate             0x00c37a   0x5c  Code  Gb  stm8l15x_rtc.o [1]
RTC_GetITStatus         0x00cb34   0x2d  Code  Gb  stm8l15x_rtc.o [1]
RTC_GetTime             0x00c4d8   0x55  Code  Gb  stm8l15x_rtc.o [1]
RTC_ITConfig            0x00c921   0x3b  Code  Gb  stm8l15x_rtc.o [1]
RTC_Init                0x00c31e   0x5c  Code  Gb  stm8l15x_rtc.o [1]
RTC_SetAlarm            0x00a99f  0x152  Code  Gb  stm8l15x_rtc.o [1]
RTC_SetDate             0x00b6b9   0xb7  Code  Gb  stm8l15x_rtc.o [1]
RTC_SetTime             0x00b8cb   0xab  Code  Gb  stm8l15x_rtc.o [1]
RTC_SetWakeUpCounter    0x00cf61   0x15  Code  Gb  stm8l15x_rtc.o [1]
RTC_TimeStr             0x0003d8    0x4  Data  Gb  Globaldata.o [1]
RTC_WaitForSynchro      0x00c9cd   0x37  Code  Gb  stm8l15x_rtc.o [1]
RTC_WakeUpClockConfig   0x00cc79   0x23  Code  Gb  stm8l15x_rtc.o [1]
RTC_WakeUpCmd           0x00c79e   0x45  Code  Gb  stm8l15x_rtc.o [1]
Read_ACUM_Flow          0x00d019    0xf  Code  Gb  Save.o [1]
Read_BC95_ErrorRecord   0x00d1da    0x6  Code  Gb  Save.o [1]
Read_History_Data       0x00b5fa   0xbf  Code  Gb  Save.o [1]
Read_History_Save_Index
                        0x00d1e0    0x6  Code  Gb  Save.o [1]
Read_Meter_Parameter    0x00c04f   0x7d  Code  Gb  Save.o [1]
Read_Temp               0x00b2af   0xdd  Code  Gb  Temperature.o [1]
Read_Voltage            0x00babb   0x9e  Code  Gb  mcu_init.o [1]
Recv_Data_Process       0x009a18  0x665  Code  Gb  BC95.o [1]
Region$$Table$$Base     0x00ccdf          --   Gb  - Linker created -
Region$$Table$$Limit    0x00cce7          --   Gb  - Linker created -
Report_All_Parameters   0x008080  0xb29  Code  Gb  BC95.o [1]
Report_HC_Flow          0x008ba9  0x7f1  Code  Gb  BC95.o [1]
Report_History_Data     0x00a510  0x1a2  Code  Gb  BC95.o [1]
Rtc_Config              0x00c2c0   0x5e  Code  Gb  rtc.o [1]
SPI1_IRQHandler         0x00d259    0x1  Code  Gb  stm8l15x_it.o [1]
SWITCH_CSS_BREAK_DAC_IRQHandler
                        0x00d252    0x1  Code  Gb  stm8l15x_it.o [1]
SYSDivFactor            0x00d1f0    0x5  Data  Gb  stm8l15x_clk.o [1]
Save_Add_Flow           0x00cf4c   0x15  Code  Gb  Save.o [1]
Save_BC95_ErrorRecord   0x00d044    0xd  Code  Gb  Save.o [1]
Save_History_Data       0x00b0be  0x101  Code  Gb  Save.o [1]
Save_Meter_Parameter    0x00c8e4   0x3d  Code  Gb  Save.o [1]
Save_SDCF_Flow          0x00b38c   0xd3  Code  Gb  Save.o [1]
Send_Data_Process       0x00bf48   0x87  Code  Gb  BC95.o [1]
Set_Alarm               0x00c95c   0x39  Code  Gb  rtc.o [1]
Sleep                   0x00cd46   0x1f  Code  Gb  main.o [1]
SysTick_Handler         0x00a6b2  0x192  Code  Gb  Sys_Timer.o [1]
Sys_Timer               0x00030f   0xa0  Data  Lc  Sys_Timer.o [1]
Sys_Timer_Process       0x00c6c2   0x4d  Code  Gb  Sys_Timer.o [1]
TIM1_CC_IRQHandler      0x00d257    0x1  Code  Gb  stm8l15x_it.o [1]
TIM1_UPD_OVF_TRG_COM_IRQHandler
                        0x00d256    0x1  Code  Gb  stm8l15x_it.o [1]
TIM2_CC_USART2_RX_IRQHandler
                        0x00cf36   0x16  Code  Gb  stm8l15x_it.o [1]
TIM2_UPD_OVF_TRG_BRK_USART2_TX_IRQHandler
                        0x00cf20   0x16  Code  Gb  stm8l15x_it.o [1]
TIM3_CC_USART3_RX_IRQHandler
                        0x00d255    0x1  Code  Gb  stm8l15x_it.o [1]
TIM3_UPD_OVF_TRG_BRK_USART3_TX_IRQHandler
                        0x00d254    0x1  Code  Gb  stm8l15x_it.o [1]
TIM4_UPD_OVF_TRG_IRQHandler
                        0x00d258    0x1  Code  Gb  stm8l15x_it.o [1]
TRAP_IRQHandler         0x00d244    0x1  Code  Gb  stm8l15x_it.o [1]
Temp_Table              0x00aaf1  0x14c  Data  Gb  Temperature.o [1]
USART1_RX_TIM5_CC_IRQHandler
                        0x00d25b    0x1  Code  Gb  stm8l15x_it.o [1]
USART1_TX_TIM5_UPD_OVF_TRG_BRK_IRQHandler
                        0x00d25a    0x1  Code  Gb  stm8l15x_it.o [1]
USART2_Configuration    0x00c200   0x61  Code  Gb  mcu_init.o [1]
USART2_IRQHandler       0x00bd19   0x8f  Code  Gb  uart.o [1]
USART2_TX_IRQHandler    0x00c42d   0x56  Code  Gb  uart.o [1]
USART_ClearITPendingBit
                        0x00d213    0x5  Code  Gb  stm8l15x_usart.o [1]
USART_Cmd               0x00cb8d   0x2b  Code  Gb  stm8l15x_usart.o [1]
USART_DeInit            0x00c8a6   0x3e  Code  Gb  stm8l15x_usart.o [1]
USART_GetITStatus       0x00b81f   0xac  Code  Gb  stm8l15x_usart.o [1]
USART_ITConfig          0x00bbf2   0x94  Code  Gb  stm8l15x_usart.o [1]
USART_Init              0x00b45f   0xd3  Code  Gb  stm8l15x_usart.o [1]
USART_ReceiveData8      0x00d20e    0x5  Code  Gb  stm8l15x_usart.o [1]
USART_SendData8         0x00d1b0    0x8  Code  Gb  stm8l15x_usart.o [1]
Uart2                   0x000010  0x1d1  Data  Gb  uart.o [1]
Uart2_Receive           0x00caa5   0x32  Code  Gb  uart.o [1]
Uart2_Send              0x00bec0   0x88  Code  Gb  uart.o [1]
Wake_Interrupt          0x00ac3d  0x136  Code  Gb  rtc.o [1]
WriteRom                0x00ba19   0xa2  Code  Gb  Save.o [1]
__DebugBreak            0x00d25d    0x1  Code  Gb  __dbg_break.o [3]
__exit                  0x00cf76   0x14  Code  Gb  __dbg_xxexit.o [3]
__iar_Strstr            0x00c7e3   0x44  Code  Gb  strstr.o [4]
__iar_data_init2        0x00cec7   0x17  Code  Gb  init.o [4]
__iar_program_start     0x00cfb0         Code  Gb  cstartup.o [4]
__iar_unhandled_exception
                        0x00d241         Code  Gb  unhandled_exception.o [4]
__iar_zero_init2        0x00cdc0         Code  Gb  init_small.o [4]
__intvec                0x008000         Data  Gb  interrupt.o [4]
__low_level_init        0x00d23b    0x3  Code  Gb  low_level_init.o [4]
_exit                   0x00d218         Code  Gb  cexit.o [4]
_interrupt_1            0x00d244         Code  Gb  stm8l15x_it.o [1]
_interrupt_10           0x00cf0a         Code  Gb  stm8l15x_it.o [1]
_interrupt_11           0x00d24a         Code  Gb  stm8l15x_it.o [1]
_interrupt_12           0x00d24b         Code  Gb  stm8l15x_it.o [1]
_interrupt_13           0x00d24c         Code  Gb  stm8l15x_it.o [1]
_interrupt_14           0x00d24d         Code  Gb  stm8l15x_it.o [1]
_interrupt_15           0x00d24e         Code  Gb  stm8l15x_it.o [1]
_interrupt_16           0x00d24f         Code  Gb  stm8l15x_it.o [1]
_interrupt_17           0x00d250         Code  Gb  stm8l15x_it.o [1]
_interrupt_18           0x00d251         Code  Gb  stm8l15x_it.o [1]
_interrupt_19           0x00d252         Code  Gb  stm8l15x_it.o [1]
_interrupt_20           0x00d253         Code  Gb  stm8l15x_it.o [1]
_interrupt_21           0x00cf20         Code  Gb  stm8l15x_it.o [1]
_interrupt_22           0x00cf36         Code  Gb  stm8l15x_it.o [1]
_interrupt_23           0x00d254         Code  Gb  stm8l15x_it.o [1]
_interrupt_24           0x00d255         Code  Gb  stm8l15x_it.o [1]
_interrupt_25           0x00d256         Code  Gb  stm8l15x_it.o [1]
_interrupt_26           0x00d257         Code  Gb  stm8l15x_it.o [1]
_interrupt_27           0x00d258         Code  Gb  stm8l15x_it.o [1]
_interrupt_28           0x00d259         Code  Gb  stm8l15x_it.o [1]
_interrupt_29           0x00d25a         Code  Gb  stm8l15x_it.o [1]
_interrupt_3            0x00d245         Code  Gb  stm8l15x_it.o [1]
_interrupt_30           0x00d25b         Code  Gb  stm8l15x_it.o [1]
_interrupt_31           0x00d25c         Code  Gb  stm8l15x_it.o [1]
_interrupt_4            0x00d246         Code  Gb  stm8l15x_it.o [1]
_interrupt_5            0x00d247         Code  Gb  stm8l15x_it.o [1]
_interrupt_6            0x00ce97         Code  Gb  stm8l15x_it.o [1]
_interrupt_7            0x00d248         Code  Gb  stm8l15x_it.o [1]
_interrupt_8            0x00d249         Code  Gb  stm8l15x_it.o [1]
_interrupt_9            0x00cef4         Code  Gb  stm8l15x_it.o [1]
abs                     0x00d12f    0xb  Code  Gb  abs.o [4]
exit                    0x00d23e    0x3  Code  Gb  exit.o [4]
main                    0x00c3d6   0x57  Code  Gb  main.o [1]
memcmp                  0x00ca3a   0x36  Code  Gb  memcmp.o [4]
memcpy                  0x00cc54   0x25  Code  Gb  memcpy.o [4]
memset                  0x00ceb0   0x17  Code  Gb  memset.o [4]
strlen                  0x00cfc3   0x12  Code  Gb  strlen.o [4]
strnstr                 0x00c0cc   0x6a  Code  Gb  Globaldata.o [1]
strstr                  0x00cf8a   0x13  Code  Gb  BC95.o [1]


[1] = F:\0中科君达\0项目\NB水表\软件\NB-IOT程序(BC95-B5)\PROJECT\Debug\Obj
[2] = command line
[3] = dbgstm8smd.a
[4] = dlstm8smn.a

  19 767 bytes of readonly  code memory
   1 319 bytes of readonly  data memory
   1 251 bytes of readwrite data memory

Errors: none
Warnings: none
