###############################################################################
#
# IAR ELF Linker V2.20.1.176 for STM8                     21/Jan/2019  09:29:05
# Copyright 2010-2015 IAR Systems AB.
#
#    Output file  =  
#        F:\0中科君达\0项目\NB水表\软件\NB-IOT程序(BC95-B5)\PROJECT\Debug\Exe\project.out
#    Map file     =  
#        F:\0中科君达\0项目\NB水表\软件\NB-IOT程序(BC95-B5)\PROJECT\Debug\List\project.map
#    Command line =  
#        "F:\0中科君达\0项目\NB水表\软件\NB-IOT程序(BC95-B5)\PROJECT\Debug\Obj\BC95.o"
#        "F:\0中科君达\0项目\NB水表\软件\NB-IOT程序(BC95-B5)\PROJECT\Debug\Obj\Globaldata.o"
#        "F:\0中科君达\0项目\NB水表\软件\NB-IOT程序(BC95-B5)\PROJECT\Debug\Obj\main.o"
#        "F:\0中科君达\0项目\NB水表\软件\NB-IOT程序(BC95-B5)\PROJECT\Debug\Obj\mcu_init.o"
#        "F:\0中科君达\0项目\NB水表\软件\NB-IOT程序(BC95-B5)\PROJECT\Debug\Obj\Pulse_Acquire.o"
#        "F:\0中科君达\0项目\NB水表\软件\NB-IOT程序(BC95-B5)\PROJECT\Debug\Obj\rtc.o"
#        "F:\0中科君达\0项目\NB水表\软件\NB-IOT程序(BC95-B5)\PROJECT\Debug\Obj\Save.o"
#        "F:\0中科君达\0项目\NB水表\软件\NB-IOT程序(BC95-B5)\PROJECT\Debug\Obj\stm8l15x_adc.o"
#        "F:\0中科君达\0项目\NB水表\软件\NB-IOT程序(BC95-B5)\PROJECT\Debug\Obj\stm8l15x_clk.o"
#        "F:\0中科君达\0项目\NB水表\软件\NB-IOT程序(BC95-B5)\PROJECT\Debug\Obj\stm8l15x_exti.o"
#        "F:\0中科君达\0项目\NB水表\软件\NB-IOT程序(BC95-B5)\PROJECT\Debug\Obj\stm8l15x_flash.o"
#        "F:\0中科君达\0项目\NB水表\软件\NB-IOT程序(BC95-B5)\PROJECT\Debug\Obj\stm8l15x_gpio.o"
#        "F:\0中科君达\0项目\NB水表\软件\NB-IOT程序(BC95-B5)\PROJECT\Debug\Obj\stm8l15x_it.o"
#        "F:\0中科君达\0项目\NB水表\软件\NB-IOT程序(BC95-B5)\PROJECT\Debug\Obj\stm8l15x_itc.o"
#        "F:\0中科君达\0项目\NB水表\软件\NB-IOT程序(BC95-B5)\PROJECT\Debug\Obj\stm8l15x_iwdg.o"
#        "F:\0中科君达\0项目\NB水表\软件\NB-IOT程序(BC95-B5)\PROJECT\Debug\Obj\stm8l15x_pwr.o"
#        "F:\0中科君达\0项目\NB水表\软件\NB-IOT程序(BC95-B5)\PROJECT\Debug\Obj\stm8l15x_rtc.o"
#        "F:\0中科君达\0项目\NB水表\软件\NB-IOT程序(BC95-B5)\PROJECT\Debug\Obj\stm8l15x_syscfg.o"
#        "F:\0中科君达\0项目\NB水表\软件\NB-IOT程序(BC95-B5)\PROJECT\Debug\Obj\stm8l15x_usart.o"
#        "F:\0中科君达\0项目\NB水表\软件\NB-IOT程序(BC95-B5)\PROJECT\Debug\Obj\stm8l15x_wwdg.o"
#        "F:\0中科君达\0项目\NB水表\软件\NB-IOT程序(BC95-B5)\PROJECT\Debug\Obj\Sys_Timer.o"
#        "F:\0中科君达\0项目\NB水表\软件\NB-IOT程序(BC95-B5)\PROJECT\Debug\Obj\Temperature.o"
#        "F:\0中科君达\0项目\NB水表\软件\NB-IOT程序(BC95-B5)\PROJECT\Debug\Obj\uart.o"
#        --redirect _Printf=_PrintfSmall --redirect _Scanf=_ScanfSmall -o
#        "F:\0中科君达\0项目\NB水表\软件\NB-IOT程序(BC95-B5)\PROJECT\Debug\Exe\project.out"
#        --map
#        "F:\0中科君达\0项目\NB水表\软件\NB-IOT程序(BC95-B5)\PROJECT\Debug\List\project.map"
#        --config "D:\IAR for STM8\stm8\config\lnkstm8l151c8.icf" --config_def
#        _CSTACK_SIZE=0x100 --config_def _HEAP_SIZE=0x100 --entry
#        __iar_program_start --debug_lib
#
###############################################################################

*******************************************************************************
*** RUNTIME MODEL ATTRIBUTES
***

__SystemLibrary            = DLib
__code_model               = small
__core                     = stm8
__data_model               = medium
__dlib_file_descriptor     = 0
__dlib_full_locale_support = 0
__rt_version               = 4


*******************************************************************************
*** PLACEMENT SUMMARY
***

"A1":  place at start of [0x000000-0x0000ff] { rw section .vregs };
"A2":  place at end of [0x000000-0x000fff] { block CSTACK };
"P2":  place in [from 0x000000 to 0x000fff] {
          block HEAP, rw section __DLIB_PERTHREAD, rw section .far.bss,
          rw section .far.data, rw section .far.noinit,
          rw section .far_func.textrw, rw section .huge.bss,
          rw section .huge.data, rw section .huge.noinit,
          rw section .huge_func.textrw, rw section .iar.dynexit,
          rw section .near.bss, rw section .near.data, rw section .near.noinit,
          rw section .near_func.textrw };
"A3":  place at start of [0x008000-0x00ffff] { block INTVEC };
"P3":  place in [from 0x008000 to 0x00ffff] {
          ro section __DLIB_PERTHREAD_init, ro section .far.data_init,
          ro section .far_func.textrw_init, ro section .huge.data_init,
          ro section .huge_func.textrw_init, ro section .iar.init_table,
          ro section .init_array, ro section .near.data_init,
          ro section .near.rodata, ro section .near_func.text,
          ro section .near_func.textrw_init, ro section .tiny.data_init,
          ro section .tiny.rodata_init };

  Section            Kind      Address    Size  Object
  -------            ----      -------    ----  ------
"A1":                                     0x10
  .vregs             uninit   0x000000    0x10  vregs.o [4]
                            - 0x000010    0x10

"P2", part 1 of 2:                         0x4
  P2-1                        0x000010     0x4  <Init block>
    .near.data       inited   0x000010     0x4  rand.o [4]
                            - 0x000014     0x4

"P2", part 2 of 2:                       0x464
  .near.bss          zero     0x000014   0x1d1  uart.o [1]
  .near.bss          zero     0x0001e5   0x12f  BC95.o [1]
  .near.bss          zero     0x000314    0xa0  Sys_Timer.o [1]
  .near.bss          zero     0x0003b4    0x80  rand.o [4]
  .near.bss          zero     0x000434    0x25  Globaldata.o [1]
  .near.bss          zero     0x000459     0x7  Pulse_Acquire.o [1]
  .near.bss          zero     0x000460     0x4  Globaldata.o [1]
  .near.bss          zero     0x000464     0x4  Globaldata.o [1]
  .near.bss          zero     0x000468     0x4  rand.o [4]
  .near.bss          zero     0x00046c     0x2  Globaldata.o [1]
  .near.bss          zero     0x00046e     0x2  rand.o [4]
  .near.bss          zero     0x000470     0x2  rand.o [4]
  .near.bss          zero     0x000472     0x2  rand.o [4]
  .near.bss          zero     0x000474     0x2  rand.o [4]
  .near.bss          zero     0x000476     0x1  Sys_Timer.o [1]
  .near.bss          zero     0x000477     0x1  rand.o [4]
                            - 0x000478   0x464

"A2":                                    0x100
  CSTACK                      0x000f00   0x100  <Block>
    CSTACK           uninit   0x000f00   0x100  <Block tail>
                            - 0x001000   0x100

"A3":                                     0x80
  INTVEC                      0x008000    0x80  <Block>
    .intvec          const    0x008000    0x80  interrupt.o [4]
                            - 0x008080    0x80

"P3":                                   0x54d0
  .near_func.text    ro code  0x008080   0xb26  BC95.o [1]
  .near_func.text    ro code  0x008ba6   0x7f1  BC95.o [1]
  .near_func.text    ro code  0x009397   0x713  BC95.o [1]
  .near_func.text    ro code  0x009aaa   0x66a  BC95.o [1]
  .near_func.text    ro code  0x00a114   0x293  float.o [4]
  .near_func.text    ro code  0x00a3a7   0x200  rtc.o [1]
  .near_func.text    ro code  0x00a5a7   0x1a5  rtc.o [1]
  .near_func.text    ro code  0x00a74c   0x1a2  BC95.o [1]
  .near_func.text    ro code  0x00a8ee   0x192  Sys_Timer.o [1]
  .near_func.text    ro code  0x00aa80   0x15b  stm8l15x_itc.o [1]
  .near_func.text    ro code  0x00abdb   0x152  stm8l15x_rtc.o [1]
  .near.rodata       const    0x00ad2d   0x14c  Temperature.o [1]
  .near_func.text    ro code  0x00ae79   0x14a  long.o [4]
  .near_func.text    ro code  0x00afc3   0x127  vreg_util.o [4]
  .near_func.text    ro code  0x00b0ea   0x11f  stm8l15x_exti.o [1]
  .near_func.text    ro code  0x00b209   0x105  Sys_Timer.o [1]
  .near_func.text    ro code  0x00b30e   0x101  Save.o [1]
  .near_func.text    ro code  0x00b40f    0xf0  Pulse_Acquire.o [1]
  .near_func.text    ro code  0x00b4ff    0xdd  Temperature.o [1]
  .near_func.text    ro code  0x00b5dc    0xd3  Save.o [1]
  .near_func.text    ro code  0x00b6af    0xd3  stm8l15x_usart.o [1]
  .near.rodata       const    0x00b782    0xc8  BC95.o [1]
  .near_func.text    ro code  0x00b84a    0xbf  Save.o [1]
  .near_func.text    ro code  0x00b909    0xb7  stm8l15x_rtc.o [1]
  .near_func.text    ro code  0x00b9c0    0xaf  stm8l15x_gpio.o [1]
  .near_func.text    ro code  0x00ba6f    0xac  stm8l15x_usart.o [1]
  .near_func.text    ro code  0x00bb1b    0xab  stm8l15x_rtc.o [1]
  .near_func.text    ro code  0x00bbc6    0xa2  Save.o [1]
  .near_func.text    ro code  0x00bc68    0x9e  mcu_init.o [1]
  .near_func.text    ro code  0x00bd06    0x99  stm8l15x_clk.o [1]
  .near_func.text    ro code  0x00bd9f    0x99  rand.o [4]
  .near_func.text    ro code  0x00be38    0x94  stm8l15x_usart.o [1]
  .near_func.text    ro code  0x00becc    0x93  stm8l15x_clk.o [1]
  .near_func.text    ro code  0x00bf5f    0x8f  uart.o [1]
  .near_func.text    ro code  0x00bfee    0x8e  stm8l15x_clk.o [1]
  .near_func.text    ro code  0x00c07c    0x8a  BC95.o [1]
  .near_func.text    ro code  0x00c106    0x88  uart.o [1]
  .near_func.text    ro code  0x00c18e    0x87  BC95.o [1]
  .near.rodata       const    0x00c215    0x80  BC95.o [1]
  .near_func.text    ro code  0x00c295    0x6a  Globaldata.o [1]
  .near_func.text    ro code  0x00c2ff    0x67  mcu_init.o [1]
  .near_func.text    ro code  0x00c366    0x63  short.o [4]
  .near_func.text    ro code  0x00c3c9    0x61  mcu_init.o [1]
  .near_func.text    ro code  0x00c42a    0x5f  Pulse_Acquire.o [1]
  .near_func.text    ro code  0x00c489    0x5e  rtc.o [1]
  .near_func.text    ro code  0x00c4e7    0x5d  Save.o [1]
  .near_func.text    ro code  0x00c544    0x5c  stm8l15x_rtc.o [1]
  .near_func.text    ro code  0x00c5a0    0x5c  stm8l15x_rtc.o [1]
  .near_func.text    ro code  0x00c5fc    0x57  main.o [1]
  .near_func.text    ro code  0x00c653    0x56  uart.o [1]
  .near_func.text    ro code  0x00c6a9    0x55  stm8l15x_exti.o [1]
  .near_func.text    ro code  0x00c6fe    0x55  stm8l15x_rtc.o [1]
  .near_func.text    ro code  0x00c753    0x55  stm8l15x_rtc.o [1]
  .near_func.text    ro code  0x00c7a8    0x52  long_util.o [4]
  .near_func.text    ro code  0x00c7fa    0x50  stm8l15x_adc.o [1]
  .near_func.text    ro code  0x00c84a    0x50  Sys_Timer.o [1]
  .near_func.text    ro code  0x00c89a    0x4e  stm8l15x_adc.o [1]
  .near_func.text    ro code  0x00c8e8    0x4d  Sys_Timer.o [1]
  .near_func.text    ro code  0x00c935    0x49  mcu_init.o [1]
  .near_func.text    ro code  0x00c97e    0x49  Save.o [1]
  .near_func.text    ro code  0x00c9c7    0x46  Globaldata.o [1]
  .near_func.text    ro code  0x00ca0d    0x45  stm8l15x_rtc.o [1]
  .near_func.text    ro code  0x00ca52    0x44  strstr.o [4]
  .near_func.text    ro code  0x00ca96    0x42  BC95.o [1]
  .near.rodata       const    0x00cad8    0x40  BC95.o [1]
  .near_func.text    ro code  0x00cb18    0x3f  stm8l15x_exti.o [1]
  .near_func.text    ro code  0x00cb57    0x3e  stm8l15x_usart.o [1]
  .near_func.text    ro code  0x00cb95    0x3b  stm8l15x_rtc.o [1]
  .near_func.text    ro code  0x00cbd0    0x39  rtc.o [1]
  .near_func.text    ro code  0x00cc09    0x38  Save.o [1]
  .near_func.text    ro code  0x00cc41    0x37  stm8l15x_rtc.o [1]
  .near_func.text    ro code  0x00cc78    0x36  stm8l15x_exti.o [1]
  .near_func.text    ro code  0x00ccae    0x36  memcmp.o [4]
  .near_func.text    ro code  0x00cce4    0x35  Pulse_Acquire.o [1]
  .near_func.text    ro code  0x00cd19    0x32  uart.o [1]
  .near_func.text    ro code  0x00cd4b    0x31  main.o [1]
  .near_func.text    ro code  0x00cd7c    0x2f  stm8l15x_adc.o [1]
  .near_func.text    ro code  0x00cdab    0x2d  stm8l15x_rtc.o [1]
  .near_func.text    ro code  0x00cdd8    0x2c  stm8l15x_rtc.o [1]
  .near_func.text    ro code  0x00ce04    0x2b  BC95.o [1]
  .near_func.text    ro code  0x00ce2f    0x2b  stm8l15x_usart.o [1]
  .near_func.text    ro code  0x00ce5a    0x29  Pulse_Acquire.o [1]
  .near.rodata       const    0x00ce83    0x28  BC95.o [1]
  .near_func.text    ro code  0x00ceab    0x28  stm8l15x_adc.o [1]
  .near_func.text    ro code  0x00ced3    0x28  init_small.o [4]
  .near_func.text    ro code  0x00cefb    0x27  rtc.o [1]
  .near_func.text    ro code  0x00cf22    0x25  memcpy.o [4]
  .near_func.text    ro code  0x00cf47    0x25  dc_util.o [4]
  .near_func.text    ro code  0x00cf6c    0x23  stm8l15x_rtc.o [1]
  .near_func.text    ro code  0x00cf8f    0x22  stm8l15x_exti.o [1]
  .iar.init_table    const    0x00cfb1    0x12  - Linker created -
  .near_func.text    ro code  0x00cfc3    0x20  BC95.o [1]
  .near_func.text    ro code  0x00cfe3    0x20  stm8l15x_rtc.o [1]
  .near.rodata       const    0x00d003    0x1f  BC95.o [1]
  .near_func.text    ro code  0x00d022    0x1e  BC95.o [1]
  .near_func.text    ro code  0x00d040    0x1e  stm8l15x_adc.o [1]
  .near_func.text    ro code  0x00d05e    0x1e  init_small.o [4]
  .near.rodata       const    0x00d07c    0x1c  BC95.o [1]
  .near_func.text    ro code  0x00d098    0x1b  Globaldata.o [1]
  .near_func.text    ro code  0x00d0b3    0x1b  stm8l15x_rtc.o [1]
  .near_func.text    ro code  0x00d0ce    0x1a  stm8l15x_clk.o [1]
  .near_func.text    ro code  0x00d0e8    0x1a  rand.o [4]
  .near_func.text    ro code  0x00d102    0x19  stm8l15x_flash.o [1]
  .near_func.text    ro code  0x00d11b    0x19  stm8l15x_flash.o [1]
  .near_func.text    ro code  0x00d134    0x19  stm8l15x_it.o [1]
  .near_func.text    ro code  0x00d14d    0x17  memset.o [4]
  .near_func.text    ro code  0x00d164    0x17  init.o [4]
  .near_func.text    ro code  0x00d17b    0x16  main.o [1]
  .near_func.text    ro code  0x00d191    0x16  stm8l15x_it.o [1]
  .near_func.text    ro code  0x00d1a7    0x16  stm8l15x_it.o [1]
  .near_func.text    ro code  0x00d1bd    0x16  stm8l15x_it.o [1]
  .near_func.text    ro code  0x00d1d3    0x16  stm8l15x_it.o [1]
  .near_func.text    ro code  0x00d1e9    0x15  Save.o [1]
  .near_func.text    ro code  0x00d1fe    0x15  stm8l15x_rtc.o [1]
  .near_func.text    ro code  0x00d213    0x15  uart.o [1]
  .near_func.text    ro code  0x00d228    0x14  __dbg_xxexit.o [3]
  .near_func.text    ro code  0x00d23c    0x13  BC95.o [1]
  .near_func.text    ro code  0x00d24f    0x13  stm8l15x_clk.o [1]
  .near_func.text    ro code  0x00d262    0x13  cstartup.o [4]
  .near_func.text    ro code  0x00d275    0x12  strlen.o [4]
  .near.rodata       const    0x00d287    0x11  BC95.o [1]
  .near.rodata       const    0x00d298    0x11  BC95.o [1]
  .near.rodata       const    0x00d2a9    0x11  BC95.o [1]
  .near_func.text    ro code  0x00d2ba    0x11  stm8l15x_adc.o [1]
  .near_func.text    ro code  0x00d2cb     0xf  Save.o [1]
  .near_func.text    ro code  0x00d2da     0xe  stm8l15x_adc.o [1]
  .near_func.text    ro code  0x00d2e8     0xe  stm8l15x_clk.o [1]
  .near_func.text    ro code  0x00d2f6     0xe  stm8l15x_pwr.o [1]
  .near_func.text    ro code  0x00d304     0xe  stm8l15x_pwr.o [1]
  .near_func.text    ro code  0x00d312     0xd  BC95.o [1]
  .near_func.text    ro code  0x00d31f     0xd  stm8l15x_adc.o [1]
  .near_func.text    ro code  0x00d32c     0xd  move.o [4]
  .near.rodata       const    0x00d339     0xc  BC95.o [1]
  .near.rodata       const    0x00d345     0xc  BC95.o [1]
  .near.rodata       const    0x00d351     0xc  BC95.o [1]
  .near.rodata       const    0x00d35d     0xc  BC95.o [1]
  .near.rodata       const    0x00d369     0xc  BC95.o [1]
  .near.rodata       const    0x00d375     0xc  BC95.o [1]
  .near.rodata       const    0x00d381     0xc  BC95.o [1]
  .near.rodata       const    0x00d38d     0xc  BC95.o [1]
  .near.rodata       const    0x00d399     0xc  BC95.o [1]
  .near.rodata       const    0x00d3a5     0xc  BC95.o [1]
  .near_func.text    ro code  0x00d3b1     0xc  stm8l15x_rtc.o [1]
  .near.rodata       const    0x00d3bd     0xb  BC95.o [1]
  .near.rodata       const    0x00d3c8     0xb  BC95.o [1]
  .near.rodata       const    0x00d3d3     0xb  BC95.o [1]
  .near.rodata       const    0x00d3de     0xb  BC95.o [1]
  .near.rodata       const    0x00d3e9     0xb  BC95.o [1]
  .near_func.text    ro code  0x00d3f4     0xb  stm8l15x_flash.o [1]
  .near_func.text    ro code  0x00d3ff     0xb  stm8l15x_flash.o [1]
  .near_func.text    ro code  0x00d40a     0xb  abs.o [4]
  .near_func.text    ro code  0x00d415     0xa  mcu_init.o [1]
  .near_func.text    ro code  0x00d41f     0xa  stm8l15x_clk.o [1]
  .near_func.text    ro code  0x00d429     0xa  char.o [4]
  .near.rodata       const    0x00d433     0x9  BC95.o [1]
  .near.rodata       const    0x00d43c     0x9  BC95.o [1]
  .near.rodata       const    0x00d445     0x9  BC95.o [1]
  .near.rodata       const    0x00d44e     0x9  BC95.o [1]
  .near.rodata       const    0x00d457     0x9  BC95.o [1]
  .near.rodata       const    0x00d460     0x9  Save.o [1]
  .near.rodata       const    0x00d469     0x9  Save.o [1]
  .near_func.text    ro code  0x00d472     0x9  stm8l15x_gpio.o [1]
  .near_func.text    ro code  0x00d47b     0x9  rand.o [4]
  .near.rodata       const    0x00d484     0x8  BC95.o [1]
  .near.rodata       const    0x00d48c     0x8  BC95.o [1]
  .near.rodata       const    0x00d494     0x8  BC95.o [1]
  .near_func.text    ro code  0x00d49c     0x8  stm8l15x_gpio.o [1]
  .near_func.text    ro code  0x00d4a4     0x8  stm8l15x_usart.o [1]
  .near.rodata       const    0x00d4ac     0x7  BC95.o [1]
  .near.rodata       const    0x00d4b3     0x7  BC95.o [1]
  .near.rodata       const    0x00d4ba     0x7  BC95.o [1]
  .near_func.text    ro code  0x00d4c1     0x7  stm8l15x_gpio.o [1]
  .near.rodata       const    0x00d4c8     0x6  BC95.o [1]
  .near_func.text    ro code  0x00d4ce     0x6  Save.o [1]
  .near.rodata       const    0x00d4d4     0x5  BC95.o [1]
  .near.rodata       const    0x00d4d9     0x5  BC95.o [1]
  .near.rodata       const    0x00d4de     0x5  stm8l15x_clk.o [1]
  .near_func.text    ro code  0x00d4e3     0x5  BC95.o [1]
  .near_func.text    ro code  0x00d4e8     0x5  stm8l15x_adc.o [1]
  .near_func.text    ro code  0x00d4ed     0x5  stm8l15x_flash.o [1]
  .near_func.text    ro code  0x00d4f2     0x5  stm8l15x_iwdg.o [1]
  .near_func.text    ro code  0x00d4f7     0x5  stm8l15x_iwdg.o [1]
  .near_func.text    ro code  0x00d4fc     0x5  stm8l15x_usart.o [1]
  .near_func.text    ro code  0x00d501     0x5  stm8l15x_usart.o [1]
  .near_func.text    ro code  0x00d506     0x5  cexit.o [4]
  .near.rodata       const    0x00d50b     0x4  BC95.o [1]
  .near_func.text    ro code  0x00d50f     0x4  stm8l15x_clk.o [1]
  .near_func.text    ro code  0x00d513     0x4  stm8l15x_clk.o [1]
  .near_func.text    ro code  0x00d517     0x4  stm8l15x_iwdg.o [1]
  .near_func.text    ro code  0x00d51b     0x4  stm8l15x_iwdg.o [1]
  .near_func.text    ro code  0x00d51f     0x4  stm8l15x_iwdg.o [1]
  Initializer bytes  const    0x00d523     0x4  <for P2-1>
  .near.rodata       const    0x00d527     0x3  BC95.o [1]
  .near_func.text    ro code  0x00d52a     0x3  interrupt.o [4]
  .near_func.text    ro code  0x00d52d     0x3  low_level_init.o [4]
  .near_func.text    ro code  0x00d530     0x3  exit.o [4]
  .near_func.text    ro code  0x00d533     0x3  unhandled_exception.o [4]
  .near_func.text    ro code  0x00d536     0x1  stm8l15x_it.o [1]
  .near_func.text    ro code  0x00d537     0x1  stm8l15x_it.o [1]
  .near_func.text    ro code  0x00d538     0x1  stm8l15x_it.o [1]
  .near_func.text    ro code  0x00d539     0x1  stm8l15x_it.o [1]
  .near_func.text    ro code  0x00d53a     0x1  stm8l15x_it.o [1]
  .near_func.text    ro code  0x00d53b     0x1  stm8l15x_it.o [1]
  .near_func.text    ro code  0x00d53c     0x1  stm8l15x_it.o [1]
  .near_func.text    ro code  0x00d53d     0x1  stm8l15x_it.o [1]
  .near_func.text    ro code  0x00d53e     0x1  stm8l15x_it.o [1]
  .near_func.text    ro code  0x00d53f     0x1  stm8l15x_it.o [1]
  .near_func.text    ro code  0x00d540     0x1  stm8l15x_it.o [1]
  .near_func.text    ro code  0x00d541     0x1  stm8l15x_it.o [1]
  .near_func.text    ro code  0x00d542     0x1  stm8l15x_it.o [1]
  .near_func.text    ro code  0x00d543     0x1  stm8l15x_it.o [1]
  .near_func.text    ro code  0x00d544     0x1  stm8l15x_it.o [1]
  .near_func.text    ro code  0x00d545     0x1  stm8l15x_it.o [1]
  .near_func.text    ro code  0x00d546     0x1  stm8l15x_it.o [1]
  .near_func.text    ro code  0x00d547     0x1  stm8l15x_it.o [1]
  .near_func.text    ro code  0x00d548     0x1  stm8l15x_it.o [1]
  .near_func.text    ro code  0x00d549     0x1  stm8l15x_it.o [1]
  .near_func.text    ro code  0x00d54a     0x1  stm8l15x_it.o [1]
  .near_func.text    ro code  0x00d54b     0x1  stm8l15x_it.o [1]
  .near_func.text    ro code  0x00d54c     0x1  stm8l15x_it.o [1]
  .near_func.text    ro code  0x00d54d     0x1  stm8l15x_it.o [1]
  .near_func.text    ro code  0x00d54e     0x1  stm8l15x_it.o [1]
  .near_func.text    ro code  0x00d54f     0x1  __dbg_break.o [3]
                            - 0x00d550  0x54d0


*******************************************************************************
*** INIT TABLE
***

          Address   Size
          -------   ----
Zero (__iar_zero_init2)
    1 destination range, total size 0x464:
          0x000014  0x464

Copy (__iar_copy_init2)
    1 source range, total size 0x4:
          0x00d523    0x4
    1 destination range, total size 0x4:
          0x000010    0x4



*******************************************************************************
*** MODULE SUMMARY
***

    Module                 ro code  ro data  rw data
    ------                 -------  -------  -------
F:\0中科君达\0项目\NB水表\软件\NB-IOT程序(BC95-B5)\PROJECT\Debug\Obj: [1]
    BC95.o                   9 239      830      303
    Globaldata.o               203                47
    Pulse_Acquire.o            429                 7
    Save.o                   1 085       18
    Sys_Timer.o                820               161
    Temperature.o              221      332
    main.o                     158
    mcu_init.o                 441
    rtc.o                    1 123
    stm8l15x_adc.o             324
    stm8l15x_clk.o             519        5
    stm8l15x_exti.o            523
    stm8l15x_flash.o            77
    stm8l15x_gpio.o            199
    stm8l15x_it.o              138
    stm8l15x_itc.o             347
    stm8l15x_iwdg.o             22
    stm8l15x_pwr.o              28
    stm8l15x_rtc.o           1 445
    stm8l15x_usart.o           654
    uart.o                     436               465
    ------------------------------------------------
    Total:                  18 431    1 185      983

command line: [2]
    ------------------------------------------------
    Total:

dbgstm8smd.a: [3]
    __dbg_break.o                1
    __dbg_xxexit.o              20
    ------------------------------------------------
    Total:                      21

dlstm8smn.a: [4]
    abs.o                       11
    cexit.o                      5
    char.o                      10
    cstartup.o                  19
    dc_util.o                   37
    exit.o                       3
    float.o                    659
    init.o                      23
    init_small.o                70
    interrupt.o                  3      128
    long.o                     330
    long_util.o                 82
    low_level_init.o             3
    memcmp.o                    54
    memcpy.o                    37
    memset.o                    23
    move.o                      13
    rand.o                     188        4      145
    short.o                     99
    strlen.o                    18
    strstr.o                    68
    unhandled_exception.o        3
    vreg_util.o                295
    vregs.o                                       16
    ------------------------------------------------
    Total:                   2 053      132      161

    Linker created                       18      256
----------------------------------------------------
    Grand Total:            20 505    1 335    1 400


*******************************************************************************
*** ENTRY LIST
***

Entry                    Address   Size  Type      Object
-----                    -------   ----  ----      ------
.iar.init_table$$Base   0x00cfb1          --   Gb  - Linker created -
.iar.init_table$$Limit  0x00cfc3          --   Gb  - Linker created -
?add32_l0_l0_0x         0x00ae96         Code  Gb  long.o [4]
?add32_l0_l0_dl         0x00ae91         Code  Gb  long.o [4]
?b0                     0x000000         Data  Gb  vregs.o [4]
?b1                     0x000001         Data  Gb  vregs.o [4]
?b10                    0x00000a         Data  Gb  vregs.o [4]
?b11                    0x00000b         Data  Gb  vregs.o [4]
?b12                    0x00000c         Data  Gb  vregs.o [4]
?b13                    0x00000d         Data  Gb  vregs.o [4]
?b14                    0x00000e         Data  Gb  vregs.o [4]
?b15                    0x00000f         Data  Gb  vregs.o [4]
?b2                     0x000002         Data  Gb  vregs.o [4]
?b3                     0x000003         Data  Gb  vregs.o [4]
?b4                     0x000004         Data  Gb  vregs.o [4]
?b5                     0x000005         Data  Gb  vregs.o [4]
?b6                     0x000006         Data  Gb  vregs.o [4]
?b7                     0x000007         Data  Gb  vregs.o [4]
?b8                     0x000008         Data  Gb  vregs.o [4]
?b9                     0x000009         Data  Gb  vregs.o [4]
?dc32_l0                0x00cf47         Code  Gb  dc_util.o [4]
?dc32_l1                0x00cf54         Code  Gb  dc_util.o [4]
?dc32_px                0x00cf61         Code  Gb  dc_util.o [4]
?e0                     0x000001         Data  Gb  vregs.o [4]
?e1                     0x000005         Data  Gb  vregs.o [4]
?e2                     0x000009         Data  Gb  vregs.o [4]
?e3                     0x00000d         Data  Gb  vregs.o [4]
?epilogue_l2            0x00b06a         Code  Gb  vreg_util.o [4]
?epilogue_l2_l3         0x00b067         Code  Gb  vreg_util.o [4]
?epilogue_l2_w6         0x00b06e         Code  Gb  vreg_util.o [4]
?epilogue_w4            0x00b075         Code  Gb  vreg_util.o [4]
?fcastf32u16_l0_x       0x00a267         Code  Gb  float.o [4]
?fcasts16f32_x_l0       0x00a285         Code  Gb  float.o [4]
?fdiv32_l0_dc32_l1      0x00a1b4         Code  Gb  float.o [4]
?fdiv32_l0_l0_l1        0x00a1b9         Code  Gb  float.o [4]
?fmul32_l0_l0_dc32      0x00a114         Code  Gb  float.o [4]
?fmul32_l0_l0_l1        0x00a119         Code  Gb  float.o [4]
?inc32_0x_0x            0x00ae83         Code  Gb  long.o [4]
?inc32_l0_l0            0x00ae79         Code  Gb  long.o [4]
?inc32_l1_l1            0x00ae7e         Code  Gb  long.o [4]
?l0                     0x000000         Data  Gb  vregs.o [4]
?l1                     0x000004         Data  Gb  vregs.o [4]
?l2                     0x000008         Data  Gb  vregs.o [4]
?l3                     0x00000c         Data  Gb  vregs.o [4]
?load32_0x_l0           0x00c7d0         Code  Gb  long_util.o [4]
?load32_0x_l1           0x00c7de         Code  Gb  long_util.o [4]
?load32_0x_l2           0x00c7ec         Code  Gb  long_util.o [4]
?load32_l0_0x           0x00c7a8         Code  Gb  long_util.o [4]
?load32_l1_0x           0x00c7c4         Code  Gb  long_util.o [4]
?load32_l1_asp          0x00c7b9         Code  Gb  long_util.o [4]
?load32_l1_dbsp         0x00c7b4         Code  Gb  long_util.o [4]
?load32_l1_xsp          0x00c7bb         Code  Gb  long_util.o [4]
?mov_e0_e1              0x00b09f         Code  Gb  vreg_util.o [4]
?mov_e0_e2              0x00b0ac         Code  Gb  vreg_util.o [4]
?mov_e0_e3              0x00b0b9         Code  Gb  vreg_util.o [4]
?mov_e1_e0              0x00b0c6         Code  Gb  vreg_util.o [4]
?mov_e2_e0              0x00b0d3         Code  Gb  vreg_util.o [4]
?mov_e3_e0              0x00b0e0         Code  Gb  vreg_util.o [4]
?mov_l0_l1              0x00b09c         Code  Gb  vreg_util.o [4]
?mov_l0_l2              0x00b0a9         Code  Gb  vreg_util.o [4]
?mov_l0_l3              0x00b0b6         Code  Gb  vreg_util.o [4]
?mov_l1_l0              0x00b0c3         Code  Gb  vreg_util.o [4]
?mov_l2_l0              0x00b0d0         Code  Gb  vreg_util.o [4]
?mov_l3_l0              0x00b0dd         Code  Gb  vreg_util.o [4]
?mov_w0_w1              0x00b079         Code  Gb  vreg_util.o [4]
?mov_w0_w5              0x00b080         Code  Gb  vreg_util.o [4]
?mov_w1_w3              0x00b0a2         Code  Gb  vreg_util.o [4]
?mov_w1_w5              0x00b0af         Code  Gb  vreg_util.o [4]
?mov_w1_w6              0x00b087         Code  Gb  vreg_util.o [4]
?mov_w1_w7              0x00b0bc         Code  Gb  vreg_util.o [4]
?mov_w2_w1              0x00b08e         Code  Gb  vreg_util.o [4]
?mov_w3_w1              0x00b0c9         Code  Gb  vreg_util.o [4]
?mov_w5_w1              0x00b0d6         Code  Gb  vreg_util.o [4]
?mov_w5_w6              0x00b095         Code  Gb  vreg_util.o [4]
?mov_w7_w1              0x00b0e3         Code  Gb  vreg_util.o [4]
?move1616_v_x_y_a       0x00d32c         Code  Gb  move.o [4]
?mul16_x_x_w0           0x00c366         Code  Gb  short.o [4]
?mul32_l0_l0_0x         0x00aeb1         Code  Gb  long.o [4]
?mul32_l0_l0_dl         0x00aeae         Code  Gb  long.o [4]
?mul32_l0_l0_l1         0x00aeba         Code  Gb  long.o [4]
?pop_l0                 0x00b033         Code  Gb  vreg_util.o [4]
?pop_l1                 0x00b03e         Code  Gb  vreg_util.o [4]
?pop_l2                 0x00b049         Code  Gb  vreg_util.o [4]
?pop_l3                 0x00b054         Code  Gb  vreg_util.o [4]
?pop_w4                 0x00afe5         Code  Gb  vreg_util.o [4]
?pop_w6                 0x00afec         Code  Gb  vreg_util.o [4]
?pop_w7                 0x00aff3         Code  Gb  vreg_util.o [4]
?push_l0                0x00b002         Code  Gb  vreg_util.o [4]
?push_l1                0x00b007         Code  Gb  vreg_util.o [4]
?push_l2                0x00b00c         Code  Gb  vreg_util.o [4]
?push_l3                0x00b011         Code  Gb  vreg_util.o [4]
?push_w4                0x00afc3         Code  Gb  vreg_util.o [4]
?push_w6                0x00afc8         Code  Gb  vreg_util.o [4]
?push_w7                0x00afcd         Code  Gb  vreg_util.o [4]
?sdiv16_x_x_y           0x00c384         Code  Gb  short.o [4]
?sext16_x_a             0x00c3c2         Code  Gb  short.o [4]
?sll16_x_x_a            0x00c3ad         Code  Gb  short.o [4]
?sll8_a_a_5             0x00d429         Code  Gb  char.o [4]
?smod16_y_x_y           0x00c39d         Code  Gb  short.o [4]
?srl16_x_x_10           0x00c3b7         Code  Gb  short.o [4]
?srl16_x_x_11           0x00c3b6         Code  Gb  short.o [4]
?srl16_x_x_12           0x00c3b5         Code  Gb  short.o [4]
?srl16_x_x_4            0x00c3bd         Code  Gb  short.o [4]
?srl16_x_x_5            0x00c3bc         Code  Gb  short.o [4]
?srl16_x_x_6            0x00c3bb         Code  Gb  short.o [4]
?srl16_x_x_7            0x00c3ba         Code  Gb  short.o [4]
?srl16_x_x_8            0x00c3b9         Code  Gb  short.o [4]
?srl16_x_x_9            0x00c3b8         Code  Gb  short.o [4]
?srl8_a_a_5             0x00d42e         Code  Gb  char.o [4]
?ucmp32_c_l0_0x         0x00afa8         Code  Gb  long.o [4]
?ucmp32_c_l0_l1         0x00afb8         Code  Gb  long.o [4]
?udiv32_l0_l0_dl        0x00af38         Code  Gb  long.o [4]
?udiv32_l0_l0_l1        0x00af3b         Code  Gb  long.o [4]
?umod32_l1_l0_l1        0x00af3b         Code  Gb  long.o [4]
?w0                     0x000000         Data  Gb  vregs.o [4]
?w1                     0x000002         Data  Gb  vregs.o [4]
?w2                     0x000004         Data  Gb  vregs.o [4]
?w3                     0x000006         Data  Gb  vregs.o [4]
?w4                     0x000008         Data  Gb  vregs.o [4]
?w5                     0x00000a         Data  Gb  vregs.o [4]
?w6                     0x00000c         Data  Gb  vregs.o [4]
?w7                     0x00000e         Data  Gb  vregs.o [4]
ACK                     0x00c07c   0x8a  Code  Gb  BC95.o [1]
ADC1_COMP_IRQHandler    0x00d545    0x1  Code  Gb  stm8l15x_it.o [1]
ADC_ChannelCmd          0x00c89a   0x4e  Code  Gb  stm8l15x_adc.o [1]
ADC_ClearFlag           0x00d31f    0xd  Code  Gb  stm8l15x_adc.o [1]
ADC_Cmd                 0x00d2ba   0x11  Code  Gb  stm8l15x_adc.o [1]
ADC_GetConversionValue  0x00ceab   0x28  Code  Gb  stm8l15x_adc.o [1]
ADC_GetFlagStatus       0x00d040   0x1e  Code  Gb  stm8l15x_adc.o [1]
ADC_Init                0x00cd7c   0x2f  Code  Gb  stm8l15x_adc.o [1]
ADC_SamplingTimeConfig  0x00c7fa   0x50  Code  Gb  stm8l15x_adc.o [1]
ADC_SoftwareStartConv   0x00d4e8    0x5  Code  Gb  stm8l15x_adc.o [1]
ADC_VrefintCmd          0x00d2da    0xe  Code  Gb  stm8l15x_adc.o [1]
ASCLL_to_Int            0x00c9c7   0x46  Code  Gb  Globaldata.o [1]
Alarm_Interrupt         0x00cefb   0x27  Code  Gb  rtc.o [1]
BC95                    0x0001e5  0x12f  Data  Gb  BC95.o [1]
BC95_Data_Send          0x00cfc3   0x20  Code  Gb  BC95.o [1]
BC95_Delay_CallBack     0x00d4e3    0x5  Code  Gb  BC95.o [1]
BC95_Power_On           0x00ce04   0x2b  Code  Gb  BC95.o [1]
BC95_Process            0x009397  0x713  Code  Gb  BC95.o [1]
BC95_Recv_Timeout_CallBack
                        0x00ca96   0x42  Code  Gb  BC95.o [1]
BC95_Reset              0x00d022   0x1e  Code  Gb  BC95.o [1]
BC95_Start              0x00d312    0xd  Code  Gb  BC95.o [1]
Bcd2ToByte              0x00d0b3   0x1b  Code  Lc  stm8l15x_rtc.o [1]
ByteToBcd2              0x00cfe3   0x20  Code  Lc  stm8l15x_rtc.o [1]
CLK_GetClockFreq        0x00becc   0x93  Code  Gb  stm8l15x_clk.o [1]
CLK_GetFlagStatus       0x00bd06   0x99  Code  Gb  stm8l15x_clk.o [1]
CLK_HSICmd              0x00d2e8    0xe  Code  Gb  stm8l15x_clk.o [1]
CLK_HaltConfig          0x00d0ce   0x1a  Code  Gb  stm8l15x_clk.o [1]
CLK_LSEConfig           0x00d24f   0x13  Code  Gb  stm8l15x_clk.o [1]
CLK_PeripheralClockConfig
                        0x00bfee   0x8e  Code  Gb  stm8l15x_clk.o [1]
CLK_RTCClockConfig      0x00d41f    0xa  Code  Gb  stm8l15x_clk.o [1]
CLK_SYSCLKDivConfig     0x00d513    0x4  Code  Gb  stm8l15x_clk.o [1]
CLK_SYSCLKSourceConfig  0x00d50f    0x4  Code  Gb  stm8l15x_clk.o [1]
CSTACK$$Base            0x000f00          --   Gb  - Linker created -
CSTACK$$Limit           0x001000          --   Gb  - Linker created -
Cal                     0x000459    0x7  Data  Gb  Pulse_Acquire.o [1]
Clear_Single_History_Data
                        0x00cc09   0x38  Code  Gb  Save.o [1]
Create_Timer            0x00b209  0x105  Code  Gb  Sys_Timer.o [1]
DMA1_CHANNEL0_1_IRQHandler
                        0x00d538    0x1  Code  Gb  stm8l15x_it.o [1]
DMA1_CHANNEL2_3_IRQHandler
                        0x00d539    0x1  Code  Gb  stm8l15x_it.o [1]
Delete_Timer            0x00c84a   0x50  Code  Gb  Sys_Timer.o [1]
EXTI0_IRQHandler        0x00d1a7   0x16  Code  Gb  stm8l15x_it.o [1]
EXTI1_IRQHandler        0x00d53c    0x1  Code  Gb  stm8l15x_it.o [1]
EXTI2_IRQHandler        0x00d53d    0x1  Code  Gb  stm8l15x_it.o [1]
EXTI3_IRQHandler        0x00d53e    0x1  Code  Gb  stm8l15x_it.o [1]
EXTI4_IRQHandler        0x00d53f    0x1  Code  Gb  stm8l15x_it.o [1]
EXTI5_IRQHandler        0x00d540    0x1  Code  Gb  stm8l15x_it.o [1]
EXTI6_IRQHandler        0x00d541    0x1  Code  Gb  stm8l15x_it.o [1]
EXTI7_IRQHandler        0x00d542    0x1  Code  Gb  stm8l15x_it.o [1]
EXTIB_G_IRQHandler      0x00d53b    0x1  Code  Gb  stm8l15x_it.o [1]
EXTID_H_IRQHandler      0x00d191   0x16  Code  Gb  stm8l15x_it.o [1]
EXTIE_F_PVD_IRQHandler  0x00d53a    0x1  Code  Gb  stm8l15x_it.o [1]
EXTI_ClearITPendingBit  0x00cf8f   0x22  Code  Gb  stm8l15x_exti.o [1]
EXTI_SelectPort         0x00cc78   0x36  Code  Gb  stm8l15x_exti.o [1]
EXTI_SetHalfPortSelection
                        0x00cb18   0x3f  Code  Gb  stm8l15x_exti.o [1]
EXTI_SetPinSensitivity  0x00b0ea  0x11f  Code  Gb  stm8l15x_exti.o [1]
EXTI_SetPortSensitivity
                        0x00c6a9   0x55  Code  Gb  stm8l15x_exti.o [1]
Exti0_Interrupt         0x00ce5a   0x29  Code  Gb  Pulse_Acquire.o [1]
ExtiD_Interrupt         0x00b40f   0xf0  Code  Gb  Pulse_Acquire.o [1]
FLASH_GetFlagStatus     0x00d11b   0x19  Code  Gb  stm8l15x_flash.o [1]
FLASH_IRQHandler        0x00d537    0x1  Code  Gb  stm8l15x_it.o [1]
FLASH_Lock              0x00d3f4    0xb  Code  Gb  stm8l15x_flash.o [1]
FLASH_ProgramByte       0x00d3ff    0xb  Code  Gb  stm8l15x_flash.o [1]
FLASH_ReadByte          0x00d4ed    0x5  Code  Gb  stm8l15x_flash.o [1]
FLASH_Unlock            0x00d102   0x19  Code  Gb  stm8l15x_flash.o [1]
Free_Uart2              0x00d213   0x15  Code  Gb  uart.o [1]
GMT_to_BT               0x00a3a7  0x200  Code  Gb  rtc.o [1]
GPIO_Configuration      0x00c935   0x49  Code  Gb  mcu_init.o [1]
GPIO_Init               0x00b9c0   0xaf  Code  Gb  stm8l15x_gpio.o [1]
GPIO_ReadInputDataBit   0x00d472    0x9  Code  Gb  stm8l15x_gpio.o [1]
GPIO_ResetBits          0x00d49c    0x8  Code  Gb  stm8l15x_gpio.o [1]
GPIO_SetBits            0x00d4c1    0x7  Code  Gb  stm8l15x_gpio.o [1]
HistoryData             0x00046c    0x2  Data  Gb  Globaldata.o [1]
I2C1_SPI2_IRQHandler    0x00d54e    0x1  Code  Gb  stm8l15x_it.o [1]
INTVEC$$Base            0x008000          --   Gb  - Linker created -
INTVEC$$Limit           0x008080          --   Gb  - Linker created -
ITC_SetSoftwarePriority
                        0x00aa80  0x15b  Code  Gb  stm8l15x_itc.o [1]
IWDG_Enable             0x00d4f7    0x5  Code  Gb  stm8l15x_iwdg.o [1]
IWDG_INIT               0x00d17b   0x16  Code  Gb  main.o [1]
IWDG_ReloadCounter      0x00d4f2    0x5  Code  Gb  stm8l15x_iwdg.o [1]
IWDG_SetPrescaler       0x00d51b    0x4  Code  Gb  stm8l15x_iwdg.o [1]
IWDG_SetReload          0x00d51f    0x4  Code  Gb  stm8l15x_iwdg.o [1]
IWDG_WriteAccessCmd     0x00d517    0x4  Code  Gb  stm8l15x_iwdg.o [1]
Int_to_ASCLL            0x00d098   0x1b  Code  Gb  Globaldata.o [1]
LCD_AES_IRQHandler      0x00d543    0x1  Code  Gb  stm8l15x_it.o [1]
MCU_DeInit              0x00c2ff   0x67  Code  Gb  mcu_init.o [1]
Magnetic_Interference_Detection
                        0x00cce4   0x35  Code  Gb  Pulse_Acquire.o [1]
MeterParameter          0x000434   0x25  Data  Gb  Globaldata.o [1]
PWR_FastWakeUpCmd       0x00d2f6    0xe  Code  Gb  stm8l15x_pwr.o [1]
PWR_UltraLowPowerCmd    0x00d304    0xe  Code  Gb  stm8l15x_pwr.o [1]
Pulse_Acquire_Config    0x00c42a   0x5f  Code  Gb  Pulse_Acquire.o [1]
RCC_Configuration       0x00d415    0xa  Code  Gb  mcu_init.o [1]
RTC_AlarmCmd            0x00c753   0x55  Code  Gb  stm8l15x_rtc.o [1]
RTC_CSSLSE_IRQHandler   0x00d134   0x19  Code  Gb  stm8l15x_it.o [1]
RTC_ClearITPendingBit   0x00d3b1    0xc  Code  Gb  stm8l15x_rtc.o [1]
RTC_DateStr             0x000464    0x4  Data  Gb  Globaldata.o [1]
RTC_EnterInitMode       0x00cdd8   0x2c  Code  Gb  stm8l15x_rtc.o [1]
RTC_GetDate             0x00c5a0   0x5c  Code  Gb  stm8l15x_rtc.o [1]
RTC_GetITStatus         0x00cdab   0x2d  Code  Gb  stm8l15x_rtc.o [1]
RTC_GetTime             0x00c6fe   0x55  Code  Gb  stm8l15x_rtc.o [1]
RTC_ITConfig            0x00cb95   0x3b  Code  Gb  stm8l15x_rtc.o [1]
RTC_Init                0x00c544   0x5c  Code  Gb  stm8l15x_rtc.o [1]
RTC_SetAlarm            0x00abdb  0x152  Code  Gb  stm8l15x_rtc.o [1]
RTC_SetDate             0x00b909   0xb7  Code  Gb  stm8l15x_rtc.o [1]
RTC_SetTime             0x00bb1b   0xab  Code  Gb  stm8l15x_rtc.o [1]
RTC_SetWakeUpCounter    0x00d1fe   0x15  Code  Gb  stm8l15x_rtc.o [1]
RTC_TimeStr             0x000460    0x4  Data  Gb  Globaldata.o [1]
RTC_WaitForSynchro      0x00cc41   0x37  Code  Gb  stm8l15x_rtc.o [1]
RTC_WakeUpClockConfig   0x00cf6c   0x23  Code  Gb  stm8l15x_rtc.o [1]
RTC_WakeUpCmd           0x00ca0d   0x45  Code  Gb  stm8l15x_rtc.o [1]
Read_ACUM_Flow          0x00d2cb    0xf  Code  Gb  Save.o [1]
Read_History_Data       0x00b84a   0xbf  Code  Gb  Save.o [1]
Read_History_Save_Index
                        0x00d4ce    0x6  Code  Gb  Save.o [1]
Read_Meter_Parameter    0x00c4e7   0x5d  Code  Gb  Save.o [1]
Read_Temp               0x00b4ff   0xdd  Code  Gb  Temperature.o [1]
Read_Voltage            0x00bc68   0x9e  Code  Gb  mcu_init.o [1]
Recv_Data_Process       0x009aaa  0x66a  Code  Gb  BC95.o [1]
Region$$Table$$Base     0x00cfb1          --   Gb  - Linker created -
Region$$Table$$Limit    0x00cfc3          --   Gb  - Linker created -
Report_All_Parameters   0x008080  0xb26  Code  Gb  BC95.o [1]
Report_HC_Flow          0x008ba6  0x7f1  Code  Gb  BC95.o [1]
Report_History_Data     0x00a74c  0x1a2  Code  Gb  BC95.o [1]
Rtc_Config              0x00c489   0x5e  Code  Gb  rtc.o [1]
SPI1_IRQHandler         0x00d54b    0x1  Code  Gb  stm8l15x_it.o [1]
SWITCH_CSS_BREAK_DAC_IRQHandler
                        0x00d544    0x1  Code  Gb  stm8l15x_it.o [1]
SYSDivFactor            0x00d4de    0x5  Data  Gb  stm8l15x_clk.o [1]
Save_Add_Flow           0x00d1e9   0x15  Code  Gb  Save.o [1]
Save_History_Data       0x00b30e  0x101  Code  Gb  Save.o [1]
Save_Meter_Parameter    0x00c97e   0x49  Code  Gb  Save.o [1]
Save_SDCF_Flow          0x00b5dc   0xd3  Code  Gb  Save.o [1]
Send_Data_Process       0x00c18e   0x87  Code  Gb  BC95.o [1]
Set_Alarm               0x00cbd0   0x39  Code  Gb  rtc.o [1]
Sleep                   0x00cd4b   0x31  Code  Gb  main.o [1]
SysTick_Handler         0x00a8ee  0x192  Code  Gb  Sys_Timer.o [1]
Sys_Timer               0x000314   0xa0  Data  Lc  Sys_Timer.o [1]
Sys_Timer_Process       0x00c8e8   0x4d  Code  Gb  Sys_Timer.o [1]
TIM1_CC_IRQHandler      0x00d549    0x1  Code  Gb  stm8l15x_it.o [1]
TIM1_UPD_OVF_TRG_COM_IRQHandler
                        0x00d548    0x1  Code  Gb  stm8l15x_it.o [1]
TIM2_CC_USART2_RX_IRQHandler
                        0x00d1d3   0x16  Code  Gb  stm8l15x_it.o [1]
TIM2_UPD_OVF_TRG_BRK_USART2_TX_IRQHandler
                        0x00d1bd   0x16  Code  Gb  stm8l15x_it.o [1]
TIM3_CC_USART3_RX_IRQHandler
                        0x00d547    0x1  Code  Gb  stm8l15x_it.o [1]
TIM3_UPD_OVF_TRG_BRK_USART3_TX_IRQHandler
                        0x00d546    0x1  Code  Gb  stm8l15x_it.o [1]
TIM4_UPD_OVF_TRG_IRQHandler
                        0x00d54a    0x1  Code  Gb  stm8l15x_it.o [1]
TRAP_IRQHandler         0x00d536    0x1  Code  Gb  stm8l15x_it.o [1]
Temp_Table              0x00ad2d  0x14c  Data  Gb  Temperature.o [1]
USART1_RX_TIM5_CC_IRQHandler
                        0x00d54d    0x1  Code  Gb  stm8l15x_it.o [1]
USART1_TX_TIM5_UPD_OVF_TRG_BRK_IRQHandler
                        0x00d54c    0x1  Code  Gb  stm8l15x_it.o [1]
USART2_Configuration    0x00c3c9   0x61  Code  Gb  mcu_init.o [1]
USART2_IRQHandler       0x00bf5f   0x8f  Code  Gb  uart.o [1]
USART2_TX_IRQHandler    0x00c653   0x56  Code  Gb  uart.o [1]
USART_ClearITPendingBit
                        0x00d501    0x5  Code  Gb  stm8l15x_usart.o [1]
USART_Cmd               0x00ce2f   0x2b  Code  Gb  stm8l15x_usart.o [1]
USART_DeInit            0x00cb57   0x3e  Code  Gb  stm8l15x_usart.o [1]
USART_GetITStatus       0x00ba6f   0xac  Code  Gb  stm8l15x_usart.o [1]
USART_ITConfig          0x00be38   0x94  Code  Gb  stm8l15x_usart.o [1]
USART_Init              0x00b6af   0xd3  Code  Gb  stm8l15x_usart.o [1]
USART_ReceiveData8      0x00d4fc    0x5  Code  Gb  stm8l15x_usart.o [1]
USART_SendData8         0x00d4a4    0x8  Code  Gb  stm8l15x_usart.o [1]
Uart2                   0x000014  0x1d1  Data  Gb  uart.o [1]
Uart2_Receive           0x00cd19   0x32  Code  Gb  uart.o [1]
Uart2_Send              0x00c106   0x88  Code  Gb  uart.o [1]
Wake_Interrupt          0x00a5a7  0x1a5  Code  Gb  rtc.o [1]
WriteRom                0x00bbc6   0xa2  Code  Gb  Save.o [1]
_Rand_idx               0x000468    0x4  Data  Lc  rand.o [4]
_Rand_rv                0x0003b4   0x80  Data  Lc  rand.o [4]
_Randinit               0x000477    0x1  Data  Gb  rand.o [4]
_Randseed               0x000010    0x4  Data  Gb  rand.o [4]
__DebugBreak            0x00d54f    0x1  Code  Gb  __dbg_break.o [3]
__exit                  0x00d228   0x14  Code  Gb  __dbg_xxexit.o [3]
__iar_Strstr            0x00ca52   0x44  Code  Gb  strstr.o [4]
__iar_Tls_setup__Rand_idx
                        0x000472    0x2  Data  Lc  rand.o [4]
__iar_Tls_setup__Rand_rv
                        0x000474    0x2  Data  Lc  rand.o [4]
__iar_Tls_setup__Randinit
                        0x00046e    0x2  Data  Gb  rand.o [4]
__iar_Tls_setup__Randseed
                        0x000470    0x2  Data  Gb  rand.o [4]
__iar_copy_init2        0x00ced3         Code  Gb  init_small.o [4]
__iar_data_init2        0x00d164   0x17  Code  Gb  init.o [4]
__iar_program_start     0x00d262         Code  Gb  cstartup.o [4]
__iar_unhandled_exception
                        0x00d533         Code  Gb  unhandled_exception.o [4]
__iar_zero_init2        0x00d05e         Code  Gb  init_small.o [4]
__intvec                0x008000         Data  Gb  interrupt.o [4]
__low_level_init        0x00d52d    0x3  Code  Gb  low_level_init.o [4]
_exit                   0x00d506         Code  Gb  cexit.o [4]
_interrupt_1            0x00d536         Code  Gb  stm8l15x_it.o [1]
_interrupt_10           0x00d1a7         Code  Gb  stm8l15x_it.o [1]
_interrupt_11           0x00d53c         Code  Gb  stm8l15x_it.o [1]
_interrupt_12           0x00d53d         Code  Gb  stm8l15x_it.o [1]
_interrupt_13           0x00d53e         Code  Gb  stm8l15x_it.o [1]
_interrupt_14           0x00d53f         Code  Gb  stm8l15x_it.o [1]
_interrupt_15           0x00d540         Code  Gb  stm8l15x_it.o [1]
_interrupt_16           0x00d541         Code  Gb  stm8l15x_it.o [1]
_interrupt_17           0x00d542         Code  Gb  stm8l15x_it.o [1]
_interrupt_18           0x00d543         Code  Gb  stm8l15x_it.o [1]
_interrupt_19           0x00d544         Code  Gb  stm8l15x_it.o [1]
_interrupt_20           0x00d545         Code  Gb  stm8l15x_it.o [1]
_interrupt_21           0x00d1bd         Code  Gb  stm8l15x_it.o [1]
_interrupt_22           0x00d1d3         Code  Gb  stm8l15x_it.o [1]
_interrupt_23           0x00d546         Code  Gb  stm8l15x_it.o [1]
_interrupt_24           0x00d547         Code  Gb  stm8l15x_it.o [1]
_interrupt_25           0x00d548         Code  Gb  stm8l15x_it.o [1]
_interrupt_26           0x00d549         Code  Gb  stm8l15x_it.o [1]
_interrupt_27           0x00d54a         Code  Gb  stm8l15x_it.o [1]
_interrupt_28           0x00d54b         Code  Gb  stm8l15x_it.o [1]
_interrupt_29           0x00d54c         Code  Gb  stm8l15x_it.o [1]
_interrupt_3            0x00d537         Code  Gb  stm8l15x_it.o [1]
_interrupt_30           0x00d54d         Code  Gb  stm8l15x_it.o [1]
_interrupt_31           0x00d54e         Code  Gb  stm8l15x_it.o [1]
_interrupt_4            0x00d538         Code  Gb  stm8l15x_it.o [1]
_interrupt_5            0x00d539         Code  Gb  stm8l15x_it.o [1]
_interrupt_6            0x00d134         Code  Gb  stm8l15x_it.o [1]
_interrupt_7            0x00d53a         Code  Gb  stm8l15x_it.o [1]
_interrupt_8            0x00d53b         Code  Gb  stm8l15x_it.o [1]
_interrupt_9            0x00d191         Code  Gb  stm8l15x_it.o [1]
abs                     0x00d40a    0xb  Code  Gb  abs.o [4]
exit                    0x00d530    0x3  Code  Gb  exit.o [4]
main                    0x00c5fc   0x57  Code  Gb  main.o [1]
memcmp                  0x00ccae   0x36  Code  Gb  memcmp.o [4]
memcpy                  0x00cf22   0x25  Code  Gb  memcpy.o [4]
memset                  0x00d14d   0x17  Code  Gb  memset.o [4]
rand                    0x00bd9f   0x99  Code  Gb  rand.o [4]
strlen                  0x00d275   0x12  Code  Gb  strlen.o [4]
strnstr                 0x00c295   0x6a  Code  Gb  Globaldata.o [1]
strstr                  0x00d23c   0x13  Code  Gb  BC95.o [1]


[1] = F:\0中科君达\0项目\NB水表\软件\NB-IOT程序(BC95-B5)\PROJECT\Debug\Obj
[2] = command line
[3] = dbgstm8smd.a
[4] = dlstm8smn.a

  20 505 bytes of readonly  code memory
   1 335 bytes of readonly  data memory
   1 400 bytes of readwrite data memory

Errors: none
Warnings: none
