###############################################################################
#
# IAR ELF Linker V2.20.1.176 for STM8                     11/Mar/2019  15:49:22
# Copyright 2010-2015 IAR Systems AB.
#
#    Output file  =  
#        F:\0中科君达\0项目\NB水表\软件\NB-IOT程序(BC95-B5)\PROJECT\Debug\Exe\project.out
#    Map file     =  
#        F:\0中科君达\0项目\NB水表\软件\NB-IOT程序(BC95-B5)\PROJECT\Debug\List\project.map
#    Command line =  
#        "F:\0中科君达\0项目\NB水表\软件\NB-IOT程序(BC95-B5)\PROJECT\Debug\Obj\BC95.o"
#        "F:\0中科君达\0项目\NB水表\软件\NB-IOT程序(BC95-B5)\PROJECT\Debug\Obj\Globaldata.o"
#        "F:\0中科君达\0项目\NB水表\软件\NB-IOT程序(BC95-B5)\PROJECT\Debug\Obj\main.o"
#        "F:\0中科君达\0项目\NB水表\软件\NB-IOT程序(BC95-B5)\PROJECT\Debug\Obj\mcu_init.o"
#        "F:\0中科君达\0项目\NB水表\软件\NB-IOT程序(BC95-B5)\PROJECT\Debug\Obj\Pulse_Acquire.o"
#        "F:\0中科君达\0项目\NB水表\软件\NB-IOT程序(BC95-B5)\PROJECT\Debug\Obj\rtc.o"
#        "F:\0中科君达\0项目\NB水表\软件\NB-IOT程序(BC95-B5)\PROJECT\Debug\Obj\Save.o"
#        "F:\0中科君达\0项目\NB水表\软件\NB-IOT程序(BC95-B5)\PROJECT\Debug\Obj\stm8l15x_adc.o"
#        "F:\0中科君达\0项目\NB水表\软件\NB-IOT程序(BC95-B5)\PROJECT\Debug\Obj\stm8l15x_clk.o"
#        "F:\0中科君达\0项目\NB水表\软件\NB-IOT程序(BC95-B5)\PROJECT\Debug\Obj\stm8l15x_exti.o"
#        "F:\0中科君达\0项目\NB水表\软件\NB-IOT程序(BC95-B5)\PROJECT\Debug\Obj\stm8l15x_flash.o"
#        "F:\0中科君达\0项目\NB水表\软件\NB-IOT程序(BC95-B5)\PROJECT\Debug\Obj\stm8l15x_gpio.o"
#        "F:\0中科君达\0项目\NB水表\软件\NB-IOT程序(BC95-B5)\PROJECT\Debug\Obj\stm8l15x_it.o"
#        "F:\0中科君达\0项目\NB水表\软件\NB-IOT程序(BC95-B5)\PROJECT\Debug\Obj\stm8l15x_itc.o"
#        "F:\0中科君达\0项目\NB水表\软件\NB-IOT程序(BC95-B5)\PROJECT\Debug\Obj\stm8l15x_iwdg.o"
#        "F:\0中科君达\0项目\NB水表\软件\NB-IOT程序(BC95-B5)\PROJECT\Debug\Obj\stm8l15x_pwr.o"
#        "F:\0中科君达\0项目\NB水表\软件\NB-IOT程序(BC95-B5)\PROJECT\Debug\Obj\stm8l15x_rtc.o"
#        "F:\0中科君达\0项目\NB水表\软件\NB-IOT程序(BC95-B5)\PROJECT\Debug\Obj\stm8l15x_syscfg.o"
#        "F:\0中科君达\0项目\NB水表\软件\NB-IOT程序(BC95-B5)\PROJECT\Debug\Obj\stm8l15x_usart.o"
#        "F:\0中科君达\0项目\NB水表\软件\NB-IOT程序(BC95-B5)\PROJECT\Debug\Obj\stm8l15x_wwdg.o"
#        "F:\0中科君达\0项目\NB水表\软件\NB-IOT程序(BC95-B5)\PROJECT\Debug\Obj\Sys_Timer.o"
#        "F:\0中科君达\0项目\NB水表\软件\NB-IOT程序(BC95-B5)\PROJECT\Debug\Obj\Temperature.o"
#        "F:\0中科君达\0项目\NB水表\软件\NB-IOT程序(BC95-B5)\PROJECT\Debug\Obj\uart.o"
#        --redirect _Printf=_PrintfSmall --redirect _Scanf=_ScanfSmall -o
#        "F:\0中科君达\0项目\NB水表\软件\NB-IOT程序(BC95-B5)\PROJECT\Debug\Exe\project.out"
#        --map
#        "F:\0中科君达\0项目\NB水表\软件\NB-IOT程序(BC95-B5)\PROJECT\Debug\List\project.map"
#        --config "D:\IAR for STM8\stm8\config\lnkstm8l151c8.icf" --config_def
#        _CSTACK_SIZE=0x100 --config_def _HEAP_SIZE=0x100 --entry
#        __iar_program_start --debug_lib
#
###############################################################################

*******************************************************************************
*** RUNTIME MODEL ATTRIBUTES
***

__SystemLibrary            = DLib
__code_model               = small
__core                     = stm8
__data_model               = medium
__dlib_file_descriptor     = 0
__dlib_full_locale_support = 0
__rt_version               = 4


*******************************************************************************
*** PLACEMENT SUMMARY
***

"A1":  place at start of [0x000000-0x0000ff] { rw section .vregs };
"A2":  place at end of [0x000000-0x000fff] { block CSTACK };
"P2":  place in [from 0x000000 to 0x000fff] {
          block HEAP, rw section __DLIB_PERTHREAD, rw section .far.bss,
          rw section .far.data, rw section .far.noinit,
          rw section .far_func.textrw, rw section .huge.bss,
          rw section .huge.data, rw section .huge.noinit,
          rw section .huge_func.textrw, rw section .iar.dynexit,
          rw section .near.bss, rw section .near.data, rw section .near.noinit,
          rw section .near_func.textrw };
"A3":  place at start of [0x008000-0x00ffff] { block INTVEC };
"P3":  place in [from 0x008000 to 0x00ffff] {
          ro section __DLIB_PERTHREAD_init, ro section .far.data_init,
          ro section .far_func.textrw_init, ro section .huge.data_init,
          ro section .huge_func.textrw_init, ro section .iar.init_table,
          ro section .init_array, ro section .near.data_init,
          ro section .near.rodata, ro section .near_func.text,
          ro section .near_func.textrw_init, ro section .tiny.data_init,
          ro section .tiny.rodata_init };

  Section          Kind      Address    Size  Object
  -------          ----      -------    ----  ------
"A1":                                   0x10
  .vregs           uninit   0x000000    0x10  vregs.o [4]
                          - 0x000010    0x10

"P2":                                  0x417
  .near.bss        zero     0x000010   0x209  uart.o [1]
  .near.bss        zero     0x000219   0x130  BC95.o [1]
  .near.bss        zero     0x000349    0xa0  Sys_Timer.o [1]
  .near.bss        zero     0x0003e9    0x2b  Globaldata.o [1]
  .near.bss        zero     0x000414     0x7  Pulse_Acquire.o [1]
  .near.bss        zero     0x00041b     0x4  Globaldata.o [1]
  .near.bss        zero     0x00041f     0x4  Globaldata.o [1]
  .near.bss        zero     0x000423     0x3  Globaldata.o [1]
  .near.bss        zero     0x000426     0x1  Sys_Timer.o [1]
                          - 0x000427   0x417

"A2":                                  0x100
  CSTACK                    0x000f00   0x100  <Block>
    CSTACK         uninit   0x000f00   0x100  <Block tail>
                          - 0x001000   0x100

"A3":                                   0x80
  INTVEC                    0x008000    0x80  <Block>
    .intvec        const    0x008000    0x80  interrupt.o [4]
                          - 0x008080    0x80

"P3":                                 0x528f
  .near_func.text  ro code  0x008080   0xb23  BC95.o [1]
  .near_func.text  ro code  0x008ba3   0x906  BC95.o [1]
  .near_func.text  ro code  0x0094a9   0x7f1  BC95.o [1]
  .near_func.text  ro code  0x009c9a   0x68f  BC95.o [1]
  .near_func.text  ro code  0x00a329   0x293  float.o [4]
  .near_func.text  ro code  0x00a5bc   0x200  rtc.o [1]
  .near_func.text  ro code  0x00a7bc   0x19a  BC95.o [1]
  .near_func.text  ro code  0x00a956   0x192  Sys_Timer.o [1]
  .near_func.text  ro code  0x00aae8   0x185  rtc.o [1]
  .near_func.text  ro code  0x00ac6d   0x15b  stm8l15x_itc.o [1]
  .near_func.text  ro code  0x00adc8   0x152  stm8l15x_rtc.o [1]
  .near.rodata     const    0x00af1a   0x14c  Temperature.o [1]
  .near_func.text  ro code  0x00b066   0x120  vreg_util.o [4]
  .near_func.text  ro code  0x00b186   0x11f  stm8l15x_exti.o [1]
  .near_func.text  ro code  0x00b2a5   0x105  Sys_Timer.o [1]
  .near_func.text  ro code  0x00b3aa    0xf5  Temperature.o [1]
  .near_func.text  ro code  0x00b49f    0xe4  Save.o [1]
  .near_func.text  ro code  0x00b583    0xdc  Pulse_Acquire.o [1]
  .near_func.text  ro code  0x00b65f    0xd3  Save.o [1]
  .near_func.text  ro code  0x00b732    0xd3  stm8l15x_usart.o [1]
  .near.rodata     const    0x00b805    0xc8  BC95.o [1]
  .near_func.text  ro code  0x00b8cd    0xb7  stm8l15x_rtc.o [1]
  .near_func.text  ro code  0x00b984    0xaf  stm8l15x_gpio.o [1]
  .near_func.text  ro code  0x00ba33    0xae  long.o [4]
  .near_func.text  ro code  0x00bae1    0xac  stm8l15x_usart.o [1]
  .near_func.text  ro code  0x00bb8d    0xab  stm8l15x_rtc.o [1]
  .near_func.text  ro code  0x00bc38    0xa2  Save.o [1]
  .near_func.text  ro code  0x00bcda    0x9e  mcu_init.o [1]
  .near_func.text  ro code  0x00bd78    0x99  stm8l15x_clk.o [1]
  .near_func.text  ro code  0x00be11    0x94  Save.o [1]
  .near_func.text  ro code  0x00bea5    0x94  stm8l15x_usart.o [1]
  .near_func.text  ro code  0x00bf39    0x93  BC95.o [1]
  .near_func.text  ro code  0x00bfcc    0x93  stm8l15x_clk.o [1]
  .near_func.text  ro code  0x00c05f    0x8f  uart.o [1]
  .near_func.text  ro code  0x00c0ee    0x8e  stm8l15x_clk.o [1]
  .near.rodata     const    0x00c17c    0x80  BC95.o [1]
  .near_func.text  ro code  0x00c1fc    0x80  uart.o [1]
  .near_func.text  ro code  0x00c27c    0x63  short.o [4]
  .near_func.text  ro code  0x00c2df    0x61  mcu_init.o [1]
  .near_func.text  ro code  0x00c340    0x5f  Pulse_Acquire.o [1]
  .near_func.text  ro code  0x00c39f    0x5e  rtc.o [1]
  .near_func.text  ro code  0x00c3fd    0x5c  stm8l15x_rtc.o [1]
  .near_func.text  ro code  0x00c459    0x5c  stm8l15x_rtc.o [1]
  .near_func.text  ro code  0x00c4b5    0x56  uart.o [1]
  .near_func.text  ro code  0x00c50b    0x55  Save.o [1]
  .near_func.text  ro code  0x00c560    0x55  stm8l15x_exti.o [1]
  .near_func.text  ro code  0x00c5b5    0x55  stm8l15x_rtc.o [1]
  .near_func.text  ro code  0x00c60a    0x55  stm8l15x_rtc.o [1]
  .near_func.text  ro code  0x00c65f    0x52  long_util.o [4]
  .near_func.text  ro code  0x00c6b1    0x50  stm8l15x_adc.o [1]
  .near_func.text  ro code  0x00c701    0x50  Sys_Timer.o [1]
  .near_func.text  ro code  0x00c751    0x4e  stm8l15x_adc.o [1]
  .near_func.text  ro code  0x00c79f    0x4d  Sys_Timer.o [1]
  .near_func.text  ro code  0x00c7ec    0x49  mcu_init.o [1]
  .near_func.text  ro code  0x00c835    0x46  Globaldata.o [1]
  .near_func.text  ro code  0x00c87b    0x45  BC95.o [1]
  .near_func.text  ro code  0x00c8c0    0x45  Save.o [1]
  .near_func.text  ro code  0x00c905    0x45  stm8l15x_rtc.o [1]
  .near_func.text  ro code  0x00c94a    0x44  strstr.o [4]
  .near_func.text  ro code  0x00c98e    0x43  BC95.o [1]
  .near_func.text  ro code  0x00c9d1    0x3f  main.o [1]
  .near_func.text  ro code  0x00ca10    0x3f  stm8l15x_exti.o [1]
  .near_func.text  ro code  0x00ca4f    0x3e  stm8l15x_usart.o [1]
  .near_func.text  ro code  0x00ca8d    0x3b  stm8l15x_rtc.o [1]
  .near_func.text  ro code  0x00cac8    0x39  rtc.o [1]
  .near_func.text  ro code  0x00cb01    0x37  stm8l15x_rtc.o [1]
  .near_func.text  ro code  0x00cb38    0x36  stm8l15x_exti.o [1]
  .near_func.text  ro code  0x00cb6e    0x32  uart.o [1]
  .near_func.text  ro code  0x00cba0    0x2f  BC95.o [1]
  .near_func.text  ro code  0x00cbcf    0x2f  stm8l15x_adc.o [1]
  .near_func.text  ro code  0x00cbfe    0x2e  Save.o [1]
  .near_func.text  ro code  0x00cc2c    0x2d  stm8l15x_rtc.o [1]
  .near_func.text  ro code  0x00cc59    0x2c  stm8l15x_rtc.o [1]
  .near_func.text  ro code  0x00cc85    0x2b  Pulse_Acquire.o [1]
  .near_func.text  ro code  0x00ccb0    0x2b  stm8l15x_usart.o [1]
  .near.rodata     const    0x00ccdb    0x28  BC95.o [1]
  .near_func.text  ro code  0x00cd03    0x28  stm8l15x_adc.o [1]
  .near_func.text  ro code  0x00cd2b    0x27  rtc.o [1]
  .near_func.text  ro code  0x00cd52    0x25  Pulse_Acquire.o [1]
  .near_func.text  ro code  0x00cd77    0x25  memcpy.o [4]
  .near_func.text  ro code  0x00cd9c    0x23  stm8l15x_rtc.o [1]
  .near_func.text  ro code  0x00cdbf    0x22  stm8l15x_exti.o [1]
  .iar.init_table  const    0x00cde1     0x8  - Linker created -
  .near_func.text  ro code  0x00cde9    0x20  BC95.o [1]
  .near_func.text  ro code  0x00ce09    0x20  stm8l15x_rtc.o [1]
  .near.rodata     const    0x00ce29    0x1f  BC95.o [1]
  .near.rodata     const    0x00ce48    0x1e  BC95.o [1]
  .near_func.text  ro code  0x00ce66    0x1e  stm8l15x_adc.o [1]
  .near_func.text  ro code  0x00ce84    0x1e  init_small.o [4]
  .near_func.text  ro code  0x00cea2    0x1b  Globaldata.o [1]
  .near_func.text  ro code  0x00cebd    0x1b  stm8l15x_rtc.o [1]
  .near_func.text  ro code  0x00ced8    0x1a  dc_util.o [4]
  .near_func.text  ro code  0x00cef2    0x19  Save.o [1]
  .near_func.text  ro code  0x00cf0b    0x19  stm8l15x_flash.o [1]
  .near_func.text  ro code  0x00cf24    0x19  stm8l15x_flash.o [1]
  .near_func.text  ro code  0x00cf3d    0x19  stm8l15x_it.o [1]
  .near_func.text  ro code  0x00cf56    0x17  memset.o [4]
  .near_func.text  ro code  0x00cf6d    0x17  init.o [4]
  .near_func.text  ro code  0x00cf84    0x16  main.o [1]
  .near_func.text  ro code  0x00cf9a    0x16  stm8l15x_it.o [1]
  .near_func.text  ro code  0x00cfb0    0x16  stm8l15x_it.o [1]
  .near_func.text  ro code  0x00cfc6    0x16  stm8l15x_it.o [1]
  .near_func.text  ro code  0x00cfdc    0x16  stm8l15x_it.o [1]
  .near_func.text  ro code  0x00cff2    0x15  Save.o [1]
  .near_func.text  ro code  0x00d007    0x15  stm8l15x_rtc.o [1]
  .near_func.text  ro code  0x00d01c    0x15  uart.o [1]
  .near_func.text  ro code  0x00d031    0x14  __dbg_xxexit.o [3]
  .near_func.text  ro code  0x00d045    0x13  BC95.o [1]
  .near_func.text  ro code  0x00d058    0x13  stm8l15x_clk.o [1]
  .near_func.text  ro code  0x00d06b    0x13  cstartup.o [4]
  .near_func.text  ro code  0x00d07e    0x11  BC95.o [1]
  .near_func.text  ro code  0x00d08f    0x11  stm8l15x_adc.o [1]
  .near.rodata     const    0x00d0a0    0x10  BC95.o [1]
  .near_func.text  ro code  0x00d0b0    0x10  main.o [1]
  .near.rodata     const    0x00d0c0     0xf  BC95.o [1]
  .near_func.text  ro code  0x00d0cf     0xf  Save.o [1]
  .near.rodata     const    0x00d0de     0xe  BC95.o [1]
  .near_func.text  ro code  0x00d0ec     0xe  stm8l15x_adc.o [1]
  .near_func.text  ro code  0x00d0fa     0xe  stm8l15x_clk.o [1]
  .near_func.text  ro code  0x00d108     0xe  stm8l15x_pwr.o [1]
  .near_func.text  ro code  0x00d116     0xe  stm8l15x_pwr.o [1]
  .near.rodata     const    0x00d124     0xd  BC95.o [1]
  .near_func.text  ro code  0x00d131     0xd  stm8l15x_adc.o [1]
  .near_func.text  ro code  0x00d13e     0xd  move.o [4]
  .near.rodata     const    0x00d14b     0xc  BC95.o [1]
  .near.rodata     const    0x00d157     0xc  BC95.o [1]
  .near.rodata     const    0x00d163     0xc  BC95.o [1]
  .near.rodata     const    0x00d16f     0xc  BC95.o [1]
  .near.rodata     const    0x00d17b     0xc  BC95.o [1]
  .near.rodata     const    0x00d187     0xc  BC95.o [1]
  .near.rodata     const    0x00d193     0xc  BC95.o [1]
  .near.rodata     const    0x00d19f     0xc  BC95.o [1]
  .near.rodata     const    0x00d1ab     0xc  BC95.o [1]
  .near_func.text  ro code  0x00d1b7     0xc  stm8l15x_rtc.o [1]
  .near.rodata     const    0x00d1c3     0xb  BC95.o [1]
  .near.rodata     const    0x00d1ce     0xb  BC95.o [1]
  .near.rodata     const    0x00d1d9     0xb  BC95.o [1]
  .near.rodata     const    0x00d1e4     0xb  BC95.o [1]
  .near_func.text  ro code  0x00d1ef     0xb  stm8l15x_flash.o [1]
  .near_func.text  ro code  0x00d1fa     0xb  stm8l15x_flash.o [1]
  .near_func.text  ro code  0x00d205     0xb  abs.o [4]
  .near_func.text  ro code  0x00d210     0xa  mcu_init.o [1]
  .near_func.text  ro code  0x00d21a     0xa  stm8l15x_clk.o [1]
  .near_func.text  ro code  0x00d224     0xa  char.o [4]
  .near.rodata     const    0x00d22e     0x9  BC95.o [1]
  .near.rodata     const    0x00d237     0x9  BC95.o [1]
  .near.rodata     const    0x00d240     0x9  BC95.o [1]
  .near.rodata     const    0x00d249     0x9  BC95.o [1]
  .near.rodata     const    0x00d252     0x9  Save.o [1]
  .near_func.text  ro code  0x00d25b     0x9  stm8l15x_gpio.o [1]
  .near_func.text  ro code  0x00d264     0x8  stm8l15x_gpio.o [1]
  .near_func.text  ro code  0x00d26c     0x8  stm8l15x_usart.o [1]
  .near.rodata     const    0x00d274     0x7  BC95.o [1]
  .near.rodata     const    0x00d27b     0x7  BC95.o [1]
  .near.rodata     const    0x00d282     0x7  BC95.o [1]
  .near.rodata     const    0x00d289     0x7  BC95.o [1]
  .near_func.text  ro code  0x00d290     0x7  stm8l15x_gpio.o [1]
  .near.rodata     const    0x00d297     0x6  BC95.o [1]
  .near.rodata     const    0x00d29d     0x5  BC95.o [1]
  .near.rodata     const    0x00d2a2     0x5  stm8l15x_clk.o [1]
  .near_func.text  ro code  0x00d2a7     0x5  BC95.o [1]
  .near_func.text  ro code  0x00d2ac     0x5  stm8l15x_adc.o [1]
  .near_func.text  ro code  0x00d2b1     0x5  stm8l15x_flash.o [1]
  .near_func.text  ro code  0x00d2b6     0x5  stm8l15x_iwdg.o [1]
  .near_func.text  ro code  0x00d2bb     0x5  stm8l15x_iwdg.o [1]
  .near_func.text  ro code  0x00d2c0     0x5  stm8l15x_usart.o [1]
  .near_func.text  ro code  0x00d2c5     0x5  stm8l15x_usart.o [1]
  .near_func.text  ro code  0x00d2ca     0x5  cexit.o [4]
  .near_func.text  ro code  0x00d2cf     0x4  stm8l15x_clk.o [1]
  .near_func.text  ro code  0x00d2d3     0x4  stm8l15x_clk.o [1]
  .near_func.text  ro code  0x00d2d7     0x4  stm8l15x_iwdg.o [1]
  .near_func.text  ro code  0x00d2db     0x4  stm8l15x_iwdg.o [1]
  .near_func.text  ro code  0x00d2df     0x4  stm8l15x_iwdg.o [1]
  .near.rodata     const    0x00d2e3     0x3  BC95.o [1]
  .near.rodata     const    0x00d2e6     0x3  Save.o [1]
  .near_func.text  ro code  0x00d2e9     0x3  interrupt.o [4]
  .near_func.text  ro code  0x00d2ec     0x3  low_level_init.o [4]
  .near_func.text  ro code  0x00d2ef     0x3  exit.o [4]
  .near_func.text  ro code  0x00d2f2     0x3  unhandled_exception.o [4]
  .near_func.text  ro code  0x00d2f5     0x1  stm8l15x_it.o [1]
  .near_func.text  ro code  0x00d2f6     0x1  stm8l15x_it.o [1]
  .near_func.text  ro code  0x00d2f7     0x1  stm8l15x_it.o [1]
  .near_func.text  ro code  0x00d2f8     0x1  stm8l15x_it.o [1]
  .near_func.text  ro code  0x00d2f9     0x1  stm8l15x_it.o [1]
  .near_func.text  ro code  0x00d2fa     0x1  stm8l15x_it.o [1]
  .near_func.text  ro code  0x00d2fb     0x1  stm8l15x_it.o [1]
  .near_func.text  ro code  0x00d2fc     0x1  stm8l15x_it.o [1]
  .near_func.text  ro code  0x00d2fd     0x1  stm8l15x_it.o [1]
  .near_func.text  ro code  0x00d2fe     0x1  stm8l15x_it.o [1]
  .near_func.text  ro code  0x00d2ff     0x1  stm8l15x_it.o [1]
  .near_func.text  ro code  0x00d300     0x1  stm8l15x_it.o [1]
  .near_func.text  ro code  0x00d301     0x1  stm8l15x_it.o [1]
  .near_func.text  ro code  0x00d302     0x1  stm8l15x_it.o [1]
  .near_func.text  ro code  0x00d303     0x1  stm8l15x_it.o [1]
  .near_func.text  ro code  0x00d304     0x1  stm8l15x_it.o [1]
  .near_func.text  ro code  0x00d305     0x1  stm8l15x_it.o [1]
  .near_func.text  ro code  0x00d306     0x1  stm8l15x_it.o [1]
  .near_func.text  ro code  0x00d307     0x1  stm8l15x_it.o [1]
  .near_func.text  ro code  0x00d308     0x1  stm8l15x_it.o [1]
  .near_func.text  ro code  0x00d309     0x1  stm8l15x_it.o [1]
  .near_func.text  ro code  0x00d30a     0x1  stm8l15x_it.o [1]
  .near_func.text  ro code  0x00d30b     0x1  stm8l15x_it.o [1]
  .near_func.text  ro code  0x00d30c     0x1  stm8l15x_it.o [1]
  .near_func.text  ro code  0x00d30d     0x1  stm8l15x_it.o [1]
  .near_func.text  ro code  0x00d30e     0x1  __dbg_break.o [3]
                          - 0x00d30f  0x528f


*******************************************************************************
*** INIT TABLE
***

          Address   Size
          -------   ----
Zero (__iar_zero_init2)
    1 destination range, total size 0x417:
          0x000010  0x417



*******************************************************************************
*** MODULE SUMMARY
***

    Module                 ro code  ro data  rw data
    ------                 -------  -------  -------
F:\0中科君达\0项目\NB水表\软件\NB-IOT程序(BC95-B5)\PROJECT\Debug\Obj: [1]
    BC95.o                   9 686      717      304
    Globaldata.o                97                54
    Pulse_Acquire.o            395                 7
    Save.o                   1 010       12
    Sys_Timer.o                820               161
    Temperature.o              245      332
    main.o                     101
    mcu_init.o                 338
    rtc.o                    1 091
    stm8l15x_adc.o             324
    stm8l15x_clk.o             493        5
    stm8l15x_exti.o            523
    stm8l15x_flash.o            77
    stm8l15x_gpio.o            199
    stm8l15x_it.o              138
    stm8l15x_itc.o             347
    stm8l15x_iwdg.o             22
    stm8l15x_pwr.o              28
    stm8l15x_rtc.o           1 445
    stm8l15x_usart.o           654
    uart.o                     428               521
    ------------------------------------------------
    Total:                  18 461    1 066    1 047

command line: [2]
    ------------------------------------------------
    Total:

dbgstm8smd.a: [3]
    __dbg_break.o                1
    __dbg_xxexit.o              20
    ------------------------------------------------
    Total:                      21

dlstm8smn.a: [4]
    abs.o                       11
    cexit.o                      5
    char.o                      10
    cstartup.o                  19
    dc_util.o                   26
    exit.o                       3
    float.o                    659
    init.o                      23
    init_small.o                30
    interrupt.o                  3      128
    long.o                     174
    long_util.o                 82
    low_level_init.o             3
    memcpy.o                    37
    memset.o                    23
    move.o                      13
    short.o                     99
    strstr.o                    68
    unhandled_exception.o        3
    vreg_util.o                288
    vregs.o                                       16
    ------------------------------------------------
    Total:                   1 579      128       16

    Linker created                        8      256
----------------------------------------------------
    Grand Total:            20 061    1 202    1 319


*******************************************************************************
*** ENTRY LIST
***

Entry                    Address   Size  Type      Object
-----                    -------   ----  ----      ------
.iar.init_table$$Base   0x00cde1          --   Gb  - Linker created -
.iar.init_table$$Limit  0x00cde9          --   Gb  - Linker created -
?b0                     0x000000         Data  Gb  vregs.o [4]
?b1                     0x000001         Data  Gb  vregs.o [4]
?b10                    0x00000a         Data  Gb  vregs.o [4]
?b11                    0x00000b         Data  Gb  vregs.o [4]
?b12                    0x00000c         Data  Gb  vregs.o [4]
?b13                    0x00000d         Data  Gb  vregs.o [4]
?b14                    0x00000e         Data  Gb  vregs.o [4]
?b15                    0x00000f         Data  Gb  vregs.o [4]
?b2                     0x000002         Data  Gb  vregs.o [4]
?b3                     0x000003         Data  Gb  vregs.o [4]
?b4                     0x000004         Data  Gb  vregs.o [4]
?b5                     0x000005         Data  Gb  vregs.o [4]
?b6                     0x000006         Data  Gb  vregs.o [4]
?b7                     0x000007         Data  Gb  vregs.o [4]
?b8                     0x000008         Data  Gb  vregs.o [4]
?b9                     0x000009         Data  Gb  vregs.o [4]
?dc32_l0                0x00ced8         Code  Gb  dc_util.o [4]
?dc32_l1                0x00cee5         Code  Gb  dc_util.o [4]
?e0                     0x000001         Data  Gb  vregs.o [4]
?e1                     0x000005         Data  Gb  vregs.o [4]
?e2                     0x000009         Data  Gb  vregs.o [4]
?e3                     0x00000d         Data  Gb  vregs.o [4]
?epilogue_l2            0x00b10d         Code  Gb  vreg_util.o [4]
?epilogue_l2_l3         0x00b10a         Code  Gb  vreg_util.o [4]
?epilogue_l2_w6         0x00b111         Code  Gb  vreg_util.o [4]
?epilogue_w4            0x00b118         Code  Gb  vreg_util.o [4]
?fcastf32u16_l0_x       0x00a47c         Code  Gb  float.o [4]
?fcasts16f32_x_l0       0x00a49a         Code  Gb  float.o [4]
?fdiv32_l0_dc32_l1      0x00a3c9         Code  Gb  float.o [4]
?fdiv32_l0_l0_l1        0x00a3ce         Code  Gb  float.o [4]
?fmul32_l0_l0_dc32      0x00a329         Code  Gb  float.o [4]
?fmul32_l0_l0_l1        0x00a32e         Code  Gb  float.o [4]
?inc32_0x_0x            0x00ba3d         Code  Gb  long.o [4]
?inc32_l0_l0            0x00ba33         Code  Gb  long.o [4]
?inc32_l1_l1            0x00ba38         Code  Gb  long.o [4]
?l0                     0x000000         Data  Gb  vregs.o [4]
?l1                     0x000004         Data  Gb  vregs.o [4]
?l2                     0x000008         Data  Gb  vregs.o [4]
?l3                     0x00000c         Data  Gb  vregs.o [4]
?load32_0x_l0           0x00c687         Code  Gb  long_util.o [4]
?load32_0x_l1           0x00c695         Code  Gb  long_util.o [4]
?load32_0x_l2           0x00c6a3         Code  Gb  long_util.o [4]
?load32_l0_0x           0x00c65f         Code  Gb  long_util.o [4]
?load32_l1_0x           0x00c67b         Code  Gb  long_util.o [4]
?load32_l1_asp          0x00c670         Code  Gb  long_util.o [4]
?load32_l1_dbsp         0x00c66b         Code  Gb  long_util.o [4]
?load32_l1_xsp          0x00c672         Code  Gb  long_util.o [4]
?mov_e0_e1              0x00b13b         Code  Gb  vreg_util.o [4]
?mov_e0_e2              0x00b148         Code  Gb  vreg_util.o [4]
?mov_e0_e3              0x00b155         Code  Gb  vreg_util.o [4]
?mov_e1_e0              0x00b162         Code  Gb  vreg_util.o [4]
?mov_e2_e0              0x00b16f         Code  Gb  vreg_util.o [4]
?mov_e3_e0              0x00b17c         Code  Gb  vreg_util.o [4]
?mov_l0_l1              0x00b138         Code  Gb  vreg_util.o [4]
?mov_l0_l2              0x00b145         Code  Gb  vreg_util.o [4]
?mov_l0_l3              0x00b152         Code  Gb  vreg_util.o [4]
?mov_l1_l0              0x00b15f         Code  Gb  vreg_util.o [4]
?mov_l2_l0              0x00b16c         Code  Gb  vreg_util.o [4]
?mov_l3_l0              0x00b179         Code  Gb  vreg_util.o [4]
?mov_w0_w1              0x00b11c         Code  Gb  vreg_util.o [4]
?mov_w1_w3              0x00b13e         Code  Gb  vreg_util.o [4]
?mov_w1_w5              0x00b14b         Code  Gb  vreg_util.o [4]
?mov_w1_w6              0x00b123         Code  Gb  vreg_util.o [4]
?mov_w1_w7              0x00b158         Code  Gb  vreg_util.o [4]
?mov_w2_w1              0x00b12a         Code  Gb  vreg_util.o [4]
?mov_w3_w1              0x00b165         Code  Gb  vreg_util.o [4]
?mov_w5_w1              0x00b172         Code  Gb  vreg_util.o [4]
?mov_w5_w6              0x00b131         Code  Gb  vreg_util.o [4]
?mov_w7_w1              0x00b17f         Code  Gb  vreg_util.o [4]
?move1616_v_x_y_a       0x00d13e         Code  Gb  move.o [4]
?mul16_x_x_w0           0x00c27c         Code  Gb  short.o [4]
?pop_l0                 0x00b0d6         Code  Gb  vreg_util.o [4]
?pop_l1                 0x00b0e1         Code  Gb  vreg_util.o [4]
?pop_l2                 0x00b0ec         Code  Gb  vreg_util.o [4]
?pop_l3                 0x00b0f7         Code  Gb  vreg_util.o [4]
?pop_w4                 0x00b088         Code  Gb  vreg_util.o [4]
?pop_w6                 0x00b08f         Code  Gb  vreg_util.o [4]
?pop_w7                 0x00b096         Code  Gb  vreg_util.o [4]
?push_l0                0x00b0a5         Code  Gb  vreg_util.o [4]
?push_l1                0x00b0aa         Code  Gb  vreg_util.o [4]
?push_l2                0x00b0af         Code  Gb  vreg_util.o [4]
?push_l3                0x00b0b4         Code  Gb  vreg_util.o [4]
?push_w4                0x00b066         Code  Gb  vreg_util.o [4]
?push_w6                0x00b06b         Code  Gb  vreg_util.o [4]
?push_w7                0x00b070         Code  Gb  vreg_util.o [4]
?sdiv16_x_x_y           0x00c29a         Code  Gb  short.o [4]
?sext16_x_a             0x00c2d8         Code  Gb  short.o [4]
?sext32_l0_x            0x00bad6         Code  Gb  long.o [4]
?sll16_x_x_a            0x00c2c3         Code  Gb  short.o [4]
?sll8_a_a_5             0x00d224         Code  Gb  char.o [4]
?smod16_y_x_y           0x00c2b3         Code  Gb  short.o [4]
?srl16_x_x_10           0x00c2cd         Code  Gb  short.o [4]
?srl16_x_x_11           0x00c2cc         Code  Gb  short.o [4]
?srl16_x_x_12           0x00c2cb         Code  Gb  short.o [4]
?srl16_x_x_4            0x00c2d3         Code  Gb  short.o [4]
?srl16_x_x_5            0x00c2d2         Code  Gb  short.o [4]
?srl16_x_x_6            0x00c2d1         Code  Gb  short.o [4]
?srl16_x_x_7            0x00c2d0         Code  Gb  short.o [4]
?srl16_x_x_8            0x00c2cf         Code  Gb  short.o [4]
?srl16_x_x_9            0x00c2ce         Code  Gb  short.o [4]
?srl8_a_a_5             0x00d229         Code  Gb  char.o [4]
?ucmp32_c_l0_0x         0x00babb         Code  Gb  long.o [4]
?ucmp32_c_l0_l1         0x00bacb         Code  Gb  long.o [4]
?udiv32_l0_l0_dl        0x00ba4b         Code  Gb  long.o [4]
?udiv32_l0_l0_l1        0x00ba4e         Code  Gb  long.o [4]
?umod32_l1_l0_l1        0x00ba4e         Code  Gb  long.o [4]
?w0                     0x000000         Data  Gb  vregs.o [4]
?w1                     0x000002         Data  Gb  vregs.o [4]
?w2                     0x000004         Data  Gb  vregs.o [4]
?w3                     0x000006         Data  Gb  vregs.o [4]
?w4                     0x000008         Data  Gb  vregs.o [4]
?w5                     0x00000a         Data  Gb  vregs.o [4]
?w6                     0x00000c         Data  Gb  vregs.o [4]
?w7                     0x00000e         Data  Gb  vregs.o [4]
ADC1_COMP_IRQHandler    0x00d304    0x1  Code  Gb  stm8l15x_it.o [1]
ADC_ChannelCmd          0x00c751   0x4e  Code  Gb  stm8l15x_adc.o [1]
ADC_ClearFlag           0x00d131    0xd  Code  Gb  stm8l15x_adc.o [1]
ADC_Cmd                 0x00d08f   0x11  Code  Gb  stm8l15x_adc.o [1]
ADC_GetConversionValue  0x00cd03   0x28  Code  Gb  stm8l15x_adc.o [1]
ADC_GetFlagStatus       0x00ce66   0x1e  Code  Gb  stm8l15x_adc.o [1]
ADC_Init                0x00cbcf   0x2f  Code  Gb  stm8l15x_adc.o [1]
ADC_SamplingTimeConfig  0x00c6b1   0x50  Code  Gb  stm8l15x_adc.o [1]
ADC_SoftwareStartConv   0x00d2ac    0x5  Code  Gb  stm8l15x_adc.o [1]
ADC_VrefintCmd          0x00d0ec    0xe  Code  Gb  stm8l15x_adc.o [1]
ASCLL_to_Int            0x00c835   0x46  Code  Gb  Globaldata.o [1]
Alarm_Interrupt         0x00cd2b   0x27  Code  Gb  rtc.o [1]
BC95                    0x000219  0x130  Data  Gb  BC95.o [1]
BC95_Data_Send          0x00cde9   0x20  Code  Gb  BC95.o [1]
BC95_Delay_CallBack     0x00d2a7    0x5  Code  Gb  BC95.o [1]
BC95_Power_Off          0x00c87b   0x45  Code  Gb  BC95.o [1]
BC95_Power_On           0x00cba0   0x2f  Code  Gb  BC95.o [1]
BC95_Process            0x008ba3  0x906  Code  Gb  BC95.o [1]
BC95_Reset              0x00d07e   0x11  Code  Gb  BC95.o [1]
BC95_Timeout_CallBack   0x00c98e   0x43  Code  Gb  BC95.o [1]
Bcd2ToByte              0x00cebd   0x1b  Code  Lc  stm8l15x_rtc.o [1]
ByteToBcd2              0x00ce09   0x20  Code  Lc  stm8l15x_rtc.o [1]
CLK_GetClockFreq        0x00bfcc   0x93  Code  Gb  stm8l15x_clk.o [1]
CLK_GetFlagStatus       0x00bd78   0x99  Code  Gb  stm8l15x_clk.o [1]
CLK_HSICmd              0x00d0fa    0xe  Code  Gb  stm8l15x_clk.o [1]
CLK_LSEConfig           0x00d058   0x13  Code  Gb  stm8l15x_clk.o [1]
CLK_PeripheralClockConfig
                        0x00c0ee   0x8e  Code  Gb  stm8l15x_clk.o [1]
CLK_RTCClockConfig      0x00d21a    0xa  Code  Gb  stm8l15x_clk.o [1]
CLK_SYSCLKDivConfig     0x00d2d3    0x4  Code  Gb  stm8l15x_clk.o [1]
CLK_SYSCLKSourceConfig  0x00d2cf    0x4  Code  Gb  stm8l15x_clk.o [1]
CSTACK$$Base            0x000f00          --   Gb  - Linker created -
CSTACK$$Limit           0x001000          --   Gb  - Linker created -
Cal                     0x000414    0x7  Data  Gb  Pulse_Acquire.o [1]
Clear_History_Data_Info
                        0x00cbfe   0x2e  Code  Gb  Save.o [1]
Create_Timer            0x00b2a5  0x105  Code  Gb  Sys_Timer.o [1]
DMA1_CHANNEL0_1_IRQHandler
                        0x00d2f7    0x1  Code  Gb  stm8l15x_it.o [1]
DMA1_CHANNEL2_3_IRQHandler
                        0x00d2f8    0x1  Code  Gb  stm8l15x_it.o [1]
Delete_Timer            0x00c701   0x50  Code  Gb  Sys_Timer.o [1]
EXTI0_IRQHandler        0x00cfb0   0x16  Code  Gb  stm8l15x_it.o [1]
EXTI1_IRQHandler        0x00d2fb    0x1  Code  Gb  stm8l15x_it.o [1]
EXTI2_IRQHandler        0x00d2fc    0x1  Code  Gb  stm8l15x_it.o [1]
EXTI3_IRQHandler        0x00d2fd    0x1  Code  Gb  stm8l15x_it.o [1]
EXTI4_IRQHandler        0x00d2fe    0x1  Code  Gb  stm8l15x_it.o [1]
EXTI5_IRQHandler        0x00d2ff    0x1  Code  Gb  stm8l15x_it.o [1]
EXTI6_IRQHandler        0x00d300    0x1  Code  Gb  stm8l15x_it.o [1]
EXTI7_IRQHandler        0x00d301    0x1  Code  Gb  stm8l15x_it.o [1]
EXTIB_G_IRQHandler      0x00d2fa    0x1  Code  Gb  stm8l15x_it.o [1]
EXTID_H_IRQHandler      0x00cf9a   0x16  Code  Gb  stm8l15x_it.o [1]
EXTIE_F_PVD_IRQHandler  0x00d2f9    0x1  Code  Gb  stm8l15x_it.o [1]
EXTI_ClearITPendingBit  0x00cdbf   0x22  Code  Gb  stm8l15x_exti.o [1]
EXTI_SelectPort         0x00cb38   0x36  Code  Gb  stm8l15x_exti.o [1]
EXTI_SetHalfPortSelection
                        0x00ca10   0x3f  Code  Gb  stm8l15x_exti.o [1]
EXTI_SetPinSensitivity  0x00b186  0x11f  Code  Gb  stm8l15x_exti.o [1]
EXTI_SetPortSensitivity
                        0x00c560   0x55  Code  Gb  stm8l15x_exti.o [1]
Exti0_Interrupt         0x00cd52   0x25  Code  Gb  Pulse_Acquire.o [1]
ExtiD_Interrupt         0x00b583   0xdc  Code  Gb  Pulse_Acquire.o [1]
FLASH_GetFlagStatus     0x00cf24   0x19  Code  Gb  stm8l15x_flash.o [1]
FLASH_IRQHandler        0x00d2f6    0x1  Code  Gb  stm8l15x_it.o [1]
FLASH_Lock              0x00d1ef    0xb  Code  Gb  stm8l15x_flash.o [1]
FLASH_ProgramByte       0x00d1fa    0xb  Code  Gb  stm8l15x_flash.o [1]
FLASH_ReadByte          0x00d2b1    0x5  Code  Gb  stm8l15x_flash.o [1]
FLASH_Unlock            0x00cf0b   0x19  Code  Gb  stm8l15x_flash.o [1]
Free_Uart2              0x00d01c   0x15  Code  Gb  uart.o [1]
GMT_to_BT               0x00a5bc  0x200  Code  Gb  rtc.o [1]
GPIO_Configuration      0x00c7ec   0x49  Code  Gb  mcu_init.o [1]
GPIO_Init               0x00b984   0xaf  Code  Gb  stm8l15x_gpio.o [1]
GPIO_ReadInputDataBit   0x00d25b    0x9  Code  Gb  stm8l15x_gpio.o [1]
GPIO_ResetBits          0x00d264    0x8  Code  Gb  stm8l15x_gpio.o [1]
GPIO_SetBits            0x00d290    0x7  Code  Gb  stm8l15x_gpio.o [1]
HistoryData             0x000423    0x3  Data  Gb  Globaldata.o [1]
I2C1_SPI2_IRQHandler    0x00d30d    0x1  Code  Gb  stm8l15x_it.o [1]
INTVEC$$Base            0x008000          --   Gb  - Linker created -
INTVEC$$Limit           0x008080          --   Gb  - Linker created -
ITC_SetSoftwarePriority
                        0x00ac6d  0x15b  Code  Gb  stm8l15x_itc.o [1]
IWDG_Enable             0x00d2bb    0x5  Code  Gb  stm8l15x_iwdg.o [1]
IWDG_INIT               0x00cf84   0x16  Code  Gb  main.o [1]
IWDG_ReloadCounter      0x00d2b6    0x5  Code  Gb  stm8l15x_iwdg.o [1]
IWDG_SetPrescaler       0x00d2db    0x4  Code  Gb  stm8l15x_iwdg.o [1]
IWDG_SetReload          0x00d2df    0x4  Code  Gb  stm8l15x_iwdg.o [1]
IWDG_WriteAccessCmd     0x00d2d7    0x4  Code  Gb  stm8l15x_iwdg.o [1]
Int_to_ASCLL            0x00cea2   0x1b  Code  Gb  Globaldata.o [1]
LCD_AES_IRQHandler      0x00d302    0x1  Code  Gb  stm8l15x_it.o [1]
Magnetic_Interference_Detection
                        0x00cc85   0x2b  Code  Gb  Pulse_Acquire.o [1]
MeterParameter          0x0003e9   0x2b  Data  Gb  Globaldata.o [1]
PWR_FastWakeUpCmd       0x00d108    0xe  Code  Gb  stm8l15x_pwr.o [1]
PWR_UltraLowPowerCmd    0x00d116    0xe  Code  Gb  stm8l15x_pwr.o [1]
Pulse_Acquire_Config    0x00c340   0x5f  Code  Gb  Pulse_Acquire.o [1]
RCC_Configuration       0x00d210    0xa  Code  Gb  mcu_init.o [1]
RTC_AlarmCmd            0x00c60a   0x55  Code  Gb  stm8l15x_rtc.o [1]
RTC_CSSLSE_IRQHandler   0x00cf3d   0x19  Code  Gb  stm8l15x_it.o [1]
RTC_ClearITPendingBit   0x00d1b7    0xc  Code  Gb  stm8l15x_rtc.o [1]
RTC_DateStr             0x00041f    0x4  Data  Gb  Globaldata.o [1]
RTC_EnterInitMode       0x00cc59   0x2c  Code  Gb  stm8l15x_rtc.o [1]
RTC_GetDate             0x00c459   0x5c  Code  Gb  stm8l15x_rtc.o [1]
RTC_GetITStatus         0x00cc2c   0x2d  Code  Gb  stm8l15x_rtc.o [1]
RTC_GetTime             0x00c5b5   0x55  Code  Gb  stm8l15x_rtc.o [1]
RTC_ITConfig            0x00ca8d   0x3b  Code  Gb  stm8l15x_rtc.o [1]
RTC_Init                0x00c3fd   0x5c  Code  Gb  stm8l15x_rtc.o [1]
RTC_SetAlarm            0x00adc8  0x152  Code  Gb  stm8l15x_rtc.o [1]
RTC_SetDate             0x00b8cd   0xb7  Code  Gb  stm8l15x_rtc.o [1]
RTC_SetTime             0x00bb8d   0xab  Code  Gb  stm8l15x_rtc.o [1]
RTC_SetWakeUpCounter    0x00d007   0x15  Code  Gb  stm8l15x_rtc.o [1]
RTC_TimeStr             0x00041b    0x4  Data  Gb  Globaldata.o [1]
RTC_WaitForSynchro      0x00cb01   0x37  Code  Gb  stm8l15x_rtc.o [1]
RTC_WakeUpClockConfig   0x00cd9c   0x23  Code  Gb  stm8l15x_rtc.o [1]
RTC_WakeUpCmd           0x00c905   0x45  Code  Gb  stm8l15x_rtc.o [1]
Read_ACUM_Flow          0x00d0cf    0xf  Code  Gb  Save.o [1]
Read_History_Data       0x00c8c0   0x45  Code  Gb  Save.o [1]
Read_Meter_Parameter    0x00be11   0x94  Code  Gb  Save.o [1]
Read_Temp               0x00b3aa   0xf5  Code  Gb  Temperature.o [1]
Read_Voltage            0x00bcda   0x9e  Code  Gb  mcu_init.o [1]
Recv_Data_Process       0x009c9a  0x68f  Code  Gb  BC95.o [1]
Region$$Table$$Base     0x00cde1          --   Gb  - Linker created -
Region$$Table$$Limit    0x00cde9          --   Gb  - Linker created -
Report_All_Parameters   0x008080  0xb23  Code  Gb  BC95.o [1]
Report_HC_Flow          0x0094a9  0x7f1  Code  Gb  BC95.o [1]
Report_History_Data     0x00a7bc  0x19a  Code  Gb  BC95.o [1]
Rtc_Config              0x00c39f   0x5e  Code  Gb  rtc.o [1]
SPI1_IRQHandler         0x00d30a    0x1  Code  Gb  stm8l15x_it.o [1]
SWITCH_CSS_BREAK_DAC_IRQHandler
                        0x00d303    0x1  Code  Gb  stm8l15x_it.o [1]
SYSDivFactor            0x00d2a2    0x5  Data  Gb  stm8l15x_clk.o [1]
Save_Add_Flow           0x00cff2   0x15  Code  Gb  Save.o [1]
Save_BC95_Error_Record  0x00cef2   0x19  Code  Gb  Save.o [1]
Save_History_Data       0x00b49f   0xe4  Code  Gb  Save.o [1]
Save_Meter_Parameter    0x00c50b   0x55  Code  Gb  Save.o [1]
Save_SDCF_Flow          0x00b65f   0xd3  Code  Gb  Save.o [1]
Send_Data_Process       0x00bf39   0x93  Code  Gb  BC95.o [1]
Set_Alarm               0x00cac8   0x39  Code  Gb  rtc.o [1]
Sleep                   0x00d0b0   0x10  Code  Gb  main.o [1]
SysTick_Handler         0x00a956  0x192  Code  Gb  Sys_Timer.o [1]
Sys_Timer               0x000349   0xa0  Data  Lc  Sys_Timer.o [1]
Sys_Timer_Process       0x00c79f   0x4d  Code  Gb  Sys_Timer.o [1]
TIM1_CC_IRQHandler      0x00d308    0x1  Code  Gb  stm8l15x_it.o [1]
TIM1_UPD_OVF_TRG_COM_IRQHandler
                        0x00d307    0x1  Code  Gb  stm8l15x_it.o [1]
TIM2_CC_USART2_RX_IRQHandler
                        0x00cfdc   0x16  Code  Gb  stm8l15x_it.o [1]
TIM2_UPD_OVF_TRG_BRK_USART2_TX_IRQHandler
                        0x00cfc6   0x16  Code  Gb  stm8l15x_it.o [1]
TIM3_CC_USART3_RX_IRQHandler
                        0x00d306    0x1  Code  Gb  stm8l15x_it.o [1]
TIM3_UPD_OVF_TRG_BRK_USART3_TX_IRQHandler
                        0x00d305    0x1  Code  Gb  stm8l15x_it.o [1]
TIM4_UPD_OVF_TRG_IRQHandler
                        0x00d309    0x1  Code  Gb  stm8l15x_it.o [1]
TRAP_IRQHandler         0x00d2f5    0x1  Code  Gb  stm8l15x_it.o [1]
Temp_Table              0x00af1a  0x14c  Data  Gb  Temperature.o [1]
USART1_RX_TIM5_CC_IRQHandler
                        0x00d30c    0x1  Code  Gb  stm8l15x_it.o [1]
USART1_TX_TIM5_UPD_OVF_TRG_BRK_IRQHandler
                        0x00d30b    0x1  Code  Gb  stm8l15x_it.o [1]
USART2_Configuration    0x00c2df   0x61  Code  Gb  mcu_init.o [1]
USART2_IRQHandler       0x00c05f   0x8f  Code  Gb  uart.o [1]
USART2_TX_IRQHandler    0x00c4b5   0x56  Code  Gb  uart.o [1]
USART_ClearITPendingBit
                        0x00d2c5    0x5  Code  Gb  stm8l15x_usart.o [1]
USART_Cmd               0x00ccb0   0x2b  Code  Gb  stm8l15x_usart.o [1]
USART_DeInit            0x00ca4f   0x3e  Code  Gb  stm8l15x_usart.o [1]
USART_GetITStatus       0x00bae1   0xac  Code  Gb  stm8l15x_usart.o [1]
USART_ITConfig          0x00bea5   0x94  Code  Gb  stm8l15x_usart.o [1]
USART_Init              0x00b732   0xd3  Code  Gb  stm8l15x_usart.o [1]
USART_ReceiveData8      0x00d2c0    0x5  Code  Gb  stm8l15x_usart.o [1]
USART_SendData8         0x00d26c    0x8  Code  Gb  stm8l15x_usart.o [1]
Uart2                   0x000010  0x209  Data  Gb  uart.o [1]
Uart2_Receive           0x00cb6e   0x32  Code  Gb  uart.o [1]
Uart2_Send              0x00c1fc   0x80  Code  Gb  uart.o [1]
Wake_Interrupt          0x00aae8  0x185  Code  Gb  rtc.o [1]
WriteRom                0x00bc38   0xa2  Code  Gb  Save.o [1]
__DebugBreak            0x00d30e    0x1  Code  Gb  __dbg_break.o [3]
__exit                  0x00d031   0x14  Code  Gb  __dbg_xxexit.o [3]
__iar_Strstr            0x00c94a   0x44  Code  Gb  strstr.o [4]
__iar_data_init2        0x00cf6d   0x17  Code  Gb  init.o [4]
__iar_program_start     0x00d06b         Code  Gb  cstartup.o [4]
__iar_unhandled_exception
                        0x00d2f2         Code  Gb  unhandled_exception.o [4]
__iar_zero_init2        0x00ce84         Code  Gb  init_small.o [4]
__intvec                0x008000         Data  Gb  interrupt.o [4]
__low_level_init        0x00d2ec    0x3  Code  Gb  low_level_init.o [4]
_exit                   0x00d2ca         Code  Gb  cexit.o [4]
_interrupt_1            0x00d2f5         Code  Gb  stm8l15x_it.o [1]
_interrupt_10           0x00cfb0         Code  Gb  stm8l15x_it.o [1]
_interrupt_11           0x00d2fb         Code  Gb  stm8l15x_it.o [1]
_interrupt_12           0x00d2fc         Code  Gb  stm8l15x_it.o [1]
_interrupt_13           0x00d2fd         Code  Gb  stm8l15x_it.o [1]
_interrupt_14           0x00d2fe         Code  Gb  stm8l15x_it.o [1]
_interrupt_15           0x00d2ff         Code  Gb  stm8l15x_it.o [1]
_interrupt_16           0x00d300         Code  Gb  stm8l15x_it.o [1]
_interrupt_17           0x00d301         Code  Gb  stm8l15x_it.o [1]
_interrupt_18           0x00d302         Code  Gb  stm8l15x_it.o [1]
_interrupt_19           0x00d303         Code  Gb  stm8l15x_it.o [1]
_interrupt_20           0x00d304         Code  Gb  stm8l15x_it.o [1]
_interrupt_21           0x00cfc6         Code  Gb  stm8l15x_it.o [1]
_interrupt_22           0x00cfdc         Code  Gb  stm8l15x_it.o [1]
_interrupt_23           0x00d305         Code  Gb  stm8l15x_it.o [1]
_interrupt_24           0x00d306         Code  Gb  stm8l15x_it.o [1]
_interrupt_25           0x00d307         Code  Gb  stm8l15x_it.o [1]
_interrupt_26           0x00d308         Code  Gb  stm8l15x_it.o [1]
_interrupt_27           0x00d309         Code  Gb  stm8l15x_it.o [1]
_interrupt_28           0x00d30a         Code  Gb  stm8l15x_it.o [1]
_interrupt_29           0x00d30b         Code  Gb  stm8l15x_it.o [1]
_interrupt_3            0x00d2f6         Code  Gb  stm8l15x_it.o [1]
_interrupt_30           0x00d30c         Code  Gb  stm8l15x_it.o [1]
_interrupt_31           0x00d30d         Code  Gb  stm8l15x_it.o [1]
_interrupt_4            0x00d2f7         Code  Gb  stm8l15x_it.o [1]
_interrupt_5            0x00d2f8         Code  Gb  stm8l15x_it.o [1]
_interrupt_6            0x00cf3d         Code  Gb  stm8l15x_it.o [1]
_interrupt_7            0x00d2f9         Code  Gb  stm8l15x_it.o [1]
_interrupt_8            0x00d2fa         Code  Gb  stm8l15x_it.o [1]
_interrupt_9            0x00cf9a         Code  Gb  stm8l15x_it.o [1]
abs                     0x00d205    0xb  Code  Gb  abs.o [4]
exit                    0x00d2ef    0x3  Code  Gb  exit.o [4]
main                    0x00c9d1   0x3f  Code  Gb  main.o [1]
memcpy                  0x00cd77   0x25  Code  Gb  memcpy.o [4]
memset                  0x00cf56   0x17  Code  Gb  memset.o [4]
strstr                  0x00d045   0x13  Code  Gb  BC95.o [1]


[1] = F:\0中科君达\0项目\NB水表\软件\NB-IOT程序(BC95-B5)\PROJECT\Debug\Obj
[2] = command line
[3] = dbgstm8smd.a
[4] = dlstm8smn.a

  20 061 bytes of readonly  code memory
   1 202 bytes of readonly  data memory
   1 319 bytes of readwrite data memory

Errors: none
Warnings: none
