###############################################################################
#
# IAR ELF Linker V2.20.1.176 for STM8                     03/Aug/2018  14:47:30
# Copyright 2010-2015 IAR Systems AB.
#
#    Output file  =  
#        F:\0中科君达\0项目\NB水表\软件\NB-IOT程序V1.0\project\Debug\Exe\project.out
#    Map file     =  
#        F:\0中科君达\0项目\NB水表\软件\NB-IOT程序V1.0\project\Debug\List\project.map
#    Command line =  
#        F:\0中科君达\0项目\NB水表\软件\NB-IOT程序V1.0\project\Debug\Obj\BC95.o
#        F:\0中科君达\0项目\NB水表\软件\NB-IOT程序V1.0\project\Debug\Obj\Globaldata.o
#        F:\0中科君达\0项目\NB水表\软件\NB-IOT程序V1.0\project\Debug\Obj\main.o
#        F:\0中科君达\0项目\NB水表\软件\NB-IOT程序V1.0\project\Debug\Obj\mcu_init.o
#        F:\0中科君达\0项目\NB水表\软件\NB-IOT程序V1.0\project\Debug\Obj\Pulse_Acquire.o
#        F:\0中科君达\0项目\NB水表\软件\NB-IOT程序V1.0\project\Debug\Obj\rtc.o
#        F:\0中科君达\0项目\NB水表\软件\NB-IOT程序V1.0\project\Debug\Obj\Save.o
#        F:\0中科君达\0项目\NB水表\软件\NB-IOT程序V1.0\project\Debug\Obj\stm8l15x_adc.o
#        F:\0中科君达\0项目\NB水表\软件\NB-IOT程序V1.0\project\Debug\Obj\stm8l15x_clk.o
#        F:\0中科君达\0项目\NB水表\软件\NB-IOT程序V1.0\project\Debug\Obj\stm8l15x_exti.o
#        F:\0中科君达\0项目\NB水表\软件\NB-IOT程序V1.0\project\Debug\Obj\stm8l15x_flash.o
#        F:\0中科君达\0项目\NB水表\软件\NB-IOT程序V1.0\project\Debug\Obj\stm8l15x_gpio.o
#        F:\0中科君达\0项目\NB水表\软件\NB-IOT程序V1.0\project\Debug\Obj\stm8l15x_it.o
#        F:\0中科君达\0项目\NB水表\软件\NB-IOT程序V1.0\project\Debug\Obj\stm8l15x_itc.o
#        F:\0中科君达\0项目\NB水表\软件\NB-IOT程序V1.0\project\Debug\Obj\stm8l15x_iwdg.o
#        F:\0中科君达\0项目\NB水表\软件\NB-IOT程序V1.0\project\Debug\Obj\stm8l15x_pwr.o
#        F:\0中科君达\0项目\NB水表\软件\NB-IOT程序V1.0\project\Debug\Obj\stm8l15x_rst.o
#        F:\0中科君达\0项目\NB水表\软件\NB-IOT程序V1.0\project\Debug\Obj\stm8l15x_rtc.o
#        F:\0中科君达\0项目\NB水表\软件\NB-IOT程序V1.0\project\Debug\Obj\stm8l15x_syscfg.o
#        F:\0中科君达\0项目\NB水表\软件\NB-IOT程序V1.0\project\Debug\Obj\stm8l15x_usart.o
#        F:\0中科君达\0项目\NB水表\软件\NB-IOT程序V1.0\project\Debug\Obj\stm8l15x_wfe.o
#        F:\0中科君达\0项目\NB水表\软件\NB-IOT程序V1.0\project\Debug\Obj\stm8l15x_wwdg.o
#        F:\0中科君达\0项目\NB水表\软件\NB-IOT程序V1.0\project\Debug\Obj\Sys_Timer.o
#        F:\0中科君达\0项目\NB水表\软件\NB-IOT程序V1.0\project\Debug\Obj\Temperature.o
#        F:\0中科君达\0项目\NB水表\软件\NB-IOT程序V1.0\project\Debug\Obj\uart.o
#        --redirect _Printf=_PrintfSmall --redirect _Scanf=_ScanfSmall -o
#        F:\0中科君达\0项目\NB水表\软件\NB-IOT程序V1.0\project\Debug\Exe\project.out
#        --map
#        F:\0中科君达\0项目\NB水表\软件\NB-IOT程序V1.0\project\Debug\List\project.map
#        --config "D:\IAR for STM8\stm8\config\lnkstm8l151c8.icf" --config_def
#        _CSTACK_SIZE=0x100 --config_def _HEAP_SIZE=0x100 --entry
#        __iar_program_start --debug_lib
#
###############################################################################

*******************************************************************************
*** RUNTIME MODEL ATTRIBUTES
***

__SystemLibrary            = DLib
__code_model               = small
__core                     = stm8
__data_model               = medium
__dlib_file_descriptor     = 0
__dlib_full_locale_support = 0
__rt_version               = 4


*******************************************************************************
*** PLACEMENT SUMMARY
***

"A1":  place at start of [0x000000-0x0000ff] { rw section .vregs };
"A2":  place at end of [0x000000-0x000fff] { block CSTACK };
"P2":  place in [from 0x000000 to 0x000fff] {
          block HEAP, rw section __DLIB_PERTHREAD, rw section .far.bss,
          rw section .far.data, rw section .far.noinit,
          rw section .far_func.textrw, rw section .huge.bss,
          rw section .huge.data, rw section .huge.noinit,
          rw section .huge_func.textrw, rw section .iar.dynexit,
          rw section .near.bss, rw section .near.data, rw section .near.noinit,
          rw section .near_func.textrw };
"A3":  place at start of [0x008000-0x00ffff] { block INTVEC };
"P3":  place in [from 0x008000 to 0x00ffff] {
          ro section __DLIB_PERTHREAD_init, ro section .far.data_init,
          ro section .far_func.textrw_init, ro section .huge.data_init,
          ro section .huge_func.textrw_init, ro section .iar.init_table,
          ro section .init_array, ro section .near.data_init,
          ro section .near.rodata, ro section .near_func.text,
          ro section .near_func.textrw_init, ro section .tiny.data_init,
          ro section .tiny.rodata_init };

  Section          Kind      Address    Size  Object
  -------          ----      -------    ----  ------
"A1":                                   0x10
  .vregs           uninit   0x000000    0x10  vregs.o [4]
                          - 0x000010    0x10

"P2":                                  0x66c
  .near.bss        zero     0x000010   0x2d1  uart.o [1]
  .near.bss        zero     0x0002e1   0x2c7  BC95.o [1]
  .near.bss        zero     0x0005a8    0xa0  Sys_Timer.o [1]
  .near.bss        zero     0x000648     0x7  Globaldata.o [1]
  .near.bss        zero     0x00064f     0x7  Pulse_Acquire.o [1]
  .near.bss        zero     0x000656     0x7  rtc.o [1]
  .near.bss        zero     0x00065d     0x4  Globaldata.o [1]
  .near.bss        zero     0x000661     0x4  Globaldata.o [1]
  .near.bss        zero     0x000665     0x4  rtc.o [1]
  .near.bss        zero     0x000669     0x4  rtc.o [1]
  .near.bss        zero     0x00066d     0x2  Globaldata.o [1]
  .near.bss        zero     0x00066f     0x2  Globaldata.o [1]
  .near.bss        zero     0x000671     0x2  Globaldata.o [1]
  .near.bss        zero     0x000673     0x2  rtc.o [1]
  .near.bss        zero     0x000675     0x1  Globaldata.o [1]
  .near.bss        zero     0x000676     0x1  Globaldata.o [1]
  .near.bss        zero     0x000677     0x1  Globaldata.o [1]
  .near.bss        zero     0x000678     0x1  Globaldata.o [1]
  .near.bss        zero     0x000679     0x1  Globaldata.o [1]
  .near.bss        zero     0x00067a     0x1  Globaldata.o [1]
  .near.bss        zero     0x00067b     0x1  Sys_Timer.o [1]
                          - 0x00067c   0x66c

"A2":                                  0x100
  CSTACK                    0x000f00   0x100  <Block>
    CSTACK         uninit   0x000f00   0x100  <Block tail>
                          - 0x001000   0x100

"A3":                                   0x80
  INTVEC                    0x008000    0x80  <Block>
    .intvec        const    0x008000    0x80  interrupt.o [4]
                          - 0x008080    0x80

"P3":                                 0x4e30
  .near_func.text  ro code  0x008080   0xb94  BC95.o [1]
  .near_func.text  ro code  0x008c14   0x7f1  BC95.o [1]
  .near_func.text  ro code  0x009405   0x657  BC95.o [1]
  .near_func.text  ro code  0x009a5c   0x5a9  BC95.o [1]
  .near_func.text  ro code  0x00a005   0x293  float.o [4]
  .near_func.text  ro code  0x00a298   0x200  rtc.o [1]
  .near_func.text  ro code  0x00a498   0x192  Sys_Timer.o [1]
  .near_func.text  ro code  0x00a62a   0x15b  stm8l15x_itc.o [1]
  .near_func.text  ro code  0x00a785   0x152  stm8l15x_rtc.o [1]
  .near.rodata     const    0x00a8d7   0x14c  Temperature.o [1]
  .near_func.text  ro code  0x00aa23   0x140  Pulse_Acquire.o [1]
  .near_func.text  ro code  0x00ab63   0x11f  stm8l15x_exti.o [1]
  .near_func.text  ro code  0x00ac82   0x119  vreg_util.o [4]
  .near_func.text  ro code  0x00ad9b   0x105  Sys_Timer.o [1]
  .near_func.text  ro code  0x00aea0    0xd3  Save.o [1]
  .near_func.text  ro code  0x00af73    0xd3  stm8l15x_usart.o [1]
  .near_func.text  ro code  0x00b046    0xca  Temperature.o [1]
  .near.rodata     const    0x00b110    0xc8  BC95.o [1]
  .near_func.text  ro code  0x00b1d8    0xc0  main.o [1]
  .near_func.text  ro code  0x00b298    0xbd  Save.o [1]
  .near_func.text  ro code  0x00b355    0xb7  stm8l15x_rtc.o [1]
  .near_func.text  ro code  0x00b40c    0xaf  stm8l15x_gpio.o [1]
  .near_func.text  ro code  0x00b4bb    0xac  rtc.o [1]
  .near_func.text  ro code  0x00b567    0xac  stm8l15x_usart.o [1]
  .near_func.text  ro code  0x00b613    0xab  stm8l15x_rtc.o [1]
  .near_func.text  ro code  0x00b6be    0xa5  mcu_init.o [1]
  .near_func.text  ro code  0x00b763    0xa3  long.o [4]
  .near_func.text  ro code  0x00b806    0xa2  Save.o [1]
  .near_func.text  ro code  0x00b8a8    0x99  stm8l15x_clk.o [1]
  .near_func.text  ro code  0x00b941    0x95  Save.o [1]
  .near_func.text  ro code  0x00b9d6    0x94  stm8l15x_usart.o [1]
  .near_func.text  ro code  0x00ba6a    0x93  stm8l15x_clk.o [1]
  .near_func.text  ro code  0x00bafd    0x8f  uart.o [1]
  .near_func.text  ro code  0x00bb8c    0x8e  stm8l15x_clk.o [1]
  .near_func.text  ro code  0x00bc1a    0x8a  BC95.o [1]
  .near_func.text  ro code  0x00bca4    0x88  uart.o [1]
  .near.rodata     const    0x00bd2c    0x80  BC95.o [1]
  .near_func.text  ro code  0x00bdac    0x75  main.o [1]
  .near_func.text  ro code  0x00be21    0x63  long_util.o [4]
  .near_func.text  ro code  0x00be84    0x61  mcu_init.o [1]
  .near_func.text  ro code  0x00bee5    0x5f  Pulse_Acquire.o [1]
  .near_func.text  ro code  0x00bf44    0x5e  rtc.o [1]
  .near_func.text  ro code  0x00bfa2    0x5c  stm8l15x_rtc.o [1]
  .near_func.text  ro code  0x00bffe    0x5c  stm8l15x_rtc.o [1]
  .near_func.text  ro code  0x00c05a    0x56  uart.o [1]
  .near_func.text  ro code  0x00c0b0    0x55  stm8l15x_exti.o [1]
  .near_func.text  ro code  0x00c105    0x55  stm8l15x_rtc.o [1]
  .near_func.text  ro code  0x00c15a    0x55  stm8l15x_rtc.o [1]
  .near_func.text  ro code  0x00c1af    0x50  stm8l15x_adc.o [1]
  .near_func.text  ro code  0x00c1ff    0x50  Sys_Timer.o [1]
  .near_func.text  ro code  0x00c24f    0x4e  stm8l15x_adc.o [1]
  .near_func.text  ro code  0x00c29d    0x4d  Sys_Timer.o [1]
  .near_func.text  ro code  0x00c2ea    0x4a  short.o [4]
  .near_func.text  ro code  0x00c334    0x49  mcu_init.o [1]
  .near_func.text  ro code  0x00c37d    0x46  Globaldata.o [1]
  .near_func.text  ro code  0x00c3c3    0x45  stm8l15x_rtc.o [1]
  .near_func.text  ro code  0x00c408    0x44  strstr.o [4]
  .near_func.text  ro code  0x00c44c    0x42  BC95.o [1]
  .near.rodata     const    0x00c48e    0x40  BC95.o [1]
  .near_func.text  ro code  0x00c4ce    0x3f  stm8l15x_exti.o [1]
  .near_func.text  ro code  0x00c50d    0x3e  stm8l15x_usart.o [1]
  .near_func.text  ro code  0x00c54b    0x3b  stm8l15x_rtc.o [1]
  .near_func.text  ro code  0x00c586    0x38  Save.o [1]
  .near_func.text  ro code  0x00c5be    0x37  stm8l15x_rtc.o [1]
  .near_func.text  ro code  0x00c5f5    0x36  rtc.o [1]
  .near_func.text  ro code  0x00c62b    0x36  stm8l15x_exti.o [1]
  .near_func.text  ro code  0x00c661    0x32  uart.o [1]
  .near_func.text  ro code  0x00c693    0x2f  stm8l15x_adc.o [1]
  .near_func.text  ro code  0x00c6c2    0x2d  stm8l15x_rtc.o [1]
  .near_func.text  ro code  0x00c6ef    0x2c  stm8l15x_rtc.o [1]
  .near_func.text  ro code  0x00c71b    0x2b  stm8l15x_usart.o [1]
  .near_func.text  ro code  0x00c746    0x2a  rtc.o [1]
  .near_func.text  ro code  0x00c770    0x29  rtc.o [1]
  .near_func.text  ro code  0x00c799    0x28  BC95.o [1]
  .near_func.text  ro code  0x00c7c1    0x28  rtc.o [1]
  .near_func.text  ro code  0x00c7e9    0x28  stm8l15x_adc.o [1]
  .near_func.text  ro code  0x00c811    0x25  BC95.o [1]
  .near_func.text  ro code  0x00c836    0x25  Pulse_Acquire.o [1]
  .near_func.text  ro code  0x00c85b    0x25  memcpy.o [4]
  .near_func.text  ro code  0x00c880    0x24  Save.o [1]
  .near_func.text  ro code  0x00c8a4    0x23  Globaldata.o [1]
  .near_func.text  ro code  0x00c8c7    0x23  stm8l15x_rtc.o [1]
  .near_func.text  ro code  0x00c8ea    0x22  stm8l15x_exti.o [1]
  .iar.init_table  const    0x00c90c     0x8  - Linker created -
  .near_func.text  ro code  0x00c914    0x20  BC95.o [1]
  .near_func.text  ro code  0x00c934    0x20  stm8l15x_rtc.o [1]
  .near.rodata     const    0x00c954    0x1f  BC95.o [1]
  .near_func.text  ro code  0x00c973    0x1e  BC95.o [1]
  .near_func.text  ro code  0x00c991    0x1e  stm8l15x_adc.o [1]
  .near_func.text  ro code  0x00c9af    0x1e  init_small.o [4]
  .near_func.text  ro code  0x00c9cd    0x1c  stm8l15x_it.o [1]
  .near.rodata     const    0x00c9e9    0x1b  BC95.o [1]
  .near_func.text  ro code  0x00ca04    0x1b  Globaldata.o [1]
  .near_func.text  ro code  0x00ca1f    0x1b  stm8l15x_rtc.o [1]
  .near_func.text  ro code  0x00ca3a    0x1a  stm8l15x_clk.o [1]
  .near_func.text  ro code  0x00ca54    0x1a  dc_util.o [4]
  .near_func.text  ro code  0x00ca6e    0x19  stm8l15x_flash.o [1]
  .near_func.text  ro code  0x00ca87    0x19  stm8l15x_flash.o [1]
  .near_func.text  ro code  0x00caa0    0x17  memset.o [4]
  .near_func.text  ro code  0x00cab7    0x17  init.o [4]
  .near_func.text  ro code  0x00cace    0x16  main.o [1]
  .near_func.text  ro code  0x00cae4    0x16  stm8l15x_it.o [1]
  .near_func.text  ro code  0x00cafa    0x16  stm8l15x_it.o [1]
  .near_func.text  ro code  0x00cb10    0x16  stm8l15x_it.o [1]
  .near_func.text  ro code  0x00cb26    0x16  stm8l15x_it.o [1]
  .near_func.text  ro code  0x00cb3c    0x15  Save.o [1]
  .near_func.text  ro code  0x00cb51    0x15  stm8l15x_rtc.o [1]
  .near_func.text  ro code  0x00cb66    0x14  __dbg_xxexit.o [3]
  .near_func.text  ro code  0x00cb7a    0x13  BC95.o [1]
  .near_func.text  ro code  0x00cb8d    0x13  Save.o [1]
  .near_func.text  ro code  0x00cba0    0x13  Save.o [1]
  .near_func.text  ro code  0x00cbb3    0x13  stm8l15x_clk.o [1]
  .near_func.text  ro code  0x00cbc6    0x13  cstartup.o [4]
  .near_func.text  ro code  0x00cbd9    0x11  stm8l15x_adc.o [1]
  .near_func.text  ro code  0x00cbea    0x10  Save.o [1]
  .near_func.text  ro code  0x00cbfa     0xf  Save.o [1]
  .near.rodata     const    0x00cc09     0xe  BC95.o [1]
  .near_func.text  ro code  0x00cc17     0xe  stm8l15x_adc.o [1]
  .near_func.text  ro code  0x00cc25     0xe  stm8l15x_clk.o [1]
  .near_func.text  ro code  0x00cc33     0xe  stm8l15x_pwr.o [1]
  .near_func.text  ro code  0x00cc41     0xe  stm8l15x_pwr.o [1]
  .near_func.text  ro code  0x00cc4f     0xd  BC95.o [1]
  .near_func.text  ro code  0x00cc5c     0xd  Save.o [1]
  .near_func.text  ro code  0x00cc69     0xd  Save.o [1]
  .near_func.text  ro code  0x00cc76     0xd  Save.o [1]
  .near_func.text  ro code  0x00cc83     0xd  Save.o [1]
  .near_func.text  ro code  0x00cc90     0xd  Save.o [1]
  .near_func.text  ro code  0x00cc9d     0xd  stm8l15x_adc.o [1]
  .near_func.text  ro code  0x00ccaa     0xd  move.o [4]
  .near.rodata     const    0x00ccb7     0xc  BC95.o [1]
  .near.rodata     const    0x00ccc3     0xc  BC95.o [1]
  .near.rodata     const    0x00cccf     0xc  BC95.o [1]
  .near.rodata     const    0x00ccdb     0xc  BC95.o [1]
  .near.rodata     const    0x00cce7     0xc  BC95.o [1]
  .near_func.text  ro code  0x00ccf3     0xc  stm8l15x_rtc.o [1]
  .near.rodata     const    0x00ccff     0xb  BC95.o [1]
  .near.rodata     const    0x00cd0a     0xb  BC95.o [1]
  .near.rodata     const    0x00cd15     0xb  BC95.o [1]
  .near.rodata     const    0x00cd20     0xb  BC95.o [1]
  .near.rodata     const    0x00cd2b     0xb  BC95.o [1]
  .near.rodata     const    0x00cd36     0xb  BC95.o [1]
  .near.rodata     const    0x00cd41     0xb  BC95.o [1]
  .near.rodata     const    0x00cd4c     0xb  BC95.o [1]
  .near_func.text  ro code  0x00cd57     0xb  stm8l15x_flash.o [1]
  .near_func.text  ro code  0x00cd62     0xb  stm8l15x_flash.o [1]
  .near_func.text  ro code  0x00cd6d     0xb  abs.o [4]
  .near.rodata     const    0x00cd78     0xa  BC95.o [1]
  .near.rodata     const    0x00cd82     0xa  BC95.o [1]
  .near.rodata     const    0x00cd8c     0xa  BC95.o [1]
  .near_func.text  ro code  0x00cd96     0xa  mcu_init.o [1]
  .near_func.text  ro code  0x00cda0     0xa  stm8l15x_clk.o [1]
  .near_func.text  ro code  0x00cdaa     0xa  char.o [4]
  .near.rodata     const    0x00cdb4     0x9  BC95.o [1]
  .near.rodata     const    0x00cdbd     0x9  BC95.o [1]
  .near.rodata     const    0x00cdc6     0x9  BC95.o [1]
  .near.rodata     const    0x00cdcf     0x9  Save.o [1]
  .near.rodata     const    0x00cdd8     0x9  Save.o [1]
  .near_func.text  ro code  0x00cde1     0x9  BC95.o [1]
  .near_func.text  ro code  0x00cdea     0x9  stm8l15x_gpio.o [1]
  .near.rodata     const    0x00cdf3     0x8  BC95.o [1]
  .near_func.text  ro code  0x00cdfb     0x8  stm8l15x_gpio.o [1]
  .near_func.text  ro code  0x00ce03     0x8  stm8l15x_usart.o [1]
  .near.rodata     const    0x00ce0b     0x7  BC95.o [1]
  .near.rodata     const    0x00ce12     0x7  BC95.o [1]
  .near_func.text  ro code  0x00ce19     0x7  stm8l15x_gpio.o [1]
  .near.rodata     const    0x00ce20     0x6  BC95.o [1]
  .near.rodata     const    0x00ce26     0x6  BC95.o [1]
  .near_func.text  ro code  0x00ce2c     0x6  Save.o [1]
  .near_func.text  ro code  0x00ce32     0x6  Save.o [1]
  .near.rodata     const    0x00ce38     0x5  BC95.o [1]
  .near.rodata     const    0x00ce3d     0x5  BC95.o [1]
  .near.rodata     const    0x00ce42     0x5  stm8l15x_clk.o [1]
  .near_func.text  ro code  0x00ce47     0x5  BC95.o [1]
  .near_func.text  ro code  0x00ce4c     0x5  stm8l15x_adc.o [1]
  .near_func.text  ro code  0x00ce51     0x5  stm8l15x_flash.o [1]
  .near_func.text  ro code  0x00ce56     0x5  stm8l15x_iwdg.o [1]
  .near_func.text  ro code  0x00ce5b     0x5  stm8l15x_iwdg.o [1]
  .near_func.text  ro code  0x00ce60     0x5  stm8l15x_usart.o [1]
  .near_func.text  ro code  0x00ce65     0x5  stm8l15x_usart.o [1]
  .near_func.text  ro code  0x00ce6a     0x5  cexit.o [4]
  .near.rodata     const    0x00ce6f     0x4  BC95.o [1]
  .near_func.text  ro code  0x00ce73     0x4  stm8l15x_clk.o [1]
  .near_func.text  ro code  0x00ce77     0x4  stm8l15x_clk.o [1]
  .near_func.text  ro code  0x00ce7b     0x4  stm8l15x_iwdg.o [1]
  .near_func.text  ro code  0x00ce7f     0x4  stm8l15x_iwdg.o [1]
  .near_func.text  ro code  0x00ce83     0x4  stm8l15x_iwdg.o [1]
  .near.rodata     const    0x00ce87     0x3  BC95.o [1]
  .near_func.text  ro code  0x00ce8a     0x3  interrupt.o [4]
  .near_func.text  ro code  0x00ce8d     0x3  low_level_init.o [4]
  .near_func.text  ro code  0x00ce90     0x3  exit.o [4]
  .near_func.text  ro code  0x00ce93     0x3  unhandled_exception.o [4]
  .near_func.text  ro code  0x00ce96     0x1  stm8l15x_it.o [1]
  .near_func.text  ro code  0x00ce97     0x1  stm8l15x_it.o [1]
  .near_func.text  ro code  0x00ce98     0x1  stm8l15x_it.o [1]
  .near_func.text  ro code  0x00ce99     0x1  stm8l15x_it.o [1]
  .near_func.text  ro code  0x00ce9a     0x1  stm8l15x_it.o [1]
  .near_func.text  ro code  0x00ce9b     0x1  stm8l15x_it.o [1]
  .near_func.text  ro code  0x00ce9c     0x1  stm8l15x_it.o [1]
  .near_func.text  ro code  0x00ce9d     0x1  stm8l15x_it.o [1]
  .near_func.text  ro code  0x00ce9e     0x1  stm8l15x_it.o [1]
  .near_func.text  ro code  0x00ce9f     0x1  stm8l15x_it.o [1]
  .near_func.text  ro code  0x00cea0     0x1  stm8l15x_it.o [1]
  .near_func.text  ro code  0x00cea1     0x1  stm8l15x_it.o [1]
  .near_func.text  ro code  0x00cea2     0x1  stm8l15x_it.o [1]
  .near_func.text  ro code  0x00cea3     0x1  stm8l15x_it.o [1]
  .near_func.text  ro code  0x00cea4     0x1  stm8l15x_it.o [1]
  .near_func.text  ro code  0x00cea5     0x1  stm8l15x_it.o [1]
  .near_func.text  ro code  0x00cea6     0x1  stm8l15x_it.o [1]
  .near_func.text  ro code  0x00cea7     0x1  stm8l15x_it.o [1]
  .near_func.text  ro code  0x00cea8     0x1  stm8l15x_it.o [1]
  .near_func.text  ro code  0x00cea9     0x1  stm8l15x_it.o [1]
  .near_func.text  ro code  0x00ceaa     0x1  stm8l15x_it.o [1]
  .near_func.text  ro code  0x00ceab     0x1  stm8l15x_it.o [1]
  .near_func.text  ro code  0x00ceac     0x1  stm8l15x_it.o [1]
  .near_func.text  ro code  0x00cead     0x1  stm8l15x_it.o [1]
  .near_func.text  ro code  0x00ceae     0x1  stm8l15x_it.o [1]
  .near_func.text  ro code  0x00ceaf     0x1  __dbg_break.o [3]
                          - 0x00ceb0  0x4e30


*******************************************************************************
*** INIT TABLE
***

          Address   Size
          -------   ----
Zero (__iar_zero_init2)
    1 destination range, total size 0x66c:
          0x000010  0x66c



*******************************************************************************
*** MODULE SUMMARY
***

    Module                 ro code  ro data  rw data
    ------                 -------  -------  -------
F:\0中科君达\0项目\NB水表\软件\NB-IOT程序V1.0\project\Debug\Obj: [1]
    BC95.o                   8 458      720      711
    Globaldata.o               132                27
    Pulse_Acquire.o            452                 7
    Save.o                     970       18
    Sys_Timer.o                820               161
    Temperature.o              202      332
    main.o                     331
    mcu_init.o                 345
    rtc.o                      955                17
    stm8l15x_adc.o             324
    stm8l15x_clk.o             519        5
    stm8l15x_exti.o            523
    stm8l15x_flash.o            77
    stm8l15x_gpio.o            199
    stm8l15x_it.o              141
    stm8l15x_itc.o             347
    stm8l15x_iwdg.o             22
    stm8l15x_pwr.o              28
    stm8l15x_rtc.o           1 445
    stm8l15x_usart.o           654
    uart.o                     415               721
    ------------------------------------------------
    Total:                  17 359    1 075    1 644

command line: [2]
    ------------------------------------------------
    Total:

dbgstm8smd.a: [3]
    __dbg_break.o                1
    __dbg_xxexit.o              20
    ------------------------------------------------
    Total:                      21

dlstm8smn.a: [4]
    abs.o                       11
    cexit.o                      5
    char.o                      10
    cstartup.o                  19
    dc_util.o                   26
    exit.o                       3
    float.o                    659
    init.o                      23
    init_small.o                30
    interrupt.o                  3      128
    long.o                     163
    long_util.o                 99
    low_level_init.o             3
    memcpy.o                    37
    memset.o                    23
    move.o                      13
    short.o                     74
    strstr.o                    68
    unhandled_exception.o        3
    vreg_util.o                281
    vregs.o                                       16
    ------------------------------------------------
    Total:                   1 553      128       16

    Linker created                        8      256
----------------------------------------------------
    Grand Total:            18 933    1 211    1 916


*******************************************************************************
*** ENTRY LIST
***

Entry                    Address   Size  Type      Object
-----                    -------   ----  ----      ------
.iar.init_table$$Base   0x00c90c          --   Gb  - Linker created -
.iar.init_table$$Limit  0x00c914          --   Gb  - Linker created -
?b0                     0x000000         Data  Gb  vregs.o [4]
?b1                     0x000001         Data  Gb  vregs.o [4]
?b10                    0x00000a         Data  Gb  vregs.o [4]
?b11                    0x00000b         Data  Gb  vregs.o [4]
?b12                    0x00000c         Data  Gb  vregs.o [4]
?b13                    0x00000d         Data  Gb  vregs.o [4]
?b14                    0x00000e         Data  Gb  vregs.o [4]
?b15                    0x00000f         Data  Gb  vregs.o [4]
?b2                     0x000002         Data  Gb  vregs.o [4]
?b3                     0x000003         Data  Gb  vregs.o [4]
?b4                     0x000004         Data  Gb  vregs.o [4]
?b5                     0x000005         Data  Gb  vregs.o [4]
?b6                     0x000006         Data  Gb  vregs.o [4]
?b7                     0x000007         Data  Gb  vregs.o [4]
?b8                     0x000008         Data  Gb  vregs.o [4]
?b9                     0x000009         Data  Gb  vregs.o [4]
?dc32_l0                0x00ca54         Code  Gb  dc_util.o [4]
?dc32_l1                0x00ca61         Code  Gb  dc_util.o [4]
?e0                     0x000001         Data  Gb  vregs.o [4]
?e1                     0x000005         Data  Gb  vregs.o [4]
?e2                     0x000009         Data  Gb  vregs.o [4]
?e3                     0x00000d         Data  Gb  vregs.o [4]
?epilogue_l2            0x00ad29         Code  Gb  vreg_util.o [4]
?epilogue_l2_l3         0x00ad26         Code  Gb  vreg_util.o [4]
?epilogue_l2_w6         0x00ad2d         Code  Gb  vreg_util.o [4]
?epilogue_w4            0x00ad34         Code  Gb  vreg_util.o [4]
?fcastf32u16_l0_x       0x00a158         Code  Gb  float.o [4]
?fcasts16f32_x_l0       0x00a176         Code  Gb  float.o [4]
?fdiv32_l0_dc32_l1      0x00a0a5         Code  Gb  float.o [4]
?fdiv32_l0_l0_l1        0x00a0aa         Code  Gb  float.o [4]
?fmul32_l0_l0_dc32      0x00a005         Code  Gb  float.o [4]
?fmul32_l0_l0_l1        0x00a00a         Code  Gb  float.o [4]
?inc32_0x_0x            0x00b76d         Code  Gb  long.o [4]
?inc32_l0_l0            0x00b763         Code  Gb  long.o [4]
?inc32_l1_l1            0x00b768         Code  Gb  long.o [4]
?l0                     0x000000         Data  Gb  vregs.o [4]
?l1                     0x000004         Data  Gb  vregs.o [4]
?l2                     0x000008         Data  Gb  vregs.o [4]
?l3                     0x00000c         Data  Gb  vregs.o [4]
?load32_0x_l0           0x00be5a         Code  Gb  long_util.o [4]
?load32_0x_l1           0x00be68         Code  Gb  long_util.o [4]
?load32_0x_l2           0x00be76         Code  Gb  long_util.o [4]
?load32_asp_l0          0x00be4e         Code  Gb  long_util.o [4]
?load32_dbsp_l0         0x00be49         Code  Gb  long_util.o [4]
?load32_l0_0x           0x00be21         Code  Gb  long_util.o [4]
?load32_l1_0x           0x00be3d         Code  Gb  long_util.o [4]
?load32_l1_asp          0x00be32         Code  Gb  long_util.o [4]
?load32_l1_dbsp         0x00be2d         Code  Gb  long_util.o [4]
?load32_l1_xsp          0x00be34         Code  Gb  long_util.o [4]
?load32_xsp_l0          0x00be50         Code  Gb  long_util.o [4]
?mov_e0_e1              0x00ad50         Code  Gb  vreg_util.o [4]
?mov_e0_e2              0x00ad5d         Code  Gb  vreg_util.o [4]
?mov_e0_e3              0x00ad6a         Code  Gb  vreg_util.o [4]
?mov_e1_e0              0x00ad77         Code  Gb  vreg_util.o [4]
?mov_e2_e0              0x00ad84         Code  Gb  vreg_util.o [4]
?mov_e3_e0              0x00ad91         Code  Gb  vreg_util.o [4]
?mov_l0_l1              0x00ad4d         Code  Gb  vreg_util.o [4]
?mov_l0_l2              0x00ad5a         Code  Gb  vreg_util.o [4]
?mov_l0_l3              0x00ad67         Code  Gb  vreg_util.o [4]
?mov_l1_l0              0x00ad74         Code  Gb  vreg_util.o [4]
?mov_l2_l0              0x00ad81         Code  Gb  vreg_util.o [4]
?mov_l3_l0              0x00ad8e         Code  Gb  vreg_util.o [4]
?mov_w0_w1              0x00ad38         Code  Gb  vreg_util.o [4]
?mov_w1_w3              0x00ad53         Code  Gb  vreg_util.o [4]
?mov_w1_w5              0x00ad60         Code  Gb  vreg_util.o [4]
?mov_w1_w6              0x00ad3f         Code  Gb  vreg_util.o [4]
?mov_w1_w7              0x00ad6d         Code  Gb  vreg_util.o [4]
?mov_w2_w1              0x00ad46         Code  Gb  vreg_util.o [4]
?mov_w3_w1              0x00ad7a         Code  Gb  vreg_util.o [4]
?mov_w5_w1              0x00ad87         Code  Gb  vreg_util.o [4]
?mov_w7_w1              0x00ad94         Code  Gb  vreg_util.o [4]
?move1616_v_x_y_a       0x00ccaa         Code  Gb  move.o [4]
?mul16_x_x_w0           0x00c2ea         Code  Gb  short.o [4]
?pop_l0                 0x00acf2         Code  Gb  vreg_util.o [4]
?pop_l1                 0x00acfd         Code  Gb  vreg_util.o [4]
?pop_l2                 0x00ad08         Code  Gb  vreg_util.o [4]
?pop_l3                 0x00ad13         Code  Gb  vreg_util.o [4]
?pop_w4                 0x00aca4         Code  Gb  vreg_util.o [4]
?pop_w6                 0x00acab         Code  Gb  vreg_util.o [4]
?pop_w7                 0x00acb2         Code  Gb  vreg_util.o [4]
?push_l0                0x00acc1         Code  Gb  vreg_util.o [4]
?push_l1                0x00acc6         Code  Gb  vreg_util.o [4]
?push_l2                0x00accb         Code  Gb  vreg_util.o [4]
?push_l3                0x00acd0         Code  Gb  vreg_util.o [4]
?push_w4                0x00ac82         Code  Gb  vreg_util.o [4]
?push_w6                0x00ac87         Code  Gb  vreg_util.o [4]
?push_w7                0x00ac8c         Code  Gb  vreg_util.o [4]
?sext16_x_a             0x00c32d         Code  Gb  short.o [4]
?sll16_x_x_a            0x00c318         Code  Gb  short.o [4]
?sll8_a_a_5             0x00cdaa         Code  Gb  char.o [4]
?smod16_y_x_y           0x00c308         Code  Gb  short.o [4]
?srl16_x_x_10           0x00c322         Code  Gb  short.o [4]
?srl16_x_x_11           0x00c321         Code  Gb  short.o [4]
?srl16_x_x_12           0x00c320         Code  Gb  short.o [4]
?srl16_x_x_4            0x00c328         Code  Gb  short.o [4]
?srl16_x_x_5            0x00c327         Code  Gb  short.o [4]
?srl16_x_x_6            0x00c326         Code  Gb  short.o [4]
?srl16_x_x_7            0x00c325         Code  Gb  short.o [4]
?srl16_x_x_8            0x00c324         Code  Gb  short.o [4]
?srl16_x_x_9            0x00c323         Code  Gb  short.o [4]
?srl8_a_a_5             0x00cdaf         Code  Gb  char.o [4]
?ucmp32_c_l0_0x         0x00b7eb         Code  Gb  long.o [4]
?ucmp32_c_l0_l1         0x00b7fb         Code  Gb  long.o [4]
?udiv32_l0_l0_dl        0x00b77b         Code  Gb  long.o [4]
?udiv32_l0_l0_l1        0x00b77e         Code  Gb  long.o [4]
?umod32_l1_l0_l1        0x00b77e         Code  Gb  long.o [4]
?w0                     0x000000         Data  Gb  vregs.o [4]
?w1                     0x000002         Data  Gb  vregs.o [4]
?w2                     0x000004         Data  Gb  vregs.o [4]
?w3                     0x000006         Data  Gb  vregs.o [4]
?w4                     0x000008         Data  Gb  vregs.o [4]
?w5                     0x00000a         Data  Gb  vregs.o [4]
?w6                     0x00000c         Data  Gb  vregs.o [4]
?w7                     0x00000e         Data  Gb  vregs.o [4]
ACK                     0x00bc1a   0x8a  Code  Gb  BC95.o [1]
ADC1_COMP_IRQHandler    0x00cea5    0x1  Code  Gb  stm8l15x_it.o [1]
ADC_ChannelCmd          0x00c24f   0x4e  Code  Gb  stm8l15x_adc.o [1]
ADC_ClearFlag           0x00cc9d    0xd  Code  Gb  stm8l15x_adc.o [1]
ADC_Cmd                 0x00cbd9   0x11  Code  Gb  stm8l15x_adc.o [1]
ADC_GetConversionValue  0x00c7e9   0x28  Code  Gb  stm8l15x_adc.o [1]
ADC_GetFlagStatus       0x00c991   0x1e  Code  Gb  stm8l15x_adc.o [1]
ADC_Init                0x00c693   0x2f  Code  Gb  stm8l15x_adc.o [1]
ADC_SamplingTimeConfig  0x00c1af   0x50  Code  Gb  stm8l15x_adc.o [1]
ADC_SoftwareStartConv   0x00ce4c    0x5  Code  Gb  stm8l15x_adc.o [1]
ADC_VrefintCmd          0x00cc17    0xe  Code  Gb  stm8l15x_adc.o [1]
ASCLL_to_Int            0x00c37d   0x46  Code  Gb  Globaldata.o [1]
Alarm_Interrupt         0x00c7c1   0x28  Code  Gb  rtc.o [1]
BAT_Alarm_Vol           0x00066f    0x2  Data  Gb  Globaldata.o [1]
BAT_Vol                 0x00066d    0x2  Data  Gb  Globaldata.o [1]
BC95                    0x0002e1  0x2c7  Data  Gb  BC95.o [1]
BC95_Data_Send          0x00c914   0x20  Code  Gb  BC95.o [1]
BC95_Delay_CallBalk     0x00ce47    0x5  Code  Gb  BC95.o [1]
BC95_Power_Off          0x00cde1    0x9  Code  Gb  BC95.o [1]
BC95_Power_On           0x00c44c   0x42  Code  Gb  BC95.o [1]
BC95_Process            0x009405  0x657  Code  Gb  BC95.o [1]
BC95_Reset              0x00c973   0x1e  Code  Gb  BC95.o [1]
BC95_Start              0x00cc4f    0xd  Code  Gb  BC95.o [1]
BC95_Start_Timeout_CallBack
                        0x00c811   0x25  Code  Gb  BC95.o [1]
BCD_to_Int              0x00c8a4   0x23  Code  Gb  Globaldata.o [1]
Bcd2ToByte              0x00ca1f   0x1b  Code  Lc  stm8l15x_rtc.o [1]
ByteToBcd2              0x00c934   0x20  Code  Lc  stm8l15x_rtc.o [1]
CLK_GetClockFreq        0x00ba6a   0x93  Code  Gb  stm8l15x_clk.o [1]
CLK_GetFlagStatus       0x00b8a8   0x99  Code  Gb  stm8l15x_clk.o [1]
CLK_HSICmd              0x00cc25    0xe  Code  Gb  stm8l15x_clk.o [1]
CLK_HaltConfig          0x00ca3a   0x1a  Code  Gb  stm8l15x_clk.o [1]
CLK_LSEConfig           0x00cbb3   0x13  Code  Gb  stm8l15x_clk.o [1]
CLK_PeripheralClockConfig
                        0x00bb8c   0x8e  Code  Gb  stm8l15x_clk.o [1]
CLK_RTCClockConfig      0x00cda0    0xa  Code  Gb  stm8l15x_clk.o [1]
CLK_SYSCLKDivConfig     0x00ce77    0x4  Code  Gb  stm8l15x_clk.o [1]
CLK_SYSCLKSourceConfig  0x00ce73    0x4  Code  Gb  stm8l15x_clk.o [1]
CSTACK$$Base            0x000f00          --   Gb  - Linker created -
CSTACK$$Limit           0x001000          --   Gb  - Linker created -
Cal                     0x00064f    0x7  Data  Gb  Pulse_Acquire.o [1]
Clear_History_Data      0x00c586   0x38  Code  Gb  Save.o [1]
Create_Timer            0x00ad9b  0x105  Code  Gb  Sys_Timer.o [1]
DMA1_CHANNEL0_1_IRQHandler
                        0x00ce98    0x1  Code  Gb  stm8l15x_it.o [1]
DMA1_CHANNEL2_3_IRQHandler
                        0x00ce99    0x1  Code  Gb  stm8l15x_it.o [1]
Delete_Timer            0x00c1ff   0x50  Code  Gb  Sys_Timer.o [1]
DeviceRunTime           0x000661    0x4  Data  Gb  Globaldata.o [1]
Device_Status           0x000675    0x1  Data  Gb  Globaldata.o [1]
EXTI0_IRQHandler        0x00cafa   0x16  Code  Gb  stm8l15x_it.o [1]
EXTI1_IRQHandler        0x00ce9c    0x1  Code  Gb  stm8l15x_it.o [1]
EXTI2_IRQHandler        0x00ce9d    0x1  Code  Gb  stm8l15x_it.o [1]
EXTI3_IRQHandler        0x00ce9e    0x1  Code  Gb  stm8l15x_it.o [1]
EXTI4_IRQHandler        0x00ce9f    0x1  Code  Gb  stm8l15x_it.o [1]
EXTI5_IRQHandler        0x00cea0    0x1  Code  Gb  stm8l15x_it.o [1]
EXTI6_IRQHandler        0x00cea1    0x1  Code  Gb  stm8l15x_it.o [1]
EXTI7_IRQHandler        0x00cea2    0x1  Code  Gb  stm8l15x_it.o [1]
EXTIB_G_IRQHandler      0x00ce9b    0x1  Code  Gb  stm8l15x_it.o [1]
EXTID_H_IRQHandler      0x00cae4   0x16  Code  Gb  stm8l15x_it.o [1]
EXTIE_F_PVD_IRQHandler  0x00ce9a    0x1  Code  Gb  stm8l15x_it.o [1]
EXTI_ClearITPendingBit  0x00c8ea   0x22  Code  Gb  stm8l15x_exti.o [1]
EXTI_SelectPort         0x00c62b   0x36  Code  Gb  stm8l15x_exti.o [1]
EXTI_SetHalfPortSelection
                        0x00c4ce   0x3f  Code  Gb  stm8l15x_exti.o [1]
EXTI_SetPinSensitivity  0x00ab63  0x11f  Code  Gb  stm8l15x_exti.o [1]
EXTI_SetPortSensitivity
                        0x00c0b0   0x55  Code  Gb  stm8l15x_exti.o [1]
Exti0_Interrupt         0x00c836   0x25  Code  Gb  Pulse_Acquire.o [1]
ExtiD_Interrupt         0x00aa23  0x140  Code  Gb  Pulse_Acquire.o [1]
FLASH_GetFlagStatus     0x00ca87   0x19  Code  Gb  stm8l15x_flash.o [1]
FLASH_IRQHandler        0x00ce97    0x1  Code  Gb  stm8l15x_it.o [1]
FLASH_Lock              0x00cd57    0xb  Code  Gb  stm8l15x_flash.o [1]
FLASH_ProgramByte       0x00cd62    0xb  Code  Gb  stm8l15x_flash.o [1]
FLASH_ReadByte          0x00ce51    0x5  Code  Gb  stm8l15x_flash.o [1]
FLASH_Unlock            0x00ca6e   0x19  Code  Gb  stm8l15x_flash.o [1]
GMT_to_BT               0x00a298  0x200  Code  Gb  rtc.o [1]
GPIO_Configuration      0x00c334   0x49  Code  Gb  mcu_init.o [1]
GPIO_Init               0x00b40c   0xaf  Code  Gb  stm8l15x_gpio.o [1]
GPIO_ReadInputDataBit   0x00cdea    0x9  Code  Gb  stm8l15x_gpio.o [1]
GPIO_ResetBits          0x00cdfb    0x8  Code  Gb  stm8l15x_gpio.o [1]
GPIO_SetBits            0x00ce19    0x7  Code  Gb  stm8l15x_gpio.o [1]
Gather_Cycle_counter    0x000678    0x1  Data  Gb  Globaldata.o [1]
HistoryReadIndex        0x000679    0x1  Data  Gb  Globaldata.o [1]
HistorySaveIndex        0x00067a    0x1  Data  Gb  Globaldata.o [1]
I2C1_SPI2_IRQHandler    0x00ceae    0x1  Code  Gb  stm8l15x_it.o [1]
INTVEC$$Base            0x008000          --   Gb  - Linker created -
INTVEC$$Limit           0x008080          --   Gb  - Linker created -
ITC_SetSoftwarePriority
                        0x00a62a  0x15b  Code  Gb  stm8l15x_itc.o [1]
IWDG_Enable             0x00ce5b    0x5  Code  Gb  stm8l15x_iwdg.o [1]
IWDG_INIT               0x00cace   0x16  Code  Gb  main.o [1]
IWDG_ReloadCounter      0x00ce56    0x5  Code  Gb  stm8l15x_iwdg.o [1]
IWDG_SetPrescaler       0x00ce7f    0x4  Code  Gb  stm8l15x_iwdg.o [1]
IWDG_SetReload          0x00ce83    0x4  Code  Gb  stm8l15x_iwdg.o [1]
IWDG_WriteAccessCmd     0x00ce7b    0x4  Code  Gb  stm8l15x_iwdg.o [1]
Int_to_ASCLL            0x00ca04   0x1b  Code  Gb  Globaldata.o [1]
LCD_AES_IRQHandler      0x00cea3    0x1  Code  Gb  stm8l15x_it.o [1]
Last_Vol                0x000673    0x2  Data  Gb  rtc.o [1]
Meter_Number            0x000648    0x7  Data  Gb  Globaldata.o [1]
PWR_FastWakeUpCmd       0x00cc33    0xe  Code  Gb  stm8l15x_pwr.o [1]
PWR_UltraLowPowerCmd    0x00cc41    0xe  Code  Gb  stm8l15x_pwr.o [1]
Pulse_Acquire_Config    0x00bee5   0x5f  Code  Gb  Pulse_Acquire.o [1]
RCC_Configuration       0x00cd96    0xa  Code  Gb  mcu_init.o [1]
RTC_AlarmCmd            0x00c15a   0x55  Code  Gb  stm8l15x_rtc.o [1]
RTC_AlarmStr            0x000656    0x7  Data  Gb  rtc.o [1]
RTC_CSSLSE_IRQHandler   0x00c9cd   0x1c  Code  Gb  stm8l15x_it.o [1]
RTC_ClearITPendingBit   0x00ccf3    0xc  Code  Gb  stm8l15x_rtc.o [1]
RTC_DateStr             0x000669    0x4  Data  Gb  rtc.o [1]
RTC_EnterInitMode       0x00c6ef   0x2c  Code  Gb  stm8l15x_rtc.o [1]
RTC_GetDate             0x00bffe   0x5c  Code  Gb  stm8l15x_rtc.o [1]
RTC_GetITStatus         0x00c6c2   0x2d  Code  Gb  stm8l15x_rtc.o [1]
RTC_GetTime             0x00c105   0x55  Code  Gb  stm8l15x_rtc.o [1]
RTC_ITConfig            0x00c54b   0x3b  Code  Gb  stm8l15x_rtc.o [1]
RTC_Init                0x00bfa2   0x5c  Code  Gb  stm8l15x_rtc.o [1]
RTC_SetAlarm            0x00a785  0x152  Code  Gb  stm8l15x_rtc.o [1]
RTC_SetDate             0x00b355   0xb7  Code  Gb  stm8l15x_rtc.o [1]
RTC_SetTime             0x00b613   0xab  Code  Gb  stm8l15x_rtc.o [1]
RTC_SetWakeUpCounter    0x00cb51   0x15  Code  Gb  stm8l15x_rtc.o [1]
RTC_TimeStr             0x000665    0x4  Data  Gb  rtc.o [1]
RTC_WaitForSynchro      0x00c5be   0x37  Code  Gb  stm8l15x_rtc.o [1]
RTC_WakeUpClockConfig   0x00c8c7   0x23  Code  Gb  stm8l15x_rtc.o [1]
RTC_WakeUpCmd           0x00c3c3   0x45  Code  Gb  stm8l15x_rtc.o [1]
Read_ACUM_Flow          0x00cbfa    0xf  Code  Gb  Save.o [1]
Read_BAT_Alarm_Value    0x00cb8d   0x13  Code  Gb  Save.o [1]
Read_BC95_ErrorRecord   0x00ce2c    0x6  Code  Gb  Save.o [1]
Read_History_Data       0x00b298   0xbd  Code  Gb  Save.o [1]
Read_History_Save_Index
                        0x00ce32    0x6  Code  Gb  Save.o [1]
Read_Meter_Number       0x00c880   0x24  Code  Gb  Save.o [1]
Read_Report_Cycle       0x00cba0   0x13  Code  Gb  Save.o [1]
Read_Settle_Date        0x00cbea   0x10  Code  Gb  Save.o [1]
Read_Temp               0x00b046   0xca  Code  Gb  Temperature.o [1]
Read_Voltage            0x00b6be   0xa5  Code  Gb  mcu_init.o [1]
Recv_Data_Process       0x009a5c  0x5a9  Code  Gb  BC95.o [1]
Region$$Table$$Base     0x00c90c          --   Gb  - Linker created -
Region$$Table$$Limit    0x00c914          --   Gb  - Linker created -
Report_All_Parameters   0x008080  0xb94  Code  Gb  BC95.o [1]
Report_Cycle            0x000671    0x2  Data  Gb  Globaldata.o [1]
Report_Cycle_counter    0x00065d    0x4  Data  Gb  Globaldata.o [1]
Report_HC_Flow          0x008c14  0x7f1  Code  Gb  BC95.o [1]
Rtc_Config              0x00bf44   0x5e  Code  Gb  rtc.o [1]
SPI1_IRQHandler         0x00ceab    0x1  Code  Gb  stm8l15x_it.o [1]
SWITCH_CSS_BREAK_DAC_IRQHandler
                        0x00cea4    0x1  Code  Gb  stm8l15x_it.o [1]
SYSDivFactor            0x00ce42    0x5  Data  Gb  stm8l15x_clk.o [1]
Save_Add_Flow           0x00cb3c   0x15  Code  Gb  Save.o [1]
Save_BAT_Alarm_Value    0x00cc5c    0xd  Code  Gb  Save.o [1]
Save_BC95_ErrorRecord   0x00cc90    0xd  Code  Gb  Save.o [1]
Save_History_Data       0x00b941   0x95  Code  Gb  Save.o [1]
Save_Meter_Number       0x00cc83    0xd  Code  Gb  Save.o [1]
Save_Report_Cycle       0x00cc76    0xd  Code  Gb  Save.o [1]
Save_SDCF_Flow          0x00aea0   0xd3  Code  Gb  Save.o [1]
Save_Settle_Date        0x00cc69    0xd  Code  Gb  Save.o [1]
Send_Data_Process       0x00c799   0x28  Code  Gb  BC95.o [1]
Set_Alarm               0x00c5f5   0x36  Code  Gb  rtc.o [1]
Settle_Date             0x000677    0x1  Data  Gb  Globaldata.o [1]
Sleep                   0x00b1d8   0xc0  Code  Gb  main.o [1]
SysTick_Handler         0x00a498  0x192  Code  Gb  Sys_Timer.o [1]
Sys_Timer               0x0005a8   0xa0  Data  Lc  Sys_Timer.o [1]
Sys_Timer_Process       0x00c29d   0x4d  Code  Gb  Sys_Timer.o [1]
TIM1_CC_IRQHandler      0x00cea9    0x1  Code  Gb  stm8l15x_it.o [1]
TIM1_UPD_OVF_TRG_COM_IRQHandler
                        0x00cea8    0x1  Code  Gb  stm8l15x_it.o [1]
TIM2_CC_USART2_RX_IRQHandler
                        0x00cb26   0x16  Code  Gb  stm8l15x_it.o [1]
TIM2_UPD_OVF_TRG_BRK_USART2_TX_IRQHandler
                        0x00cb10   0x16  Code  Gb  stm8l15x_it.o [1]
TIM3_CC_USART3_RX_IRQHandler
                        0x00cea7    0x1  Code  Gb  stm8l15x_it.o [1]
TIM3_UPD_OVF_TRG_BRK_USART3_TX_IRQHandler
                        0x00cea6    0x1  Code  Gb  stm8l15x_it.o [1]
TIM4_UPD_OVF_TRG_IRQHandler
                        0x00ceaa    0x1  Code  Gb  stm8l15x_it.o [1]
TRAP_IRQHandler         0x00ce96    0x1  Code  Gb  stm8l15x_it.o [1]
Temp                    0x000676    0x1  Data  Gb  Globaldata.o [1]
Temp_Table              0x00a8d7  0x14c  Data  Gb  Temperature.o [1]
USART1_RX_TIM5_CC_IRQHandler
                        0x00cead    0x1  Code  Gb  stm8l15x_it.o [1]
USART1_TX_TIM5_UPD_OVF_TRG_BRK_IRQHandler
                        0x00ceac    0x1  Code  Gb  stm8l15x_it.o [1]
USART2_Configuration    0x00be84   0x61  Code  Gb  mcu_init.o [1]
USART2_IRQHandler       0x00bafd   0x8f  Code  Gb  uart.o [1]
USART2_TX_IRQHandler    0x00c05a   0x56  Code  Gb  uart.o [1]
USART_ClearITPendingBit
                        0x00ce65    0x5  Code  Gb  stm8l15x_usart.o [1]
USART_Cmd               0x00c71b   0x2b  Code  Gb  stm8l15x_usart.o [1]
USART_DeInit            0x00c50d   0x3e  Code  Gb  stm8l15x_usart.o [1]
USART_GetITStatus       0x00b567   0xac  Code  Gb  stm8l15x_usart.o [1]
USART_ITConfig          0x00b9d6   0x94  Code  Gb  stm8l15x_usart.o [1]
USART_Init              0x00af73   0xd3  Code  Gb  stm8l15x_usart.o [1]
USART_ReceiveData8      0x00ce60    0x5  Code  Gb  stm8l15x_usart.o [1]
USART_SendData8         0x00ce03    0x8  Code  Gb  stm8l15x_usart.o [1]
Uart2                   0x000010  0x2d1  Data  Gb  uart.o [1]
Uart2_Receive           0x00c661   0x32  Code  Gb  uart.o [1]
Uart2_Send              0x00bca4   0x88  Code  Gb  uart.o [1]
Wake_Interrupt          0x00b4bb   0xac  Code  Gb  rtc.o [1]
WriteRom                0x00b806   0xa2  Code  Gb  Save.o [1]
__DebugBreak            0x00ceaf    0x1  Code  Gb  __dbg_break.o [3]
__exit                  0x00cb66   0x14  Code  Gb  __dbg_xxexit.o [3]
__iar_Strstr            0x00c408   0x44  Code  Gb  strstr.o [4]
__iar_data_init2        0x00cab7   0x17  Code  Gb  init.o [4]
__iar_program_start     0x00cbc6         Code  Gb  cstartup.o [4]
__iar_unhandled_exception
                        0x00ce93         Code  Gb  unhandled_exception.o [4]
__iar_zero_init2        0x00c9af         Code  Gb  init_small.o [4]
__intvec                0x008000         Data  Gb  interrupt.o [4]
__low_level_init        0x00ce8d    0x3  Code  Gb  low_level_init.o [4]
_exit                   0x00ce6a         Code  Gb  cexit.o [4]
_interrupt_1            0x00ce96         Code  Gb  stm8l15x_it.o [1]
_interrupt_10           0x00cafa         Code  Gb  stm8l15x_it.o [1]
_interrupt_11           0x00ce9c         Code  Gb  stm8l15x_it.o [1]
_interrupt_12           0x00ce9d         Code  Gb  stm8l15x_it.o [1]
_interrupt_13           0x00ce9e         Code  Gb  stm8l15x_it.o [1]
_interrupt_14           0x00ce9f         Code  Gb  stm8l15x_it.o [1]
_interrupt_15           0x00cea0         Code  Gb  stm8l15x_it.o [1]
_interrupt_16           0x00cea1         Code  Gb  stm8l15x_it.o [1]
_interrupt_17           0x00cea2         Code  Gb  stm8l15x_it.o [1]
_interrupt_18           0x00cea3         Code  Gb  stm8l15x_it.o [1]
_interrupt_19           0x00cea4         Code  Gb  stm8l15x_it.o [1]
_interrupt_20           0x00cea5         Code  Gb  stm8l15x_it.o [1]
_interrupt_21           0x00cb10         Code  Gb  stm8l15x_it.o [1]
_interrupt_22           0x00cb26         Code  Gb  stm8l15x_it.o [1]
_interrupt_23           0x00cea6         Code  Gb  stm8l15x_it.o [1]
_interrupt_24           0x00cea7         Code  Gb  stm8l15x_it.o [1]
_interrupt_25           0x00cea8         Code  Gb  stm8l15x_it.o [1]
_interrupt_26           0x00cea9         Code  Gb  stm8l15x_it.o [1]
_interrupt_27           0x00ceaa         Code  Gb  stm8l15x_it.o [1]
_interrupt_28           0x00ceab         Code  Gb  stm8l15x_it.o [1]
_interrupt_29           0x00ceac         Code  Gb  stm8l15x_it.o [1]
_interrupt_3            0x00ce97         Code  Gb  stm8l15x_it.o [1]
_interrupt_30           0x00cead         Code  Gb  stm8l15x_it.o [1]
_interrupt_31           0x00ceae         Code  Gb  stm8l15x_it.o [1]
_interrupt_4            0x00ce98         Code  Gb  stm8l15x_it.o [1]
_interrupt_5            0x00ce99         Code  Gb  stm8l15x_it.o [1]
_interrupt_6            0x00c9cd         Code  Gb  stm8l15x_it.o [1]
_interrupt_7            0x00ce9a         Code  Gb  stm8l15x_it.o [1]
_interrupt_8            0x00ce9b         Code  Gb  stm8l15x_it.o [1]
_interrupt_9            0x00cae4         Code  Gb  stm8l15x_it.o [1]
abs                     0x00cd6d    0xb  Code  Gb  abs.o [4]
delay_ms                0x00c770   0x29  Code  Gb  rtc.o [1]
exit                    0x00ce90    0x3  Code  Gb  exit.o [4]
main                    0x00bdac   0x75  Code  Gb  main.o [1]
memcpy                  0x00c85b   0x25  Code  Gb  memcpy.o [4]
memset                  0x00caa0   0x17  Code  Gb  memset.o [4]
rtc_interrupt           0x00c746   0x2a  Code  Gb  rtc.o [1]
strstr                  0x00cb7a   0x13  Code  Gb  BC95.o [1]


[1] = F:\0中科君达\0项目\NB水表\软件\NB-IOT程序V1.0\project\Debug\Obj
[2] = command line
[3] = dbgstm8smd.a
[4] = dlstm8smn.a

  18 933 bytes of readonly  code memory
   1 211 bytes of readonly  data memory
   1 916 bytes of readwrite data memory

Errors: none
Warnings: none
