###############################################################################
#
# IAR ELF Linker V2.10.4.157 for STM8                     20/Jun/2018  09:01:07
# Copyright 2010-2015 IAR Systems AB.
#
#    Output file  =  
#        F:\中科君达\NB水表\软件\NB-IOT程序V1.0\project\Debug\Exe\project.out
#    Map file     =  
#        F:\中科君达\NB水表\软件\NB-IOT程序V1.0\project\Debug\List\project.map
#    Command line =  
#        F:\中科君达\NB水表\软件\NB-IOT程序V1.0\project\Debug\Obj\BC95.o
#        F:\中科君达\NB水表\软件\NB-IOT程序V1.0\project\Debug\Obj\Globaldata.o
#        F:\中科君达\NB水表\软件\NB-IOT程序V1.0\project\Debug\Obj\main.o
#        F:\中科君达\NB水表\软件\NB-IOT程序V1.0\project\Debug\Obj\mcu_init.o
#        F:\中科君达\NB水表\软件\NB-IOT程序V1.0\project\Debug\Obj\Pulse_Acquire.o
#        F:\中科君达\NB水表\软件\NB-IOT程序V1.0\project\Debug\Obj\rtc.o
#        F:\中科君达\NB水表\软件\NB-IOT程序V1.0\project\Debug\Obj\Save.o
#        F:\中科君达\NB水表\软件\NB-IOT程序V1.0\project\Debug\Obj\stm8l15x_adc.o
#        F:\中科君达\NB水表\软件\NB-IOT程序V1.0\project\Debug\Obj\stm8l15x_aes.o
#        F:\中科君达\NB水表\软件\NB-IOT程序V1.0\project\Debug\Obj\stm8l15x_beep.o
#        F:\中科君达\NB水表\软件\NB-IOT程序V1.0\project\Debug\Obj\stm8l15x_clk.o
#        F:\中科君达\NB水表\软件\NB-IOT程序V1.0\project\Debug\Obj\stm8l15x_comp.o
#        F:\中科君达\NB水表\软件\NB-IOT程序V1.0\project\Debug\Obj\stm8l15x_dac.o
#        F:\中科君达\NB水表\软件\NB-IOT程序V1.0\project\Debug\Obj\stm8l15x_dma.o
#        F:\中科君达\NB水表\软件\NB-IOT程序V1.0\project\Debug\Obj\stm8l15x_exti.o
#        F:\中科君达\NB水表\软件\NB-IOT程序V1.0\project\Debug\Obj\stm8l15x_flash.o
#        F:\中科君达\NB水表\软件\NB-IOT程序V1.0\project\Debug\Obj\stm8l15x_gpio.o
#        F:\中科君达\NB水表\软件\NB-IOT程序V1.0\project\Debug\Obj\stm8l15x_i2c.o
#        F:\中科君达\NB水表\软件\NB-IOT程序V1.0\project\Debug\Obj\stm8l15x_irtim.o
#        F:\中科君达\NB水表\软件\NB-IOT程序V1.0\project\Debug\Obj\stm8l15x_it.o
#        F:\中科君达\NB水表\软件\NB-IOT程序V1.0\project\Debug\Obj\stm8l15x_itc.o
#        F:\中科君达\NB水表\软件\NB-IOT程序V1.0\project\Debug\Obj\stm8l15x_iwdg.o
#        F:\中科君达\NB水表\软件\NB-IOT程序V1.0\project\Debug\Obj\stm8l15x_lcd.o
#        F:\中科君达\NB水表\软件\NB-IOT程序V1.0\project\Debug\Obj\stm8l15x_pwr.o
#        F:\中科君达\NB水表\软件\NB-IOT程序V1.0\project\Debug\Obj\stm8l15x_rst.o
#        F:\中科君达\NB水表\软件\NB-IOT程序V1.0\project\Debug\Obj\stm8l15x_rtc.o
#        F:\中科君达\NB水表\软件\NB-IOT程序V1.0\project\Debug\Obj\stm8l15x_spi.o
#        F:\中科君达\NB水表\软件\NB-IOT程序V1.0\project\Debug\Obj\stm8l15x_syscfg.o
#        F:\中科君达\NB水表\软件\NB-IOT程序V1.0\project\Debug\Obj\stm8l15x_tim1.o
#        F:\中科君达\NB水表\软件\NB-IOT程序V1.0\project\Debug\Obj\stm8l15x_tim2.o
#        F:\中科君达\NB水表\软件\NB-IOT程序V1.0\project\Debug\Obj\stm8l15x_tim3.o
#        F:\中科君达\NB水表\软件\NB-IOT程序V1.0\project\Debug\Obj\stm8l15x_tim4.o
#        F:\中科君达\NB水表\软件\NB-IOT程序V1.0\project\Debug\Obj\stm8l15x_tim5.o
#        F:\中科君达\NB水表\软件\NB-IOT程序V1.0\project\Debug\Obj\stm8l15x_usart.o
#        F:\中科君达\NB水表\软件\NB-IOT程序V1.0\project\Debug\Obj\stm8l15x_wfe.o
#        F:\中科君达\NB水表\软件\NB-IOT程序V1.0\project\Debug\Obj\stm8l15x_wwdg.o
#        F:\中科君达\NB水表\软件\NB-IOT程序V1.0\project\Debug\Obj\Sys_Timer.o
#        F:\中科君达\NB水表\软件\NB-IOT程序V1.0\project\Debug\Obj\Temperature.o
#        F:\中科君达\NB水表\软件\NB-IOT程序V1.0\project\Debug\Obj\uart.o
#        --redirect _Printf=_PrintfSmall --redirect _Scanf=_ScanfSmall -o
#        F:\中科君达\NB水表\软件\NB-IOT程序V1.0\project\Debug\Exe\project.out
#        --map
#        F:\中科君达\NB水表\软件\NB-IOT程序V1.0\project\Debug\List\project.map
#        --config "D:\IAR for STM8\stm8\config\lnkstm8l151c8.icf" --config_def
#        _CSTACK_SIZE=0x100 --config_def _HEAP_SIZE=0x100 --entry
#        __iar_program_start --debug_lib
#
###############################################################################

*******************************************************************************
*** RUNTIME MODEL ATTRIBUTES
***

__SystemLibrary            = DLib
__code_model               = small
__core                     = stm8
__data_model               = medium
__dlib_file_descriptor     = 0
__dlib_full_locale_support = 0
__rt_version               = 4


*******************************************************************************
*** PLACEMENT SUMMARY
***

"A1":  place at start of [0x000000-0x0000ff] { rw section .vregs };
"A2":  place at end of [0x000000-0x000fff] { block CSTACK };
"P2":  place in [from 0x000000 to 0x000fff] {
          block HEAP, rw section __DLIB_PERTHREAD, rw section .far.bss,
          rw section .far.data, rw section .far.noinit,
          rw section .far_func.textrw, rw section .huge.bss,
          rw section .huge.data, rw section .huge.noinit,
          rw section .huge_func.textrw, rw section .iar.dynexit,
          rw section .near.bss, rw section .near.data, rw section .near.noinit,
          rw section .near_func.textrw };
"A3":  place at start of [0x008000-0x00ffff] { block INTVEC };
"P3":  place in [from 0x008000 to 0x00ffff] {
          ro section __DLIB_PERTHREAD_init, ro section .far.data_init,
          ro section .far_func.textrw_init, ro section .huge.data_init,
          ro section .huge_func.textrw_init, ro section .iar.init_table,
          ro section .init_array, ro section .near.data_init,
          ro section .near.rodata, ro section .near_func.text,
          ro section .near_func.textrw_init, ro section .tiny.data_init,
          ro section .tiny.rodata_init };

  Section          Kind      Address    Size  Object
  -------          ----      -------    ----  ------
"A1":                                   0x10
  .vregs           uninit   0x000000    0x10  vregs.o [4]
                          - 0x000010    0x10

"P2":                                  0x680
  .near.bss        zero     0x000010   0x2a1  BC95.o [1]
  .near.bss        zero     0x0002b1   0x289  uart.o [1]
  .near.bss        zero     0x00053a    0xa0  Sys_Timer.o [1]
  .near.bss        zero     0x0005da    0x89  uart.o [1]
  .near.bss        zero     0x000663     0x7  Globaldata.o [1]
  .near.bss        zero     0x00066a     0x7  rtc.o [1]
  .near.bss        zero     0x000671     0x5  Pulse_Acquire.o [1]
  .near.bss        zero     0x000676     0x4  Globaldata.o [1]
  .near.bss        zero     0x00067a     0x4  rtc.o [1]
  .near.bss        zero     0x00067e     0x4  rtc.o [1]
  .near.bss        zero     0x000682     0x2  Globaldata.o [1]
  .near.bss        zero     0x000684     0x2  Globaldata.o [1]
  .near.bss        zero     0x000686     0x2  Globaldata.o [1]
  .near.bss        zero     0x000688     0x2  rtc.o [1]
  .near.bss        zero     0x00068a     0x1  Globaldata.o [1]
  .near.bss        zero     0x00068b     0x1  Globaldata.o [1]
  .near.bss        zero     0x00068c     0x1  Globaldata.o [1]
  .near.bss        zero     0x00068d     0x1  Globaldata.o [1]
  .near.bss        zero     0x00068e     0x1  stm8l15x_it.o [1]
  .near.bss        zero     0x00068f     0x1  Sys_Timer.o [1]
                          - 0x000690   0x680

"A2":                                  0x100
  CSTACK                    0x000f00   0x100  <Block>
    CSTACK         uninit   0x000f00   0x100  <Block tail>
                          - 0x001000   0x100

"A3":                                   0x80
  INTVEC                    0x008000    0x80  <Block>
    .intvec        const    0x008000    0x80  interrupt.o [4]
                          - 0x008080    0x80

"P3":                                 0x43c2
  .near_func.text  ro code  0x008080   0x7f1  BC95.o [1]
  .near_func.text  ro code  0x008871   0x654  BC95.o [1]
  .near_func.text  ro code  0x008ec5   0x5c3  BC95.o [1]
  .near_func.text  ro code  0x009488   0x571  BC95.o [1]
  .near_func.text  ro code  0x0099f9   0x293  float.o [4]
  .near_func.text  ro code  0x009c8c   0x18e  Sys_Timer.o [1]
  .near_func.text  ro code  0x009e1a   0x15a  stm8l15x_itc.o [1]
  .near_func.text  ro code  0x009f74   0x14e  stm8l15x_rtc.o [1]
  .near.rodata     const    0x00a0c2   0x14c  Temperature.o [1]
  .near_func.text  ro code  0x00a20e   0x117  Sys_Timer.o [1]
  .near_func.text  ro code  0x00a325   0x116  stm8l15x_exti.o [1]
  .near_func.text  ro code  0x00a43b    0xfb  vreg_util.o [4]
  .near_func.text  ro code  0x00a536    0xda  uart.o [1]
  .near_func.text  ro code  0x00a610    0xd8  stm8l15x_usart.o [1]
  .near_func.text  ro code  0x00a6e8    0xd3  Save.o [1]
  .near_func.text  ro code  0x00a7bb    0xcc  Temperature.o [1]
  .near_func.text  ro code  0x00a887    0xbd  stm8l15x_rtc.o [1]
  .near_func.text  ro code  0x00a944    0xbd  long.o [4]
  .near_func.text  ro code  0x00aa01    0xb9  stm8l15x_rtc.o [1]
  .near_func.text  ro code  0x00aaba    0xb6  stm8l15x_gpio.o [1]
  .near_func.text  ro code  0x00ab70    0xac  stm8l15x_usart.o [1]
  .near_func.text  ro code  0x00ac1c    0xa6  Save.o [1]
  .near_func.text  ro code  0x00acc2    0xa5  mcu_init.o [1]
  .near_func.text  ro code  0x00ad67    0x99  stm8l15x_clk.o [1]
  .near_func.text  ro code  0x00ae00    0x96  stm8l15x_usart.o [1]
  .near_func.text  ro code  0x00ae96    0x95  Pulse_Acquire.o [1]
  .near_func.text  ro code  0x00af2b    0x93  stm8l15x_clk.o [1]
  .near_func.text  ro code  0x00afbe    0x92  main.o [1]
  .near_func.text  ro code  0x00b050    0x92  uart.o [1]
  .near_func.text  ro code  0x00b0e2    0x8e  stm8l15x_clk.o [1]
  .near_func.text  ro code  0x00b170    0x88  BC95.o [1]
  .near_func.text  ro code  0x00b1f8    0x87  uart.o [1]
  .near.rodata     const    0x00b27f    0x80  BC95.o [1]
  .near.rodata     const    0x00b2ff    0x80  BC95.o [1]
  .near_func.text  ro code  0x00b37f    0x7f  rtc.o [1]
  .near_func.text  ro code  0x00b3fe    0x62  long_util.o [4]
  .near_func.text  ro code  0x00b460    0x61  mcu_init.o [1]
  .near_func.text  ro code  0x00b4c1    0x5f  Pulse_Acquire.o [1]
  .near_func.text  ro code  0x00b520    0x5f  Sys_Timer.o [1]
  .near_func.text  ro code  0x00b57f    0x5e  rtc.o [1]
  .near_func.text  ro code  0x00b5dd    0x57  Sys_Timer.o [1]
  .near_func.text  ro code  0x00b634    0x57  uart.o [1]
  .near_func.text  ro code  0x00b68b    0x56  stm8l15x_rtc.o [1]
  .near_func.text  ro code  0x00b6e1    0x55  stm8l15x_rtc.o [1]
  .near_func.text  ro code  0x00b736    0x53  stm8l15x_exti.o [1]
  .near_func.text  ro code  0x00b789    0x4d  stm8l15x_rtc.o [1]
  .near_func.text  ro code  0x00b7d6    0x4c  stm8l15x_adc.o [1]
  .near_func.text  ro code  0x00b822    0x4c  stm8l15x_adc.o [1]
  .near_func.text  ro code  0x00b86e    0x49  mcu_init.o [1]
  .near_func.text  ro code  0x00b8b7    0x47  main.o [1]
  .near_func.text  ro code  0x00b8fe    0x46  Globaldata.o [1]
  .near_func.text  ro code  0x00b944    0x44  strstr.o [4]
  .near_func.text  ro code  0x00b988    0x43  stm8l15x_rtc.o [1]
  .near_func.text  ro code  0x00b9cb    0x42  stm8l15x_usart.o [1]
  .near.rodata     const    0x00ba0d    0x40  BC95.o [1]
  .near_func.text  ro code  0x00ba4d    0x3f  stm8l15x_exti.o [1]
  .near_func.text  ro code  0x00ba8c    0x3b  stm8l15x_rtc.o [1]
  .near_func.text  ro code  0x00bac7    0x3a  short.o [4]
  .near_func.text  ro code  0x00bb01    0x36  rtc.o [1]
  .near_func.text  ro code  0x00bb37    0x36  stm8l15x_exti.o [1]
  .near_func.text  ro code  0x00bb6d    0x35  stm8l15x_rtc.o [1]
  .near_func.text  ro code  0x00bba2    0x33  uart.o [1]
  .near_func.text  ro code  0x00bbd5    0x2e  BC95.o [1]
  .near_func.text  ro code  0x00bc03    0x2d  stm8l15x_rtc.o [1]
  .near_func.text  ro code  0x00bc30    0x2d  stm8l15x_usart.o [1]
  .near_func.text  ro code  0x00bc5d    0x2b  Save.o [1]
  .near_func.text  ro code  0x00bc88    0x2b  stm8l15x_adc.o [1]
  .near_func.text  ro code  0x00bcb3    0x2a  rtc.o [1]
  .near_func.text  ro code  0x00bcdd    0x2a  stm8l15x_rtc.o [1]
  .near_func.text  ro code  0x00bd07    0x29  stm8l15x_adc.o [1]
  .near_func.text  ro code  0x00bd30    0x29  stm8l15x_usart.o [1]
  .near_func.text  ro code  0x00bd59    0x27  rtc.o [1]
  .near_func.text  ro code  0x00bd80    0x26  rtc.o [1]
  .near_func.text  ro code  0x00bda6    0x25  Pulse_Acquire.o [1]
  .near_func.text  ro code  0x00bdcb    0x24  stm8l15x_it.o [1]
  .near_func.text  ro code  0x00bdef    0x23  Globaldata.o [1]
  .near_func.text  ro code  0x00be12    0x23  stm8l15x_rtc.o [1]
  .near_func.text  ro code  0x00be35    0x22  stm8l15x_exti.o [1]
  .near_func.text  ro code  0x00be57    0x21  dc_util.o [4]
  .iar.init_table  const    0x00be78     0x8  - Linker created -
  .near_func.text  ro code  0x00be80    0x20  BC95.o [1]
  .near_func.text  ro code  0x00bea0    0x20  stm8l15x_rtc.o [1]
  .near.rodata     const    0x00bec0    0x1f  BC95.o [1]
  .near_func.text  ro code  0x00bedf    0x1e  BC95.o [1]
  .near_func.text  ro code  0x00befd    0x1e  BC95.o [1]
  .near_func.text  ro code  0x00bf1b    0x1e  stm8l15x_adc.o [1]
  .near_func.text  ro code  0x00bf39    0x1e  char.o [4]
  .near_func.text  ro code  0x00bf57    0x1e  init_small.o [4]
  .near.rodata     const    0x00bf75    0x1b  BC95.o [1]
  .near_func.text  ro code  0x00bf90    0x1b  Globaldata.o [1]
  .near_func.text  ro code  0x00bfab    0x1b  stm8l15x_rtc.o [1]
  .near_func.text  ro code  0x00bfc6    0x1b  stm8l15x_rtc.o [1]
  .near_func.text  ro code  0x00bfe1    0x1a  stm8l15x_clk.o [1]
  .near_func.text  ro code  0x00bffb    0x19  stm8l15x_flash.o [1]
  .near_func.text  ro code  0x00c014    0x19  stm8l15x_flash.o [1]
  .near_func.text  ro code  0x00c02d    0x18  stm8l15x_it.o [1]
  .near_func.text  ro code  0x00c045    0x18  stm8l15x_it.o [1]
  .near_func.text  ro code  0x00c05d    0x17  init.o [4]
  .near_func.text  ro code  0x00c074    0x16  BC95.o [1]
  .near_func.text  ro code  0x00c08a    0x16  main.o [1]
  .near_func.text  ro code  0x00c0a0    0x16  stm8l15x_it.o [1]
  .near_func.text  ro code  0x00c0b6    0x16  stm8l15x_it.o [1]
  .near_func.text  ro code  0x00c0cc    0x16  stm8l15x_it.o [1]
  .near_func.text  ro code  0x00c0e2    0x16  stm8l15x_it.o [1]
  .near_func.text  ro code  0x00c0f8    0x16  stm8l15x_it.o [1]
  .near_func.text  ro code  0x00c10e    0x16  stm8l15x_it.o [1]
  .near_func.text  ro code  0x00c124    0x15  Save.o [1]
  .near_func.text  ro code  0x00c139    0x15  memset.o [4]
  .near_func.text  ro code  0x00c14e    0x14  __dbg_xxexit.o [3]
  .near_func.text  ro code  0x00c162    0x13  BC95.o [1]
  .near_func.text  ro code  0x00c175    0x13  Save.o [1]
  .near_func.text  ro code  0x00c188    0x13  Save.o [1]
  .near_func.text  ro code  0x00c19b    0x13  stm8l15x_clk.o [1]
  .near_func.text  ro code  0x00c1ae    0x13  cstartup.o [4]
  .near_func.text  ro code  0x00c1c1    0x12  Save.o [1]
  .near_func.text  ro code  0x00c1d3    0x11  stm8l15x_adc.o [1]
  .near_func.text  ro code  0x00c1e4     0xf  Save.o [1]
  .near_func.text  ro code  0x00c1f3     0xe  stm8l15x_adc.o [1]
  .near_func.text  ro code  0x00c201     0xe  stm8l15x_adc.o [1]
  .near_func.text  ro code  0x00c20f     0xe  stm8l15x_clk.o [1]
  .near_func.text  ro code  0x00c21d     0xe  stm8l15x_pwr.o [1]
  .near_func.text  ro code  0x00c22b     0xe  stm8l15x_pwr.o [1]
  .near_func.text  ro code  0x00c239     0xd  BC95.o [1]
  .near_func.text  ro code  0x00c246     0xd  Save.o [1]
  .near_func.text  ro code  0x00c253     0xd  Save.o [1]
  .near_func.text  ro code  0x00c260     0xd  Save.o [1]
  .near_func.text  ro code  0x00c26d     0xd  Save.o [1]
  .near_func.text  ro code  0x00c27a     0xd  move.o [4]
  .near.rodata     const    0x00c287     0xc  BC95.o [1]
  .near.rodata     const    0x00c293     0xc  BC95.o [1]
  .near.rodata     const    0x00c29f     0xc  BC95.o [1]
  .near.rodata     const    0x00c2ab     0xc  BC95.o [1]
  .near.rodata     const    0x00c2b7     0xc  BC95.o [1]
  .near_func.text  ro code  0x00c2c3     0xc  stm8l15x_rtc.o [1]
  .near.rodata     const    0x00c2cf     0xb  BC95.o [1]
  .near.rodata     const    0x00c2da     0xb  BC95.o [1]
  .near.rodata     const    0x00c2e5     0xb  BC95.o [1]
  .near.rodata     const    0x00c2f0     0xb  BC95.o [1]
  .near.rodata     const    0x00c2fb     0xb  BC95.o [1]
  .near.rodata     const    0x00c306     0xb  BC95.o [1]
  .near_func.text  ro code  0x00c311     0xb  stm8l15x_flash.o [1]
  .near_func.text  ro code  0x00c31c     0xb  stm8l15x_flash.o [1]
  .near_func.text  ro code  0x00c327     0xb  abs.o [4]
  .near.rodata     const    0x00c332     0xa  BC95.o [1]
  .near.rodata     const    0x00c33c     0xa  BC95.o [1]
  .near_func.text  ro code  0x00c346     0xa  mcu_init.o [1]
  .near_func.text  ro code  0x00c350     0xa  stm8l15x_clk.o [1]
  .near.rodata     const    0x00c35a     0x9  BC95.o [1]
  .near.rodata     const    0x00c363     0x9  BC95.o [1]
  .near.rodata     const    0x00c36c     0x9  BC95.o [1]
  .near.rodata     const    0x00c375     0x9  BC95.o [1]
  .near.rodata     const    0x00c37e     0x9  BC95.o [1]
  .near_func.text  ro code  0x00c387     0x9  BC95.o [1]
  .near_func.text  ro code  0x00c390     0x9  stm8l15x_tim1.o [1]
  .near_func.text  ro code  0x00c399     0x9  stm8l15x_tim4.o [1]
  .near.rodata     const    0x00c3a2     0x8  BC95.o [1]
  .near_func.text  ro code  0x00c3aa     0x8  stm8l15x_gpio.o [1]
  .near.rodata     const    0x00c3b2     0x7  BC95.o [1]
  .near_func.text  ro code  0x00c3b9     0x7  stm8l15x_gpio.o [1]
  .near_func.text  ro code  0x00c3c0     0x7  stm8l15x_usart.o [1]
  .near.rodata     const    0x00c3c7     0x6  BC95.o [1]
  .near.rodata     const    0x00c3cd     0x5  BC95.o [1]
  .near.rodata     const    0x00c3d2     0x5  BC95.o [1]
  .near.rodata     const    0x00c3d7     0x5  stm8l15x_clk.o [1]
  .near_func.text  ro code  0x00c3dc     0x5  BC95.o [1]
  .near_func.text  ro code  0x00c3e1     0x5  stm8l15x_adc.o [1]
  .near_func.text  ro code  0x00c3e6     0x5  stm8l15x_flash.o [1]
  .near_func.text  ro code  0x00c3eb     0x5  stm8l15x_iwdg.o [1]
  .near_func.text  ro code  0x00c3f0     0x5  stm8l15x_iwdg.o [1]
  .near_func.text  ro code  0x00c3f5     0x5  stm8l15x_usart.o [1]
  .near_func.text  ro code  0x00c3fa     0x5  cexit.o [4]
  .near.rodata     const    0x00c3ff     0x4  BC95.o [1]
  .near_func.text  ro code  0x00c403     0x4  stm8l15x_clk.o [1]
  .near_func.text  ro code  0x00c407     0x4  stm8l15x_clk.o [1]
  .near_func.text  ro code  0x00c40b     0x4  stm8l15x_iwdg.o [1]
  .near_func.text  ro code  0x00c40f     0x4  stm8l15x_iwdg.o [1]
  .near_func.text  ro code  0x00c413     0x4  stm8l15x_iwdg.o [1]
  .near.rodata     const    0x00c417     0x3  BC95.o [1]
  .near_func.text  ro code  0x00c41a     0x3  stm8l15x_gpio.o [1]
  .near_func.text  ro code  0x00c41d     0x3  stm8l15x_usart.o [1]
  .near_func.text  ro code  0x00c420     0x3  interrupt.o [4]
  .near_func.text  ro code  0x00c423     0x3  low_level_init.o [4]
  .near_func.text  ro code  0x00c426     0x3  exit.o [4]
  .near_func.text  ro code  0x00c429     0x3  unhandled_exception.o [4]
  .near_func.text  ro code  0x00c42c     0x1  stm8l15x_it.o [1]
  .near_func.text  ro code  0x00c42d     0x1  stm8l15x_it.o [1]
  .near_func.text  ro code  0x00c42e     0x1  stm8l15x_it.o [1]
  .near_func.text  ro code  0x00c42f     0x1  stm8l15x_it.o [1]
  .near_func.text  ro code  0x00c430     0x1  stm8l15x_it.o [1]
  .near_func.text  ro code  0x00c431     0x1  stm8l15x_it.o [1]
  .near_func.text  ro code  0x00c432     0x1  stm8l15x_it.o [1]
  .near_func.text  ro code  0x00c433     0x1  stm8l15x_it.o [1]
  .near_func.text  ro code  0x00c434     0x1  stm8l15x_it.o [1]
  .near_func.text  ro code  0x00c435     0x1  stm8l15x_it.o [1]
  .near_func.text  ro code  0x00c436     0x1  stm8l15x_it.o [1]
  .near_func.text  ro code  0x00c437     0x1  stm8l15x_it.o [1]
  .near_func.text  ro code  0x00c438     0x1  stm8l15x_it.o [1]
  .near_func.text  ro code  0x00c439     0x1  stm8l15x_it.o [1]
  .near_func.text  ro code  0x00c43a     0x1  stm8l15x_it.o [1]
  .near_func.text  ro code  0x00c43b     0x1  stm8l15x_it.o [1]
  .near_func.text  ro code  0x00c43c     0x1  stm8l15x_it.o [1]
  .near_func.text  ro code  0x00c43d     0x1  stm8l15x_it.o [1]
  .near_func.text  ro code  0x00c43e     0x1  stm8l15x_it.o [1]
  .near_func.text  ro code  0x00c43f     0x1  stm8l15x_it.o [1]
  .near_func.text  ro code  0x00c440     0x1  stm8l15x_it.o [1]
  .near_func.text  ro code  0x00c441     0x1  __dbg_break.o [3]
                          - 0x00c442  0x43c2


*******************************************************************************
*** INIT TABLE
***

          Address   Size
          -------   ----
Zero (__iar_zero_init2)
    1 destination range, total size 0x680:
          0x000010  0x680



*******************************************************************************
*** MODULE SUMMARY
***

    Module                 ro code  ro data  rw data
    ------                 -------  -------  -------
F:\中科君达\NB水表\软件\NB-IOT程序V1.0\project\Debug\Obj: [1]
    BC95.o                   6 863      607      673
    Globaldata.o               132                21
    Pulse_Acquire.o            281                 5
    Save.o                     564
    Sys_Timer.o                859               161
    Temperature.o              204      332
    main.o                     239
    mcu_init.o                 345
    rtc.o                      394                17
    stm8l15x_adc.o             316
    stm8l15x_clk.o             519        5
    stm8l15x_exti.o            512
    stm8l15x_flash.o            77
    stm8l15x_gpio.o            200
    stm8l15x_it.o              237                 1
    stm8l15x_itc.o             346
    stm8l15x_iwdg.o             22
    stm8l15x_pwr.o              28
    stm8l15x_rtc.o           1 355
    stm8l15x_tim1.o              9
    stm8l15x_tim4.o              9
    stm8l15x_usart.o           705
    uart.o                     637               786
    ------------------------------------------------
    Total:                  14 853      944    1 664

command line: [2]
    ------------------------------------------------
    Total:

dbgstm8smd.a: [3]
    __dbg_break.o                1
    __dbg_xxexit.o              20
    ------------------------------------------------
    Total:                      21

dlstm8smn.a: [4]
    abs.o                       11
    cexit.o                      5
    char.o                      30
    cstartup.o                  19
    dc_util.o                   33
    exit.o                       3
    float.o                    659
    init.o                      23
    init_small.o                30
    interrupt.o                  3      128
    long.o                     189
    long_util.o                 98
    low_level_init.o             3
    memset.o                    21
    move.o                      13
    short.o                     58
    strstr.o                    68
    unhandled_exception.o        3
    vreg_util.o                251
    vregs.o                                       16
    ------------------------------------------------
    Total:                   1 520      128       16

    Linker created                        8      256
----------------------------------------------------
    Grand Total:            16 394    1 080    1 936


*******************************************************************************
*** ENTRY LIST
***

Entry                    Address   Size  Type      Object
-----                    -------   ----  ----      ------
.iar.init_table$$Base   0x00be78          --   Gb  - Linker created -
.iar.init_table$$Limit  0x00be80          --   Gb  - Linker created -
?b0                     0x000000         Data  Gb  vregs.o [4]
?b1                     0x000001         Data  Gb  vregs.o [4]
?b10                    0x00000a         Data  Gb  vregs.o [4]
?b11                    0x00000b         Data  Gb  vregs.o [4]
?b12                    0x00000c         Data  Gb  vregs.o [4]
?b13                    0x00000d         Data  Gb  vregs.o [4]
?b14                    0x00000e         Data  Gb  vregs.o [4]
?b15                    0x00000f         Data  Gb  vregs.o [4]
?b2                     0x000002         Data  Gb  vregs.o [4]
?b3                     0x000003         Data  Gb  vregs.o [4]
?b4                     0x000004         Data  Gb  vregs.o [4]
?b5                     0x000005         Data  Gb  vregs.o [4]
?b6                     0x000006         Data  Gb  vregs.o [4]
?b7                     0x000007         Data  Gb  vregs.o [4]
?b8                     0x000008         Data  Gb  vregs.o [4]
?b9                     0x000009         Data  Gb  vregs.o [4]
?dc32_l0                0x00be5e         Code  Gb  dc_util.o [4]
?dc32_l1                0x00be6b         Code  Gb  dc_util.o [4]
?dc8_px                 0x00be57         Code  Gb  dc_util.o [4]
?e0                     0x000001         Data  Gb  vregs.o [4]
?e1                     0x000005         Data  Gb  vregs.o [4]
?e2                     0x000009         Data  Gb  vregs.o [4]
?e3                     0x00000d         Data  Gb  vregs.o [4]
?epilogue_l2            0x00a4cf         Code  Gb  vreg_util.o [4]
?epilogue_l2_l3         0x00a4cc         Code  Gb  vreg_util.o [4]
?epilogue_l2_w6         0x00a4d3         Code  Gb  vreg_util.o [4]
?fcastf32u16_l0_x       0x009b4c         Code  Gb  float.o [4]
?fcasts16f32_x_l0       0x009b6a         Code  Gb  float.o [4]
?fdiv32_l0_dc32_l1      0x009a99         Code  Gb  float.o [4]
?fdiv32_l0_l0_l1        0x009a9e         Code  Gb  float.o [4]
?fmul32_l0_l0_dc32      0x0099f9         Code  Gb  float.o [4]
?fmul32_l0_l0_l1        0x0099fe         Code  Gb  float.o [4]
?inc32_0x_0x            0x00a94e         Code  Gb  long.o [4]
?inc32_l0_l0            0x00a944         Code  Gb  long.o [4]
?inc32_l1_l1            0x00a949         Code  Gb  long.o [4]
?l0                     0x000000         Data  Gb  vregs.o [4]
?l1                     0x000004         Data  Gb  vregs.o [4]
?l2                     0x000008         Data  Gb  vregs.o [4]
?l3                     0x00000c         Data  Gb  vregs.o [4]
?load32_0x_l0           0x00b436         Code  Gb  long_util.o [4]
?load32_0x_l1           0x00b444         Code  Gb  long_util.o [4]
?load32_0x_l2           0x00b452         Code  Gb  long_util.o [4]
?load32_l0_0x           0x00b40e         Code  Gb  long_util.o [4]
?load32_l0_asp          0x00b403         Code  Gb  long_util.o [4]
?load32_l0_dbsp         0x00b3fe         Code  Gb  long_util.o [4]
?load32_l0_xsp          0x00b405         Code  Gb  long_util.o [4]
?load32_l1_0x           0x00b42a         Code  Gb  long_util.o [4]
?load32_l1_asp          0x00b41f         Code  Gb  long_util.o [4]
?load32_l1_dbsp         0x00b41a         Code  Gb  long_util.o [4]
?load32_l1_xsp          0x00b421         Code  Gb  long_util.o [4]
?mov_e0_e1              0x00a4eb         Code  Gb  vreg_util.o [4]
?mov_e0_e2              0x00a4f8         Code  Gb  vreg_util.o [4]
?mov_e0_e3              0x00a505         Code  Gb  vreg_util.o [4]
?mov_e1_e0              0x00a512         Code  Gb  vreg_util.o [4]
?mov_e2_e0              0x00a51f         Code  Gb  vreg_util.o [4]
?mov_e3_e0              0x00a52c         Code  Gb  vreg_util.o [4]
?mov_l0_l1              0x00a4e8         Code  Gb  vreg_util.o [4]
?mov_l0_l2              0x00a4f5         Code  Gb  vreg_util.o [4]
?mov_l0_l3              0x00a502         Code  Gb  vreg_util.o [4]
?mov_l1_l0              0x00a50f         Code  Gb  vreg_util.o [4]
?mov_l2_l0              0x00a51c         Code  Gb  vreg_util.o [4]
?mov_l3_l0              0x00a529         Code  Gb  vreg_util.o [4]
?mov_w0_w1              0x00a4da         Code  Gb  vreg_util.o [4]
?mov_w1_w3              0x00a4ee         Code  Gb  vreg_util.o [4]
?mov_w1_w5              0x00a4fb         Code  Gb  vreg_util.o [4]
?mov_w1_w6              0x00a4e1         Code  Gb  vreg_util.o [4]
?mov_w1_w7              0x00a508         Code  Gb  vreg_util.o [4]
?mov_w3_w1              0x00a515         Code  Gb  vreg_util.o [4]
?mov_w5_w1              0x00a522         Code  Gb  vreg_util.o [4]
?mov_w7_w1              0x00a52f         Code  Gb  vreg_util.o [4]
?move1616_v_x_y_a       0x00c27a         Code  Gb  move.o [4]
?mul16_x_x_w0           0x00bac7         Code  Gb  short.o [4]
?pop_l0                 0x00a498         Code  Gb  vreg_util.o [4]
?pop_l1                 0x00a4a3         Code  Gb  vreg_util.o [4]
?pop_l2                 0x00a4ae         Code  Gb  vreg_util.o [4]
?pop_l3                 0x00a4b9         Code  Gb  vreg_util.o [4]
?pop_w6                 0x00a458         Code  Gb  vreg_util.o [4]
?push_l0                0x00a467         Code  Gb  vreg_util.o [4]
?push_l1                0x00a46c         Code  Gb  vreg_util.o [4]
?push_l2                0x00a471         Code  Gb  vreg_util.o [4]
?push_l3                0x00a476         Code  Gb  vreg_util.o [4]
?push_w4                0x00a43b         Code  Gb  vreg_util.o [4]
?push_w6                0x00a440         Code  Gb  vreg_util.o [4]
?sext16_x_a             0x00bafa         Code  Gb  short.o [4]
?sll16_x_x_a            0x00bae5         Code  Gb  short.o [4]
?sll8_a_a_5             0x00bf4d         Code  Gb  char.o [4]
?smod8_a_b0_a           0x00bf39         Code  Gb  char.o [4]
?srl16_x_x_10           0x00baef         Code  Gb  short.o [4]
?srl16_x_x_11           0x00baee         Code  Gb  short.o [4]
?srl16_x_x_12           0x00baed         Code  Gb  short.o [4]
?srl16_x_x_4            0x00baf5         Code  Gb  short.o [4]
?srl16_x_x_5            0x00baf4         Code  Gb  short.o [4]
?srl16_x_x_6            0x00baf3         Code  Gb  short.o [4]
?srl16_x_x_7            0x00baf2         Code  Gb  short.o [4]
?srl16_x_x_8            0x00baf1         Code  Gb  short.o [4]
?srl16_x_x_9            0x00baf0         Code  Gb  short.o [4]
?srl32_0x_0x_a          0x00a9f3         Code  Gb  long.o [4]
?srl32_l0_l0_a          0x00a9f0         Code  Gb  long.o [4]
?srl32_l0_l0_db         0x00a9ec         Code  Gb  long.o [4]
?srl8_a_a_5             0x00bf52         Code  Gb  char.o [4]
?ucmp32_c_l0_0x         0x00a9d1         Code  Gb  long.o [4]
?ucmp32_c_l0_l1         0x00a9e1         Code  Gb  long.o [4]
?udiv32_l0_l0_dl        0x00a961         Code  Gb  long.o [4]
?udiv32_l0_l0_l1        0x00a964         Code  Gb  long.o [4]
?umod32_l1_l0_dl        0x00a95c         Code  Gb  long.o [4]
?umod32_l1_l0_l1        0x00a964         Code  Gb  long.o [4]
?w0                     0x000000         Data  Gb  vregs.o [4]
?w1                     0x000002         Data  Gb  vregs.o [4]
?w2                     0x000004         Data  Gb  vregs.o [4]
?w3                     0x000006         Data  Gb  vregs.o [4]
?w4                     0x000008         Data  Gb  vregs.o [4]
?w5                     0x00000a         Data  Gb  vregs.o [4]
?w6                     0x00000c         Data  Gb  vregs.o [4]
?w7                     0x00000e         Data  Gb  vregs.o [4]
ACK                     0x00b170   0x88  Code  Gb  BC95.o [1]
ADC1_COMP_IRQHandler    0x00c43b    0x1  Code  Gb  stm8l15x_it.o [1]
ADC_ChannelCmd          0x00b7d6   0x4c  Code  Gb  stm8l15x_adc.o [1]
ADC_ClearFlag           0x00c201    0xe  Code  Gb  stm8l15x_adc.o [1]
ADC_Cmd                 0x00c1d3   0x11  Code  Gb  stm8l15x_adc.o [1]
ADC_GetConversionValue  0x00bc88   0x2b  Code  Gb  stm8l15x_adc.o [1]
ADC_GetFlagStatus       0x00bf1b   0x1e  Code  Gb  stm8l15x_adc.o [1]
ADC_Init                0x00bd07   0x29  Code  Gb  stm8l15x_adc.o [1]
ADC_SamplingTimeConfig  0x00b822   0x4c  Code  Gb  stm8l15x_adc.o [1]
ADC_SoftwareStartConv   0x00c3e1    0x5  Code  Gb  stm8l15x_adc.o [1]
ADC_VrefintCmd          0x00c1f3    0xe  Code  Gb  stm8l15x_adc.o [1]
ASCLL_to_Int            0x00b8fe   0x46  Code  Gb  Globaldata.o [1]
Alarm_Interrupt         0x00bd59   0x27  Code  Gb  rtc.o [1]
BAT_Alarm_Vol           0x000684    0x2  Data  Gb  Globaldata.o [1]
BAT_Vol                 0x000682    0x2  Data  Gb  Globaldata.o [1]
BC95                    0x000010  0x2a1  Data  Gb  BC95.o [1]
BC95_Data_Send          0x00be80   0x20  Code  Gb  BC95.o [1]
BC95_Delay_CallBalk     0x00c3dc    0x5  Code  Gb  BC95.o [1]
BC95_Power_Off          0x00c387    0x9  Code  Gb  BC95.o [1]
BC95_Power_On           0x00bbd5   0x2e  Code  Gb  BC95.o [1]
BC95_Process            0x008ec5  0x5c3  Code  Gb  BC95.o [1]
BC95_Reset              0x00bedf   0x1e  Code  Gb  BC95.o [1]
BC95_Start              0x00c239    0xd  Code  Gb  BC95.o [1]
BC95_Start_Timeout_CallBalk
                        0x00befd   0x1e  Code  Gb  BC95.o [1]
BCD_to_Int              0x00bdef   0x23  Code  Gb  Globaldata.o [1]
Bcd2ToByte              0x00bfc6   0x1b  Code  Lc  stm8l15x_rtc.o [1]
ByteToBcd2              0x00bea0   0x20  Code  Lc  stm8l15x_rtc.o [1]
CLK_GetClockFreq        0x00af2b   0x93  Code  Gb  stm8l15x_clk.o [1]
CLK_GetFlagStatus       0x00ad67   0x99  Code  Gb  stm8l15x_clk.o [1]
CLK_HSICmd              0x00c20f    0xe  Code  Gb  stm8l15x_clk.o [1]
CLK_HaltConfig          0x00bfe1   0x1a  Code  Gb  stm8l15x_clk.o [1]
CLK_LSEConfig           0x00c19b   0x13  Code  Gb  stm8l15x_clk.o [1]
CLK_PeripheralClockConfig
                        0x00b0e2   0x8e  Code  Gb  stm8l15x_clk.o [1]
CLK_RTCClockConfig      0x00c350    0xa  Code  Gb  stm8l15x_clk.o [1]
CLK_SYSCLKDivConfig     0x00c407    0x4  Code  Gb  stm8l15x_clk.o [1]
CLK_SYSCLKSourceConfig  0x00c403    0x4  Code  Gb  stm8l15x_clk.o [1]
CSTACK$$Base            0x000f00          --   Gb  - Linker created -
CSTACK$$Limit           0x001000          --   Gb  - Linker created -
Cal                     0x000671    0x5  Data  Gb  Pulse_Acquire.o [1]
Create_Timer            0x00a20e  0x117  Code  Gb  Sys_Timer.o [1]
DMA1_CHANNEL0_1_IRQHandler
                        0x00c42e    0x1  Code  Gb  stm8l15x_it.o [1]
DMA1_CHANNEL2_3_IRQHandler
                        0x00c42f    0x1  Code  Gb  stm8l15x_it.o [1]
Delete_Timer            0x00b520   0x5f  Code  Gb  Sys_Timer.o [1]
Device_Status           0x00068a    0x1  Data  Gb  Globaldata.o [1]
EXTI0_IRQHandler        0x00c0b6   0x16  Code  Gb  stm8l15x_it.o [1]
EXTI1_IRQHandler        0x00c432    0x1  Code  Gb  stm8l15x_it.o [1]
EXTI2_IRQHandler        0x00c433    0x1  Code  Gb  stm8l15x_it.o [1]
EXTI3_IRQHandler        0x00c434    0x1  Code  Gb  stm8l15x_it.o [1]
EXTI4_IRQHandler        0x00c435    0x1  Code  Gb  stm8l15x_it.o [1]
EXTI5_IRQHandler        0x00c436    0x1  Code  Gb  stm8l15x_it.o [1]
EXTI6_IRQHandler        0x00c437    0x1  Code  Gb  stm8l15x_it.o [1]
EXTI7_IRQHandler        0x00c438    0x1  Code  Gb  stm8l15x_it.o [1]
EXTIB_G_IRQHandler      0x00c431    0x1  Code  Gb  stm8l15x_it.o [1]
EXTID_H_IRQHandler      0x00c0a0   0x16  Code  Gb  stm8l15x_it.o [1]
EXTIE_F_PVD_IRQHandler  0x00c430    0x1  Code  Gb  stm8l15x_it.o [1]
EXTI_ClearITPendingBit  0x00be35   0x22  Code  Gb  stm8l15x_exti.o [1]
EXTI_SelectPort         0x00bb37   0x36  Code  Gb  stm8l15x_exti.o [1]
EXTI_SetHalfPortSelection
                        0x00ba4d   0x3f  Code  Gb  stm8l15x_exti.o [1]
EXTI_SetPinSensitivity  0x00a325  0x116  Code  Gb  stm8l15x_exti.o [1]
EXTI_SetPortSensitivity
                        0x00b736   0x53  Code  Gb  stm8l15x_exti.o [1]
Exti0_Interrupt         0x00bda6   0x25  Code  Gb  Pulse_Acquire.o [1]
ExtiD_Interrupt         0x00ae96   0x95  Code  Gb  Pulse_Acquire.o [1]
FLASH_GetFlagStatus     0x00c014   0x19  Code  Gb  stm8l15x_flash.o [1]
FLASH_IRQHandler        0x00c42d    0x1  Code  Gb  stm8l15x_it.o [1]
FLASH_Lock              0x00c311    0xb  Code  Gb  stm8l15x_flash.o [1]
FLASH_ProgramByte       0x00c31c    0xb  Code  Gb  stm8l15x_flash.o [1]
FLASH_ReadByte          0x00c3e6    0x5  Code  Gb  stm8l15x_flash.o [1]
FLASH_Unlock            0x00bffb   0x19  Code  Gb  stm8l15x_flash.o [1]
GPIO_Configuration      0x00b86e   0x49  Code  Gb  mcu_init.o [1]
GPIO_Init               0x00aaba   0xb6  Code  Gb  stm8l15x_gpio.o [1]
GPIO_ReadInputDataBit   0x00c41a    0x3  Code  Gb  stm8l15x_gpio.o [1]
GPIO_ResetBits          0x00c3aa    0x8  Code  Gb  stm8l15x_gpio.o [1]
GPIO_SetBits            0x00c3b9    0x7  Code  Gb  stm8l15x_gpio.o [1]
Gather_Cycle_counter    0x00068d    0x1  Data  Gb  Globaldata.o [1]
I2C1_SPI2_IRQHandler    0x00c440    0x1  Code  Gb  stm8l15x_it.o [1]
INTVEC$$Base            0x008000          --   Gb  - Linker created -
INTVEC$$Limit           0x008080          --   Gb  - Linker created -
ITC_SetSoftwarePriority
                        0x009e1a  0x15a  Code  Gb  stm8l15x_itc.o [1]
IWDG_Enable             0x00c3f0    0x5  Code  Gb  stm8l15x_iwdg.o [1]
IWDG_INIT               0x00c08a   0x16  Code  Gb  main.o [1]
IWDG_ReloadCounter      0x00c3eb    0x5  Code  Gb  stm8l15x_iwdg.o [1]
IWDG_SetPrescaler       0x00c40f    0x4  Code  Gb  stm8l15x_iwdg.o [1]
IWDG_SetReload          0x00c413    0x4  Code  Gb  stm8l15x_iwdg.o [1]
IWDG_WriteAccessCmd     0x00c40b    0x4  Code  Gb  stm8l15x_iwdg.o [1]
Int_to_ASCLL            0x00bf90   0x1b  Code  Gb  Globaldata.o [1]
LCD_AES_IRQHandler      0x00c439    0x1  Code  Gb  stm8l15x_it.o [1]
Last_Vol                0x000688    0x2  Data  Gb  rtc.o [1]
Meter_Number            0x000663    0x7  Data  Gb  Globaldata.o [1]
PWR_FastWakeUpCmd       0x00c21d    0xe  Code  Gb  stm8l15x_pwr.o [1]
PWR_UltraLowPowerCmd    0x00c22b    0xe  Code  Gb  stm8l15x_pwr.o [1]
Pulse_Acquire_Config    0x00b4c1   0x5f  Code  Gb  Pulse_Acquire.o [1]
RCC_Configuration       0x00c346    0xa  Code  Gb  mcu_init.o [1]
RTC_AlarmCmd            0x00b6e1   0x55  Code  Gb  stm8l15x_rtc.o [1]
RTC_AlarmStr            0x00066a    0x7  Data  Gb  rtc.o [1]
RTC_CSSLSE_IRQHandler   0x00bdcb   0x24  Code  Gb  stm8l15x_it.o [1]
RTC_ClearITPendingBit   0x00c2c3    0xc  Code  Gb  stm8l15x_rtc.o [1]
RTC_DateStr             0x00067e    0x4  Data  Gb  rtc.o [1]
RTC_EnterInitMode       0x00bcdd   0x2a  Code  Gb  stm8l15x_rtc.o [1]
RTC_GetDate             0x00b68b   0x56  Code  Gb  stm8l15x_rtc.o [1]
RTC_GetITStatus         0x00bc03   0x2d  Code  Gb  stm8l15x_rtc.o [1]
RTC_ITConfig            0x00ba8c   0x3b  Code  Gb  stm8l15x_rtc.o [1]
RTC_Init                0x00b789   0x4d  Code  Gb  stm8l15x_rtc.o [1]
RTC_SetAlarm            0x009f74  0x14e  Code  Gb  stm8l15x_rtc.o [1]
RTC_SetDate             0x00a887   0xbd  Code  Gb  stm8l15x_rtc.o [1]
RTC_SetTime             0x00aa01   0xb9  Code  Gb  stm8l15x_rtc.o [1]
RTC_SetWakeUpCounter    0x00bfab   0x1b  Code  Gb  stm8l15x_rtc.o [1]
RTC_TimeStr             0x00067a    0x4  Data  Gb  rtc.o [1]
RTC_WaitForSynchro      0x00bb6d   0x35  Code  Gb  stm8l15x_rtc.o [1]
RTC_WakeUpClockConfig   0x00be12   0x23  Code  Gb  stm8l15x_rtc.o [1]
RTC_WakeUpCmd           0x00b988   0x43  Code  Gb  stm8l15x_rtc.o [1]
Read_ACUM_Flow          0x00c1e4    0xf  Code  Gb  Save.o [1]
Read_BAT_Alarm_Value    0x00c175   0x13  Code  Gb  Save.o [1]
Read_Meter_Number       0x00bc5d   0x2b  Code  Gb  Save.o [1]
Read_Report_Cycle       0x00c188   0x13  Code  Gb  Save.o [1]
Read_Settle_Date        0x00c1c1   0x12  Code  Gb  Save.o [1]
Read_Temp               0x00a7bb   0xcc  Code  Gb  Temperature.o [1]
Read_Voltage            0x00acc2   0xa5  Code  Gb  mcu_init.o [1]
Recv_Data_Process       0x009488  0x571  Code  Gb  BC95.o [1]
Region$$Table$$Base     0x00be78          --   Gb  - Linker created -
Region$$Table$$Limit    0x00be80          --   Gb  - Linker created -
Report_All_Parameters   0x008871  0x654  Code  Gb  BC95.o [1]
Report_Cycle            0x000686    0x2  Data  Gb  Globaldata.o [1]
Report_Cycle_counter    0x000676    0x4  Data  Gb  Globaldata.o [1]
Report_HC_Flow          0x008080  0x7f1  Code  Gb  BC95.o [1]
Rtc_Config              0x00b57f   0x5e  Code  Gb  rtc.o [1]
SPI1_IRQHandler         0x00c43d    0x1  Code  Gb  stm8l15x_it.o [1]
SWITCH_CSS_BREAK_DAC_IRQHandler
                        0x00c43a    0x1  Code  Gb  stm8l15x_it.o [1]
SYSDivFactor            0x00c3d7    0x5  Data  Gb  stm8l15x_clk.o [1]
Save_Add_Flow           0x00c124   0x15  Code  Gb  Save.o [1]
Save_BAT_Alarm_Value    0x00c246    0xd  Code  Gb  Save.o [1]
Save_Meter_Number       0x00c26d    0xd  Code  Gb  Save.o [1]
Save_Report_Cycle       0x00c260    0xd  Code  Gb  Save.o [1]
Save_SDCF_Flow          0x00a6e8   0xd3  Code  Gb  Save.o [1]
Save_Settle_Date        0x00c253    0xd  Code  Gb  Save.o [1]
Send_Data_Process       0x00c074   0x16  Code  Gb  BC95.o [1]
Set_Alarm               0x00bb01   0x36  Code  Gb  rtc.o [1]
Settle_Date             0x00068c    0x1  Data  Gb  Globaldata.o [1]
Sleep                   0x00afbe   0x92  Code  Gb  main.o [1]
SysTick_Handler         0x009c8c  0x18e  Code  Gb  Sys_Timer.o [1]
Sys_Timer               0x00053a   0xa0  Data  Lc  Sys_Timer.o [1]
Sys_Timer_Process       0x00b5dd   0x57  Code  Gb  Sys_Timer.o [1]
TIM1_CC_IRQHandler      0x00c43c    0x1  Code  Gb  stm8l15x_it.o [1]
TIM1_ClearITPendingBit  0x00c390    0x9  Code  Gb  stm8l15x_tim1.o [1]
TIM1_UPD_OVF_TRG_COM_IRQHandler
                        0x00c02d   0x18  Code  Gb  stm8l15x_it.o [1]
TIM2_CC_USART2_RX_IRQHandler
                        0x00c0e2   0x16  Code  Gb  stm8l15x_it.o [1]
TIM2_UPD_OVF_TRG_BRK_USART2_TX_IRQHandler
                        0x00c0cc   0x16  Code  Gb  stm8l15x_it.o [1]
TIM3_CC_USART3_RX_IRQHandler
                        0x00c10e   0x16  Code  Gb  stm8l15x_it.o [1]
TIM3_UPD_OVF_TRG_BRK_USART3_TX_IRQHandler
                        0x00c0f8   0x16  Code  Gb  stm8l15x_it.o [1]
TIM4_ClearITPendingBit  0x00c399    0x9  Code  Gb  stm8l15x_tim4.o [1]
TIM4_UPD_OVF_TRG_IRQHandler
                        0x00c045   0x18  Code  Gb  stm8l15x_it.o [1]
TRAP_IRQHandler         0x00c42c    0x1  Code  Gb  stm8l15x_it.o [1]
Temp                    0x00068b    0x1  Data  Gb  Globaldata.o [1]
Temp_Table              0x00a0c2  0x14c  Data  Gb  Temperature.o [1]
USART1_RX_TIM5_CC_IRQHandler
                        0x00c43f    0x1  Code  Gb  stm8l15x_it.o [1]
USART1_TX_TIM5_UPD_OVF_TRG_BRK_IRQHandler
                        0x00c43e    0x1  Code  Gb  stm8l15x_it.o [1]
USART2_Configuration    0x00b460   0x61  Code  Gb  mcu_init.o [1]
USART2_IRQHandler       0x00b050   0x92  Code  Gb  uart.o [1]
USART2_TX_IRQHandler    0x00b634   0x57  Code  Gb  uart.o [1]
USART3_IRQHandler       0x00a536   0xda  Code  Gb  uart.o [1]
USART_ClearITPendingBit
                        0x00c3f5    0x5  Code  Gb  stm8l15x_usart.o [1]
USART_Cmd               0x00bc30   0x2d  Code  Gb  stm8l15x_usart.o [1]
USART_DeInit            0x00b9cb   0x42  Code  Gb  stm8l15x_usart.o [1]
USART_GetITStatus       0x00ab70   0xac  Code  Gb  stm8l15x_usart.o [1]
USART_ITConfig          0x00ae00   0x96  Code  Gb  stm8l15x_usart.o [1]
USART_Init              0x00a610   0xd8  Code  Gb  stm8l15x_usart.o [1]
USART_ReceiveData8      0x00c41d    0x3  Code  Gb  stm8l15x_usart.o [1]
USART_SendData8         0x00c3c0    0x7  Code  Gb  stm8l15x_usart.o [1]
USART_SendData9         0x00bd30   0x29  Code  Gb  stm8l15x_usart.o [1]
Uart2                   0x0002b1  0x289  Data  Gb  uart.o [1]
Uart2_Receive           0x00bba2   0x33  Code  Gb  uart.o [1]
Uart2_Send              0x00b1f8   0x87  Code  Gb  uart.o [1]
Uart3                   0x0005da   0x89  Data  Gb  uart.o [1]
Wake_Interrupt          0x00b37f   0x7f  Code  Gb  rtc.o [1]
WriteRom                0x00ac1c   0xa6  Code  Gb  Save.o [1]
__DebugBreak            0x00c441    0x1  Code  Gb  __dbg_break.o [3]
__exit                  0x00c14e   0x14  Code  Gb  __dbg_xxexit.o [3]
__iar_Strstr            0x00b944   0x44  Code  Gb  strstr.o [4]
__iar_data_init2        0x00c05d   0x17  Code  Gb  init.o [4]
__iar_program_start     0x00c1ae         Code  Gb  cstartup.o [4]
__iar_unhandled_exception
                        0x00c429         Code  Gb  unhandled_exception.o [4]
__iar_zero_init2        0x00bf57         Code  Gb  init_small.o [4]
__intvec                0x008000         Data  Gb  interrupt.o [4]
__low_level_init        0x00c423    0x3  Code  Gb  low_level_init.o [4]
_exit                   0x00c3fa         Code  Gb  cexit.o [4]
_interrupt_1            0x00c42c         Code  Gb  stm8l15x_it.o [1]
_interrupt_10           0x00c0b6         Code  Gb  stm8l15x_it.o [1]
_interrupt_11           0x00c432         Code  Gb  stm8l15x_it.o [1]
_interrupt_12           0x00c433         Code  Gb  stm8l15x_it.o [1]
_interrupt_13           0x00c434         Code  Gb  stm8l15x_it.o [1]
_interrupt_14           0x00c435         Code  Gb  stm8l15x_it.o [1]
_interrupt_15           0x00c436         Code  Gb  stm8l15x_it.o [1]
_interrupt_16           0x00c437         Code  Gb  stm8l15x_it.o [1]
_interrupt_17           0x00c438         Code  Gb  stm8l15x_it.o [1]
_interrupt_18           0x00c439         Code  Gb  stm8l15x_it.o [1]
_interrupt_19           0x00c43a         Code  Gb  stm8l15x_it.o [1]
_interrupt_20           0x00c43b         Code  Gb  stm8l15x_it.o [1]
_interrupt_21           0x00c0cc         Code  Gb  stm8l15x_it.o [1]
_interrupt_22           0x00c0e2         Code  Gb  stm8l15x_it.o [1]
_interrupt_23           0x00c0f8         Code  Gb  stm8l15x_it.o [1]
_interrupt_24           0x00c10e         Code  Gb  stm8l15x_it.o [1]
_interrupt_25           0x00c02d         Code  Gb  stm8l15x_it.o [1]
_interrupt_26           0x00c43c         Code  Gb  stm8l15x_it.o [1]
_interrupt_27           0x00c045         Code  Gb  stm8l15x_it.o [1]
_interrupt_28           0x00c43d         Code  Gb  stm8l15x_it.o [1]
_interrupt_29           0x00c43e         Code  Gb  stm8l15x_it.o [1]
_interrupt_3            0x00c42d         Code  Gb  stm8l15x_it.o [1]
_interrupt_30           0x00c43f         Code  Gb  stm8l15x_it.o [1]
_interrupt_31           0x00c440         Code  Gb  stm8l15x_it.o [1]
_interrupt_4            0x00c42e         Code  Gb  stm8l15x_it.o [1]
_interrupt_5            0x00c42f         Code  Gb  stm8l15x_it.o [1]
_interrupt_6            0x00bdcb         Code  Gb  stm8l15x_it.o [1]
_interrupt_7            0x00c430         Code  Gb  stm8l15x_it.o [1]
_interrupt_8            0x00c431         Code  Gb  stm8l15x_it.o [1]
_interrupt_9            0x00c0a0         Code  Gb  stm8l15x_it.o [1]
aa                      0x00068e    0x1  Data  Gb  stm8l15x_it.o [1]
abs                     0x00c327    0xb  Code  Gb  abs.o [4]
delay_ms                0x00bd80   0x26  Code  Gb  rtc.o [1]
exit                    0x00c426    0x3  Code  Gb  exit.o [4]
main                    0x00b8b7   0x47  Code  Gb  main.o [1]
memset                  0x00c139   0x15  Code  Gb  memset.o [4]
rtc_interrupt           0x00bcb3   0x2a  Code  Gb  rtc.o [1]
strstr                  0x00c162   0x13  Code  Gb  BC95.o [1]


[1] = F:\中科君达\NB水表\软件\NB-IOT程序V1.0\project\Debug\Obj
[2] = command line
[3] = dbgstm8smd.a
[4] = dlstm8smn.a

  16 394 bytes of readonly  code memory
   1 080 bytes of readonly  data memory
   1 936 bytes of readwrite data memory

Errors: none
Warnings: none
