###############################################################################
#
# IAR ELF Linker V2.20.1.176 for STM8                     08/Oct/2018  10:03:26
# Copyright 2010-2015 IAR Systems AB.
#
#    Output file  =  
#        F:\0中科君达\0项目\NB水表\软件\NB-IOT程序(BC95-B5)\PROJECT\Debug\Exe\project.out
#    Map file     =  
#        F:\0中科君达\0项目\NB水表\软件\NB-IOT程序(BC95-B5)\PROJECT\Debug\List\project.map
#    Command line =  
#        "F:\0中科君达\0项目\NB水表\软件\NB-IOT程序(BC95-B5)\PROJECT\Debug\Obj\BC95.o"
#        "F:\0中科君达\0项目\NB水表\软件\NB-IOT程序(BC95-B5)\PROJECT\Debug\Obj\Globaldata.o"
#        "F:\0中科君达\0项目\NB水表\软件\NB-IOT程序(BC95-B5)\PROJECT\Debug\Obj\main.o"
#        "F:\0中科君达\0项目\NB水表\软件\NB-IOT程序(BC95-B5)\PROJECT\Debug\Obj\mcu_init.o"
#        "F:\0中科君达\0项目\NB水表\软件\NB-IOT程序(BC95-B5)\PROJECT\Debug\Obj\Pulse_Acquire.o"
#        "F:\0中科君达\0项目\NB水表\软件\NB-IOT程序(BC95-B5)\PROJECT\Debug\Obj\rtc.o"
#        "F:\0中科君达\0项目\NB水表\软件\NB-IOT程序(BC95-B5)\PROJECT\Debug\Obj\Save.o"
#        "F:\0中科君达\0项目\NB水表\软件\NB-IOT程序(BC95-B5)\PROJECT\Debug\Obj\stm8l15x_adc.o"
#        "F:\0中科君达\0项目\NB水表\软件\NB-IOT程序(BC95-B5)\PROJECT\Debug\Obj\stm8l15x_clk.o"
#        "F:\0中科君达\0项目\NB水表\软件\NB-IOT程序(BC95-B5)\PROJECT\Debug\Obj\stm8l15x_exti.o"
#        "F:\0中科君达\0项目\NB水表\软件\NB-IOT程序(BC95-B5)\PROJECT\Debug\Obj\stm8l15x_flash.o"
#        "F:\0中科君达\0项目\NB水表\软件\NB-IOT程序(BC95-B5)\PROJECT\Debug\Obj\stm8l15x_gpio.o"
#        "F:\0中科君达\0项目\NB水表\软件\NB-IOT程序(BC95-B5)\PROJECT\Debug\Obj\stm8l15x_it.o"
#        "F:\0中科君达\0项目\NB水表\软件\NB-IOT程序(BC95-B5)\PROJECT\Debug\Obj\stm8l15x_itc.o"
#        "F:\0中科君达\0项目\NB水表\软件\NB-IOT程序(BC95-B5)\PROJECT\Debug\Obj\stm8l15x_iwdg.o"
#        "F:\0中科君达\0项目\NB水表\软件\NB-IOT程序(BC95-B5)\PROJECT\Debug\Obj\stm8l15x_pwr.o"
#        "F:\0中科君达\0项目\NB水表\软件\NB-IOT程序(BC95-B5)\PROJECT\Debug\Obj\stm8l15x_rtc.o"
#        "F:\0中科君达\0项目\NB水表\软件\NB-IOT程序(BC95-B5)\PROJECT\Debug\Obj\stm8l15x_syscfg.o"
#        "F:\0中科君达\0项目\NB水表\软件\NB-IOT程序(BC95-B5)\PROJECT\Debug\Obj\stm8l15x_usart.o"
#        "F:\0中科君达\0项目\NB水表\软件\NB-IOT程序(BC95-B5)\PROJECT\Debug\Obj\stm8l15x_wwdg.o"
#        "F:\0中科君达\0项目\NB水表\软件\NB-IOT程序(BC95-B5)\PROJECT\Debug\Obj\Sys_Timer.o"
#        "F:\0中科君达\0项目\NB水表\软件\NB-IOT程序(BC95-B5)\PROJECT\Debug\Obj\Temperature.o"
#        "F:\0中科君达\0项目\NB水表\软件\NB-IOT程序(BC95-B5)\PROJECT\Debug\Obj\uart.o"
#        --redirect _Printf=_PrintfSmall --redirect _Scanf=_ScanfSmall -o
#        "F:\0中科君达\0项目\NB水表\软件\NB-IOT程序(BC95-B5)\PROJECT\Debug\Exe\project.out"
#        --map
#        "F:\0中科君达\0项目\NB水表\软件\NB-IOT程序(BC95-B5)\PROJECT\Debug\List\project.map"
#        --config "D:\IAR for STM8\stm8\config\lnkstm8l151c8.icf" --config_def
#        _CSTACK_SIZE=0x100 --config_def _HEAP_SIZE=0x100 --entry
#        __iar_program_start --debug_lib
#
###############################################################################

*******************************************************************************
*** RUNTIME MODEL ATTRIBUTES
***

__SystemLibrary            = DLib
__code_model               = small
__core                     = stm8
__data_model               = medium
__dlib_file_descriptor     = 0
__dlib_full_locale_support = 0
__rt_version               = 4


*******************************************************************************
*** PLACEMENT SUMMARY
***

"A1":  place at start of [0x000000-0x0000ff] { rw section .vregs };
"A2":  place at end of [0x000000-0x000fff] { block CSTACK };
"P2":  place in [from 0x000000 to 0x000fff] {
          block HEAP, rw section __DLIB_PERTHREAD, rw section .far.bss,
          rw section .far.data, rw section .far.noinit,
          rw section .far_func.textrw, rw section .huge.bss,
          rw section .huge.data, rw section .huge.noinit,
          rw section .huge_func.textrw, rw section .iar.dynexit,
          rw section .near.bss, rw section .near.data, rw section .near.noinit,
          rw section .near_func.textrw };
"A3":  place at start of [0x008000-0x00ffff] { block INTVEC };
"P3":  place in [from 0x008000 to 0x00ffff] {
          ro section __DLIB_PERTHREAD_init, ro section .far.data_init,
          ro section .far_func.textrw_init, ro section .huge.data_init,
          ro section .huge_func.textrw_init, ro section .iar.init_table,
          ro section .init_array, ro section .near.data_init,
          ro section .near.rodata, ro section .near_func.text,
          ro section .near_func.textrw_init, ro section .tiny.data_init,
          ro section .tiny.rodata_init };

  Section          Kind      Address    Size  Object
  -------          ----      -------    ----  ------
"A1":                                   0x10
  .vregs           uninit   0x000000    0x10  vregs.o [4]
                          - 0x000010    0x10

"P2":                                  0x3d3
  .near.bss        zero     0x000010   0x1d1  uart.o [1]
  .near.bss        zero     0x0001e1   0x12e  BC95.o [1]
  .near.bss        zero     0x00030f    0xa0  Sys_Timer.o [1]
  .near.bss        zero     0x0003af    0x22  Globaldata.o [1]
  .near.bss        zero     0x0003d1     0x7  Pulse_Acquire.o [1]
  .near.bss        zero     0x0003d8     0x4  Globaldata.o [1]
  .near.bss        zero     0x0003dc     0x4  Globaldata.o [1]
  .near.bss        zero     0x0003e0     0x2  Globaldata.o [1]
  .near.bss        zero     0x0003e2     0x1  Sys_Timer.o [1]
                          - 0x0003e3   0x3d3

"A2":                                  0x100
  CSTACK                    0x000f00   0x100  <Block>
    CSTACK         uninit   0x000f00   0x100  <Block tail>
                          - 0x001000   0x100

"A3":                                   0x80
  INTVEC                    0x008000    0x80  <Block>
    .intvec        const    0x008000    0x80  interrupt.o [4]
                          - 0x008080    0x80

"P3":                                 0x51bb
  .near_func.text  ro code  0x008080   0xb29  BC95.o [1]
  .near_func.text  ro code  0x008ba9   0x7f1  BC95.o [1]
  .near_func.text  ro code  0x00939a   0x6a7  BC95.o [1]
  .near_func.text  ro code  0x009a41   0x64d  BC95.o [1]
  .near_func.text  ro code  0x00a08e   0x293  float.o [4]
  .near_func.text  ro code  0x00a321   0x200  rtc.o [1]
  .near_func.text  ro code  0x00a521   0x1a2  BC95.o [1]
  .near_func.text  ro code  0x00a6c3   0x192  Sys_Timer.o [1]
  .near_func.text  ro code  0x00a855   0x15b  stm8l15x_itc.o [1]
  .near_func.text  ro code  0x00a9b0   0x152  stm8l15x_rtc.o [1]
  .near.rodata     const    0x00ab02   0x14c  Temperature.o [1]
  .near_func.text  ro code  0x00ac4e   0x136  rtc.o [1]
  .near_func.text  ro code  0x00ad84   0x127  vreg_util.o [4]
  .near_func.text  ro code  0x00aeab   0x11f  stm8l15x_exti.o [1]
  .near_func.text  ro code  0x00afca   0x105  Sys_Timer.o [1]
  .near_func.text  ro code  0x00b0cf   0x101  Save.o [1]
  .near_func.text  ro code  0x00b1d0    0xf0  Pulse_Acquire.o [1]
  .near_func.text  ro code  0x00b2c0    0xdd  Temperature.o [1]
  .near_func.text  ro code  0x00b39d    0xd3  Save.o [1]
  .near_func.text  ro code  0x00b470    0xd3  stm8l15x_usart.o [1]
  .near.rodata     const    0x00b543    0xc8  BC95.o [1]
  .near_func.text  ro code  0x00b60b    0xbf  Save.o [1]
  .near_func.text  ro code  0x00b6ca    0xb7  stm8l15x_rtc.o [1]
  .near_func.text  ro code  0x00b781    0xaf  stm8l15x_gpio.o [1]
  .near_func.text  ro code  0x00b830    0xac  stm8l15x_usart.o [1]
  .near_func.text  ro code  0x00b8dc    0xab  stm8l15x_rtc.o [1]
  .near_func.text  ro code  0x00b987    0xa3  long.o [4]
  .near_func.text  ro code  0x00ba2a    0xa2  Save.o [1]
  .near_func.text  ro code  0x00bacc    0x9e  mcu_init.o [1]
  .near_func.text  ro code  0x00bb6a    0x99  stm8l15x_clk.o [1]
  .near_func.text  ro code  0x00bc03    0x94  stm8l15x_usart.o [1]
  .near_func.text  ro code  0x00bc97    0x93  stm8l15x_clk.o [1]
  .near_func.text  ro code  0x00bd2a    0x8f  uart.o [1]
  .near_func.text  ro code  0x00bdb9    0x8e  stm8l15x_clk.o [1]
  .near_func.text  ro code  0x00be47    0x8a  BC95.o [1]
  .near_func.text  ro code  0x00bed1    0x88  uart.o [1]
  .near.rodata     const    0x00bf59    0x80  BC95.o [1]
  .near_func.text  ro code  0x00bfd9    0x7d  Save.o [1]
  .near_func.text  ro code  0x00c056    0x6a  Globaldata.o [1]
  .near_func.text  ro code  0x00c0c0    0x67  mcu_init.o [1]
  .near_func.text  ro code  0x00c127    0x63  short.o [4]
  .near_func.text  ro code  0x00c18a    0x61  mcu_init.o [1]
  .near_func.text  ro code  0x00c1eb    0x5f  Pulse_Acquire.o [1]
  .near_func.text  ro code  0x00c24a    0x5e  rtc.o [1]
  .near_func.text  ro code  0x00c2a8    0x5c  stm8l15x_rtc.o [1]
  .near_func.text  ro code  0x00c304    0x5c  stm8l15x_rtc.o [1]
  .near_func.text  ro code  0x00c360    0x57  main.o [1]
  .near_func.text  ro code  0x00c3b7    0x56  uart.o [1]
  .near_func.text  ro code  0x00c40d    0x55  stm8l15x_exti.o [1]
  .near_func.text  ro code  0x00c462    0x55  stm8l15x_rtc.o [1]
  .near_func.text  ro code  0x00c4b7    0x55  stm8l15x_rtc.o [1]
  .near_func.text  ro code  0x00c50c    0x53  BC95.o [1]
  .near_func.text  ro code  0x00c55f    0x52  long_util.o [4]
  .near_func.text  ro code  0x00c5b1    0x50  stm8l15x_adc.o [1]
  .near_func.text  ro code  0x00c601    0x50  Sys_Timer.o [1]
  .near_func.text  ro code  0x00c651    0x4e  stm8l15x_adc.o [1]
  .near_func.text  ro code  0x00c69f    0x4d  Sys_Timer.o [1]
  .near_func.text  ro code  0x00c6ec    0x49  mcu_init.o [1]
  .near_func.text  ro code  0x00c735    0x46  Globaldata.o [1]
  .near_func.text  ro code  0x00c77b    0x45  stm8l15x_rtc.o [1]
  .near_func.text  ro code  0x00c7c0    0x44  strstr.o [4]
  .near.rodata     const    0x00c804    0x40  BC95.o [1]
  .near_func.text  ro code  0x00c844    0x3f  stm8l15x_exti.o [1]
  .near_func.text  ro code  0x00c883    0x3e  stm8l15x_usart.o [1]
  .near_func.text  ro code  0x00c8c1    0x3d  Save.o [1]
  .near_func.text  ro code  0x00c8fe    0x3b  stm8l15x_rtc.o [1]
  .near_func.text  ro code  0x00c939    0x39  rtc.o [1]
  .near_func.text  ro code  0x00c972    0x38  Save.o [1]
  .near_func.text  ro code  0x00c9aa    0x37  stm8l15x_rtc.o [1]
  .near_func.text  ro code  0x00c9e1    0x36  stm8l15x_exti.o [1]
  .near_func.text  ro code  0x00ca17    0x36  memcmp.o [4]
  .near_func.text  ro code  0x00ca4d    0x35  Pulse_Acquire.o [1]
  .near_func.text  ro code  0x00ca82    0x32  uart.o [1]
  .near_func.text  ro code  0x00cab4    0x2f  stm8l15x_adc.o [1]
  .near_func.text  ro code  0x00cae3    0x2e  BC95.o [1]
  .near_func.text  ro code  0x00cb11    0x2d  stm8l15x_rtc.o [1]
  .near_func.text  ro code  0x00cb3e    0x2c  stm8l15x_rtc.o [1]
  .near_func.text  ro code  0x00cb6a    0x2b  stm8l15x_usart.o [1]
  .near.rodata     const    0x00cb95    0x28  BC95.o [1]
  .near_func.text  ro code  0x00cbbd    0x28  stm8l15x_adc.o [1]
  .near_func.text  ro code  0x00cbe5    0x27  rtc.o [1]
  .near_func.text  ro code  0x00cc0c    0x25  BC95.o [1]
  .near_func.text  ro code  0x00cc31    0x25  memcpy.o [4]
  .near_func.text  ro code  0x00cc56    0x23  stm8l15x_rtc.o [1]
  .near_func.text  ro code  0x00cc79    0x22  stm8l15x_exti.o [1]
  .near_func.text  ro code  0x00cc9b    0x21  BC95.o [1]
  .iar.init_table  const    0x00ccbc     0x8  - Linker created -
  .near_func.text  ro code  0x00ccc4    0x20  BC95.o [1]
  .near_func.text  ro code  0x00cce4    0x20  stm8l15x_rtc.o [1]
  .near.rodata     const    0x00cd04    0x1f  BC95.o [1]
  .near_func.text  ro code  0x00cd23    0x1f  main.o [1]
  .near_func.text  ro code  0x00cd42    0x1f  Pulse_Acquire.o [1]
  .near_func.text  ro code  0x00cd61    0x1e  BC95.o [1]
  .near_func.text  ro code  0x00cd7f    0x1e  stm8l15x_adc.o [1]
  .near_func.text  ro code  0x00cd9d    0x1e  init_small.o [4]
  .near.rodata     const    0x00cdbb    0x1c  BC95.o [1]
  .near.rodata     const    0x00cdd7    0x1b  BC95.o [1]
  .near_func.text  ro code  0x00cdf2    0x1b  Globaldata.o [1]
  .near_func.text  ro code  0x00ce0d    0x1b  stm8l15x_rtc.o [1]
  .near_func.text  ro code  0x00ce28    0x1a  dc_util.o [4]
  .near_func.text  ro code  0x00ce42    0x19  stm8l15x_flash.o [1]
  .near_func.text  ro code  0x00ce5b    0x19  stm8l15x_flash.o [1]
  .near_func.text  ro code  0x00ce74    0x19  stm8l15x_it.o [1]
  .near_func.text  ro code  0x00ce8d    0x17  memset.o [4]
  .near_func.text  ro code  0x00cea4    0x17  init.o [4]
  .near_func.text  ro code  0x00cebb    0x16  main.o [1]
  .near_func.text  ro code  0x00ced1    0x16  stm8l15x_it.o [1]
  .near_func.text  ro code  0x00cee7    0x16  stm8l15x_it.o [1]
  .near_func.text  ro code  0x00cefd    0x16  stm8l15x_it.o [1]
  .near_func.text  ro code  0x00cf13    0x16  stm8l15x_it.o [1]
  .near_func.text  ro code  0x00cf29    0x15  Save.o [1]
  .near_func.text  ro code  0x00cf3e    0x15  stm8l15x_rtc.o [1]
  .near_func.text  ro code  0x00cf53    0x14  __dbg_xxexit.o [3]
  .near_func.text  ro code  0x00cf67    0x13  BC95.o [1]
  .near_func.text  ro code  0x00cf7a    0x13  stm8l15x_clk.o [1]
  .near_func.text  ro code  0x00cf8d    0x13  cstartup.o [4]
  .near_func.text  ro code  0x00cfa0    0x12  strlen.o [4]
  .near.rodata     const    0x00cfb2    0x11  BC95.o [1]
  .near.rodata     const    0x00cfc3    0x11  BC95.o [1]
  .near.rodata     const    0x00cfd4    0x11  BC95.o [1]
  .near_func.text  ro code  0x00cfe5    0x11  stm8l15x_adc.o [1]
  .near_func.text  ro code  0x00cff6     0xf  Save.o [1]
  .near_func.text  ro code  0x00d005     0xe  stm8l15x_adc.o [1]
  .near_func.text  ro code  0x00d013     0xe  stm8l15x_pwr.o [1]
  .near_func.text  ro code  0x00d021     0xd  Save.o [1]
  .near_func.text  ro code  0x00d02e     0xd  stm8l15x_adc.o [1]
  .near_func.text  ro code  0x00d03b     0xd  move.o [4]
  .near.rodata     const    0x00d048     0xc  BC95.o [1]
  .near.rodata     const    0x00d054     0xc  BC95.o [1]
  .near.rodata     const    0x00d060     0xc  BC95.o [1]
  .near.rodata     const    0x00d06c     0xc  BC95.o [1]
  .near.rodata     const    0x00d078     0xc  BC95.o [1]
  .near.rodata     const    0x00d084     0xc  BC95.o [1]
  .near.rodata     const    0x00d090     0xc  BC95.o [1]
  .near.rodata     const    0x00d09c     0xc  BC95.o [1]
  .near_func.text  ro code  0x00d0a8     0xc  stm8l15x_rtc.o [1]
  .near.rodata     const    0x00d0b4     0xb  BC95.o [1]
  .near.rodata     const    0x00d0bf     0xb  BC95.o [1]
  .near.rodata     const    0x00d0ca     0xb  BC95.o [1]
  .near.rodata     const    0x00d0d5     0xb  BC95.o [1]
  .near.rodata     const    0x00d0e0     0xb  BC95.o [1]
  .near.rodata     const    0x00d0eb     0xb  BC95.o [1]
  .near_func.text  ro code  0x00d0f6     0xb  stm8l15x_flash.o [1]
  .near_func.text  ro code  0x00d101     0xb  stm8l15x_flash.o [1]
  .near_func.text  ro code  0x00d10c     0xb  abs.o [4]
  .near_func.text  ro code  0x00d117     0xa  mcu_init.o [1]
  .near_func.text  ro code  0x00d121     0xa  stm8l15x_clk.o [1]
  .near_func.text  ro code  0x00d12b     0xa  char.o [4]
  .near.rodata     const    0x00d135     0x9  BC95.o [1]
  .near.rodata     const    0x00d13e     0x9  BC95.o [1]
  .near.rodata     const    0x00d147     0x9  BC95.o [1]
  .near.rodata     const    0x00d150     0x9  BC95.o [1]
  .near.rodata     const    0x00d159     0x9  BC95.o [1]
  .near.rodata     const    0x00d162     0x9  Save.o [1]
  .near.rodata     const    0x00d16b     0x9  Save.o [1]
  .near_func.text  ro code  0x00d174     0x9  stm8l15x_gpio.o [1]
  .near.rodata     const    0x00d17d     0x8  BC95.o [1]
  .near_func.text  ro code  0x00d185     0x8  stm8l15x_gpio.o [1]
  .near_func.text  ro code  0x00d18d     0x8  stm8l15x_usart.o [1]
  .near.rodata     const    0x00d195     0x7  BC95.o [1]
  .near.rodata     const    0x00d19c     0x7  BC95.o [1]
  .near.rodata     const    0x00d1a3     0x7  BC95.o [1]
  .near_func.text  ro code  0x00d1aa     0x7  stm8l15x_gpio.o [1]
  .near.rodata     const    0x00d1b1     0x6  BC95.o [1]
  .near_func.text  ro code  0x00d1b7     0x6  Save.o [1]
  .near_func.text  ro code  0x00d1bd     0x6  Save.o [1]
  .near.rodata     const    0x00d1c3     0x5  BC95.o [1]
  .near.rodata     const    0x00d1c8     0x5  BC95.o [1]
  .near.rodata     const    0x00d1cd     0x5  stm8l15x_clk.o [1]
  .near_func.text  ro code  0x00d1d2     0x5  BC95.o [1]
  .near_func.text  ro code  0x00d1d7     0x5  stm8l15x_adc.o [1]
  .near_func.text  ro code  0x00d1dc     0x5  stm8l15x_flash.o [1]
  .near_func.text  ro code  0x00d1e1     0x5  stm8l15x_iwdg.o [1]
  .near_func.text  ro code  0x00d1e6     0x5  stm8l15x_iwdg.o [1]
  .near_func.text  ro code  0x00d1eb     0x5  stm8l15x_usart.o [1]
  .near_func.text  ro code  0x00d1f0     0x5  stm8l15x_usart.o [1]
  .near_func.text  ro code  0x00d1f5     0x5  cexit.o [4]
  .near.rodata     const    0x00d1fa     0x4  BC95.o [1]
  .near_func.text  ro code  0x00d1fe     0x4  stm8l15x_clk.o [1]
  .near_func.text  ro code  0x00d202     0x4  stm8l15x_clk.o [1]
  .near_func.text  ro code  0x00d206     0x4  stm8l15x_iwdg.o [1]
  .near_func.text  ro code  0x00d20a     0x4  stm8l15x_iwdg.o [1]
  .near_func.text  ro code  0x00d20e     0x4  stm8l15x_iwdg.o [1]
  .near.rodata     const    0x00d212     0x3  BC95.o [1]
  .near_func.text  ro code  0x00d215     0x3  interrupt.o [4]
  .near_func.text  ro code  0x00d218     0x3  low_level_init.o [4]
  .near_func.text  ro code  0x00d21b     0x3  exit.o [4]
  .near_func.text  ro code  0x00d21e     0x3  unhandled_exception.o [4]
  .near_func.text  ro code  0x00d221     0x1  stm8l15x_it.o [1]
  .near_func.text  ro code  0x00d222     0x1  stm8l15x_it.o [1]
  .near_func.text  ro code  0x00d223     0x1  stm8l15x_it.o [1]
  .near_func.text  ro code  0x00d224     0x1  stm8l15x_it.o [1]
  .near_func.text  ro code  0x00d225     0x1  stm8l15x_it.o [1]
  .near_func.text  ro code  0x00d226     0x1  stm8l15x_it.o [1]
  .near_func.text  ro code  0x00d227     0x1  stm8l15x_it.o [1]
  .near_func.text  ro code  0x00d228     0x1  stm8l15x_it.o [1]
  .near_func.text  ro code  0x00d229     0x1  stm8l15x_it.o [1]
  .near_func.text  ro code  0x00d22a     0x1  stm8l15x_it.o [1]
  .near_func.text  ro code  0x00d22b     0x1  stm8l15x_it.o [1]
  .near_func.text  ro code  0x00d22c     0x1  stm8l15x_it.o [1]
  .near_func.text  ro code  0x00d22d     0x1  stm8l15x_it.o [1]
  .near_func.text  ro code  0x00d22e     0x1  stm8l15x_it.o [1]
  .near_func.text  ro code  0x00d22f     0x1  stm8l15x_it.o [1]
  .near_func.text  ro code  0x00d230     0x1  stm8l15x_it.o [1]
  .near_func.text  ro code  0x00d231     0x1  stm8l15x_it.o [1]
  .near_func.text  ro code  0x00d232     0x1  stm8l15x_it.o [1]
  .near_func.text  ro code  0x00d233     0x1  stm8l15x_it.o [1]
  .near_func.text  ro code  0x00d234     0x1  stm8l15x_it.o [1]
  .near_func.text  ro code  0x00d235     0x1  stm8l15x_it.o [1]
  .near_func.text  ro code  0x00d236     0x1  stm8l15x_it.o [1]
  .near_func.text  ro code  0x00d237     0x1  stm8l15x_it.o [1]
  .near_func.text  ro code  0x00d238     0x1  stm8l15x_it.o [1]
  .near_func.text  ro code  0x00d239     0x1  stm8l15x_it.o [1]
  .near_func.text  ro code  0x00d23a     0x1  __dbg_break.o [3]
                          - 0x00d23b  0x51bb


*******************************************************************************
*** INIT TABLE
***

          Address   Size
          -------   ----
Zero (__iar_zero_init2)
    1 destination range, total size 0x3d3:
          0x000010  0x3d3



*******************************************************************************
*** MODULE SUMMARY
***

    Module                 ro code  ro data  rw data
    ------                 -------  -------  -------
F:\0中科君达\0项目\NB水表\软件\NB-IOT程序(BC95-B5)\PROJECT\Debug\Obj: [1]
    BC95.o                   9 047      828      302
    Globaldata.o               203                44
    Pulse_Acquire.o            419                 7
    Save.o                   1 124       18
    Sys_Timer.o                820               161
    Temperature.o              221      332
    main.o                     140
    mcu_init.o                 441
    rtc.o                    1 012
    stm8l15x_adc.o             324
    stm8l15x_clk.o             479        5
    stm8l15x_exti.o            523
    stm8l15x_flash.o            77
    stm8l15x_gpio.o            199
    stm8l15x_it.o              138
    stm8l15x_itc.o             347
    stm8l15x_iwdg.o             22
    stm8l15x_pwr.o              14
    stm8l15x_rtc.o           1 445
    stm8l15x_usart.o           654
    uart.o                     415               465
    ------------------------------------------------
    Total:                  18 064    1 183      979

command line: [2]
    ------------------------------------------------
    Total:

dbgstm8smd.a: [3]
    __dbg_break.o                1
    __dbg_xxexit.o              20
    ------------------------------------------------
    Total:                      21

dlstm8smn.a: [4]
    abs.o                       11
    cexit.o                      5
    char.o                      10
    cstartup.o                  19
    dc_util.o                   26
    exit.o                       3
    float.o                    659
    init.o                      23
    init_small.o                30
    interrupt.o                  3      128
    long.o                     163
    long_util.o                 82
    low_level_init.o             3
    memcmp.o                    54
    memcpy.o                    37
    memset.o                    23
    move.o                      13
    short.o                     99
    strlen.o                    18
    strstr.o                    68
    unhandled_exception.o        3
    vreg_util.o                295
    vregs.o                                       16
    ------------------------------------------------
    Total:                   1 647      128       16

    Linker created                        8      256
----------------------------------------------------
    Grand Total:            19 732    1 319    1 251


*******************************************************************************
*** ENTRY LIST
***

Entry                    Address   Size  Type      Object
-----                    -------   ----  ----      ------
.iar.init_table$$Base   0x00ccbc          --   Gb  - Linker created -
.iar.init_table$$Limit  0x00ccc4          --   Gb  - Linker created -
?b0                     0x000000         Data  Gb  vregs.o [4]
?b1                     0x000001         Data  Gb  vregs.o [4]
?b10                    0x00000a         Data  Gb  vregs.o [4]
?b11                    0x00000b         Data  Gb  vregs.o [4]
?b12                    0x00000c         Data  Gb  vregs.o [4]
?b13                    0x00000d         Data  Gb  vregs.o [4]
?b14                    0x00000e         Data  Gb  vregs.o [4]
?b15                    0x00000f         Data  Gb  vregs.o [4]
?b2                     0x000002         Data  Gb  vregs.o [4]
?b3                     0x000003         Data  Gb  vregs.o [4]
?b4                     0x000004         Data  Gb  vregs.o [4]
?b5                     0x000005         Data  Gb  vregs.o [4]
?b6                     0x000006         Data  Gb  vregs.o [4]
?b7                     0x000007         Data  Gb  vregs.o [4]
?b8                     0x000008         Data  Gb  vregs.o [4]
?b9                     0x000009         Data  Gb  vregs.o [4]
?dc32_l0                0x00ce28         Code  Gb  dc_util.o [4]
?dc32_l1                0x00ce35         Code  Gb  dc_util.o [4]
?e0                     0x000001         Data  Gb  vregs.o [4]
?e1                     0x000005         Data  Gb  vregs.o [4]
?e2                     0x000009         Data  Gb  vregs.o [4]
?e3                     0x00000d         Data  Gb  vregs.o [4]
?epilogue_l2            0x00ae2b         Code  Gb  vreg_util.o [4]
?epilogue_l2_l3         0x00ae28         Code  Gb  vreg_util.o [4]
?epilogue_l2_w6         0x00ae2f         Code  Gb  vreg_util.o [4]
?epilogue_w4            0x00ae36         Code  Gb  vreg_util.o [4]
?fcastf32u16_l0_x       0x00a1e1         Code  Gb  float.o [4]
?fcasts16f32_x_l0       0x00a1ff         Code  Gb  float.o [4]
?fdiv32_l0_dc32_l1      0x00a12e         Code  Gb  float.o [4]
?fdiv32_l0_l0_l1        0x00a133         Code  Gb  float.o [4]
?fmul32_l0_l0_dc32      0x00a08e         Code  Gb  float.o [4]
?fmul32_l0_l0_l1        0x00a093         Code  Gb  float.o [4]
?inc32_0x_0x            0x00b991         Code  Gb  long.o [4]
?inc32_l0_l0            0x00b987         Code  Gb  long.o [4]
?inc32_l1_l1            0x00b98c         Code  Gb  long.o [4]
?l0                     0x000000         Data  Gb  vregs.o [4]
?l1                     0x000004         Data  Gb  vregs.o [4]
?l2                     0x000008         Data  Gb  vregs.o [4]
?l3                     0x00000c         Data  Gb  vregs.o [4]
?load32_0x_l0           0x00c587         Code  Gb  long_util.o [4]
?load32_0x_l1           0x00c595         Code  Gb  long_util.o [4]
?load32_0x_l2           0x00c5a3         Code  Gb  long_util.o [4]
?load32_l0_0x           0x00c55f         Code  Gb  long_util.o [4]
?load32_l1_0x           0x00c57b         Code  Gb  long_util.o [4]
?load32_l1_asp          0x00c570         Code  Gb  long_util.o [4]
?load32_l1_dbsp         0x00c56b         Code  Gb  long_util.o [4]
?load32_l1_xsp          0x00c572         Code  Gb  long_util.o [4]
?mov_e0_e1              0x00ae60         Code  Gb  vreg_util.o [4]
?mov_e0_e2              0x00ae6d         Code  Gb  vreg_util.o [4]
?mov_e0_e3              0x00ae7a         Code  Gb  vreg_util.o [4]
?mov_e1_e0              0x00ae87         Code  Gb  vreg_util.o [4]
?mov_e2_e0              0x00ae94         Code  Gb  vreg_util.o [4]
?mov_e3_e0              0x00aea1         Code  Gb  vreg_util.o [4]
?mov_l0_l1              0x00ae5d         Code  Gb  vreg_util.o [4]
?mov_l0_l2              0x00ae6a         Code  Gb  vreg_util.o [4]
?mov_l0_l3              0x00ae77         Code  Gb  vreg_util.o [4]
?mov_l1_l0              0x00ae84         Code  Gb  vreg_util.o [4]
?mov_l2_l0              0x00ae91         Code  Gb  vreg_util.o [4]
?mov_l3_l0              0x00ae9e         Code  Gb  vreg_util.o [4]
?mov_w0_w1              0x00ae3a         Code  Gb  vreg_util.o [4]
?mov_w0_w5              0x00ae41         Code  Gb  vreg_util.o [4]
?mov_w1_w3              0x00ae63         Code  Gb  vreg_util.o [4]
?mov_w1_w5              0x00ae70         Code  Gb  vreg_util.o [4]
?mov_w1_w6              0x00ae48         Code  Gb  vreg_util.o [4]
?mov_w1_w7              0x00ae7d         Code  Gb  vreg_util.o [4]
?mov_w2_w1              0x00ae4f         Code  Gb  vreg_util.o [4]
?mov_w3_w1              0x00ae8a         Code  Gb  vreg_util.o [4]
?mov_w4_w6              0x00ae56         Code  Gb  vreg_util.o [4]
?mov_w5_w1              0x00ae97         Code  Gb  vreg_util.o [4]
?mov_w7_w1              0x00aea4         Code  Gb  vreg_util.o [4]
?move1616_v_x_y_a       0x00d03b         Code  Gb  move.o [4]
?mul16_x_x_w0           0x00c127         Code  Gb  short.o [4]
?pop_l0                 0x00adf4         Code  Gb  vreg_util.o [4]
?pop_l1                 0x00adff         Code  Gb  vreg_util.o [4]
?pop_l2                 0x00ae0a         Code  Gb  vreg_util.o [4]
?pop_l3                 0x00ae15         Code  Gb  vreg_util.o [4]
?pop_w4                 0x00ada6         Code  Gb  vreg_util.o [4]
?pop_w6                 0x00adad         Code  Gb  vreg_util.o [4]
?pop_w7                 0x00adb4         Code  Gb  vreg_util.o [4]
?push_l0                0x00adc3         Code  Gb  vreg_util.o [4]
?push_l1                0x00adc8         Code  Gb  vreg_util.o [4]
?push_l2                0x00adcd         Code  Gb  vreg_util.o [4]
?push_l3                0x00add2         Code  Gb  vreg_util.o [4]
?push_w4                0x00ad84         Code  Gb  vreg_util.o [4]
?push_w6                0x00ad89         Code  Gb  vreg_util.o [4]
?push_w7                0x00ad8e         Code  Gb  vreg_util.o [4]
?sdiv16_x_x_y           0x00c145         Code  Gb  short.o [4]
?sext16_x_a             0x00c183         Code  Gb  short.o [4]
?sll16_x_x_a            0x00c16e         Code  Gb  short.o [4]
?sll8_a_a_5             0x00d12b         Code  Gb  char.o [4]
?smod16_y_x_y           0x00c15e         Code  Gb  short.o [4]
?srl16_x_x_10           0x00c178         Code  Gb  short.o [4]
?srl16_x_x_11           0x00c177         Code  Gb  short.o [4]
?srl16_x_x_12           0x00c176         Code  Gb  short.o [4]
?srl16_x_x_4            0x00c17e         Code  Gb  short.o [4]
?srl16_x_x_5            0x00c17d         Code  Gb  short.o [4]
?srl16_x_x_6            0x00c17c         Code  Gb  short.o [4]
?srl16_x_x_7            0x00c17b         Code  Gb  short.o [4]
?srl16_x_x_8            0x00c17a         Code  Gb  short.o [4]
?srl16_x_x_9            0x00c179         Code  Gb  short.o [4]
?srl8_a_a_5             0x00d130         Code  Gb  char.o [4]
?ucmp32_c_l0_0x         0x00ba0f         Code  Gb  long.o [4]
?ucmp32_c_l0_l1         0x00ba1f         Code  Gb  long.o [4]
?udiv32_l0_l0_dl        0x00b99f         Code  Gb  long.o [4]
?udiv32_l0_l0_l1        0x00b9a2         Code  Gb  long.o [4]
?umod32_l1_l0_l1        0x00b9a2         Code  Gb  long.o [4]
?w0                     0x000000         Data  Gb  vregs.o [4]
?w1                     0x000002         Data  Gb  vregs.o [4]
?w2                     0x000004         Data  Gb  vregs.o [4]
?w3                     0x000006         Data  Gb  vregs.o [4]
?w4                     0x000008         Data  Gb  vregs.o [4]
?w5                     0x00000a         Data  Gb  vregs.o [4]
?w6                     0x00000c         Data  Gb  vregs.o [4]
?w7                     0x00000e         Data  Gb  vregs.o [4]
ACK                     0x00be47   0x8a  Code  Gb  BC95.o [1]
ADC1_COMP_IRQHandler    0x00d230    0x1  Code  Gb  stm8l15x_it.o [1]
ADC_ChannelCmd          0x00c651   0x4e  Code  Gb  stm8l15x_adc.o [1]
ADC_ClearFlag           0x00d02e    0xd  Code  Gb  stm8l15x_adc.o [1]
ADC_Cmd                 0x00cfe5   0x11  Code  Gb  stm8l15x_adc.o [1]
ADC_GetConversionValue  0x00cbbd   0x28  Code  Gb  stm8l15x_adc.o [1]
ADC_GetFlagStatus       0x00cd7f   0x1e  Code  Gb  stm8l15x_adc.o [1]
ADC_Init                0x00cab4   0x2f  Code  Gb  stm8l15x_adc.o [1]
ADC_SamplingTimeConfig  0x00c5b1   0x50  Code  Gb  stm8l15x_adc.o [1]
ADC_SoftwareStartConv   0x00d1d7    0x5  Code  Gb  stm8l15x_adc.o [1]
ADC_VrefintCmd          0x00d005    0xe  Code  Gb  stm8l15x_adc.o [1]
ASCLL_to_Int            0x00c735   0x46  Code  Gb  Globaldata.o [1]
Alarm_Interrupt         0x00cbe5   0x27  Code  Gb  rtc.o [1]
BC95                    0x0001e1  0x12e  Data  Gb  BC95.o [1]
BC95_Data_Send          0x00ccc4   0x20  Code  Gb  BC95.o [1]
BC95_Delay_CallBack     0x00d1d2    0x5  Code  Gb  BC95.o [1]
BC95_Power_On           0x00cae3   0x2e  Code  Gb  BC95.o [1]
BC95_Process            0x00939a  0x6a7  Code  Gb  BC95.o [1]
BC95_Recv_Timeout_CallBack
                        0x00cc0c   0x25  Code  Gb  BC95.o [1]
BC95_Reset              0x00cd61   0x1e  Code  Gb  BC95.o [1]
BC95_Start              0x00cc9b   0x21  Code  Gb  BC95.o [1]
Bcd2ToByte              0x00ce0d   0x1b  Code  Lc  stm8l15x_rtc.o [1]
ByteToBcd2              0x00cce4   0x20  Code  Lc  stm8l15x_rtc.o [1]
CLK_GetClockFreq        0x00bc97   0x93  Code  Gb  stm8l15x_clk.o [1]
CLK_GetFlagStatus       0x00bb6a   0x99  Code  Gb  stm8l15x_clk.o [1]
CLK_LSEConfig           0x00cf7a   0x13  Code  Gb  stm8l15x_clk.o [1]
CLK_PeripheralClockConfig
                        0x00bdb9   0x8e  Code  Gb  stm8l15x_clk.o [1]
CLK_RTCClockConfig      0x00d121    0xa  Code  Gb  stm8l15x_clk.o [1]
CLK_SYSCLKDivConfig     0x00d202    0x4  Code  Gb  stm8l15x_clk.o [1]
CLK_SYSCLKSourceConfig  0x00d1fe    0x4  Code  Gb  stm8l15x_clk.o [1]
CSTACK$$Base            0x000f00          --   Gb  - Linker created -
CSTACK$$Limit           0x001000          --   Gb  - Linker created -
Cal                     0x0003d1    0x7  Data  Gb  Pulse_Acquire.o [1]
Clear_Single_History_Data
                        0x00c972   0x38  Code  Gb  Save.o [1]
Create_Timer            0x00afca  0x105  Code  Gb  Sys_Timer.o [1]
DMA1_CHANNEL0_1_IRQHandler
                        0x00d223    0x1  Code  Gb  stm8l15x_it.o [1]
DMA1_CHANNEL2_3_IRQHandler
                        0x00d224    0x1  Code  Gb  stm8l15x_it.o [1]
Delete_Timer            0x00c601   0x50  Code  Gb  Sys_Timer.o [1]
EXTI0_IRQHandler        0x00cee7   0x16  Code  Gb  stm8l15x_it.o [1]
EXTI1_IRQHandler        0x00d227    0x1  Code  Gb  stm8l15x_it.o [1]
EXTI2_IRQHandler        0x00d228    0x1  Code  Gb  stm8l15x_it.o [1]
EXTI3_IRQHandler        0x00d229    0x1  Code  Gb  stm8l15x_it.o [1]
EXTI4_IRQHandler        0x00d22a    0x1  Code  Gb  stm8l15x_it.o [1]
EXTI5_IRQHandler        0x00d22b    0x1  Code  Gb  stm8l15x_it.o [1]
EXTI6_IRQHandler        0x00d22c    0x1  Code  Gb  stm8l15x_it.o [1]
EXTI7_IRQHandler        0x00d22d    0x1  Code  Gb  stm8l15x_it.o [1]
EXTIB_G_IRQHandler      0x00d226    0x1  Code  Gb  stm8l15x_it.o [1]
EXTID_H_IRQHandler      0x00ced1   0x16  Code  Gb  stm8l15x_it.o [1]
EXTIE_F_PVD_IRQHandler  0x00d225    0x1  Code  Gb  stm8l15x_it.o [1]
EXTI_ClearITPendingBit  0x00cc79   0x22  Code  Gb  stm8l15x_exti.o [1]
EXTI_SelectPort         0x00c9e1   0x36  Code  Gb  stm8l15x_exti.o [1]
EXTI_SetHalfPortSelection
                        0x00c844   0x3f  Code  Gb  stm8l15x_exti.o [1]
EXTI_SetPinSensitivity  0x00aeab  0x11f  Code  Gb  stm8l15x_exti.o [1]
EXTI_SetPortSensitivity
                        0x00c40d   0x55  Code  Gb  stm8l15x_exti.o [1]
Exti0_Interrupt         0x00cd42   0x1f  Code  Gb  Pulse_Acquire.o [1]
ExtiD_Interrupt         0x00b1d0   0xf0  Code  Gb  Pulse_Acquire.o [1]
FLASH_GetFlagStatus     0x00ce5b   0x19  Code  Gb  stm8l15x_flash.o [1]
FLASH_IRQHandler        0x00d222    0x1  Code  Gb  stm8l15x_it.o [1]
FLASH_Lock              0x00d0f6    0xb  Code  Gb  stm8l15x_flash.o [1]
FLASH_ProgramByte       0x00d101    0xb  Code  Gb  stm8l15x_flash.o [1]
FLASH_ReadByte          0x00d1dc    0x5  Code  Gb  stm8l15x_flash.o [1]
FLASH_Unlock            0x00ce42   0x19  Code  Gb  stm8l15x_flash.o [1]
GMT_to_BT               0x00a321  0x200  Code  Gb  rtc.o [1]
GPIO_Configuration      0x00c6ec   0x49  Code  Gb  mcu_init.o [1]
GPIO_Init               0x00b781   0xaf  Code  Gb  stm8l15x_gpio.o [1]
GPIO_ReadInputDataBit   0x00d174    0x9  Code  Gb  stm8l15x_gpio.o [1]
GPIO_ResetBits          0x00d185    0x8  Code  Gb  stm8l15x_gpio.o [1]
GPIO_SetBits            0x00d1aa    0x7  Code  Gb  stm8l15x_gpio.o [1]
HistoryData             0x0003e0    0x2  Data  Gb  Globaldata.o [1]
I2C1_SPI2_IRQHandler    0x00d239    0x1  Code  Gb  stm8l15x_it.o [1]
INTVEC$$Base            0x008000          --   Gb  - Linker created -
INTVEC$$Limit           0x008080          --   Gb  - Linker created -
ITC_SetSoftwarePriority
                        0x00a855  0x15b  Code  Gb  stm8l15x_itc.o [1]
IWDG_Enable             0x00d1e6    0x5  Code  Gb  stm8l15x_iwdg.o [1]
IWDG_INIT               0x00cebb   0x16  Code  Gb  main.o [1]
IWDG_ReloadCounter      0x00d1e1    0x5  Code  Gb  stm8l15x_iwdg.o [1]
IWDG_SetPrescaler       0x00d20a    0x4  Code  Gb  stm8l15x_iwdg.o [1]
IWDG_SetReload          0x00d20e    0x4  Code  Gb  stm8l15x_iwdg.o [1]
IWDG_WriteAccessCmd     0x00d206    0x4  Code  Gb  stm8l15x_iwdg.o [1]
Int_to_ASCLL            0x00cdf2   0x1b  Code  Gb  Globaldata.o [1]
LCD_AES_IRQHandler      0x00d22e    0x1  Code  Gb  stm8l15x_it.o [1]
MCU_DeInit              0x00c0c0   0x67  Code  Gb  mcu_init.o [1]
Magnetic_Interference_Detection
                        0x00ca4d   0x35  Code  Gb  Pulse_Acquire.o [1]
MeterParameter          0x0003af   0x22  Data  Gb  Globaldata.o [1]
PWR_UltraLowPowerCmd    0x00d013    0xe  Code  Gb  stm8l15x_pwr.o [1]
Pulse_Acquire_Config    0x00c1eb   0x5f  Code  Gb  Pulse_Acquire.o [1]
RCC_Configuration       0x00d117    0xa  Code  Gb  mcu_init.o [1]
RTC_AlarmCmd            0x00c4b7   0x55  Code  Gb  stm8l15x_rtc.o [1]
RTC_CSSLSE_IRQHandler   0x00ce74   0x19  Code  Gb  stm8l15x_it.o [1]
RTC_ClearITPendingBit   0x00d0a8    0xc  Code  Gb  stm8l15x_rtc.o [1]
RTC_DateStr             0x0003dc    0x4  Data  Gb  Globaldata.o [1]
RTC_EnterInitMode       0x00cb3e   0x2c  Code  Gb  stm8l15x_rtc.o [1]
RTC_GetDate             0x00c304   0x5c  Code  Gb  stm8l15x_rtc.o [1]
RTC_GetITStatus         0x00cb11   0x2d  Code  Gb  stm8l15x_rtc.o [1]
RTC_GetTime             0x00c462   0x55  Code  Gb  stm8l15x_rtc.o [1]
RTC_ITConfig            0x00c8fe   0x3b  Code  Gb  stm8l15x_rtc.o [1]
RTC_Init                0x00c2a8   0x5c  Code  Gb  stm8l15x_rtc.o [1]
RTC_SetAlarm            0x00a9b0  0x152  Code  Gb  stm8l15x_rtc.o [1]
RTC_SetDate             0x00b6ca   0xb7  Code  Gb  stm8l15x_rtc.o [1]
RTC_SetTime             0x00b8dc   0xab  Code  Gb  stm8l15x_rtc.o [1]
RTC_SetWakeUpCounter    0x00cf3e   0x15  Code  Gb  stm8l15x_rtc.o [1]
RTC_TimeStr             0x0003d8    0x4  Data  Gb  Globaldata.o [1]
RTC_WaitForSynchro      0x00c9aa   0x37  Code  Gb  stm8l15x_rtc.o [1]
RTC_WakeUpClockConfig   0x00cc56   0x23  Code  Gb  stm8l15x_rtc.o [1]
RTC_WakeUpCmd           0x00c77b   0x45  Code  Gb  stm8l15x_rtc.o [1]
Read_ACUM_Flow          0x00cff6    0xf  Code  Gb  Save.o [1]
Read_BC95_ErrorRecord   0x00d1b7    0x6  Code  Gb  Save.o [1]
Read_History_Data       0x00b60b   0xbf  Code  Gb  Save.o [1]
Read_History_Save_Index
                        0x00d1bd    0x6  Code  Gb  Save.o [1]
Read_Meter_Parameter    0x00bfd9   0x7d  Code  Gb  Save.o [1]
Read_Temp               0x00b2c0   0xdd  Code  Gb  Temperature.o [1]
Read_Voltage            0x00bacc   0x9e  Code  Gb  mcu_init.o [1]
Recv_Data_Process       0x009a41  0x64d  Code  Gb  BC95.o [1]
Region$$Table$$Base     0x00ccbc          --   Gb  - Linker created -
Region$$Table$$Limit    0x00ccc4          --   Gb  - Linker created -
Report_All_Parameters   0x008080  0xb29  Code  Gb  BC95.o [1]
Report_HC_Flow          0x008ba9  0x7f1  Code  Gb  BC95.o [1]
Report_History_Data     0x00a521  0x1a2  Code  Gb  BC95.o [1]
Rtc_Config              0x00c24a   0x5e  Code  Gb  rtc.o [1]
SPI1_IRQHandler         0x00d236    0x1  Code  Gb  stm8l15x_it.o [1]
SWITCH_CSS_BREAK_DAC_IRQHandler
                        0x00d22f    0x1  Code  Gb  stm8l15x_it.o [1]
SYSDivFactor            0x00d1cd    0x5  Data  Gb  stm8l15x_clk.o [1]
Save_Add_Flow           0x00cf29   0x15  Code  Gb  Save.o [1]
Save_BC95_ErrorRecord   0x00d021    0xd  Code  Gb  Save.o [1]
Save_History_Data       0x00b0cf  0x101  Code  Gb  Save.o [1]
Save_Meter_Parameter    0x00c8c1   0x3d  Code  Gb  Save.o [1]
Save_SDCF_Flow          0x00b39d   0xd3  Code  Gb  Save.o [1]
Send_Data_Process       0x00c50c   0x53  Code  Gb  BC95.o [1]
Set_Alarm               0x00c939   0x39  Code  Gb  rtc.o [1]
Sleep                   0x00cd23   0x1f  Code  Gb  main.o [1]
SysTick_Handler         0x00a6c3  0x192  Code  Gb  Sys_Timer.o [1]
Sys_Timer               0x00030f   0xa0  Data  Lc  Sys_Timer.o [1]
Sys_Timer_Process       0x00c69f   0x4d  Code  Gb  Sys_Timer.o [1]
TIM1_CC_IRQHandler      0x00d234    0x1  Code  Gb  stm8l15x_it.o [1]
TIM1_UPD_OVF_TRG_COM_IRQHandler
                        0x00d233    0x1  Code  Gb  stm8l15x_it.o [1]
TIM2_CC_USART2_RX_IRQHandler
                        0x00cf13   0x16  Code  Gb  stm8l15x_it.o [1]
TIM2_UPD_OVF_TRG_BRK_USART2_TX_IRQHandler
                        0x00cefd   0x16  Code  Gb  stm8l15x_it.o [1]
TIM3_CC_USART3_RX_IRQHandler
                        0x00d232    0x1  Code  Gb  stm8l15x_it.o [1]
TIM3_UPD_OVF_TRG_BRK_USART3_TX_IRQHandler
                        0x00d231    0x1  Code  Gb  stm8l15x_it.o [1]
TIM4_UPD_OVF_TRG_IRQHandler
                        0x00d235    0x1  Code  Gb  stm8l15x_it.o [1]
TRAP_IRQHandler         0x00d221    0x1  Code  Gb  stm8l15x_it.o [1]
Temp_Table              0x00ab02  0x14c  Data  Gb  Temperature.o [1]
USART1_RX_TIM5_CC_IRQHandler
                        0x00d238    0x1  Code  Gb  stm8l15x_it.o [1]
USART1_TX_TIM5_UPD_OVF_TRG_BRK_IRQHandler
                        0x00d237    0x1  Code  Gb  stm8l15x_it.o [1]
USART2_Configuration    0x00c18a   0x61  Code  Gb  mcu_init.o [1]
USART2_IRQHandler       0x00bd2a   0x8f  Code  Gb  uart.o [1]
USART2_TX_IRQHandler    0x00c3b7   0x56  Code  Gb  uart.o [1]
USART_ClearITPendingBit
                        0x00d1f0    0x5  Code  Gb  stm8l15x_usart.o [1]
USART_Cmd               0x00cb6a   0x2b  Code  Gb  stm8l15x_usart.o [1]
USART_DeInit            0x00c883   0x3e  Code  Gb  stm8l15x_usart.o [1]
USART_GetITStatus       0x00b830   0xac  Code  Gb  stm8l15x_usart.o [1]
USART_ITConfig          0x00bc03   0x94  Code  Gb  stm8l15x_usart.o [1]
USART_Init              0x00b470   0xd3  Code  Gb  stm8l15x_usart.o [1]
USART_ReceiveData8      0x00d1eb    0x5  Code  Gb  stm8l15x_usart.o [1]
USART_SendData8         0x00d18d    0x8  Code  Gb  stm8l15x_usart.o [1]
Uart2                   0x000010  0x1d1  Data  Gb  uart.o [1]
Uart2_Receive           0x00ca82   0x32  Code  Gb  uart.o [1]
Uart2_Send              0x00bed1   0x88  Code  Gb  uart.o [1]
Wake_Interrupt          0x00ac4e  0x136  Code  Gb  rtc.o [1]
WriteRom                0x00ba2a   0xa2  Code  Gb  Save.o [1]
__DebugBreak            0x00d23a    0x1  Code  Gb  __dbg_break.o [3]
__exit                  0x00cf53   0x14  Code  Gb  __dbg_xxexit.o [3]
__iar_Strstr            0x00c7c0   0x44  Code  Gb  strstr.o [4]
__iar_data_init2        0x00cea4   0x17  Code  Gb  init.o [4]
__iar_program_start     0x00cf8d         Code  Gb  cstartup.o [4]
__iar_unhandled_exception
                        0x00d21e         Code  Gb  unhandled_exception.o [4]
__iar_zero_init2        0x00cd9d         Code  Gb  init_small.o [4]
__intvec                0x008000         Data  Gb  interrupt.o [4]
__low_level_init        0x00d218    0x3  Code  Gb  low_level_init.o [4]
_exit                   0x00d1f5         Code  Gb  cexit.o [4]
_interrupt_1            0x00d221         Code  Gb  stm8l15x_it.o [1]
_interrupt_10           0x00cee7         Code  Gb  stm8l15x_it.o [1]
_interrupt_11           0x00d227         Code  Gb  stm8l15x_it.o [1]
_interrupt_12           0x00d228         Code  Gb  stm8l15x_it.o [1]
_interrupt_13           0x00d229         Code  Gb  stm8l15x_it.o [1]
_interrupt_14           0x00d22a         Code  Gb  stm8l15x_it.o [1]
_interrupt_15           0x00d22b         Code  Gb  stm8l15x_it.o [1]
_interrupt_16           0x00d22c         Code  Gb  stm8l15x_it.o [1]
_interrupt_17           0x00d22d         Code  Gb  stm8l15x_it.o [1]
_interrupt_18           0x00d22e         Code  Gb  stm8l15x_it.o [1]
_interrupt_19           0x00d22f         Code  Gb  stm8l15x_it.o [1]
_interrupt_20           0x00d230         Code  Gb  stm8l15x_it.o [1]
_interrupt_21           0x00cefd         Code  Gb  stm8l15x_it.o [1]
_interrupt_22           0x00cf13         Code  Gb  stm8l15x_it.o [1]
_interrupt_23           0x00d231         Code  Gb  stm8l15x_it.o [1]
_interrupt_24           0x00d232         Code  Gb  stm8l15x_it.o [1]
_interrupt_25           0x00d233         Code  Gb  stm8l15x_it.o [1]
_interrupt_26           0x00d234         Code  Gb  stm8l15x_it.o [1]
_interrupt_27           0x00d235         Code  Gb  stm8l15x_it.o [1]
_interrupt_28           0x00d236         Code  Gb  stm8l15x_it.o [1]
_interrupt_29           0x00d237         Code  Gb  stm8l15x_it.o [1]
_interrupt_3            0x00d222         Code  Gb  stm8l15x_it.o [1]
_interrupt_30           0x00d238         Code  Gb  stm8l15x_it.o [1]
_interrupt_31           0x00d239         Code  Gb  stm8l15x_it.o [1]
_interrupt_4            0x00d223         Code  Gb  stm8l15x_it.o [1]
_interrupt_5            0x00d224         Code  Gb  stm8l15x_it.o [1]
_interrupt_6            0x00ce74         Code  Gb  stm8l15x_it.o [1]
_interrupt_7            0x00d225         Code  Gb  stm8l15x_it.o [1]
_interrupt_8            0x00d226         Code  Gb  stm8l15x_it.o [1]
_interrupt_9            0x00ced1         Code  Gb  stm8l15x_it.o [1]
abs                     0x00d10c    0xb  Code  Gb  abs.o [4]
exit                    0x00d21b    0x3  Code  Gb  exit.o [4]
main                    0x00c360   0x57  Code  Gb  main.o [1]
memcmp                  0x00ca17   0x36  Code  Gb  memcmp.o [4]
memcpy                  0x00cc31   0x25  Code  Gb  memcpy.o [4]
memset                  0x00ce8d   0x17  Code  Gb  memset.o [4]
strlen                  0x00cfa0   0x12  Code  Gb  strlen.o [4]
strnstr                 0x00c056   0x6a  Code  Gb  Globaldata.o [1]
strstr                  0x00cf67   0x13  Code  Gb  BC95.o [1]


[1] = F:\0中科君达\0项目\NB水表\软件\NB-IOT程序(BC95-B5)\PROJECT\Debug\Obj
[2] = command line
[3] = dbgstm8smd.a
[4] = dlstm8smn.a

  19 732 bytes of readonly  code memory
   1 319 bytes of readonly  data memory
   1 251 bytes of readwrite data memory

Errors: none
Warnings: none
