###############################################################################
#
# IAR ELF Linker V2.20.1.176 for STM8                     18/Nov/2019  10:34:59
# Copyright 2010-2015 IAR Systems AB.
#
#    Output file  =  
#        F:\0中科君达\0项目\NB水表\软件\NB-IOT程序(BC95-B5)\PROJECT\Debug\Exe\project.out
#    Map file     =  
#        F:\0中科君达\0项目\NB水表\软件\NB-IOT程序(BC95-B5)\PROJECT\Debug\List\project.map
#    Command line =  
#        "F:\0中科君达\0项目\NB水表\软件\NB-IOT程序(BC95-B5)\PROJECT\Debug\Obj\BC95.o"
#        "F:\0中科君达\0项目\NB水表\软件\NB-IOT程序(BC95-B5)\PROJECT\Debug\Obj\Debug.o"
#        "F:\0中科君达\0项目\NB水表\软件\NB-IOT程序(BC95-B5)\PROJECT\Debug\Obj\Globaldata.o"
#        "F:\0中科君达\0项目\NB水表\软件\NB-IOT程序(BC95-B5)\PROJECT\Debug\Obj\main.o"
#        "F:\0中科君达\0项目\NB水表\软件\NB-IOT程序(BC95-B5)\PROJECT\Debug\Obj\mcu_init.o"
#        "F:\0中科君达\0项目\NB水表\软件\NB-IOT程序(BC95-B5)\PROJECT\Debug\Obj\Pulse_Acquire.o"
#        "F:\0中科君达\0项目\NB水表\软件\NB-IOT程序(BC95-B5)\PROJECT\Debug\Obj\rtc.o"
#        "F:\0中科君达\0项目\NB水表\软件\NB-IOT程序(BC95-B5)\PROJECT\Debug\Obj\Save.o"
#        "F:\0中科君达\0项目\NB水表\软件\NB-IOT程序(BC95-B5)\PROJECT\Debug\Obj\stm8l15x_adc.o"
#        "F:\0中科君达\0项目\NB水表\软件\NB-IOT程序(BC95-B5)\PROJECT\Debug\Obj\stm8l15x_clk.o"
#        "F:\0中科君达\0项目\NB水表\软件\NB-IOT程序(BC95-B5)\PROJECT\Debug\Obj\stm8l15x_exti.o"
#        "F:\0中科君达\0项目\NB水表\软件\NB-IOT程序(BC95-B5)\PROJECT\Debug\Obj\stm8l15x_flash.o"
#        "F:\0中科君达\0项目\NB水表\软件\NB-IOT程序(BC95-B5)\PROJECT\Debug\Obj\stm8l15x_gpio.o"
#        "F:\0中科君达\0项目\NB水表\软件\NB-IOT程序(BC95-B5)\PROJECT\Debug\Obj\stm8l15x_it.o"
#        "F:\0中科君达\0项目\NB水表\软件\NB-IOT程序(BC95-B5)\PROJECT\Debug\Obj\stm8l15x_itc.o"
#        "F:\0中科君达\0项目\NB水表\软件\NB-IOT程序(BC95-B5)\PROJECT\Debug\Obj\stm8l15x_iwdg.o"
#        "F:\0中科君达\0项目\NB水表\软件\NB-IOT程序(BC95-B5)\PROJECT\Debug\Obj\stm8l15x_pwr.o"
#        "F:\0中科君达\0项目\NB水表\软件\NB-IOT程序(BC95-B5)\PROJECT\Debug\Obj\stm8l15x_rtc.o"
#        "F:\0中科君达\0项目\NB水表\软件\NB-IOT程序(BC95-B5)\PROJECT\Debug\Obj\stm8l15x_syscfg.o"
#        "F:\0中科君达\0项目\NB水表\软件\NB-IOT程序(BC95-B5)\PROJECT\Debug\Obj\stm8l15x_tim4.o"
#        "F:\0中科君达\0项目\NB水表\软件\NB-IOT程序(BC95-B5)\PROJECT\Debug\Obj\stm8l15x_usart.o"
#        "F:\0中科君达\0项目\NB水表\软件\NB-IOT程序(BC95-B5)\PROJECT\Debug\Obj\stm8l15x_wwdg.o"
#        "F:\0中科君达\0项目\NB水表\软件\NB-IOT程序(BC95-B5)\PROJECT\Debug\Obj\Sys_Timer.o"
#        "F:\0中科君达\0项目\NB水表\软件\NB-IOT程序(BC95-B5)\PROJECT\Debug\Obj\Temperature.o"
#        "F:\0中科君达\0项目\NB水表\软件\NB-IOT程序(BC95-B5)\PROJECT\Debug\Obj\uart.o"
#        --redirect _Printf=_PrintfSmall --redirect _Scanf=_ScanfSmall -o
#        "F:\0中科君达\0项目\NB水表\软件\NB-IOT程序(BC95-B5)\PROJECT\Debug\Exe\project.out"
#        --map
#        "F:\0中科君达\0项目\NB水表\软件\NB-IOT程序(BC95-B5)\PROJECT\Debug\List\project.map"
#        --config "D:\IAR for STM8\stm8\config\lnkstm8l151c8.icf" --config_def
#        _CSTACK_SIZE=0x100 --config_def _HEAP_SIZE=0x100 --entry
#        __iar_program_start --debug_lib
#
###############################################################################

*******************************************************************************
*** RUNTIME MODEL ATTRIBUTES
***

__SystemLibrary            = DLib
__code_model               = small
__core                     = stm8
__data_model               = medium
__dlib_file_descriptor     = 0
__dlib_full_locale_support = 0
__rt_version               = 4


*******************************************************************************
*** PLACEMENT SUMMARY
***

"A1":  place at start of [0x000000-0x0000ff] { rw section .vregs };
"A2":  place at end of [0x000000-0x000fff] { block CSTACK };
"P2":  place in [from 0x000000 to 0x000fff] {
          block HEAP, rw section __DLIB_PERTHREAD, rw section .far.bss,
          rw section .far.data, rw section .far.noinit,
          rw section .far_func.textrw, rw section .huge.bss,
          rw section .huge.data, rw section .huge.noinit,
          rw section .huge_func.textrw, rw section .iar.dynexit,
          rw section .near.bss, rw section .near.data, rw section .near.noinit,
          rw section .near_func.textrw };
"A3":  place at start of [0x008000-0x00ffff] { block INTVEC };
"P3":  place in [from 0x008000 to 0x00ffff] {
          ro section __DLIB_PERTHREAD_init, ro section .far.data_init,
          ro section .far_func.textrw_init, ro section .huge.data_init,
          ro section .huge_func.textrw_init, ro section .iar.init_table,
          ro section .init_array, ro section .near.data_init,
          ro section .near.rodata, ro section .near_func.text,
          ro section .near_func.textrw_init, ro section .tiny.data_init,
          ro section .tiny.rodata_init };

  Section          Kind      Address    Size  Object
  -------          ----      -------    ----  ------
"A1":                                   0x10
  .vregs           uninit   0x000000    0x10  vregs.o [4]
                          - 0x000010    0x10

"P2":                                  0x4e5
  .near.bss        zero     0x000010   0x209  uart.o [1]
  .near.bss        zero     0x000219   0x134  BC95.o [1]
  .near.bss        zero     0x00034d    0xc9  uart.o [1]
  .near.bss        zero     0x000416    0xa0  Sys_Timer.o [1]
  .near.bss        zero     0x0004b6    0x2c  Globaldata.o [1]
  .near.bss        zero     0x0004e2     0x7  Pulse_Acquire.o [1]
  .near.bss        zero     0x0004e9     0x4  Globaldata.o [1]
  .near.bss        zero     0x0004ed     0x4  Globaldata.o [1]
  .near.bss        zero     0x0004f1     0x3  Globaldata.o [1]
  .near.bss        zero     0x0004f4     0x1  Sys_Timer.o [1]
                          - 0x0004f5   0x4e5

"A2":                                  0x100
  CSTACK                    0x000f00   0x100  <Block>
    CSTACK         uninit   0x000f00   0x100  <Block tail>
                          - 0x001000   0x100

"A3":                                   0x80
  INTVEC                    0x008000    0x80  <Block>
    .intvec        const    0x008000    0x80  interrupt.o [4]
                          - 0x008080    0x80

"P3":                                 0x6d91
  .near_func.text  ro code  0x008080   0xb23  BC95.o [1]
  .near_func.text  ro code  0x008ba3   0x907  BC95.o [1]
  .near_func.text  ro code  0x0094aa   0x7f1  BC95.o [1]
  .near_func.text  ro code  0x009c9b   0x68f  BC95.o [1]
  .near_func.text  ro code  0x00a32a   0x2c2  Debug.o [1]
  .near_func.text  ro code  0x00a5ec   0x293  float.o [4]
  .near_func.text  ro code  0x00a87f   0x209  rtc.o [1]
  .near_func.text  ro code  0x00aa88   0x1a9  Debug.o [1]
  .near_func.text  ro code  0x00ac31   0x1a7  Debug.o [1]
  .near_func.text  ro code  0x00add8   0x198  BC95.o [1]
  .near_func.text  ro code  0x00af70   0x196  Debug.o [1]
  .near_func.text  ro code  0x00b106   0x192  Sys_Timer.o [1]
  .near_func.text  ro code  0x00b298   0x186  BC95.o [1]
  .near_func.text  ro code  0x00b41e   0x182  rtc.o [1]
  .near_func.text  ro code  0x00b5a0   0x173  Debug.o [1]
  .near_func.text  ro code  0x00b713   0x15b  stm8l15x_itc.o [1]
  .near_func.text  ro code  0x00b86e   0x152  stm8l15x_rtc.o [1]
  .near.rodata     const    0x00b9c0   0x14c  Temperature.o [1]
  .near_func.text  ro code  0x00bb0c   0x13b  Debug.o [1]
  .near_func.text  ro code  0x00bc47   0x11f  stm8l15x_exti.o [1]
  .near_func.text  ro code  0x00bd66   0x119  vreg_util.o [4]
  .near_func.text  ro code  0x00be7f   0x105  Debug.o [1]
  .near_func.text  ro code  0x00bf84   0x105  Sys_Timer.o [1]
  .near_func.text  ro code  0x00c089    0xf5  Debug.o [1]
  .near_func.text  ro code  0x00c17e    0xee  Pulse_Acquire.o [1]
  .near_func.text  ro code  0x00c26c    0xec  Debug.o [1]
  .near_func.text  ro code  0x00c358    0xdf  Temperature.o [1]
  .near_func.text  ro code  0x00c437    0xd3  Save.o [1]
  .near_func.text  ro code  0x00c50a    0xd3  stm8l15x_usart.o [1]
  .near_func.text  ro code  0x00c5dd    0xc5  Save.o [1]
  .near_func.text  ro code  0x00c6a2    0xbe  Debug.o [1]
  .near_func.text  ro code  0x00c760    0xb8  Debug.o [1]
  .near_func.text  ro code  0x00c818    0xb7  stm8l15x_rtc.o [1]
  .near_func.text  ro code  0x00c8cf    0xb6  Save.o [1]
  .near.rodata     const    0x00c985    0xb4  BC95.o [1]
  .near_func.text  ro code  0x00ca39    0xb3  long.o [4]
  .near_func.text  ro code  0x00caec    0xaf  stm8l15x_gpio.o [1]
  .near_func.text  ro code  0x00cb9b    0xac  stm8l15x_usart.o [1]
  .near_func.text  ro code  0x00cc47    0xab  BC95.o [1]
  .near_func.text  ro code  0x00ccf2    0xab  stm8l15x_rtc.o [1]
  .near_func.text  ro code  0x00cd9d    0xa4  Save.o [1]
  .near_func.text  ro code  0x00ce41    0xa4  Save.o [1]
  .near_func.text  ro code  0x00cee5    0x9e  mcu_init.o [1]
  .near_func.text  ro code  0x00cf83    0x99  stm8l15x_clk.o [1]
  .near_func.text  ro code  0x00d01c    0x94  stm8l15x_usart.o [1]
  .near_func.text  ro code  0x00d0b0    0x93  stm8l15x_clk.o [1]
  .near_func.text  ro code  0x00d143    0x8f  uart.o [1]
  .near_func.text  ro code  0x00d1d2    0x8f  uart.o [1]
  .near_func.text  ro code  0x00d261    0x8e  stm8l15x_clk.o [1]
  .near_func.text  ro code  0x00d2ef    0x8b  uart.o [1]
  .near_func.text  ro code  0x00d37a    0x84  uart.o [1]
  .near.rodata     const    0x00d3fe    0x80  BC95.o [1]
  .near_func.text  ro code  0x00d47e    0x6e  Save.o [1]
  .near_func.text  ro code  0x00d4ec    0x6c  BC95.o [1]
  .near_func.text  ro code  0x00d558    0x63  mcu_init.o [1]
  .near_func.text  ro code  0x00d5bb    0x63  short.o [4]
  .near_func.text  ro code  0x00d61e    0x61  mcu_init.o [1]
  .near_func.text  ro code  0x00d67f    0x5f  Pulse_Acquire.o [1]
  .near_func.text  ro code  0x00d6de    0x5e  rtc.o [1]
  .near_func.text  ro code  0x00d73c    0x5c  stm8l15x_rtc.o [1]
  .near_func.text  ro code  0x00d798    0x5c  stm8l15x_rtc.o [1]
  .near_func.text  ro code  0x00d7f4    0x5b  BC95.o [1]
  .near_func.text  ro code  0x00d84f    0x56  uart.o [1]
  .near_func.text  ro code  0x00d8a5    0x56  uart.o [1]
  .near_func.text  ro code  0x00d8fb    0x55  Save.o [1]
  .near_func.text  ro code  0x00d950    0x55  stm8l15x_exti.o [1]
  .near_func.text  ro code  0x00d9a5    0x55  stm8l15x_rtc.o [1]
  .near_func.text  ro code  0x00d9fa    0x55  stm8l15x_rtc.o [1]
  .near_func.text  ro code  0x00da4f    0x52  main.o [1]
  .near_func.text  ro code  0x00daa1    0x52  long_util.o [4]
  .near_func.text  ro code  0x00daf3    0x50  stm8l15x_adc.o [1]
  .near_func.text  ro code  0x00db43    0x50  Sys_Timer.o [1]
  .near_func.text  ro code  0x00db93    0x4e  stm8l15x_adc.o [1]
  .near_func.text  ro code  0x00dbe1    0x4d  Sys_Timer.o [1]
  .near_func.text  ro code  0x00dc2e    0x49  mcu_init.o [1]
  .near.rodata     const    0x00dc77    0x46  Debug.o [1]
  .near_func.text  ro code  0x00dcbd    0x46  Globaldata.o [1]
  .near_func.text  ro code  0x00dd03    0x45  BC95.o [1]
  .near_func.text  ro code  0x00dd48    0x45  Save.o [1]
  .near_func.text  ro code  0x00dd8d    0x45  stm8l15x_rtc.o [1]
  .near_func.text  ro code  0x00ddd2    0x44  strstr.o [4]
  .near.rodata     const    0x00de16    0x40  Debug.o [1]
  .near.rodata     const    0x00de56    0x40  Debug.o [1]
  .near.rodata     const    0x00de96    0x40  Debug.o [1]
  .near_func.text  ro code  0x00ded6    0x3f  Debug.o [1]
  .near_func.text  ro code  0x00df15    0x3f  stm8l15x_exti.o [1]
  .near_func.text  ro code  0x00df54    0x3e  stm8l15x_usart.o [1]
  .near.rodata     const    0x00df92    0x3c  Debug.o [1]
  .near_func.text  ro code  0x00dfce    0x3b  stm8l15x_rtc.o [1]
  .near_func.text  ro code  0x00e009    0x3a  Save.o [1]
  .near_func.text  ro code  0x00e043    0x39  rtc.o [1]
  .near_func.text  ro code  0x00e07c    0x39  strncmp.o [4]
  .near_func.text  ro code  0x00e0b5    0x37  stm8l15x_rtc.o [1]
  .near_func.text  ro code  0x00e0ec    0x36  main.o [1]
  .near_func.text  ro code  0x00e122    0x36  stm8l15x_exti.o [1]
  .near_func.text  ro code  0x00e158    0x34  Pulse_Acquire.o [1]
  .near_func.text  ro code  0x00e18c    0x33  uart.o [1]
  .near.rodata     const    0x00e1bf    0x32  Debug.o [1]
  .near.rodata     const    0x00e1f1    0x32  Debug.o [1]
  .near_func.text  ro code  0x00e223    0x32  Save.o [1]
  .near_func.text  ro code  0x00e255    0x32  Save.o [1]
  .near_func.text  ro code  0x00e287    0x32  Save.o [1]
  .near_func.text  ro code  0x00e2b9    0x32  uart.o [1]
  .near_func.text  ro code  0x00e2eb    0x32  uart.o [1]
  .near_func.text  ro code  0x00e31d    0x31  stm8l15x_it.o [1]
  .near_func.text  ro code  0x00e34e    0x30  mcu_init.o [1]
  .near_func.text  ro code  0x00e37e    0x2f  stm8l15x_adc.o [1]
  .near_func.text  ro code  0x00e3ad    0x2d  stm8l15x_rtc.o [1]
  .near_func.text  ro code  0x00e3da    0x2c  Debug.o [1]
  .near_func.text  ro code  0x00e406    0x2c  Debug.o [1]
  .near_func.text  ro code  0x00e432    0x2c  stm8l15x_rtc.o [1]
  .near_func.text  ro code  0x00e45e    0x2b  stm8l15x_usart.o [1]
  .near.rodata     const    0x00e489    0x28  BC95.o [1]
  .near.rodata     const    0x00e4b1    0x28  Debug.o [1]
  .near_func.text  ro code  0x00e4d9    0x28  Pulse_Acquire.o [1]
  .near_func.text  ro code  0x00e501    0x28  stm8l15x_adc.o [1]
  .near_func.text  ro code  0x00e529    0x27  rtc.o [1]
  .near_func.text  ro code  0x00e550    0x25  memcpy.o [4]
  .near_func.text  ro code  0x00e575    0x24  Debug.o [1]
  .near_func.text  ro code  0x00e599    0x23  Debug.o [1]
  .near_func.text  ro code  0x00e5bc    0x23  stm8l15x_rtc.o [1]
  .near_func.text  ro code  0x00e5df    0x22  stm8l15x_exti.o [1]
  .near_func.text  ro code  0x00e601    0x21  stm8l15x_tim4.o [1]
  .iar.init_table  const    0x00e622     0x8  - Linker created -
  .near.rodata     const    0x00e62a    0x20  Debug.o [1]
  .near.rodata     const    0x00e64a    0x20  Debug.o [1]
  .near.rodata     const    0x00e66a    0x20  Debug.o [1]
  .near.rodata     const    0x00e68a    0x20  Debug.o [1]
  .near_func.text  ro code  0x00e6aa    0x20  BC95.o [1]
  .near_func.text  ro code  0x00e6ca    0x20  stm8l15x_rtc.o [1]
  .near.rodata     const    0x00e6ea    0x1e  BC95.o [1]
  .near_func.text  ro code  0x00e708    0x1e  stm8l15x_adc.o [1]
  .near_func.text  ro code  0x00e726    0x1e  char.o [4]
  .near_func.text  ro code  0x00e744    0x1e  init_small.o [4]
  .near_func.text  ro code  0x00e762    0x1b  Globaldata.o [1]
  .near_func.text  ro code  0x00e77d    0x1b  stm8l15x_it.o [1]
  .near_func.text  ro code  0x00e798    0x1b  stm8l15x_rtc.o [1]
  .near_func.text  ro code  0x00e7b3    0x1a  stm8l15x_tim4.o [1]
  .near_func.text  ro code  0x00e7cd    0x1a  dc_util.o [4]
  .near_func.text  ro code  0x00e7e7    0x19  BC95.o [1]
  .near_func.text  ro code  0x00e800    0x19  Debug.o [1]
  .near_func.text  ro code  0x00e819    0x19  Save.o [1]
  .near_func.text  ro code  0x00e832    0x19  stm8l15x_flash.o [1]
  .near_func.text  ro code  0x00e84b    0x19  stm8l15x_flash.o [1]
  .near_func.text  ro code  0x00e864    0x19  stm8l15x_it.o [1]
  .near_func.text  ro code  0x00e87d    0x17  memset.o [4]
  .near_func.text  ro code  0x00e894    0x17  init.o [4]
  .near_func.text  ro code  0x00e8ab    0x16  mcu_init.o [1]
  .near_func.text  ro code  0x00e8c1    0x16  stm8l15x_it.o [1]
  .near_func.text  ro code  0x00e8d7    0x16  stm8l15x_it.o [1]
  .near_func.text  ro code  0x00e8ed    0x16  stm8l15x_it.o [1]
  .near_func.text  ro code  0x00e903    0x16  stm8l15x_it.o [1]
  .near_func.text  ro code  0x00e919    0x16  stm8l15x_it.o [1]
  .near_func.text  ro code  0x00e92f    0x16  stm8l15x_it.o [1]
  .near_func.text  ro code  0x00e945    0x15  Save.o [1]
  .near_func.text  ro code  0x00e95a    0x15  stm8l15x_rtc.o [1]
  .near_func.text  ro code  0x00e96f    0x15  uart.o [1]
  .near_func.text  ro code  0x00e984    0x14  __dbg_xxexit.o [3]
  .near_func.text  ro code  0x00e998    0x13  Debug.o [1]
  .near_func.text  ro code  0x00e9ab    0x13  stm8l15x_clk.o [1]
  .near_func.text  ro code  0x00e9be    0x13  cstartup.o [4]
  .near.rodata     const    0x00e9d1    0x11  BC95.o [1]
  .near.rodata     const    0x00e9e2    0x11  BC95.o [1]
  .near.rodata     const    0x00e9f3    0x11  BC95.o [1]
  .near_func.text  ro code  0x00ea04    0x11  stm8l15x_adc.o [1]
  .near_func.text  ro code  0x00ea15    0x11  stm8l15x_tim4.o [1]
  .near.rodata     const    0x00ea26    0x10  BC95.o [1]
  .near_func.text  ro code  0x00ea36    0x10  mcu_init.o [1]
  .near.rodata     const    0x00ea46     0xf  BC95.o [1]
  .near.rodata     const    0x00ea55     0xf  BC95.o [1]
  .near_func.text  ro code  0x00ea64     0xf  mcu_init.o [1]
  .near_func.text  ro code  0x00ea73     0xf  Save.o [1]
  .near.rodata     const    0x00ea82     0xe  BC95.o [1]
  .near.rodata     const    0x00ea90     0xe  BC95.o [1]
  .near_func.text  ro code  0x00ea9e     0xe  stm8l15x_adc.o [1]
  .near_func.text  ro code  0x00eaac     0xe  stm8l15x_clk.o [1]
  .near_func.text  ro code  0x00eaba     0xe  stm8l15x_pwr.o [1]
  .near_func.text  ro code  0x00eac8     0xe  stm8l15x_pwr.o [1]
  .near_func.text  ro code  0x00ead6     0xe  stm8l15x_tim4.o [1]
  .near_func.text  ro code  0x00eae4     0xe  stm8l15x_tim4.o [1]
  .near.rodata     const    0x00eaf2     0xd  BC95.o [1]
  .near.rodata     const    0x00eaff     0xd  BC95.o [1]
  .near.rodata     const    0x00eb0c     0xd  Debug.o [1]
  .near_func.text  ro code  0x00eb19     0xd  mcu_init.o [1]
  .near_func.text  ro code  0x00eb26     0xd  stm8l15x_adc.o [1]
  .near_func.text  ro code  0x00eb33     0xd  move.o [4]
  .near.rodata     const    0x00eb40     0xc  BC95.o [1]
  .near.rodata     const    0x00eb4c     0xc  BC95.o [1]
  .near.rodata     const    0x00eb58     0xc  BC95.o [1]
  .near.rodata     const    0x00eb64     0xc  BC95.o [1]
  .near.rodata     const    0x00eb70     0xc  BC95.o [1]
  .near.rodata     const    0x00eb7c     0xc  BC95.o [1]
  .near.rodata     const    0x00eb88     0xc  BC95.o [1]
  .near.rodata     const    0x00eb94     0xc  BC95.o [1]
  .near.rodata     const    0x00eba0     0xc  BC95.o [1]
  .near_func.text  ro code  0x00ebac     0xc  stm8l15x_rtc.o [1]
  .near.rodata     const    0x00ebb8     0xb  BC95.o [1]
  .near.rodata     const    0x00ebc3     0xb  BC95.o [1]
  .near.rodata     const    0x00ebce     0xb  BC95.o [1]
  .near.rodata     const    0x00ebd9     0xb  Debug.o [1]
  .near.rodata     const    0x00ebe4     0xb  Debug.o [1]
  .near.rodata     const    0x00ebef     0xb  Debug.o [1]
  .near.rodata     const    0x00ebfa     0xb  Debug.o [1]
  .near.rodata     const    0x00ec05     0xb  Debug.o [1]
  .near.rodata     const    0x00ec10     0xb  Debug.o [1]
  .near.rodata     const    0x00ec1b     0xb  Debug.o [1]
  .near.rodata     const    0x00ec26     0xb  Debug.o [1]
  .near.rodata     const    0x00ec31     0xb  Debug.o [1]
  .near.rodata     const    0x00ec3c     0xb  Debug.o [1]
  .near.rodata     const    0x00ec47     0xb  Debug.o [1]
  .near_func.text  ro code  0x00ec52     0xb  stm8l15x_flash.o [1]
  .near_func.text  ro code  0x00ec5d     0xb  stm8l15x_flash.o [1]
  .near_func.text  ro code  0x00ec68     0xb  abs.o [4]
  .near.rodata     const    0x00ec73     0xa  Debug.o [1]
  .near.rodata     const    0x00ec7d     0xa  Debug.o [1]
  .near.rodata     const    0x00ec87     0xa  Debug.o [1]
  .near.rodata     const    0x00ec91     0xa  Debug.o [1]
  .near.rodata     const    0x00ec9b     0xa  Debug.o [1]
  .near.rodata     const    0x00eca5     0xa  Debug.o [1]
  .near.rodata     const    0x00ecaf     0xa  Save.o [1]
  .near.rodata     const    0x00ecb9     0xa  Save.o [1]
  .near_func.text  ro code  0x00ecc3     0xa  stm8l15x_clk.o [1]
  .near.rodata     const    0x00eccd     0x9  BC95.o [1]
  .near.rodata     const    0x00ecd6     0x9  BC95.o [1]
  .near.rodata     const    0x00ecdf     0x9  BC95.o [1]
  .near.rodata     const    0x00ece8     0x9  BC95.o [1]
  .near.rodata     const    0x00ecf1     0x9  Debug.o [1]
  .near.rodata     const    0x00ecfa     0x9  Debug.o [1]
  .near.rodata     const    0x00ed03     0x9  Debug.o [1]
  .near.rodata     const    0x00ed0c     0x9  Debug.o [1]
  .near.rodata     const    0x00ed15     0x9  Save.o [1]
  .near_func.text  ro code  0x00ed1e     0x9  BC95.o [1]
  .near_func.text  ro code  0x00ed27     0x9  stm8l15x_gpio.o [1]
  .near_func.text  ro code  0x00ed30     0x9  stm8l15x_tim4.o [1]
  .near_func.text  ro code  0x00ed39     0x8  stm8l15x_gpio.o [1]
  .near_func.text  ro code  0x00ed41     0x8  stm8l15x_usart.o [1]
  .near.rodata     const    0x00ed49     0x7  BC95.o [1]
  .near.rodata     const    0x00ed50     0x7  BC95.o [1]
  .near.rodata     const    0x00ed57     0x7  BC95.o [1]
  .near.rodata     const    0x00ed5e     0x7  BC95.o [1]
  .near.rodata     const    0x00ed65     0x7  Debug.o [1]
  .near.rodata     const    0x00ed6c     0x7  Debug.o [1]
  .near_func.text  ro code  0x00ed73     0x7  stm8l15x_gpio.o [1]
  .near_func.text  ro code  0x00ed7a     0x7  stm8l15x_gpio.o [1]
  .near.rodata     const    0x00ed81     0x6  BC95.o [1]
  .near.rodata     const    0x00ed87     0x6  Debug.o [1]
  .near.rodata     const    0x00ed8d     0x5  BC95.o [1]
  .near.rodata     const    0x00ed92     0x5  BC95.o [1]
  .near.rodata     const    0x00ed97     0x5  BC95.o [1]
  .near.rodata     const    0x00ed9c     0x5  BC95.o [1]
  .near.rodata     const    0x00eda1     0x5  Debug.o [1]
  .near.rodata     const    0x00eda6     0x5  Debug.o [1]
  .near.rodata     const    0x00edab     0x5  stm8l15x_clk.o [1]
  .near_func.text  ro code  0x00edb0     0x5  BC95.o [1]
  .near_func.text  ro code  0x00edb5     0x5  stm8l15x_adc.o [1]
  .near_func.text  ro code  0x00edba     0x5  stm8l15x_flash.o [1]
  .near_func.text  ro code  0x00edbf     0x5  stm8l15x_iwdg.o [1]
  .near_func.text  ro code  0x00edc4     0x5  stm8l15x_iwdg.o [1]
  .near_func.text  ro code  0x00edc9     0x5  stm8l15x_usart.o [1]
  .near_func.text  ro code  0x00edce     0x5  stm8l15x_usart.o [1]
  .near_func.text  ro code  0x00edd3     0x5  cexit.o [4]
  .near_func.text  ro code  0x00edd8     0x4  stm8l15x_clk.o [1]
  .near_func.text  ro code  0x00eddc     0x4  stm8l15x_clk.o [1]
  .near_func.text  ro code  0x00ede0     0x4  stm8l15x_iwdg.o [1]
  .near_func.text  ro code  0x00ede4     0x4  stm8l15x_iwdg.o [1]
  .near_func.text  ro code  0x00ede8     0x4  stm8l15x_iwdg.o [1]
  .near.rodata     const    0x00edec     0x3  BC95.o [1]
  .near_func.text  ro code  0x00edef     0x3  interrupt.o [4]
  .near_func.text  ro code  0x00edf2     0x3  low_level_init.o [4]
  .near_func.text  ro code  0x00edf5     0x3  exit.o [4]
  .near_func.text  ro code  0x00edf8     0x3  unhandled_exception.o [4]
  .near_func.text  ro code  0x00edfb     0x1  stm8l15x_it.o [1]
  .near_func.text  ro code  0x00edfc     0x1  stm8l15x_it.o [1]
  .near_func.text  ro code  0x00edfd     0x1  stm8l15x_it.o [1]
  .near_func.text  ro code  0x00edfe     0x1  stm8l15x_it.o [1]
  .near_func.text  ro code  0x00edff     0x1  stm8l15x_it.o [1]
  .near_func.text  ro code  0x00ee00     0x1  stm8l15x_it.o [1]
  .near_func.text  ro code  0x00ee01     0x1  stm8l15x_it.o [1]
  .near_func.text  ro code  0x00ee02     0x1  stm8l15x_it.o [1]
  .near_func.text  ro code  0x00ee03     0x1  stm8l15x_it.o [1]
  .near_func.text  ro code  0x00ee04     0x1  stm8l15x_it.o [1]
  .near_func.text  ro code  0x00ee05     0x1  stm8l15x_it.o [1]
  .near_func.text  ro code  0x00ee06     0x1  stm8l15x_it.o [1]
  .near_func.text  ro code  0x00ee07     0x1  stm8l15x_it.o [1]
  .near_func.text  ro code  0x00ee08     0x1  stm8l15x_it.o [1]
  .near_func.text  ro code  0x00ee09     0x1  stm8l15x_it.o [1]
  .near_func.text  ro code  0x00ee0a     0x1  stm8l15x_it.o [1]
  .near_func.text  ro code  0x00ee0b     0x1  stm8l15x_it.o [1]
  .near_func.text  ro code  0x00ee0c     0x1  stm8l15x_it.o [1]
  .near_func.text  ro code  0x00ee0d     0x1  stm8l15x_it.o [1]
  .near_func.text  ro code  0x00ee0e     0x1  stm8l15x_it.o [1]
  .near_func.text  ro code  0x00ee0f     0x1  stm8l15x_it.o [1]
  .near_func.text  ro code  0x00ee10     0x1  __dbg_break.o [3]
                          - 0x00ee11  0x6d91


*******************************************************************************
*** INIT TABLE
***

          Address   Size
          -------   ----
Zero (__iar_zero_init2)
    1 destination range, total size 0x4e5:
          0x000010  0x4e5



*******************************************************************************
*** MODULE SUMMARY
***

    Module                 ro code  ro data  rw data
    ------                 -------  -------  -------
F:\0中科君达\0项目\NB水表\软件\NB-IOT程序(BC95-B5)\PROJECT\Debug\Obj: [1]
    BC95.o                  10 182      763      308
    Debug.o                  4 028      850
    Globaldata.o                97                55
    Pulse_Acquire.o            425                 7
    Save.o                   1 451       29
    Sys_Timer.o                820               161
    Temperature.o              223      332
    main.o                     136
    mcu_init.o                 541
    rtc.o                    1 097
    stm8l15x_adc.o             324
    stm8l15x_clk.o             493        5
    stm8l15x_exti.o            523
    stm8l15x_flash.o            77
    stm8l15x_gpio.o            206
    stm8l15x_it.o              254
    stm8l15x_itc.o             347
    stm8l15x_iwdg.o             22
    stm8l15x_pwr.o              28
    stm8l15x_rtc.o           1 445
    stm8l15x_tim4.o            113
    stm8l15x_usart.o           654
    uart.o                     901               722
    ------------------------------------------------
    Total:                  24 387    1 979    1 253

command line: [2]
    ------------------------------------------------
    Total:

dbgstm8smd.a: [3]
    __dbg_break.o                1
    __dbg_xxexit.o              20
    ------------------------------------------------
    Total:                      21

dlstm8smn.a: [4]
    abs.o                       11
    cexit.o                      5
    char.o                      30
    cstartup.o                  19
    dc_util.o                   26
    exit.o                       3
    float.o                    659
    init.o                      23
    init_small.o                30
    interrupt.o                  3      128
    long.o                     179
    long_util.o                 82
    low_level_init.o             3
    memcpy.o                    37
    memset.o                    23
    move.o                      13
    short.o                     99
    strncmp.o                   57
    strstr.o                    68
    unhandled_exception.o        3
    vreg_util.o                281
    vregs.o                                       16
    ------------------------------------------------
    Total:                   1 654      128       16

    Linker created                        8      256
----------------------------------------------------
    Grand Total:            26 062    2 115    1 525


*******************************************************************************
*** ENTRY LIST
***

Entry                    Address   Size  Type      Object
-----                    -------   ----  ----      ------
.iar.init_table$$Base   0x00e622          --   Gb  - Linker created -
.iar.init_table$$Limit  0x00e62a          --   Gb  - Linker created -
?b0                     0x000000         Data  Gb  vregs.o [4]
?b1                     0x000001         Data  Gb  vregs.o [4]
?b10                    0x00000a         Data  Gb  vregs.o [4]
?b11                    0x00000b         Data  Gb  vregs.o [4]
?b12                    0x00000c         Data  Gb  vregs.o [4]
?b13                    0x00000d         Data  Gb  vregs.o [4]
?b14                    0x00000e         Data  Gb  vregs.o [4]
?b15                    0x00000f         Data  Gb  vregs.o [4]
?b2                     0x000002         Data  Gb  vregs.o [4]
?b3                     0x000003         Data  Gb  vregs.o [4]
?b4                     0x000004         Data  Gb  vregs.o [4]
?b5                     0x000005         Data  Gb  vregs.o [4]
?b6                     0x000006         Data  Gb  vregs.o [4]
?b7                     0x000007         Data  Gb  vregs.o [4]
?b8                     0x000008         Data  Gb  vregs.o [4]
?b9                     0x000009         Data  Gb  vregs.o [4]
?dc32_l0                0x00e7cd         Code  Gb  dc_util.o [4]
?dc32_l1                0x00e7da         Code  Gb  dc_util.o [4]
?e0                     0x000001         Data  Gb  vregs.o [4]
?e1                     0x000005         Data  Gb  vregs.o [4]
?e2                     0x000009         Data  Gb  vregs.o [4]
?e3                     0x00000d         Data  Gb  vregs.o [4]
?epilogue_l2            0x00be0d         Code  Gb  vreg_util.o [4]
?epilogue_l2_l3         0x00be0a         Code  Gb  vreg_util.o [4]
?epilogue_l2_w6         0x00be11         Code  Gb  vreg_util.o [4]
?epilogue_w4            0x00be18         Code  Gb  vreg_util.o [4]
?fcastf32u16_l0_x       0x00a73f         Code  Gb  float.o [4]
?fcasts16f32_x_l0       0x00a75d         Code  Gb  float.o [4]
?fdiv32_l0_dc32_l1      0x00a68c         Code  Gb  float.o [4]
?fdiv32_l0_l0_l1        0x00a691         Code  Gb  float.o [4]
?fmul32_l0_l0_dc32      0x00a5ec         Code  Gb  float.o [4]
?fmul32_l0_l0_l1        0x00a5f1         Code  Gb  float.o [4]
?inc32_0x_0x            0x00ca43         Code  Gb  long.o [4]
?inc32_l0_l0            0x00ca39         Code  Gb  long.o [4]
?inc32_l1_l1            0x00ca3e         Code  Gb  long.o [4]
?l0                     0x000000         Data  Gb  vregs.o [4]
?l1                     0x000004         Data  Gb  vregs.o [4]
?l2                     0x000008         Data  Gb  vregs.o [4]
?l3                     0x00000c         Data  Gb  vregs.o [4]
?load32_0x_l0           0x00dac9         Code  Gb  long_util.o [4]
?load32_0x_l1           0x00dad7         Code  Gb  long_util.o [4]
?load32_0x_l2           0x00dae5         Code  Gb  long_util.o [4]
?load32_l0_0x           0x00daa1         Code  Gb  long_util.o [4]
?load32_l1_0x           0x00dabd         Code  Gb  long_util.o [4]
?load32_l1_asp          0x00dab2         Code  Gb  long_util.o [4]
?load32_l1_dbsp         0x00daad         Code  Gb  long_util.o [4]
?load32_l1_xsp          0x00dab4         Code  Gb  long_util.o [4]
?mov_e0_e1              0x00be34         Code  Gb  vreg_util.o [4]
?mov_e0_e2              0x00be41         Code  Gb  vreg_util.o [4]
?mov_e0_e3              0x00be4e         Code  Gb  vreg_util.o [4]
?mov_e1_e0              0x00be5b         Code  Gb  vreg_util.o [4]
?mov_e2_e0              0x00be68         Code  Gb  vreg_util.o [4]
?mov_e3_e0              0x00be75         Code  Gb  vreg_util.o [4]
?mov_l0_l1              0x00be31         Code  Gb  vreg_util.o [4]
?mov_l0_l2              0x00be3e         Code  Gb  vreg_util.o [4]
?mov_l0_l3              0x00be4b         Code  Gb  vreg_util.o [4]
?mov_l1_l0              0x00be58         Code  Gb  vreg_util.o [4]
?mov_l2_l0              0x00be65         Code  Gb  vreg_util.o [4]
?mov_l3_l0              0x00be72         Code  Gb  vreg_util.o [4]
?mov_w0_w1              0x00be1c         Code  Gb  vreg_util.o [4]
?mov_w1_w3              0x00be37         Code  Gb  vreg_util.o [4]
?mov_w1_w5              0x00be44         Code  Gb  vreg_util.o [4]
?mov_w1_w6              0x00be23         Code  Gb  vreg_util.o [4]
?mov_w1_w7              0x00be51         Code  Gb  vreg_util.o [4]
?mov_w2_w1              0x00be2a         Code  Gb  vreg_util.o [4]
?mov_w3_w1              0x00be5e         Code  Gb  vreg_util.o [4]
?mov_w5_w1              0x00be6b         Code  Gb  vreg_util.o [4]
?mov_w7_w1              0x00be78         Code  Gb  vreg_util.o [4]
?move1616_v_x_y_a       0x00eb33         Code  Gb  move.o [4]
?mul16_x_x_w0           0x00d5bb         Code  Gb  short.o [4]
?pop_l0                 0x00bdd6         Code  Gb  vreg_util.o [4]
?pop_l1                 0x00bde1         Code  Gb  vreg_util.o [4]
?pop_l2                 0x00bdec         Code  Gb  vreg_util.o [4]
?pop_l3                 0x00bdf7         Code  Gb  vreg_util.o [4]
?pop_w4                 0x00bd88         Code  Gb  vreg_util.o [4]
?pop_w6                 0x00bd8f         Code  Gb  vreg_util.o [4]
?pop_w7                 0x00bd96         Code  Gb  vreg_util.o [4]
?push_l0                0x00bda5         Code  Gb  vreg_util.o [4]
?push_l1                0x00bdaa         Code  Gb  vreg_util.o [4]
?push_l2                0x00bdaf         Code  Gb  vreg_util.o [4]
?push_l3                0x00bdb4         Code  Gb  vreg_util.o [4]
?push_w4                0x00bd66         Code  Gb  vreg_util.o [4]
?push_w6                0x00bd6b         Code  Gb  vreg_util.o [4]
?push_w7                0x00bd70         Code  Gb  vreg_util.o [4]
?sdiv16_x_x_y           0x00d5d9         Code  Gb  short.o [4]
?sext16_x_a             0x00d617         Code  Gb  short.o [4]
?sext32_l0_x            0x00cae1         Code  Gb  long.o [4]
?sll16_x_x_a            0x00d602         Code  Gb  short.o [4]
?sll8_a_a_5             0x00e73a         Code  Gb  char.o [4]
?smod16_y_x_y           0x00d5f2         Code  Gb  short.o [4]
?smod8_a_b0_a           0x00e726         Code  Gb  char.o [4]
?srl16_x_x_10           0x00d60c         Code  Gb  short.o [4]
?srl16_x_x_11           0x00d60b         Code  Gb  short.o [4]
?srl16_x_x_12           0x00d60a         Code  Gb  short.o [4]
?srl16_x_x_4            0x00d612         Code  Gb  short.o [4]
?srl16_x_x_5            0x00d611         Code  Gb  short.o [4]
?srl16_x_x_6            0x00d610         Code  Gb  short.o [4]
?srl16_x_x_7            0x00d60f         Code  Gb  short.o [4]
?srl16_x_x_8            0x00d60e         Code  Gb  short.o [4]
?srl16_x_x_9            0x00d60d         Code  Gb  short.o [4]
?srl8_a_a_5             0x00e73f         Code  Gb  char.o [4]
?ucmp32_c_l0_0x         0x00cac6         Code  Gb  long.o [4]
?ucmp32_c_l0_l1         0x00cad6         Code  Gb  long.o [4]
?udiv32_l0_l0_dl        0x00ca56         Code  Gb  long.o [4]
?udiv32_l0_l0_l1        0x00ca59         Code  Gb  long.o [4]
?umod32_l1_l0_dl        0x00ca51         Code  Gb  long.o [4]
?umod32_l1_l0_l1        0x00ca59         Code  Gb  long.o [4]
?w0                     0x000000         Data  Gb  vregs.o [4]
?w1                     0x000002         Data  Gb  vregs.o [4]
?w2                     0x000004         Data  Gb  vregs.o [4]
?w3                     0x000006         Data  Gb  vregs.o [4]
?w4                     0x000008         Data  Gb  vregs.o [4]
?w5                     0x00000a         Data  Gb  vregs.o [4]
?w6                     0x00000c         Data  Gb  vregs.o [4]
?w7                     0x00000e         Data  Gb  vregs.o [4]
ADC1_COMP_IRQHandler    0x00ee09    0x1  Code  Gb  stm8l15x_it.o [1]
ADC_ChannelCmd          0x00db93   0x4e  Code  Gb  stm8l15x_adc.o [1]
ADC_ClearFlag           0x00eb26    0xd  Code  Gb  stm8l15x_adc.o [1]
ADC_Cmd                 0x00ea04   0x11  Code  Gb  stm8l15x_adc.o [1]
ADC_GetConversionValue  0x00e501   0x28  Code  Gb  stm8l15x_adc.o [1]
ADC_GetFlagStatus       0x00e708   0x1e  Code  Gb  stm8l15x_adc.o [1]
ADC_Init                0x00e37e   0x2f  Code  Gb  stm8l15x_adc.o [1]
ADC_SamplingTimeConfig  0x00daf3   0x50  Code  Gb  stm8l15x_adc.o [1]
ADC_SoftwareStartConv   0x00edb5    0x5  Code  Gb  stm8l15x_adc.o [1]
ADC_VrefintCmd          0x00ea9e    0xe  Code  Gb  stm8l15x_adc.o [1]
ASCLL_to_Int            0x00dcbd   0x46  Code  Gb  Globaldata.o [1]
Alarm_Interrupt         0x00e529   0x27  Code  Gb  rtc.o [1]
BC95                    0x000219  0x134  Data  Gb  BC95.o [1]
BC95_Data_Send          0x00e6aa   0x20  Code  Gb  BC95.o [1]
BC95_Delay_CallBack     0x00edb0    0x5  Code  Gb  BC95.o [1]
BC95_GetSignalParas     0x00b298  0x186  Code  Gb  BC95.o [1]
BC95_NetLightRun        0x00ed1e    0x9  Code  Gb  BC95.o [1]
BC95_Power_Off          0x00d4ec   0x6c  Code  Gb  BC95.o [1]
BC95_Power_On           0x00dd03   0x45  Code  Gb  BC95.o [1]
BC95_Process            0x008ba3  0x907  Code  Gb  BC95.o [1]
BC95_Reset              0x00e7e7   0x19  Code  Gb  BC95.o [1]
BC95_Timeout_CallBack   0x00d7f4   0x5b  Code  Gb  BC95.o [1]
Bcd2ToByte              0x00e798   0x1b  Code  Lc  stm8l15x_rtc.o [1]
ByteToBcd2              0x00e6ca   0x20  Code  Lc  stm8l15x_rtc.o [1]
CLK_GetClockFreq        0x00d0b0   0x93  Code  Gb  stm8l15x_clk.o [1]
CLK_GetFlagStatus       0x00cf83   0x99  Code  Gb  stm8l15x_clk.o [1]
CLK_HSICmd              0x00eaac    0xe  Code  Gb  stm8l15x_clk.o [1]
CLK_LSEConfig           0x00e9ab   0x13  Code  Gb  stm8l15x_clk.o [1]
CLK_PeripheralClockConfig
                        0x00d261   0x8e  Code  Gb  stm8l15x_clk.o [1]
CLK_RTCClockConfig      0x00ecc3    0xa  Code  Gb  stm8l15x_clk.o [1]
CLK_SYSCLKDivConfig     0x00eddc    0x4  Code  Gb  stm8l15x_clk.o [1]
CLK_SYSCLKSourceConfig  0x00edd8    0x4  Code  Gb  stm8l15x_clk.o [1]
CSTACK$$Base            0x000f00          --   Gb  - Linker created -
CSTACK$$Limit           0x001000          --   Gb  - Linker created -
Cal                     0x0004e2    0x7  Data  Gb  Pulse_Acquire.o [1]
Create_Timer            0x00bf84  0x105  Code  Gb  Sys_Timer.o [1]
DMA1_CHANNEL0_1_IRQHandler
                        0x00edfd    0x1  Code  Gb  stm8l15x_it.o [1]
DMA1_CHANNEL2_3_IRQHandler
                        0x00edfe    0x1  Code  Gb  stm8l15x_it.o [1]
Debug_ClearReportStatistics
                        0x00e406   0x2c  Code  Gb  Debug.o [1]
Debug_ClearResetRecord  0x00e3da   0x2c  Code  Gb  Debug.o [1]
Debug_Config            0x00e599   0x23  Code  Gb  Debug.o [1]
Debug_DeInit            0x00e575   0x24  Code  Gb  Debug.o [1]
Debug_EepromStatus      0x00c760   0xb8  Code  Gb  Debug.o [1]
Debug_IMEIandIMSI       0x00ded6   0x3f  Code  Gb  Debug.o [1]
Debug_Init              0x00e800   0x19  Code  Gb  Debug.o [1]
Debug_Process           0x00aa88  0x1a9  Code  Gb  Debug.o [1]
Debug_ReportParas       0x00a32a  0x2c2  Code  Gb  Debug.o [1]
Debug_ReportRecord      0x00ac31  0x1a7  Code  Gb  Debug.o [1]
Debug_ReportStatistics  0x00af70  0x196  Code  Gb  Debug.o [1]
Debug_ResetRecord       0x00b5a0  0x173  Code  Gb  Debug.o [1]
Debug_SampleParas       0x00bb0c  0x13b  Code  Gb  Debug.o [1]
Debug_SampleRecord      0x00be7f  0x105  Code  Gb  Debug.o [1]
Debug_SignalParas       0x00c26c   0xec  Code  Gb  Debug.o [1]
Debug_Time              0x00c089   0xf5  Code  Gb  Debug.o [1]
Debug_VolTemp           0x00c6a2   0xbe  Code  Gb  Debug.o [1]
Delete_Timer            0x00db43   0x50  Code  Gb  Sys_Timer.o [1]
EXTI0_IRQHandler        0x00e8d7   0x16  Code  Gb  stm8l15x_it.o [1]
EXTI1_IRQHandler        0x00ee01    0x1  Code  Gb  stm8l15x_it.o [1]
EXTI2_IRQHandler        0x00ee02    0x1  Code  Gb  stm8l15x_it.o [1]
EXTI3_IRQHandler        0x00ee03    0x1  Code  Gb  stm8l15x_it.o [1]
EXTI4_IRQHandler        0x00ee04    0x1  Code  Gb  stm8l15x_it.o [1]
EXTI5_IRQHandler        0x00ee05    0x1  Code  Gb  stm8l15x_it.o [1]
EXTI6_IRQHandler        0x00ee06    0x1  Code  Gb  stm8l15x_it.o [1]
EXTI7_IRQHandler        0x00e31d   0x31  Code  Gb  stm8l15x_it.o [1]
EXTIB_G_IRQHandler      0x00ee00    0x1  Code  Gb  stm8l15x_it.o [1]
EXTID_H_IRQHandler      0x00e8c1   0x16  Code  Gb  stm8l15x_it.o [1]
EXTIE_F_PVD_IRQHandler  0x00edff    0x1  Code  Gb  stm8l15x_it.o [1]
EXTI_ClearITPendingBit  0x00e5df   0x22  Code  Gb  stm8l15x_exti.o [1]
EXTI_SelectPort         0x00e122   0x36  Code  Gb  stm8l15x_exti.o [1]
EXTI_SetHalfPortSelection
                        0x00df15   0x3f  Code  Gb  stm8l15x_exti.o [1]
EXTI_SetPinSensitivity  0x00bc47  0x11f  Code  Gb  stm8l15x_exti.o [1]
EXTI_SetPortSensitivity
                        0x00d950   0x55  Code  Gb  stm8l15x_exti.o [1]
Event_Process           0x00da4f   0x52  Code  Gb  main.o [1]
Exti0_Interrupt         0x00e4d9   0x28  Code  Gb  Pulse_Acquire.o [1]
ExtiD_Interrupt         0x00c17e   0xee  Code  Gb  Pulse_Acquire.o [1]
FLASH_GetFlagStatus     0x00e84b   0x19  Code  Gb  stm8l15x_flash.o [1]
FLASH_IRQHandler        0x00edfc    0x1  Code  Gb  stm8l15x_it.o [1]
FLASH_Lock              0x00ec52    0xb  Code  Gb  stm8l15x_flash.o [1]
FLASH_ProgramByte       0x00ec5d    0xb  Code  Gb  stm8l15x_flash.o [1]
FLASH_ReadByte          0x00edba    0x5  Code  Gb  stm8l15x_flash.o [1]
FLASH_Unlock            0x00e832   0x19  Code  Gb  stm8l15x_flash.o [1]
Free_Uart2              0x00e18c   0x33  Code  Gb  uart.o [1]
Free_Uart3              0x00e96f   0x15  Code  Gb  uart.o [1]
GMT_to_BT               0x00a87f  0x209  Code  Gb  rtc.o [1]
GPIO_Configuration      0x00dc2e   0x49  Code  Gb  mcu_init.o [1]
GPIO_Init               0x00caec   0xaf  Code  Gb  stm8l15x_gpio.o [1]
GPIO_ReadInputDataBit   0x00ed27    0x9  Code  Gb  stm8l15x_gpio.o [1]
GPIO_ResetBits          0x00ed39    0x8  Code  Gb  stm8l15x_gpio.o [1]
GPIO_SetBits            0x00ed73    0x7  Code  Gb  stm8l15x_gpio.o [1]
GPIO_ToggleBits         0x00ed7a    0x7  Code  Gb  stm8l15x_gpio.o [1]
HistoryData             0x0004f1    0x3  Data  Gb  Globaldata.o [1]
I2C1_SPI2_IRQHandler    0x00ee0f    0x1  Code  Gb  stm8l15x_it.o [1]
INTVEC$$Base            0x008000          --   Gb  - Linker created -
INTVEC$$Limit           0x008080          --   Gb  - Linker created -
ITC_SetSoftwarePriority
                        0x00b713  0x15b  Code  Gb  stm8l15x_itc.o [1]
IWDG_Config             0x00e8ab   0x16  Code  Gb  mcu_init.o [1]
IWDG_Enable             0x00edc4    0x5  Code  Gb  stm8l15x_iwdg.o [1]
IWDG_ReloadCounter      0x00edbf    0x5  Code  Gb  stm8l15x_iwdg.o [1]
IWDG_SetPrescaler       0x00ede4    0x4  Code  Gb  stm8l15x_iwdg.o [1]
IWDG_SetReload          0x00ede8    0x4  Code  Gb  stm8l15x_iwdg.o [1]
IWDG_WriteAccessCmd     0x00ede0    0x4  Code  Gb  stm8l15x_iwdg.o [1]
Int_to_ASCLL            0x00e762   0x1b  Code  Gb  Globaldata.o [1]
LCD_AES_IRQHandler      0x00ee07    0x1  Code  Gb  stm8l15x_it.o [1]
MCU_Config              0x00eb19    0xd  Code  Gb  mcu_init.o [1]
Magnetic_Interference_Detection
                        0x00e158   0x34  Code  Gb  Pulse_Acquire.o [1]
MeterParameter          0x0004b6   0x2c  Data  Gb  Globaldata.o [1]
PWR_FastWakeUpCmd       0x00eaba    0xe  Code  Gb  stm8l15x_pwr.o [1]
PWR_UltraLowPowerCmd    0x00eac8    0xe  Code  Gb  stm8l15x_pwr.o [1]
Pulse_Acquire_Config    0x00d67f   0x5f  Code  Gb  Pulse_Acquire.o [1]
RCC_Configuration       0x00ea64    0xf  Code  Gb  mcu_init.o [1]
RTC_AlarmCmd            0x00d9fa   0x55  Code  Gb  stm8l15x_rtc.o [1]
RTC_CSSLSE_IRQHandler   0x00e864   0x19  Code  Gb  stm8l15x_it.o [1]
RTC_ClearITPendingBit   0x00ebac    0xc  Code  Gb  stm8l15x_rtc.o [1]
RTC_DateStr             0x0004ed    0x4  Data  Gb  Globaldata.o [1]
RTC_EnterInitMode       0x00e432   0x2c  Code  Gb  stm8l15x_rtc.o [1]
RTC_GetDate             0x00d798   0x5c  Code  Gb  stm8l15x_rtc.o [1]
RTC_GetITStatus         0x00e3ad   0x2d  Code  Gb  stm8l15x_rtc.o [1]
RTC_GetTime             0x00d9a5   0x55  Code  Gb  stm8l15x_rtc.o [1]
RTC_ITConfig            0x00dfce   0x3b  Code  Gb  stm8l15x_rtc.o [1]
RTC_Init                0x00d73c   0x5c  Code  Gb  stm8l15x_rtc.o [1]
RTC_SetAlarm            0x00b86e  0x152  Code  Gb  stm8l15x_rtc.o [1]
RTC_SetDate             0x00c818   0xb7  Code  Gb  stm8l15x_rtc.o [1]
RTC_SetTime             0x00ccf2   0xab  Code  Gb  stm8l15x_rtc.o [1]
RTC_SetWakeUpCounter    0x00e95a   0x15  Code  Gb  stm8l15x_rtc.o [1]
RTC_TimeStr             0x0004e9    0x4  Data  Gb  Globaldata.o [1]
RTC_WaitForSynchro      0x00e0b5   0x37  Code  Gb  stm8l15x_rtc.o [1]
RTC_WakeUpClockConfig   0x00e5bc   0x23  Code  Gb  stm8l15x_rtc.o [1]
RTC_WakeUpCmd           0x00dd8d   0x45  Code  Gb  stm8l15x_rtc.o [1]
Read_ACUM_Flow          0x00ea73    0xf  Code  Gb  Save.o [1]
Read_DebugReportRecord  0x00e287   0x32  Code  Gb  Save.o [1]
Read_DebugReportStatistics
                        0x00e255   0x32  Code  Gb  Save.o [1]
Read_DebugResetRecord   0x00e223   0x32  Code  Gb  Save.o [1]
Read_History_Data       0x00dd48   0x45  Code  Gb  Save.o [1]
Read_Meter_Parameter    0x00ce41   0xa4  Code  Gb  Save.o [1]
Read_Temp               0x00c358   0xdf  Code  Gb  Temperature.o [1]
Read_Voltage            0x00cee5   0x9e  Code  Gb  mcu_init.o [1]
Recv_Data_Process       0x009c9b  0x68f  Code  Gb  BC95.o [1]
Region$$Table$$Base     0x00e622          --   Gb  - Linker created -
Region$$Table$$Limit    0x00e62a          --   Gb  - Linker created -
Report_All_Parameters   0x008080  0xb23  Code  Gb  BC95.o [1]
Report_HC_Flow          0x0094aa  0x7f1  Code  Gb  BC95.o [1]
Report_History_Data     0x00add8  0x198  Code  Gb  BC95.o [1]
Rtc_Config              0x00d6de   0x5e  Code  Gb  rtc.o [1]
SPI1_IRQHandler         0x00ee0c    0x1  Code  Gb  stm8l15x_it.o [1]
SWITCH_CSS_BREAK_DAC_IRQHandler
                        0x00ee08    0x1  Code  Gb  stm8l15x_it.o [1]
SYSDivFactor            0x00edab    0x5  Data  Gb  stm8l15x_clk.o [1]
Save_Add_Flow           0x00e945   0x15  Code  Gb  Save.o [1]
Save_BC95_Error_Record  0x00e819   0x19  Code  Gb  Save.o [1]
Save_DebugReportRecord  0x00c8cf   0xb6  Code  Gb  Save.o [1]
Save_DebugReportStatistics
                        0x00e009   0x3a  Code  Gb  Save.o [1]
Save_DebugResetRecord   0x00d47e   0x6e  Code  Gb  Save.o [1]
Save_History_Data       0x00c5dd   0xc5  Code  Gb  Save.o [1]
Save_Meter_Parameter    0x00d8fb   0x55  Code  Gb  Save.o [1]
Save_SDCF_Flow          0x00c437   0xd3  Code  Gb  Save.o [1]
Send_Data_Process       0x00cc47   0xab  Code  Gb  BC95.o [1]
Set_Alarm               0x00e043   0x39  Code  Gb  rtc.o [1]
Sleep                   0x00ea36   0x10  Code  Gb  mcu_init.o [1]
SysTick_Handler         0x00b106  0x192  Code  Gb  Sys_Timer.o [1]
Sys_Timer               0x000416   0xa0  Data  Lc  Sys_Timer.o [1]
Sys_Timer_Process       0x00dbe1   0x4d  Code  Gb  Sys_Timer.o [1]
TIM1_CC_IRQHandler      0x00ee0b    0x1  Code  Gb  stm8l15x_it.o [1]
TIM1_UPD_OVF_TRG_COM_IRQHandler
                        0x00ee0a    0x1  Code  Gb  stm8l15x_it.o [1]
TIM2_CC_USART2_RX_IRQHandler
                        0x00e903   0x16  Code  Gb  stm8l15x_it.o [1]
TIM2_UPD_OVF_TRG_BRK_USART2_TX_IRQHandler
                        0x00e8ed   0x16  Code  Gb  stm8l15x_it.o [1]
TIM3_CC_USART3_RX_IRQHandler
                        0x00e92f   0x16  Code  Gb  stm8l15x_it.o [1]
TIM3_UPD_OVF_TRG_BRK_USART3_TX_IRQHandler
                        0x00e919   0x16  Code  Gb  stm8l15x_it.o [1]
TIM4_ARRPreloadConfig   0x00ead6    0xe  Code  Gb  stm8l15x_tim4.o [1]
TIM4_ClearITPendingBit  0x00ed30    0x9  Code  Gb  stm8l15x_tim4.o [1]
TIM4_Cmd                0x00eae4    0xe  Code  Gb  stm8l15x_tim4.o [1]
TIM4_Config             0x00e34e   0x30  Code  Gb  mcu_init.o [1]
TIM4_DeInit             0x00e601   0x21  Code  Gb  stm8l15x_tim4.o [1]
TIM4_ITConfig           0x00e7b3   0x1a  Code  Gb  stm8l15x_tim4.o [1]
TIM4_TimeBaseInit       0x00ea15   0x11  Code  Gb  stm8l15x_tim4.o [1]
TIM4_UPD_OVF_TRG_IRQHandler
                        0x00e77d   0x1b  Code  Gb  stm8l15x_it.o [1]
TRAP_IRQHandler         0x00edfb    0x1  Code  Gb  stm8l15x_it.o [1]
Temp_Table              0x00b9c0  0x14c  Data  Gb  Temperature.o [1]
USART1_RX_TIM5_CC_IRQHandler
                        0x00ee0e    0x1  Code  Gb  stm8l15x_it.o [1]
USART1_TX_TIM5_UPD_OVF_TRG_BRK_IRQHandler
                        0x00ee0d    0x1  Code  Gb  stm8l15x_it.o [1]
USART2_Configuration    0x00d61e   0x61  Code  Gb  mcu_init.o [1]
USART2_IRQHandler       0x00d143   0x8f  Code  Gb  uart.o [1]
USART2_TX_IRQHandler    0x00d84f   0x56  Code  Gb  uart.o [1]
USART3_Configuration    0x00d558   0x63  Code  Gb  mcu_init.o [1]
USART3_IRQHandler       0x00d1d2   0x8f  Code  Gb  uart.o [1]
USART3_TX_IRQHandler    0x00d8a5   0x56  Code  Gb  uart.o [1]
USART_ClearITPendingBit
                        0x00edce    0x5  Code  Gb  stm8l15x_usart.o [1]
USART_Cmd               0x00e45e   0x2b  Code  Gb  stm8l15x_usart.o [1]
USART_DeInit            0x00df54   0x3e  Code  Gb  stm8l15x_usart.o [1]
USART_GetITStatus       0x00cb9b   0xac  Code  Gb  stm8l15x_usart.o [1]
USART_ITConfig          0x00d01c   0x94  Code  Gb  stm8l15x_usart.o [1]
USART_Init              0x00c50a   0xd3  Code  Gb  stm8l15x_usart.o [1]
USART_ReceiveData8      0x00edc9    0x5  Code  Gb  stm8l15x_usart.o [1]
USART_SendData8         0x00ed41    0x8  Code  Gb  stm8l15x_usart.o [1]
Uart2                   0x000010  0x209  Data  Gb  uart.o [1]
Uart2_Receive           0x00e2b9   0x32  Code  Gb  uart.o [1]
Uart2_Send              0x00d2ef   0x8b  Code  Gb  uart.o [1]
Uart3                   0x00034d   0xc9  Data  Gb  uart.o [1]
Uart3_Receive           0x00e2eb   0x32  Code  Gb  uart.o [1]
Uart3_Send              0x00d37a   0x84  Code  Gb  uart.o [1]
Wake_Interrupt          0x00b41e  0x182  Code  Gb  rtc.o [1]
WriteRom                0x00cd9d   0xa4  Code  Gb  Save.o [1]
__DebugBreak            0x00ee10    0x1  Code  Gb  __dbg_break.o [3]
__exit                  0x00e984   0x14  Code  Gb  __dbg_xxexit.o [3]
__iar_Strstr            0x00ddd2   0x44  Code  Gb  strstr.o [4]
__iar_data_init2        0x00e894   0x17  Code  Gb  init.o [4]
__iar_program_start     0x00e9be         Code  Gb  cstartup.o [4]
__iar_unhandled_exception
                        0x00edf8         Code  Gb  unhandled_exception.o [4]
__iar_zero_init2        0x00e744         Code  Gb  init_small.o [4]
__intvec                0x008000         Data  Gb  interrupt.o [4]
__low_level_init        0x00edf2    0x3  Code  Gb  low_level_init.o [4]
_exit                   0x00edd3         Code  Gb  cexit.o [4]
_interrupt_1            0x00edfb         Code  Gb  stm8l15x_it.o [1]
_interrupt_10           0x00e8d7         Code  Gb  stm8l15x_it.o [1]
_interrupt_11           0x00ee01         Code  Gb  stm8l15x_it.o [1]
_interrupt_12           0x00ee02         Code  Gb  stm8l15x_it.o [1]
_interrupt_13           0x00ee03         Code  Gb  stm8l15x_it.o [1]
_interrupt_14           0x00ee04         Code  Gb  stm8l15x_it.o [1]
_interrupt_15           0x00ee05         Code  Gb  stm8l15x_it.o [1]
_interrupt_16           0x00ee06         Code  Gb  stm8l15x_it.o [1]
_interrupt_17           0x00e31d         Code  Gb  stm8l15x_it.o [1]
_interrupt_18           0x00ee07         Code  Gb  stm8l15x_it.o [1]
_interrupt_19           0x00ee08         Code  Gb  stm8l15x_it.o [1]
_interrupt_20           0x00ee09         Code  Gb  stm8l15x_it.o [1]
_interrupt_21           0x00e8ed         Code  Gb  stm8l15x_it.o [1]
_interrupt_22           0x00e903         Code  Gb  stm8l15x_it.o [1]
_interrupt_23           0x00e919         Code  Gb  stm8l15x_it.o [1]
_interrupt_24           0x00e92f         Code  Gb  stm8l15x_it.o [1]
_interrupt_25           0x00ee0a         Code  Gb  stm8l15x_it.o [1]
_interrupt_26           0x00ee0b         Code  Gb  stm8l15x_it.o [1]
_interrupt_27           0x00e77d         Code  Gb  stm8l15x_it.o [1]
_interrupt_28           0x00ee0c         Code  Gb  stm8l15x_it.o [1]
_interrupt_29           0x00ee0d         Code  Gb  stm8l15x_it.o [1]
_interrupt_3            0x00edfc         Code  Gb  stm8l15x_it.o [1]
_interrupt_30           0x00ee0e         Code  Gb  stm8l15x_it.o [1]
_interrupt_31           0x00ee0f         Code  Gb  stm8l15x_it.o [1]
_interrupt_4            0x00edfd         Code  Gb  stm8l15x_it.o [1]
_interrupt_5            0x00edfe         Code  Gb  stm8l15x_it.o [1]
_interrupt_6            0x00e864         Code  Gb  stm8l15x_it.o [1]
_interrupt_7            0x00edff         Code  Gb  stm8l15x_it.o [1]
_interrupt_8            0x00ee00         Code  Gb  stm8l15x_it.o [1]
_interrupt_9            0x00e8c1         Code  Gb  stm8l15x_it.o [1]
abs                     0x00ec68    0xb  Code  Gb  abs.o [4]
exit                    0x00edf5    0x3  Code  Gb  exit.o [4]
main                    0x00e0ec   0x36  Code  Gb  main.o [1]
memcpy                  0x00e550   0x25  Code  Gb  memcpy.o [4]
memset                  0x00e87d   0x17  Code  Gb  memset.o [4]
strncmp                 0x00e07c   0x39  Code  Gb  strncmp.o [4]
strstr                  0x00e998   0x13  Code  Gb  Debug.o [1]


[1] = F:\0中科君达\0项目\NB水表\软件\NB-IOT程序(BC95-B5)\PROJECT\Debug\Obj
[2] = command line
[3] = dbgstm8smd.a
[4] = dlstm8smn.a

  26 062 bytes of readonly  code memory
   2 115 bytes of readonly  data memory
   1 525 bytes of readwrite data memory

Errors: none
Warnings: none
