###############################################################################
#
# IAR ELF Linker V2.20.1.176 for STM8                     12/Jul/2018  16:34:40
# Copyright 2010-2015 IAR Systems AB.
#
#    Output file  =  
#        F:\0中科君达\0项目\NB水表\软件\NB-IOT程序V1.0\project\Debug\Exe\project.out
#    Map file     =  
#        F:\0中科君达\0项目\NB水表\软件\NB-IOT程序V1.0\project\Debug\List\project.map
#    Command line =  
#        F:\0中科君达\0项目\NB水表\软件\NB-IOT程序V1.0\project\Debug\Obj\BC95.o
#        F:\0中科君达\0项目\NB水表\软件\NB-IOT程序V1.0\project\Debug\Obj\Globaldata.o
#        F:\0中科君达\0项目\NB水表\软件\NB-IOT程序V1.0\project\Debug\Obj\main.o
#        F:\0中科君达\0项目\NB水表\软件\NB-IOT程序V1.0\project\Debug\Obj\mcu_init.o
#        F:\0中科君达\0项目\NB水表\软件\NB-IOT程序V1.0\project\Debug\Obj\Pulse_Acquire.o
#        F:\0中科君达\0项目\NB水表\软件\NB-IOT程序V1.0\project\Debug\Obj\rtc.o
#        F:\0中科君达\0项目\NB水表\软件\NB-IOT程序V1.0\project\Debug\Obj\Save.o
#        F:\0中科君达\0项目\NB水表\软件\NB-IOT程序V1.0\project\Debug\Obj\stm8l15x_adc.o
#        F:\0中科君达\0项目\NB水表\软件\NB-IOT程序V1.0\project\Debug\Obj\stm8l15x_aes.o
#        F:\0中科君达\0项目\NB水表\软件\NB-IOT程序V1.0\project\Debug\Obj\stm8l15x_beep.o
#        F:\0中科君达\0项目\NB水表\软件\NB-IOT程序V1.0\project\Debug\Obj\stm8l15x_clk.o
#        F:\0中科君达\0项目\NB水表\软件\NB-IOT程序V1.0\project\Debug\Obj\stm8l15x_comp.o
#        F:\0中科君达\0项目\NB水表\软件\NB-IOT程序V1.0\project\Debug\Obj\stm8l15x_dac.o
#        F:\0中科君达\0项目\NB水表\软件\NB-IOT程序V1.0\project\Debug\Obj\stm8l15x_dma.o
#        F:\0中科君达\0项目\NB水表\软件\NB-IOT程序V1.0\project\Debug\Obj\stm8l15x_exti.o
#        F:\0中科君达\0项目\NB水表\软件\NB-IOT程序V1.0\project\Debug\Obj\stm8l15x_flash.o
#        F:\0中科君达\0项目\NB水表\软件\NB-IOT程序V1.0\project\Debug\Obj\stm8l15x_gpio.o
#        F:\0中科君达\0项目\NB水表\软件\NB-IOT程序V1.0\project\Debug\Obj\stm8l15x_i2c.o
#        F:\0中科君达\0项目\NB水表\软件\NB-IOT程序V1.0\project\Debug\Obj\stm8l15x_irtim.o
#        F:\0中科君达\0项目\NB水表\软件\NB-IOT程序V1.0\project\Debug\Obj\stm8l15x_it.o
#        F:\0中科君达\0项目\NB水表\软件\NB-IOT程序V1.0\project\Debug\Obj\stm8l15x_itc.o
#        F:\0中科君达\0项目\NB水表\软件\NB-IOT程序V1.0\project\Debug\Obj\stm8l15x_iwdg.o
#        F:\0中科君达\0项目\NB水表\软件\NB-IOT程序V1.0\project\Debug\Obj\stm8l15x_lcd.o
#        F:\0中科君达\0项目\NB水表\软件\NB-IOT程序V1.0\project\Debug\Obj\stm8l15x_pwr.o
#        F:\0中科君达\0项目\NB水表\软件\NB-IOT程序V1.0\project\Debug\Obj\stm8l15x_rst.o
#        F:\0中科君达\0项目\NB水表\软件\NB-IOT程序V1.0\project\Debug\Obj\stm8l15x_rtc.o
#        F:\0中科君达\0项目\NB水表\软件\NB-IOT程序V1.0\project\Debug\Obj\stm8l15x_spi.o
#        F:\0中科君达\0项目\NB水表\软件\NB-IOT程序V1.0\project\Debug\Obj\stm8l15x_syscfg.o
#        F:\0中科君达\0项目\NB水表\软件\NB-IOT程序V1.0\project\Debug\Obj\stm8l15x_tim1.o
#        F:\0中科君达\0项目\NB水表\软件\NB-IOT程序V1.0\project\Debug\Obj\stm8l15x_tim2.o
#        F:\0中科君达\0项目\NB水表\软件\NB-IOT程序V1.0\project\Debug\Obj\stm8l15x_tim3.o
#        F:\0中科君达\0项目\NB水表\软件\NB-IOT程序V1.0\project\Debug\Obj\stm8l15x_tim4.o
#        F:\0中科君达\0项目\NB水表\软件\NB-IOT程序V1.0\project\Debug\Obj\stm8l15x_tim5.o
#        F:\0中科君达\0项目\NB水表\软件\NB-IOT程序V1.0\project\Debug\Obj\stm8l15x_usart.o
#        F:\0中科君达\0项目\NB水表\软件\NB-IOT程序V1.0\project\Debug\Obj\stm8l15x_wfe.o
#        F:\0中科君达\0项目\NB水表\软件\NB-IOT程序V1.0\project\Debug\Obj\stm8l15x_wwdg.o
#        F:\0中科君达\0项目\NB水表\软件\NB-IOT程序V1.0\project\Debug\Obj\Sys_Timer.o
#        F:\0中科君达\0项目\NB水表\软件\NB-IOT程序V1.0\project\Debug\Obj\Temperature.o
#        F:\0中科君达\0项目\NB水表\软件\NB-IOT程序V1.0\project\Debug\Obj\uart.o
#        --redirect _Printf=_PrintfSmall --redirect _Scanf=_ScanfSmall -o
#        F:\0中科君达\0项目\NB水表\软件\NB-IOT程序V1.0\project\Debug\Exe\project.out
#        --map
#        F:\0中科君达\0项目\NB水表\软件\NB-IOT程序V1.0\project\Debug\List\project.map
#        --config "D:\IAR for STM8\stm8\config\lnkstm8l151c8.icf" --config_def
#        _CSTACK_SIZE=0x100 --config_def _HEAP_SIZE=0x100 --entry
#        __iar_program_start --debug_lib
#
###############################################################################

*******************************************************************************
*** RUNTIME MODEL ATTRIBUTES
***

__SystemLibrary            = DLib
__code_model               = small
__core                     = stm8
__data_model               = medium
__dlib_file_descriptor     = 0
__dlib_full_locale_support = 0
__rt_version               = 4


*******************************************************************************
*** PLACEMENT SUMMARY
***

"A1":  place at start of [0x000000-0x0000ff] { rw section .vregs };
"A2":  place at end of [0x000000-0x000fff] { block CSTACK };
"P2":  place in [from 0x000000 to 0x000fff] {
          block HEAP, rw section __DLIB_PERTHREAD, rw section .far.bss,
          rw section .far.data, rw section .far.noinit,
          rw section .far_func.textrw, rw section .huge.bss,
          rw section .huge.data, rw section .huge.noinit,
          rw section .huge_func.textrw, rw section .iar.dynexit,
          rw section .near.bss, rw section .near.data, rw section .near.noinit,
          rw section .near_func.textrw };
"A3":  place at start of [0x008000-0x00ffff] { block INTVEC };
"P3":  place in [from 0x008000 to 0x00ffff] {
          ro section __DLIB_PERTHREAD_init, ro section .far.data_init,
          ro section .far_func.textrw_init, ro section .huge.data_init,
          ro section .huge_func.textrw_init, ro section .iar.init_table,
          ro section .init_array, ro section .near.data_init,
          ro section .near.rodata, ro section .near_func.text,
          ro section .near_func.textrw_init, ro section .tiny.data_init,
          ro section .tiny.rodata_init };

  Section          Kind      Address    Size  Object
  -------          ----      -------    ----  ------
"A1":                                   0x10
  .vregs           uninit   0x000000    0x10  vregs.o [4]
                          - 0x000010    0x10

"P2":                                  0x6ed
  .near.bss        zero     0x000010   0x2d1  uart.o [1]
  .near.bss        zero     0x0002e1   0x2c7  BC95.o [1]
  .near.bss        zero     0x0005a8    0xa0  Sys_Timer.o [1]
  .near.bss        zero     0x000648    0x89  uart.o [1]
  .near.bss        zero     0x0006d1     0x7  Globaldata.o [1]
  .near.bss        zero     0x0006d8     0x7  rtc.o [1]
  .near.bss        zero     0x0006df     0x5  Pulse_Acquire.o [1]
  .near.bss        zero     0x0006e4     0x4  Globaldata.o [1]
  .near.bss        zero     0x0006e8     0x4  rtc.o [1]
  .near.bss        zero     0x0006ec     0x4  rtc.o [1]
  .near.bss        zero     0x0006f0     0x2  Globaldata.o [1]
  .near.bss        zero     0x0006f2     0x2  Globaldata.o [1]
  .near.bss        zero     0x0006f4     0x2  Globaldata.o [1]
  .near.bss        zero     0x0006f6     0x2  rtc.o [1]
  .near.bss        zero     0x0006f8     0x1  Globaldata.o [1]
  .near.bss        zero     0x0006f9     0x1  Globaldata.o [1]
  .near.bss        zero     0x0006fa     0x1  Globaldata.o [1]
  .near.bss        zero     0x0006fb     0x1  Globaldata.o [1]
  .near.bss        zero     0x0006fc     0x1  Sys_Timer.o [1]
                          - 0x0006fd   0x6ed

"A2":                                  0x100
  CSTACK                    0x000f00   0x100  <Block>
    CSTACK         uninit   0x000f00   0x100  <Block tail>
                          - 0x001000   0x100

"A3":                                   0x80
  INTVEC                    0x008000    0x80  <Block>
    .intvec        const    0x008000    0x80  interrupt.o [4]
                          - 0x008080    0x80

"P3":                                 0x49de
  .near_func.text  ro code  0x008080   0xb31  BC95.o [1]
  .near_func.text  ro code  0x008bb1   0x7f1  BC95.o [1]
  .near_func.text  ro code  0x0093a2   0x5f9  BC95.o [1]
  .near_func.text  ro code  0x00999b   0x578  BC95.o [1]
  .near_func.text  ro code  0x009f13   0x293  float.o [4]
  .near_func.text  ro code  0x00a1a6   0x192  Sys_Timer.o [1]
  .near_func.text  ro code  0x00a338   0x15b  stm8l15x_itc.o [1]
  .near_func.text  ro code  0x00a493   0x152  stm8l15x_rtc.o [1]
  .near.rodata     const    0x00a5e5   0x14c  Temperature.o [1]
  .near_func.text  ro code  0x00a731   0x11f  stm8l15x_exti.o [1]
  .near_func.text  ro code  0x00a850   0x119  vreg_util.o [4]
  .near_func.text  ro code  0x00a969   0x105  Sys_Timer.o [1]
  .near_func.text  ro code  0x00aa6e    0xd6  uart.o [1]
  .near_func.text  ro code  0x00ab44    0xd3  Save.o [1]
  .near_func.text  ro code  0x00ac17    0xd3  stm8l15x_usart.o [1]
  .near_func.text  ro code  0x00acea    0xca  Temperature.o [1]
  .near.rodata     const    0x00adb4    0xc8  BC95.o [1]
  .near_func.text  ro code  0x00ae7c    0xb9  long.o [4]
  .near_func.text  ro code  0x00af35    0xb7  stm8l15x_rtc.o [1]
  .near_func.text  ro code  0x00afec    0xaf  stm8l15x_gpio.o [1]
  .near_func.text  ro code  0x00b09b    0xae  main.o [1]
  .near_func.text  ro code  0x00b149    0xac  stm8l15x_usart.o [1]
  .near_func.text  ro code  0x00b1f5    0xab  stm8l15x_rtc.o [1]
  .near_func.text  ro code  0x00b2a0    0xa5  mcu_init.o [1]
  .near_func.text  ro code  0x00b345    0xa2  Save.o [1]
  .near_func.text  ro code  0x00b3e7    0x9d  rtc.o [1]
  .near_func.text  ro code  0x00b484    0x99  stm8l15x_clk.o [1]
  .near_func.text  ro code  0x00b51d    0x94  Pulse_Acquire.o [1]
  .near_func.text  ro code  0x00b5b1    0x94  stm8l15x_usart.o [1]
  .near_func.text  ro code  0x00b645    0x93  stm8l15x_clk.o [1]
  .near_func.text  ro code  0x00b6d8    0x8f  uart.o [1]
  .near_func.text  ro code  0x00b767    0x8e  stm8l15x_clk.o [1]
  .near_func.text  ro code  0x00b7f5    0x8a  BC95.o [1]
  .near_func.text  ro code  0x00b87f    0x88  uart.o [1]
  .near.rodata     const    0x00b907    0x80  BC95.o [1]
  .near_func.text  ro code  0x00b987    0x62  long_util.o [4]
  .near_func.text  ro code  0x00b9e9    0x61  mcu_init.o [1]
  .near_func.text  ro code  0x00ba4a    0x5f  Pulse_Acquire.o [1]
  .near_func.text  ro code  0x00baa9    0x5e  rtc.o [1]
  .near_func.text  ro code  0x00bb07    0x5c  stm8l15x_rtc.o [1]
  .near_func.text  ro code  0x00bb63    0x5c  stm8l15x_rtc.o [1]
  .near_func.text  ro code  0x00bbbf    0x56  uart.o [1]
  .near_func.text  ro code  0x00bc15    0x55  stm8l15x_exti.o [1]
  .near_func.text  ro code  0x00bc6a    0x55  stm8l15x_rtc.o [1]
  .near_func.text  ro code  0x00bcbf    0x55  stm8l15x_rtc.o [1]
  .near_func.text  ro code  0x00bd14    0x50  stm8l15x_adc.o [1]
  .near_func.text  ro code  0x00bd64    0x50  Sys_Timer.o [1]
  .near_func.text  ro code  0x00bdb4    0x4e  stm8l15x_adc.o [1]
  .near_func.text  ro code  0x00be02    0x4d  Sys_Timer.o [1]
  .near_func.text  ro code  0x00be4f    0x49  mcu_init.o [1]
  .near_func.text  ro code  0x00be98    0x47  main.o [1]
  .near_func.text  ro code  0x00bedf    0x46  Globaldata.o [1]
  .near_func.text  ro code  0x00bf25    0x45  stm8l15x_rtc.o [1]
  .near_func.text  ro code  0x00bf6a    0x44  strstr.o [4]
  .near.rodata     const    0x00bfae    0x40  BC95.o [1]
  .near_func.text  ro code  0x00bfee    0x3f  stm8l15x_exti.o [1]
  .near_func.text  ro code  0x00c02d    0x3e  stm8l15x_usart.o [1]
  .near_func.text  ro code  0x00c06b    0x3b  stm8l15x_rtc.o [1]
  .near_func.text  ro code  0x00c0a6    0x3a  short.o [4]
  .near_func.text  ro code  0x00c0e0    0x37  stm8l15x_rtc.o [1]
  .near_func.text  ro code  0x00c117    0x36  rtc.o [1]
  .near_func.text  ro code  0x00c14d    0x36  stm8l15x_exti.o [1]
  .near_func.text  ro code  0x00c183    0x32  uart.o [1]
  .near_func.text  ro code  0x00c1b5    0x2f  stm8l15x_adc.o [1]
  .near_func.text  ro code  0x00c1e4    0x2e  BC95.o [1]
  .near_func.text  ro code  0x00c212    0x2d  stm8l15x_rtc.o [1]
  .near_func.text  ro code  0x00c23f    0x2c  stm8l15x_rtc.o [1]
  .near_func.text  ro code  0x00c26b    0x2b  stm8l15x_usart.o [1]
  .near_func.text  ro code  0x00c296    0x2b  stm8l15x_usart.o [1]
  .near_func.text  ro code  0x00c2c1    0x2a  rtc.o [1]
  .near_func.text  ro code  0x00c2eb    0x29  rtc.o [1]
  .near_func.text  ro code  0x00c314    0x28  rtc.o [1]
  .near_func.text  ro code  0x00c33c    0x28  stm8l15x_adc.o [1]
  .near_func.text  ro code  0x00c364    0x25  BC95.o [1]
  .near_func.text  ro code  0x00c389    0x25  Pulse_Acquire.o [1]
  .near_func.text  ro code  0x00c3ae    0x25  memcpy.o [4]
  .near_func.text  ro code  0x00c3d3    0x24  Save.o [1]
  .near_func.text  ro code  0x00c3f7    0x23  Globaldata.o [1]
  .near_func.text  ro code  0x00c41a    0x23  stm8l15x_rtc.o [1]
  .near_func.text  ro code  0x00c43d    0x22  stm8l15x_exti.o [1]
  .iar.init_table  const    0x00c45f     0x8  - Linker created -
  .near_func.text  ro code  0x00c467    0x20  BC95.o [1]
  .near_func.text  ro code  0x00c487    0x20  stm8l15x_rtc.o [1]
  .near.rodata     const    0x00c4a7    0x1f  BC95.o [1]
  .near_func.text  ro code  0x00c4c6    0x1e  BC95.o [1]
  .near_func.text  ro code  0x00c4e4    0x1e  stm8l15x_adc.o [1]
  .near_func.text  ro code  0x00c502    0x1e  char.o [4]
  .near_func.text  ro code  0x00c520    0x1e  init_small.o [4]
  .near_func.text  ro code  0x00c53e    0x1c  stm8l15x_it.o [1]
  .near.rodata     const    0x00c55a    0x1b  BC95.o [1]
  .near_func.text  ro code  0x00c575    0x1b  Globaldata.o [1]
  .near_func.text  ro code  0x00c590    0x1b  stm8l15x_rtc.o [1]
  .near_func.text  ro code  0x00c5ab    0x1a  stm8l15x_clk.o [1]
  .near_func.text  ro code  0x00c5c5    0x1a  dc_util.o [4]
  .near_func.text  ro code  0x00c5df    0x19  stm8l15x_flash.o [1]
  .near_func.text  ro code  0x00c5f8    0x19  stm8l15x_flash.o [1]
  .near_func.text  ro code  0x00c611    0x18  stm8l15x_it.o [1]
  .near_func.text  ro code  0x00c629    0x18  stm8l15x_it.o [1]
  .near_func.text  ro code  0x00c641    0x17  BC95.o [1]
  .near_func.text  ro code  0x00c658    0x17  memset.o [4]
  .near_func.text  ro code  0x00c66f    0x17  init.o [4]
  .near_func.text  ro code  0x00c686    0x16  main.o [1]
  .near_func.text  ro code  0x00c69c    0x16  stm8l15x_it.o [1]
  .near_func.text  ro code  0x00c6b2    0x16  stm8l15x_it.o [1]
  .near_func.text  ro code  0x00c6c8    0x16  stm8l15x_it.o [1]
  .near_func.text  ro code  0x00c6de    0x16  stm8l15x_it.o [1]
  .near_func.text  ro code  0x00c6f4    0x16  stm8l15x_it.o [1]
  .near_func.text  ro code  0x00c70a    0x16  stm8l15x_it.o [1]
  .near_func.text  ro code  0x00c720    0x15  Save.o [1]
  .near_func.text  ro code  0x00c735    0x15  stm8l15x_rtc.o [1]
  .near_func.text  ro code  0x00c74a    0x14  __dbg_xxexit.o [3]
  .near_func.text  ro code  0x00c75e    0x13  BC95.o [1]
  .near_func.text  ro code  0x00c771    0x13  Save.o [1]
  .near_func.text  ro code  0x00c784    0x13  Save.o [1]
  .near_func.text  ro code  0x00c797    0x13  stm8l15x_clk.o [1]
  .near_func.text  ro code  0x00c7aa    0x13  cstartup.o [4]
  .near_func.text  ro code  0x00c7bd    0x11  stm8l15x_adc.o [1]
  .near_func.text  ro code  0x00c7ce    0x10  Save.o [1]
  .near_func.text  ro code  0x00c7de     0xf  Save.o [1]
  .near_func.text  ro code  0x00c7ed     0xe  stm8l15x_adc.o [1]
  .near_func.text  ro code  0x00c7fb     0xe  stm8l15x_clk.o [1]
  .near_func.text  ro code  0x00c809     0xe  stm8l15x_pwr.o [1]
  .near_func.text  ro code  0x00c817     0xe  stm8l15x_pwr.o [1]
  .near_func.text  ro code  0x00c825     0xd  BC95.o [1]
  .near_func.text  ro code  0x00c832     0xd  Save.o [1]
  .near_func.text  ro code  0x00c83f     0xd  Save.o [1]
  .near_func.text  ro code  0x00c84c     0xd  Save.o [1]
  .near_func.text  ro code  0x00c859     0xd  Save.o [1]
  .near_func.text  ro code  0x00c866     0xd  Save.o [1]
  .near_func.text  ro code  0x00c873     0xd  stm8l15x_adc.o [1]
  .near_func.text  ro code  0x00c880     0xd  move.o [4]
  .near.rodata     const    0x00c88d     0xc  BC95.o [1]
  .near.rodata     const    0x00c899     0xc  BC95.o [1]
  .near.rodata     const    0x00c8a5     0xc  BC95.o [1]
  .near.rodata     const    0x00c8b1     0xc  BC95.o [1]
  .near.rodata     const    0x00c8bd     0xc  BC95.o [1]
  .near_func.text  ro code  0x00c8c9     0xc  stm8l15x_rtc.o [1]
  .near.rodata     const    0x00c8d5     0xb  BC95.o [1]
  .near.rodata     const    0x00c8e0     0xb  BC95.o [1]
  .near.rodata     const    0x00c8eb     0xb  BC95.o [1]
  .near.rodata     const    0x00c8f6     0xb  BC95.o [1]
  .near.rodata     const    0x00c901     0xb  BC95.o [1]
  .near.rodata     const    0x00c90c     0xb  BC95.o [1]
  .near.rodata     const    0x00c917     0xb  BC95.o [1]
  .near_func.text  ro code  0x00c922     0xb  stm8l15x_flash.o [1]
  .near_func.text  ro code  0x00c92d     0xb  stm8l15x_flash.o [1]
  .near_func.text  ro code  0x00c938     0xb  abs.o [4]
  .near.rodata     const    0x00c943     0xa  BC95.o [1]
  .near_func.text  ro code  0x00c94d     0xa  mcu_init.o [1]
  .near_func.text  ro code  0x00c957     0xa  stm8l15x_clk.o [1]
  .near.rodata     const    0x00c961     0x9  BC95.o [1]
  .near.rodata     const    0x00c96a     0x9  BC95.o [1]
  .near.rodata     const    0x00c973     0x9  BC95.o [1]
  .near.rodata     const    0x00c97c     0x9  BC95.o [1]
  .near.rodata     const    0x00c985     0x9  BC95.o [1]
  .near_func.text  ro code  0x00c98e     0x9  BC95.o [1]
  .near_func.text  ro code  0x00c997     0x9  stm8l15x_gpio.o [1]
  .near_func.text  ro code  0x00c9a0     0x9  stm8l15x_tim1.o [1]
  .near_func.text  ro code  0x00c9a9     0x9  stm8l15x_tim4.o [1]
  .near.rodata     const    0x00c9b2     0x8  BC95.o [1]
  .near_func.text  ro code  0x00c9ba     0x8  stm8l15x_gpio.o [1]
  .near_func.text  ro code  0x00c9c2     0x8  stm8l15x_usart.o [1]
  .near.rodata     const    0x00c9ca     0x7  BC95.o [1]
  .near_func.text  ro code  0x00c9d1     0x7  stm8l15x_gpio.o [1]
  .near.rodata     const    0x00c9d8     0x6  BC95.o [1]
  .near.rodata     const    0x00c9de     0x6  BC95.o [1]
  .near_func.text  ro code  0x00c9e4     0x6  Save.o [1]
  .near.rodata     const    0x00c9ea     0x5  BC95.o [1]
  .near.rodata     const    0x00c9ef     0x5  BC95.o [1]
  .near.rodata     const    0x00c9f4     0x5  stm8l15x_clk.o [1]
  .near_func.text  ro code  0x00c9f9     0x5  BC95.o [1]
  .near_func.text  ro code  0x00c9fe     0x5  stm8l15x_adc.o [1]
  .near_func.text  ro code  0x00ca03     0x5  stm8l15x_flash.o [1]
  .near_func.text  ro code  0x00ca08     0x5  stm8l15x_iwdg.o [1]
  .near_func.text  ro code  0x00ca0d     0x5  stm8l15x_iwdg.o [1]
  .near_func.text  ro code  0x00ca12     0x5  stm8l15x_usart.o [1]
  .near_func.text  ro code  0x00ca17     0x5  stm8l15x_usart.o [1]
  .near_func.text  ro code  0x00ca1c     0x5  cexit.o [4]
  .near.rodata     const    0x00ca21     0x4  BC95.o [1]
  .near_func.text  ro code  0x00ca25     0x4  stm8l15x_clk.o [1]
  .near_func.text  ro code  0x00ca29     0x4  stm8l15x_clk.o [1]
  .near_func.text  ro code  0x00ca2d     0x4  stm8l15x_iwdg.o [1]
  .near_func.text  ro code  0x00ca31     0x4  stm8l15x_iwdg.o [1]
  .near_func.text  ro code  0x00ca35     0x4  stm8l15x_iwdg.o [1]
  .near.rodata     const    0x00ca39     0x3  BC95.o [1]
  .near_func.text  ro code  0x00ca3c     0x3  interrupt.o [4]
  .near_func.text  ro code  0x00ca3f     0x3  low_level_init.o [4]
  .near_func.text  ro code  0x00ca42     0x3  exit.o [4]
  .near_func.text  ro code  0x00ca45     0x3  unhandled_exception.o [4]
  .near_func.text  ro code  0x00ca48     0x1  stm8l15x_it.o [1]
  .near_func.text  ro code  0x00ca49     0x1  stm8l15x_it.o [1]
  .near_func.text  ro code  0x00ca4a     0x1  stm8l15x_it.o [1]
  .near_func.text  ro code  0x00ca4b     0x1  stm8l15x_it.o [1]
  .near_func.text  ro code  0x00ca4c     0x1  stm8l15x_it.o [1]
  .near_func.text  ro code  0x00ca4d     0x1  stm8l15x_it.o [1]
  .near_func.text  ro code  0x00ca4e     0x1  stm8l15x_it.o [1]
  .near_func.text  ro code  0x00ca4f     0x1  stm8l15x_it.o [1]
  .near_func.text  ro code  0x00ca50     0x1  stm8l15x_it.o [1]
  .near_func.text  ro code  0x00ca51     0x1  stm8l15x_it.o [1]
  .near_func.text  ro code  0x00ca52     0x1  stm8l15x_it.o [1]
  .near_func.text  ro code  0x00ca53     0x1  stm8l15x_it.o [1]
  .near_func.text  ro code  0x00ca54     0x1  stm8l15x_it.o [1]
  .near_func.text  ro code  0x00ca55     0x1  stm8l15x_it.o [1]
  .near_func.text  ro code  0x00ca56     0x1  stm8l15x_it.o [1]
  .near_func.text  ro code  0x00ca57     0x1  stm8l15x_it.o [1]
  .near_func.text  ro code  0x00ca58     0x1  stm8l15x_it.o [1]
  .near_func.text  ro code  0x00ca59     0x1  stm8l15x_it.o [1]
  .near_func.text  ro code  0x00ca5a     0x1  stm8l15x_it.o [1]
  .near_func.text  ro code  0x00ca5b     0x1  stm8l15x_it.o [1]
  .near_func.text  ro code  0x00ca5c     0x1  stm8l15x_it.o [1]
  .near_func.text  ro code  0x00ca5d     0x1  __dbg_break.o [3]
                          - 0x00ca5e  0x49de


*******************************************************************************
*** INIT TABLE
***

          Address   Size
          -------   ----
Zero (__iar_zero_init2)
    1 destination range, total size 0x6ed:
          0x000010  0x6ed



*******************************************************************************
*** MODULE SUMMARY
***

    Module                 ro code  ro data  rw data
    ------                 -------  -------  -------
F:\0中科君达\0项目\NB水表\软件\NB-IOT程序V1.0\project\Debug\Obj: [1]
    BC95.o                   8 179      686      711
    Globaldata.o               132                21
    Pulse_Acquire.o            280                 5
    Save.o                     570
    Sys_Timer.o                820               161
    Temperature.o              202      332
    main.o                     267
    mcu_init.o                 345
    rtc.o                      428                17
    stm8l15x_adc.o             324
    stm8l15x_clk.o             519        5
    stm8l15x_exti.o            523
    stm8l15x_flash.o            77
    stm8l15x_gpio.o            199
    stm8l15x_it.o              229
    stm8l15x_itc.o             347
    stm8l15x_iwdg.o             22
    stm8l15x_pwr.o              28
    stm8l15x_rtc.o           1 445
    stm8l15x_tim1.o              9
    stm8l15x_tim4.o              9
    stm8l15x_usart.o           697
    uart.o                     629               858
    ------------------------------------------------
    Total:                  16 280    1 023    1 773

command line: [2]
    ------------------------------------------------
    Total:

dbgstm8smd.a: [3]
    __dbg_break.o                1
    __dbg_xxexit.o              20
    ------------------------------------------------
    Total:                      21

dlstm8smn.a: [4]
    abs.o                       11
    cexit.o                      5
    char.o                      30
    cstartup.o                  19
    dc_util.o                   26
    exit.o                       3
    float.o                    659
    init.o                      23
    init_small.o                30
    interrupt.o                  3      128
    long.o                     185
    long_util.o                 98
    low_level_init.o             3
    memcpy.o                    37
    memset.o                    23
    move.o                      13
    short.o                     58
    strstr.o                    68
    unhandled_exception.o        3
    vreg_util.o                281
    vregs.o                                       16
    ------------------------------------------------
    Total:                   1 578      128       16

    Linker created                        8      256
----------------------------------------------------
    Grand Total:            17 879    1 159    2 045


*******************************************************************************
*** ENTRY LIST
***

Entry                    Address   Size  Type      Object
-----                    -------   ----  ----      ------
.iar.init_table$$Base   0x00c45f          --   Gb  - Linker created -
.iar.init_table$$Limit  0x00c467          --   Gb  - Linker created -
?b0                     0x000000         Data  Gb  vregs.o [4]
?b1                     0x000001         Data  Gb  vregs.o [4]
?b10                    0x00000a         Data  Gb  vregs.o [4]
?b11                    0x00000b         Data  Gb  vregs.o [4]
?b12                    0x00000c         Data  Gb  vregs.o [4]
?b13                    0x00000d         Data  Gb  vregs.o [4]
?b14                    0x00000e         Data  Gb  vregs.o [4]
?b15                    0x00000f         Data  Gb  vregs.o [4]
?b2                     0x000002         Data  Gb  vregs.o [4]
?b3                     0x000003         Data  Gb  vregs.o [4]
?b4                     0x000004         Data  Gb  vregs.o [4]
?b5                     0x000005         Data  Gb  vregs.o [4]
?b6                     0x000006         Data  Gb  vregs.o [4]
?b7                     0x000007         Data  Gb  vregs.o [4]
?b8                     0x000008         Data  Gb  vregs.o [4]
?b9                     0x000009         Data  Gb  vregs.o [4]
?dc32_l0                0x00c5c5         Code  Gb  dc_util.o [4]
?dc32_l1                0x00c5d2         Code  Gb  dc_util.o [4]
?e0                     0x000001         Data  Gb  vregs.o [4]
?e1                     0x000005         Data  Gb  vregs.o [4]
?e2                     0x000009         Data  Gb  vregs.o [4]
?e3                     0x00000d         Data  Gb  vregs.o [4]
?epilogue_l2            0x00a8f7         Code  Gb  vreg_util.o [4]
?epilogue_l2_l3         0x00a8f4         Code  Gb  vreg_util.o [4]
?epilogue_l2_w6         0x00a8fb         Code  Gb  vreg_util.o [4]
?epilogue_w4            0x00a902         Code  Gb  vreg_util.o [4]
?fcastf32u16_l0_x       0x00a066         Code  Gb  float.o [4]
?fcasts16f32_x_l0       0x00a084         Code  Gb  float.o [4]
?fdiv32_l0_dc32_l1      0x009fb3         Code  Gb  float.o [4]
?fdiv32_l0_l0_l1        0x009fb8         Code  Gb  float.o [4]
?fmul32_l0_l0_dc32      0x009f13         Code  Gb  float.o [4]
?fmul32_l0_l0_l1        0x009f18         Code  Gb  float.o [4]
?inc32_0x_0x            0x00ae86         Code  Gb  long.o [4]
?inc32_l0_l0            0x00ae7c         Code  Gb  long.o [4]
?inc32_l1_l1            0x00ae81         Code  Gb  long.o [4]
?l0                     0x000000         Data  Gb  vregs.o [4]
?l1                     0x000004         Data  Gb  vregs.o [4]
?l2                     0x000008         Data  Gb  vregs.o [4]
?l3                     0x00000c         Data  Gb  vregs.o [4]
?load32_0x_l0           0x00b9bf         Code  Gb  long_util.o [4]
?load32_0x_l1           0x00b9cd         Code  Gb  long_util.o [4]
?load32_0x_l2           0x00b9db         Code  Gb  long_util.o [4]
?load32_l0_0x           0x00b997         Code  Gb  long_util.o [4]
?load32_l0_asp          0x00b98c         Code  Gb  long_util.o [4]
?load32_l0_dbsp         0x00b987         Code  Gb  long_util.o [4]
?load32_l0_xsp          0x00b98e         Code  Gb  long_util.o [4]
?load32_l1_0x           0x00b9b3         Code  Gb  long_util.o [4]
?load32_l1_asp          0x00b9a8         Code  Gb  long_util.o [4]
?load32_l1_dbsp         0x00b9a3         Code  Gb  long_util.o [4]
?load32_l1_xsp          0x00b9aa         Code  Gb  long_util.o [4]
?mov_e0_e1              0x00a91e         Code  Gb  vreg_util.o [4]
?mov_e0_e2              0x00a92b         Code  Gb  vreg_util.o [4]
?mov_e0_e3              0x00a938         Code  Gb  vreg_util.o [4]
?mov_e1_e0              0x00a945         Code  Gb  vreg_util.o [4]
?mov_e2_e0              0x00a952         Code  Gb  vreg_util.o [4]
?mov_e3_e0              0x00a95f         Code  Gb  vreg_util.o [4]
?mov_l0_l1              0x00a91b         Code  Gb  vreg_util.o [4]
?mov_l0_l2              0x00a928         Code  Gb  vreg_util.o [4]
?mov_l0_l3              0x00a935         Code  Gb  vreg_util.o [4]
?mov_l1_l0              0x00a942         Code  Gb  vreg_util.o [4]
?mov_l2_l0              0x00a94f         Code  Gb  vreg_util.o [4]
?mov_l3_l0              0x00a95c         Code  Gb  vreg_util.o [4]
?mov_w0_w1              0x00a906         Code  Gb  vreg_util.o [4]
?mov_w1_w3              0x00a921         Code  Gb  vreg_util.o [4]
?mov_w1_w5              0x00a92e         Code  Gb  vreg_util.o [4]
?mov_w1_w6              0x00a90d         Code  Gb  vreg_util.o [4]
?mov_w1_w7              0x00a93b         Code  Gb  vreg_util.o [4]
?mov_w2_w1              0x00a914         Code  Gb  vreg_util.o [4]
?mov_w3_w1              0x00a948         Code  Gb  vreg_util.o [4]
?mov_w5_w1              0x00a955         Code  Gb  vreg_util.o [4]
?mov_w7_w1              0x00a962         Code  Gb  vreg_util.o [4]
?move1616_v_x_y_a       0x00c880         Code  Gb  move.o [4]
?mul16_x_x_w0           0x00c0a6         Code  Gb  short.o [4]
?pop_l0                 0x00a8c0         Code  Gb  vreg_util.o [4]
?pop_l1                 0x00a8cb         Code  Gb  vreg_util.o [4]
?pop_l2                 0x00a8d6         Code  Gb  vreg_util.o [4]
?pop_l3                 0x00a8e1         Code  Gb  vreg_util.o [4]
?pop_w4                 0x00a872         Code  Gb  vreg_util.o [4]
?pop_w6                 0x00a879         Code  Gb  vreg_util.o [4]
?pop_w7                 0x00a880         Code  Gb  vreg_util.o [4]
?push_l0                0x00a88f         Code  Gb  vreg_util.o [4]
?push_l1                0x00a894         Code  Gb  vreg_util.o [4]
?push_l2                0x00a899         Code  Gb  vreg_util.o [4]
?push_l3                0x00a89e         Code  Gb  vreg_util.o [4]
?push_w4                0x00a850         Code  Gb  vreg_util.o [4]
?push_w6                0x00a855         Code  Gb  vreg_util.o [4]
?push_w7                0x00a85a         Code  Gb  vreg_util.o [4]
?sext16_x_a             0x00c0d9         Code  Gb  short.o [4]
?sll16_x_x_a            0x00c0c4         Code  Gb  short.o [4]
?sll8_a_a_5             0x00c516         Code  Gb  char.o [4]
?smod8_a_b0_a           0x00c502         Code  Gb  char.o [4]
?srl16_x_x_10           0x00c0ce         Code  Gb  short.o [4]
?srl16_x_x_11           0x00c0cd         Code  Gb  short.o [4]
?srl16_x_x_12           0x00c0cc         Code  Gb  short.o [4]
?srl16_x_x_4            0x00c0d4         Code  Gb  short.o [4]
?srl16_x_x_5            0x00c0d3         Code  Gb  short.o [4]
?srl16_x_x_6            0x00c0d2         Code  Gb  short.o [4]
?srl16_x_x_7            0x00c0d1         Code  Gb  short.o [4]
?srl16_x_x_8            0x00c0d0         Code  Gb  short.o [4]
?srl16_x_x_9            0x00c0cf         Code  Gb  short.o [4]
?srl32_0x_0x_a          0x00af27         Code  Gb  long.o [4]
?srl32_l0_l0_a          0x00af24         Code  Gb  long.o [4]
?srl8_a_a_5             0x00c51b         Code  Gb  char.o [4]
?ucmp32_c_l0_0x         0x00af09         Code  Gb  long.o [4]
?ucmp32_c_l0_l1         0x00af19         Code  Gb  long.o [4]
?udiv32_l0_l0_dl        0x00ae99         Code  Gb  long.o [4]
?udiv32_l0_l0_l1        0x00ae9c         Code  Gb  long.o [4]
?umod32_l1_l0_dl        0x00ae94         Code  Gb  long.o [4]
?umod32_l1_l0_l1        0x00ae9c         Code  Gb  long.o [4]
?w0                     0x000000         Data  Gb  vregs.o [4]
?w1                     0x000002         Data  Gb  vregs.o [4]
?w2                     0x000004         Data  Gb  vregs.o [4]
?w3                     0x000006         Data  Gb  vregs.o [4]
?w4                     0x000008         Data  Gb  vregs.o [4]
?w5                     0x00000a         Data  Gb  vregs.o [4]
?w6                     0x00000c         Data  Gb  vregs.o [4]
?w7                     0x00000e         Data  Gb  vregs.o [4]
ACK                     0x00b7f5   0x8a  Code  Gb  BC95.o [1]
ADC1_COMP_IRQHandler    0x00ca57    0x1  Code  Gb  stm8l15x_it.o [1]
ADC_ChannelCmd          0x00bdb4   0x4e  Code  Gb  stm8l15x_adc.o [1]
ADC_ClearFlag           0x00c873    0xd  Code  Gb  stm8l15x_adc.o [1]
ADC_Cmd                 0x00c7bd   0x11  Code  Gb  stm8l15x_adc.o [1]
ADC_GetConversionValue  0x00c33c   0x28  Code  Gb  stm8l15x_adc.o [1]
ADC_GetFlagStatus       0x00c4e4   0x1e  Code  Gb  stm8l15x_adc.o [1]
ADC_Init                0x00c1b5   0x2f  Code  Gb  stm8l15x_adc.o [1]
ADC_SamplingTimeConfig  0x00bd14   0x50  Code  Gb  stm8l15x_adc.o [1]
ADC_SoftwareStartConv   0x00c9fe    0x5  Code  Gb  stm8l15x_adc.o [1]
ADC_VrefintCmd          0x00c7ed    0xe  Code  Gb  stm8l15x_adc.o [1]
ASCLL_to_Int            0x00bedf   0x46  Code  Gb  Globaldata.o [1]
Alarm_Interrupt         0x00c314   0x28  Code  Gb  rtc.o [1]
BAT_Alarm_Vol           0x0006f2    0x2  Data  Gb  Globaldata.o [1]
BAT_Vol                 0x0006f0    0x2  Data  Gb  Globaldata.o [1]
BC95                    0x0002e1  0x2c7  Data  Gb  BC95.o [1]
BC95_Data_Send          0x00c467   0x20  Code  Gb  BC95.o [1]
BC95_Delay_CallBalk     0x00c9f9    0x5  Code  Gb  BC95.o [1]
BC95_Power_Off          0x00c98e    0x9  Code  Gb  BC95.o [1]
BC95_Power_On           0x00c1e4   0x2e  Code  Gb  BC95.o [1]
BC95_Process            0x0093a2  0x5f9  Code  Gb  BC95.o [1]
BC95_Reset              0x00c4c6   0x1e  Code  Gb  BC95.o [1]
BC95_Start              0x00c825    0xd  Code  Gb  BC95.o [1]
BC95_Start_Timeout_CallBalk
                        0x00c364   0x25  Code  Gb  BC95.o [1]
BCD_to_Int              0x00c3f7   0x23  Code  Gb  Globaldata.o [1]
Bcd2ToByte              0x00c590   0x1b  Code  Lc  stm8l15x_rtc.o [1]
ByteToBcd2              0x00c487   0x20  Code  Lc  stm8l15x_rtc.o [1]
CLK_GetClockFreq        0x00b645   0x93  Code  Gb  stm8l15x_clk.o [1]
CLK_GetFlagStatus       0x00b484   0x99  Code  Gb  stm8l15x_clk.o [1]
CLK_HSICmd              0x00c7fb    0xe  Code  Gb  stm8l15x_clk.o [1]
CLK_HaltConfig          0x00c5ab   0x1a  Code  Gb  stm8l15x_clk.o [1]
CLK_LSEConfig           0x00c797   0x13  Code  Gb  stm8l15x_clk.o [1]
CLK_PeripheralClockConfig
                        0x00b767   0x8e  Code  Gb  stm8l15x_clk.o [1]
CLK_RTCClockConfig      0x00c957    0xa  Code  Gb  stm8l15x_clk.o [1]
CLK_SYSCLKDivConfig     0x00ca29    0x4  Code  Gb  stm8l15x_clk.o [1]
CLK_SYSCLKSourceConfig  0x00ca25    0x4  Code  Gb  stm8l15x_clk.o [1]
CSTACK$$Base            0x000f00          --   Gb  - Linker created -
CSTACK$$Limit           0x001000          --   Gb  - Linker created -
Cal                     0x0006df    0x5  Data  Gb  Pulse_Acquire.o [1]
Create_Timer            0x00a969  0x105  Code  Gb  Sys_Timer.o [1]
DMA1_CHANNEL0_1_IRQHandler
                        0x00ca4a    0x1  Code  Gb  stm8l15x_it.o [1]
DMA1_CHANNEL2_3_IRQHandler
                        0x00ca4b    0x1  Code  Gb  stm8l15x_it.o [1]
Delete_Timer            0x00bd64   0x50  Code  Gb  Sys_Timer.o [1]
Device_Status           0x0006f8    0x1  Data  Gb  Globaldata.o [1]
EXTI0_IRQHandler        0x00c6b2   0x16  Code  Gb  stm8l15x_it.o [1]
EXTI1_IRQHandler        0x00ca4e    0x1  Code  Gb  stm8l15x_it.o [1]
EXTI2_IRQHandler        0x00ca4f    0x1  Code  Gb  stm8l15x_it.o [1]
EXTI3_IRQHandler        0x00ca50    0x1  Code  Gb  stm8l15x_it.o [1]
EXTI4_IRQHandler        0x00ca51    0x1  Code  Gb  stm8l15x_it.o [1]
EXTI5_IRQHandler        0x00ca52    0x1  Code  Gb  stm8l15x_it.o [1]
EXTI6_IRQHandler        0x00ca53    0x1  Code  Gb  stm8l15x_it.o [1]
EXTI7_IRQHandler        0x00ca54    0x1  Code  Gb  stm8l15x_it.o [1]
EXTIB_G_IRQHandler      0x00ca4d    0x1  Code  Gb  stm8l15x_it.o [1]
EXTID_H_IRQHandler      0x00c69c   0x16  Code  Gb  stm8l15x_it.o [1]
EXTIE_F_PVD_IRQHandler  0x00ca4c    0x1  Code  Gb  stm8l15x_it.o [1]
EXTI_ClearITPendingBit  0x00c43d   0x22  Code  Gb  stm8l15x_exti.o [1]
EXTI_SelectPort         0x00c14d   0x36  Code  Gb  stm8l15x_exti.o [1]
EXTI_SetHalfPortSelection
                        0x00bfee   0x3f  Code  Gb  stm8l15x_exti.o [1]
EXTI_SetPinSensitivity  0x00a731  0x11f  Code  Gb  stm8l15x_exti.o [1]
EXTI_SetPortSensitivity
                        0x00bc15   0x55  Code  Gb  stm8l15x_exti.o [1]
Exti0_Interrupt         0x00c389   0x25  Code  Gb  Pulse_Acquire.o [1]
ExtiD_Interrupt         0x00b51d   0x94  Code  Gb  Pulse_Acquire.o [1]
FLASH_GetFlagStatus     0x00c5f8   0x19  Code  Gb  stm8l15x_flash.o [1]
FLASH_IRQHandler        0x00ca49    0x1  Code  Gb  stm8l15x_it.o [1]
FLASH_Lock              0x00c922    0xb  Code  Gb  stm8l15x_flash.o [1]
FLASH_ProgramByte       0x00c92d    0xb  Code  Gb  stm8l15x_flash.o [1]
FLASH_ReadByte          0x00ca03    0x5  Code  Gb  stm8l15x_flash.o [1]
FLASH_Unlock            0x00c5df   0x19  Code  Gb  stm8l15x_flash.o [1]
GPIO_Configuration      0x00be4f   0x49  Code  Gb  mcu_init.o [1]
GPIO_Init               0x00afec   0xaf  Code  Gb  stm8l15x_gpio.o [1]
GPIO_ReadInputDataBit   0x00c997    0x9  Code  Gb  stm8l15x_gpio.o [1]
GPIO_ResetBits          0x00c9ba    0x8  Code  Gb  stm8l15x_gpio.o [1]
GPIO_SetBits            0x00c9d1    0x7  Code  Gb  stm8l15x_gpio.o [1]
Gather_Cycle_counter    0x0006fb    0x1  Data  Gb  Globaldata.o [1]
I2C1_SPI2_IRQHandler    0x00ca5c    0x1  Code  Gb  stm8l15x_it.o [1]
INTVEC$$Base            0x008000          --   Gb  - Linker created -
INTVEC$$Limit           0x008080          --   Gb  - Linker created -
ITC_SetSoftwarePriority
                        0x00a338  0x15b  Code  Gb  stm8l15x_itc.o [1]
IWDG_Enable             0x00ca0d    0x5  Code  Gb  stm8l15x_iwdg.o [1]
IWDG_INIT               0x00c686   0x16  Code  Gb  main.o [1]
IWDG_ReloadCounter      0x00ca08    0x5  Code  Gb  stm8l15x_iwdg.o [1]
IWDG_SetPrescaler       0x00ca31    0x4  Code  Gb  stm8l15x_iwdg.o [1]
IWDG_SetReload          0x00ca35    0x4  Code  Gb  stm8l15x_iwdg.o [1]
IWDG_WriteAccessCmd     0x00ca2d    0x4  Code  Gb  stm8l15x_iwdg.o [1]
Int_to_ASCLL            0x00c575   0x1b  Code  Gb  Globaldata.o [1]
LCD_AES_IRQHandler      0x00ca55    0x1  Code  Gb  stm8l15x_it.o [1]
Last_Vol                0x0006f6    0x2  Data  Gb  rtc.o [1]
Meter_Number            0x0006d1    0x7  Data  Gb  Globaldata.o [1]
PWR_FastWakeUpCmd       0x00c809    0xe  Code  Gb  stm8l15x_pwr.o [1]
PWR_UltraLowPowerCmd    0x00c817    0xe  Code  Gb  stm8l15x_pwr.o [1]
Pulse_Acquire_Config    0x00ba4a   0x5f  Code  Gb  Pulse_Acquire.o [1]
RCC_Configuration       0x00c94d    0xa  Code  Gb  mcu_init.o [1]
RTC_AlarmCmd            0x00bcbf   0x55  Code  Gb  stm8l15x_rtc.o [1]
RTC_AlarmStr            0x0006d8    0x7  Data  Gb  rtc.o [1]
RTC_CSSLSE_IRQHandler   0x00c53e   0x1c  Code  Gb  stm8l15x_it.o [1]
RTC_ClearITPendingBit   0x00c8c9    0xc  Code  Gb  stm8l15x_rtc.o [1]
RTC_DateStr             0x0006ec    0x4  Data  Gb  rtc.o [1]
RTC_EnterInitMode       0x00c23f   0x2c  Code  Gb  stm8l15x_rtc.o [1]
RTC_GetDate             0x00bb63   0x5c  Code  Gb  stm8l15x_rtc.o [1]
RTC_GetITStatus         0x00c212   0x2d  Code  Gb  stm8l15x_rtc.o [1]
RTC_GetTime             0x00bc6a   0x55  Code  Gb  stm8l15x_rtc.o [1]
RTC_ITConfig            0x00c06b   0x3b  Code  Gb  stm8l15x_rtc.o [1]
RTC_Init                0x00bb07   0x5c  Code  Gb  stm8l15x_rtc.o [1]
RTC_SetAlarm            0x00a493  0x152  Code  Gb  stm8l15x_rtc.o [1]
RTC_SetDate             0x00af35   0xb7  Code  Gb  stm8l15x_rtc.o [1]
RTC_SetTime             0x00b1f5   0xab  Code  Gb  stm8l15x_rtc.o [1]
RTC_SetWakeUpCounter    0x00c735   0x15  Code  Gb  stm8l15x_rtc.o [1]
RTC_TimeStr             0x0006e8    0x4  Data  Gb  rtc.o [1]
RTC_WaitForSynchro      0x00c0e0   0x37  Code  Gb  stm8l15x_rtc.o [1]
RTC_WakeUpClockConfig   0x00c41a   0x23  Code  Gb  stm8l15x_rtc.o [1]
RTC_WakeUpCmd           0x00bf25   0x45  Code  Gb  stm8l15x_rtc.o [1]
Read_ACUM_Flow          0x00c7de    0xf  Code  Gb  Save.o [1]
Read_BAT_Alarm_Value    0x00c771   0x13  Code  Gb  Save.o [1]
Read_BC95_ErrorRecord   0x00c9e4    0x6  Code  Gb  Save.o [1]
Read_Meter_Number       0x00c3d3   0x24  Code  Gb  Save.o [1]
Read_Report_Cycle       0x00c784   0x13  Code  Gb  Save.o [1]
Read_Settle_Date        0x00c7ce   0x10  Code  Gb  Save.o [1]
Read_Temp               0x00acea   0xca  Code  Gb  Temperature.o [1]
Read_Voltage            0x00b2a0   0xa5  Code  Gb  mcu_init.o [1]
Recv_Data_Process       0x00999b  0x578  Code  Gb  BC95.o [1]
Region$$Table$$Base     0x00c45f          --   Gb  - Linker created -
Region$$Table$$Limit    0x00c467          --   Gb  - Linker created -
Report_All_Parameters   0x008080  0xb31  Code  Gb  BC95.o [1]
Report_Cycle            0x0006f4    0x2  Data  Gb  Globaldata.o [1]
Report_Cycle_counter    0x0006e4    0x4  Data  Gb  Globaldata.o [1]
Report_HC_Flow          0x008bb1  0x7f1  Code  Gb  BC95.o [1]
Rtc_Config              0x00baa9   0x5e  Code  Gb  rtc.o [1]
SPI1_IRQHandler         0x00ca59    0x1  Code  Gb  stm8l15x_it.o [1]
SWITCH_CSS_BREAK_DAC_IRQHandler
                        0x00ca56    0x1  Code  Gb  stm8l15x_it.o [1]
SYSDivFactor            0x00c9f4    0x5  Data  Gb  stm8l15x_clk.o [1]
Save_Add_Flow           0x00c720   0x15  Code  Gb  Save.o [1]
Save_BAT_Alarm_Value    0x00c832    0xd  Code  Gb  Save.o [1]
Save_BC95_ErrorRecord   0x00c866    0xd  Code  Gb  Save.o [1]
Save_Meter_Number       0x00c859    0xd  Code  Gb  Save.o [1]
Save_Report_Cycle       0x00c84c    0xd  Code  Gb  Save.o [1]
Save_SDCF_Flow          0x00ab44   0xd3  Code  Gb  Save.o [1]
Save_Settle_Date        0x00c83f    0xd  Code  Gb  Save.o [1]
Send_Data_Process       0x00c641   0x17  Code  Gb  BC95.o [1]
Set_Alarm               0x00c117   0x36  Code  Gb  rtc.o [1]
Settle_Date             0x0006fa    0x1  Data  Gb  Globaldata.o [1]
Sleep                   0x00b09b   0xae  Code  Gb  main.o [1]
SysTick_Handler         0x00a1a6  0x192  Code  Gb  Sys_Timer.o [1]
Sys_Timer               0x0005a8   0xa0  Data  Lc  Sys_Timer.o [1]
Sys_Timer_Process       0x00be02   0x4d  Code  Gb  Sys_Timer.o [1]
TIM1_CC_IRQHandler      0x00ca58    0x1  Code  Gb  stm8l15x_it.o [1]
TIM1_ClearITPendingBit  0x00c9a0    0x9  Code  Gb  stm8l15x_tim1.o [1]
TIM1_UPD_OVF_TRG_COM_IRQHandler
                        0x00c611   0x18  Code  Gb  stm8l15x_it.o [1]
TIM2_CC_USART2_RX_IRQHandler
                        0x00c6de   0x16  Code  Gb  stm8l15x_it.o [1]
TIM2_UPD_OVF_TRG_BRK_USART2_TX_IRQHandler
                        0x00c6c8   0x16  Code  Gb  stm8l15x_it.o [1]
TIM3_CC_USART3_RX_IRQHandler
                        0x00c70a   0x16  Code  Gb  stm8l15x_it.o [1]
TIM3_UPD_OVF_TRG_BRK_USART3_TX_IRQHandler
                        0x00c6f4   0x16  Code  Gb  stm8l15x_it.o [1]
TIM4_ClearITPendingBit  0x00c9a9    0x9  Code  Gb  stm8l15x_tim4.o [1]
TIM4_UPD_OVF_TRG_IRQHandler
                        0x00c629   0x18  Code  Gb  stm8l15x_it.o [1]
TRAP_IRQHandler         0x00ca48    0x1  Code  Gb  stm8l15x_it.o [1]
Temp                    0x0006f9    0x1  Data  Gb  Globaldata.o [1]
Temp_Table              0x00a5e5  0x14c  Data  Gb  Temperature.o [1]
USART1_RX_TIM5_CC_IRQHandler
                        0x00ca5b    0x1  Code  Gb  stm8l15x_it.o [1]
USART1_TX_TIM5_UPD_OVF_TRG_BRK_IRQHandler
                        0x00ca5a    0x1  Code  Gb  stm8l15x_it.o [1]
USART2_Configuration    0x00b9e9   0x61  Code  Gb  mcu_init.o [1]
USART2_IRQHandler       0x00b6d8   0x8f  Code  Gb  uart.o [1]
USART2_TX_IRQHandler    0x00bbbf   0x56  Code  Gb  uart.o [1]
USART3_IRQHandler       0x00aa6e   0xd6  Code  Gb  uart.o [1]
USART_ClearITPendingBit
                        0x00ca17    0x5  Code  Gb  stm8l15x_usart.o [1]
USART_Cmd               0x00c26b   0x2b  Code  Gb  stm8l15x_usart.o [1]
USART_DeInit            0x00c02d   0x3e  Code  Gb  stm8l15x_usart.o [1]
USART_GetITStatus       0x00b149   0xac  Code  Gb  stm8l15x_usart.o [1]
USART_ITConfig          0x00b5b1   0x94  Code  Gb  stm8l15x_usart.o [1]
USART_Init              0x00ac17   0xd3  Code  Gb  stm8l15x_usart.o [1]
USART_ReceiveData8      0x00ca12    0x5  Code  Gb  stm8l15x_usart.o [1]
USART_SendData8         0x00c9c2    0x8  Code  Gb  stm8l15x_usart.o [1]
USART_SendData9         0x00c296   0x2b  Code  Gb  stm8l15x_usart.o [1]
Uart2                   0x000010  0x2d1  Data  Gb  uart.o [1]
Uart2_Receive           0x00c183   0x32  Code  Gb  uart.o [1]
Uart2_Send              0x00b87f   0x88  Code  Gb  uart.o [1]
Uart3                   0x000648   0x89  Data  Gb  uart.o [1]
Wake_Interrupt          0x00b3e7   0x9d  Code  Gb  rtc.o [1]
WriteRom                0x00b345   0xa2  Code  Gb  Save.o [1]
__DebugBreak            0x00ca5d    0x1  Code  Gb  __dbg_break.o [3]
__exit                  0x00c74a   0x14  Code  Gb  __dbg_xxexit.o [3]
__iar_Strstr            0x00bf6a   0x44  Code  Gb  strstr.o [4]
__iar_data_init2        0x00c66f   0x17  Code  Gb  init.o [4]
__iar_program_start     0x00c7aa         Code  Gb  cstartup.o [4]
__iar_unhandled_exception
                        0x00ca45         Code  Gb  unhandled_exception.o [4]
__iar_zero_init2        0x00c520         Code  Gb  init_small.o [4]
__intvec                0x008000         Data  Gb  interrupt.o [4]
__low_level_init        0x00ca3f    0x3  Code  Gb  low_level_init.o [4]
_exit                   0x00ca1c         Code  Gb  cexit.o [4]
_interrupt_1            0x00ca48         Code  Gb  stm8l15x_it.o [1]
_interrupt_10           0x00c6b2         Code  Gb  stm8l15x_it.o [1]
_interrupt_11           0x00ca4e         Code  Gb  stm8l15x_it.o [1]
_interrupt_12           0x00ca4f         Code  Gb  stm8l15x_it.o [1]
_interrupt_13           0x00ca50         Code  Gb  stm8l15x_it.o [1]
_interrupt_14           0x00ca51         Code  Gb  stm8l15x_it.o [1]
_interrupt_15           0x00ca52         Code  Gb  stm8l15x_it.o [1]
_interrupt_16           0x00ca53         Code  Gb  stm8l15x_it.o [1]
_interrupt_17           0x00ca54         Code  Gb  stm8l15x_it.o [1]
_interrupt_18           0x00ca55         Code  Gb  stm8l15x_it.o [1]
_interrupt_19           0x00ca56         Code  Gb  stm8l15x_it.o [1]
_interrupt_20           0x00ca57         Code  Gb  stm8l15x_it.o [1]
_interrupt_21           0x00c6c8         Code  Gb  stm8l15x_it.o [1]
_interrupt_22           0x00c6de         Code  Gb  stm8l15x_it.o [1]
_interrupt_23           0x00c6f4         Code  Gb  stm8l15x_it.o [1]
_interrupt_24           0x00c70a         Code  Gb  stm8l15x_it.o [1]
_interrupt_25           0x00c611         Code  Gb  stm8l15x_it.o [1]
_interrupt_26           0x00ca58         Code  Gb  stm8l15x_it.o [1]
_interrupt_27           0x00c629         Code  Gb  stm8l15x_it.o [1]
_interrupt_28           0x00ca59         Code  Gb  stm8l15x_it.o [1]
_interrupt_29           0x00ca5a         Code  Gb  stm8l15x_it.o [1]
_interrupt_3            0x00ca49         Code  Gb  stm8l15x_it.o [1]
_interrupt_30           0x00ca5b         Code  Gb  stm8l15x_it.o [1]
_interrupt_31           0x00ca5c         Code  Gb  stm8l15x_it.o [1]
_interrupt_4            0x00ca4a         Code  Gb  stm8l15x_it.o [1]
_interrupt_5            0x00ca4b         Code  Gb  stm8l15x_it.o [1]
_interrupt_6            0x00c53e         Code  Gb  stm8l15x_it.o [1]
_interrupt_7            0x00ca4c         Code  Gb  stm8l15x_it.o [1]
_interrupt_8            0x00ca4d         Code  Gb  stm8l15x_it.o [1]
_interrupt_9            0x00c69c         Code  Gb  stm8l15x_it.o [1]
abs                     0x00c938    0xb  Code  Gb  abs.o [4]
delay_ms                0x00c2eb   0x29  Code  Gb  rtc.o [1]
exit                    0x00ca42    0x3  Code  Gb  exit.o [4]
main                    0x00be98   0x47  Code  Gb  main.o [1]
memcpy                  0x00c3ae   0x25  Code  Gb  memcpy.o [4]
memset                  0x00c658   0x17  Code  Gb  memset.o [4]
rtc_interrupt           0x00c2c1   0x2a  Code  Gb  rtc.o [1]
strstr                  0x00c75e   0x13  Code  Gb  BC95.o [1]


[1] = F:\0中科君达\0项目\NB水表\软件\NB-IOT程序V1.0\project\Debug\Obj
[2] = command line
[3] = dbgstm8smd.a
[4] = dlstm8smn.a

  17 879 bytes of readonly  code memory
   1 159 bytes of readonly  data memory
   2 045 bytes of readwrite data memory

Errors: none
Warnings: none
