###############################################################################
#
# IAR ELF Linker V2.20.1.176 for STM8                     24/May/2018  09:36:58
# Copyright 2010-2015 IAR Systems AB.
#
#    Output file  =  
#        F:\中科君达\NB水表\软件\NB-IOT程序V1.0\project\Debug\Exe\project.out
#    Map file     =  
#        F:\中科君达\NB水表\软件\NB-IOT程序V1.0\project\Debug\List\project.map
#    Command line =  
#        F:\中科君达\NB水表\软件\NB-IOT程序V1.0\project\Debug\Obj\BC95.o
#        F:\中科君达\NB水表\软件\NB-IOT程序V1.0\project\Debug\Obj\CJT-188-2004.o
#        F:\中科君达\NB水表\软件\NB-IOT程序V1.0\project\Debug\Obj\Globaldata.o
#        F:\中科君达\NB水表\软件\NB-IOT程序V1.0\project\Debug\Obj\main.o
#        F:\中科君达\NB水表\软件\NB-IOT程序V1.0\project\Debug\Obj\mcu_init.o
#        F:\中科君达\NB水表\软件\NB-IOT程序V1.0\project\Debug\Obj\protocol.o
#        F:\中科君达\NB水表\软件\NB-IOT程序V1.0\project\Debug\Obj\Pulse_Acquire.o
#        F:\中科君达\NB水表\软件\NB-IOT程序V1.0\project\Debug\Obj\rtc.o
#        F:\中科君达\NB水表\软件\NB-IOT程序V1.0\project\Debug\Obj\Save.o
#        F:\中科君达\NB水表\软件\NB-IOT程序V1.0\project\Debug\Obj\stm8l15x_adc.o
#        F:\中科君达\NB水表\软件\NB-IOT程序V1.0\project\Debug\Obj\stm8l15x_aes.o
#        F:\中科君达\NB水表\软件\NB-IOT程序V1.0\project\Debug\Obj\stm8l15x_beep.o
#        F:\中科君达\NB水表\软件\NB-IOT程序V1.0\project\Debug\Obj\stm8l15x_clk.o
#        F:\中科君达\NB水表\软件\NB-IOT程序V1.0\project\Debug\Obj\stm8l15x_comp.o
#        F:\中科君达\NB水表\软件\NB-IOT程序V1.0\project\Debug\Obj\stm8l15x_dac.o
#        F:\中科君达\NB水表\软件\NB-IOT程序V1.0\project\Debug\Obj\stm8l15x_dma.o
#        F:\中科君达\NB水表\软件\NB-IOT程序V1.0\project\Debug\Obj\stm8l15x_exti.o
#        F:\中科君达\NB水表\软件\NB-IOT程序V1.0\project\Debug\Obj\stm8l15x_flash.o
#        F:\中科君达\NB水表\软件\NB-IOT程序V1.0\project\Debug\Obj\stm8l15x_gpio.o
#        F:\中科君达\NB水表\软件\NB-IOT程序V1.0\project\Debug\Obj\stm8l15x_i2c.o
#        F:\中科君达\NB水表\软件\NB-IOT程序V1.0\project\Debug\Obj\stm8l15x_irtim.o
#        F:\中科君达\NB水表\软件\NB-IOT程序V1.0\project\Debug\Obj\stm8l15x_it.o
#        F:\中科君达\NB水表\软件\NB-IOT程序V1.0\project\Debug\Obj\stm8l15x_itc.o
#        F:\中科君达\NB水表\软件\NB-IOT程序V1.0\project\Debug\Obj\stm8l15x_iwdg.o
#        F:\中科君达\NB水表\软件\NB-IOT程序V1.0\project\Debug\Obj\stm8l15x_lcd.o
#        F:\中科君达\NB水表\软件\NB-IOT程序V1.0\project\Debug\Obj\stm8l15x_pwr.o
#        F:\中科君达\NB水表\软件\NB-IOT程序V1.0\project\Debug\Obj\stm8l15x_rst.o
#        F:\中科君达\NB水表\软件\NB-IOT程序V1.0\project\Debug\Obj\stm8l15x_rtc.o
#        F:\中科君达\NB水表\软件\NB-IOT程序V1.0\project\Debug\Obj\stm8l15x_spi.o
#        F:\中科君达\NB水表\软件\NB-IOT程序V1.0\project\Debug\Obj\stm8l15x_syscfg.o
#        F:\中科君达\NB水表\软件\NB-IOT程序V1.0\project\Debug\Obj\stm8l15x_tim1.o
#        F:\中科君达\NB水表\软件\NB-IOT程序V1.0\project\Debug\Obj\stm8l15x_tim2.o
#        F:\中科君达\NB水表\软件\NB-IOT程序V1.0\project\Debug\Obj\stm8l15x_tim3.o
#        F:\中科君达\NB水表\软件\NB-IOT程序V1.0\project\Debug\Obj\stm8l15x_tim4.o
#        F:\中科君达\NB水表\软件\NB-IOT程序V1.0\project\Debug\Obj\stm8l15x_tim5.o
#        F:\中科君达\NB水表\软件\NB-IOT程序V1.0\project\Debug\Obj\stm8l15x_usart.o
#        F:\中科君达\NB水表\软件\NB-IOT程序V1.0\project\Debug\Obj\stm8l15x_wfe.o
#        F:\中科君达\NB水表\软件\NB-IOT程序V1.0\project\Debug\Obj\stm8l15x_wwdg.o
#        F:\中科君达\NB水表\软件\NB-IOT程序V1.0\project\Debug\Obj\Sys_Timer.o
#        F:\中科君达\NB水表\软件\NB-IOT程序V1.0\project\Debug\Obj\Temperature.o
#        F:\中科君达\NB水表\软件\NB-IOT程序V1.0\project\Debug\Obj\uart.o
#        --redirect _Printf=_PrintfSmall --redirect _Scanf=_ScanfSmall -o
#        F:\中科君达\NB水表\软件\NB-IOT程序V1.0\project\Debug\Exe\project.out
#        --map
#        F:\中科君达\NB水表\软件\NB-IOT程序V1.0\project\Debug\List\project.map
#        --config "D:\IAR 7.1.4 for STM8 2.10.4\stm8\config\lnkstm8l151c8.icf"
#        --config_def _CSTACK_SIZE=0x100 --config_def _HEAP_SIZE=0x100 --entry
#        __iar_program_start --debug_lib
#
###############################################################################

*******************************************************************************
*** RUNTIME MODEL ATTRIBUTES
***

__SystemLibrary            = DLib
__code_model               = small
__core                     = stm8
__data_model               = medium
__dlib_file_descriptor     = 0
__dlib_full_locale_support = 0
__rt_version               = 4


*******************************************************************************
*** PLACEMENT SUMMARY
***

"A1":  place at start of [0x000000-0x0000ff] { rw section .vregs };
"A2":  place at end of [0x000000-0x000fff] { block CSTACK };
"P2":  place in [from 0x000000 to 0x000fff] {
          block HEAP, rw section __DLIB_PERTHREAD, rw section .far.bss,
          rw section .far.data, rw section .far.noinit,
          rw section .far_func.textrw, rw section .huge.bss,
          rw section .huge.data, rw section .huge.noinit,
          rw section .huge_func.textrw, rw section .iar.dynexit,
          rw section .near.bss, rw section .near.data, rw section .near.noinit,
          rw section .near_func.textrw };
"A3":  place at start of [0x008000-0x00ffff] { block INTVEC };
"P3":  place in [from 0x008000 to 0x00ffff] {
          ro section __DLIB_PERTHREAD_init, ro section .far.data_init,
          ro section .far_func.textrw_init, ro section .huge.data_init,
          ro section .huge_func.textrw_init, ro section .iar.init_table,
          ro section .init_array, ro section .near.data_init,
          ro section .near.rodata, ro section .near_func.text,
          ro section .near_func.textrw_init, ro section .tiny.data_init,
          ro section .tiny.rodata_init };

  Section          Kind      Address    Size  Object
  -------          ----      -------    ----  ------
"A1":                                   0x10
  .vregs           uninit   0x000000    0x10  vregs.o [4]
                          - 0x000010    0x10

"P2":                                  0x680
  .near.bss        zero     0x000010   0x2a1  BC95.o [1]
  .near.bss        zero     0x0002b1   0x289  uart.o [1]
  .near.bss        zero     0x00053a    0xa0  Sys_Timer.o [1]
  .near.bss        zero     0x0005da    0x89  uart.o [1]
  .near.bss        zero     0x000663     0x7  Globaldata.o [1]
  .near.bss        zero     0x00066a     0x7  rtc.o [1]
  .near.bss        zero     0x000671     0x5  Pulse_Acquire.o [1]
  .near.bss        zero     0x000676     0x4  Globaldata.o [1]
  .near.bss        zero     0x00067a     0x4  rtc.o [1]
  .near.bss        zero     0x00067e     0x4  rtc.o [1]
  .near.bss        zero     0x000682     0x2  Globaldata.o [1]
  .near.bss        zero     0x000684     0x2  Globaldata.o [1]
  .near.bss        zero     0x000686     0x2  Globaldata.o [1]
  .near.bss        zero     0x000688     0x2  rtc.o [1]
  .near.bss        zero     0x00068a     0x1  Globaldata.o [1]
  .near.bss        zero     0x00068b     0x1  Globaldata.o [1]
  .near.bss        zero     0x00068c     0x1  Globaldata.o [1]
  .near.bss        zero     0x00068d     0x1  Globaldata.o [1]
  .near.bss        zero     0x00068e     0x1  stm8l15x_it.o [1]
  .near.bss        zero     0x00068f     0x1  Sys_Timer.o [1]
                          - 0x000690   0x680

"A2":                                  0x100
  CSTACK                    0x000f00   0x100  <Block>
    CSTACK         uninit   0x000f00   0x100  <Block tail>
                          - 0x001000   0x100

"A3":                                   0x80
  INTVEC                    0x008000    0x80  <Block>
    .intvec        const    0x008000    0x80  interrupt.o [4]
                          - 0x008080    0x80

"P3":                                 0x43bb
  .near_func.text  ro code  0x008080   0x7f1  BC95.o [1]
  .near_func.text  ro code  0x008871   0x632  BC95.o [1]
  .near_func.text  ro code  0x008ea3   0x5c2  BC95.o [1]
  .near_func.text  ro code  0x009465   0x56e  BC95.o [1]
  .near_func.text  ro code  0x0099d3   0x293  float.o [4]
  .near_func.text  ro code  0x009c66   0x192  Sys_Timer.o [1]
  .near_func.text  ro code  0x009df8   0x15b  stm8l15x_itc.o [1]
  .near_func.text  ro code  0x009f53   0x152  stm8l15x_rtc.o [1]
  .near.rodata     const    0x00a0a5   0x14c  Temperature.o [1]
  .near_func.text  ro code  0x00a1f1   0x11f  stm8l15x_exti.o [1]
  .near_func.text  ro code  0x00a310   0x112  vreg_util.o [4]
  .near_func.text  ro code  0x00a422   0x105  Sys_Timer.o [1]
  .near_func.text  ro code  0x00a527    0xd6  uart.o [1]
  .near_func.text  ro code  0x00a5fd    0xd3  Save.o [1]
  .near_func.text  ro code  0x00a6d0    0xd3  stm8l15x_usart.o [1]
  .near_func.text  ro code  0x00a7a3    0xca  Temperature.o [1]
  .near_func.text  ro code  0x00a86d    0xb9  long.o [4]
  .near_func.text  ro code  0x00a926    0xb7  stm8l15x_rtc.o [1]
  .near_func.text  ro code  0x00a9dd    0xaf  stm8l15x_gpio.o [1]
  .near_func.text  ro code  0x00aa8c    0xac  stm8l15x_usart.o [1]
  .near_func.text  ro code  0x00ab38    0xab  stm8l15x_rtc.o [1]
  .near_func.text  ro code  0x00abe3    0xaa  main.o [1]
  .near_func.text  ro code  0x00ac8d    0xaa  Pulse_Acquire.o [1]
  .near_func.text  ro code  0x00ad37    0xa5  mcu_init.o [1]
  .near_func.text  ro code  0x00addc    0xa2  Save.o [1]
  .near_func.text  ro code  0x00ae7e    0x99  stm8l15x_clk.o [1]
  .near_func.text  ro code  0x00af17    0x94  stm8l15x_usart.o [1]
  .near_func.text  ro code  0x00afab    0x93  stm8l15x_clk.o [1]
  .near_func.text  ro code  0x00b03e    0x8f  uart.o [1]
  .near_func.text  ro code  0x00b0cd    0x8e  stm8l15x_clk.o [1]
  .near_func.text  ro code  0x00b15b    0x8a  BC95.o [1]
  .near_func.text  ro code  0x00b1e5    0x88  uart.o [1]
  .near.rodata     const    0x00b26d    0x80  BC95.o [1]
  .near.rodata     const    0x00b2ed    0x80  BC95.o [1]
  .near_func.text  ro code  0x00b36d    0x80  rtc.o [1]
  .near_func.text  ro code  0x00b3ed    0x62  long_util.o [4]
  .near_func.text  ro code  0x00b44f    0x61  mcu_init.o [1]
  .near_func.text  ro code  0x00b4b0    0x5f  Pulse_Acquire.o [1]
  .near_func.text  ro code  0x00b50f    0x5e  rtc.o [1]
  .near_func.text  ro code  0x00b56d    0x5c  stm8l15x_rtc.o [1]
  .near_func.text  ro code  0x00b5c9    0x5c  stm8l15x_rtc.o [1]
  .near_func.text  ro code  0x00b625    0x56  uart.o [1]
  .near_func.text  ro code  0x00b67b    0x55  stm8l15x_exti.o [1]
  .near_func.text  ro code  0x00b6d0    0x55  stm8l15x_rtc.o [1]
  .near_func.text  ro code  0x00b725    0x50  stm8l15x_adc.o [1]
  .near_func.text  ro code  0x00b775    0x50  Sys_Timer.o [1]
  .near_func.text  ro code  0x00b7c5    0x4e  stm8l15x_adc.o [1]
  .near_func.text  ro code  0x00b813    0x4d  Sys_Timer.o [1]
  .near_func.text  ro code  0x00b860    0x49  mcu_init.o [1]
  .near_func.text  ro code  0x00b8a9    0x47  main.o [1]
  .near_func.text  ro code  0x00b8f0    0x46  Globaldata.o [1]
  .near_func.text  ro code  0x00b936    0x45  stm8l15x_rtc.o [1]
  .near_func.text  ro code  0x00b97b    0x44  strstr.o [4]
  .near.rodata     const    0x00b9bf    0x40  BC95.o [1]
  .near_func.text  ro code  0x00b9ff    0x3f  stm8l15x_exti.o [1]
  .near_func.text  ro code  0x00ba3e    0x3e  stm8l15x_usart.o [1]
  .near_func.text  ro code  0x00ba7c    0x3b  stm8l15x_rtc.o [1]
  .near_func.text  ro code  0x00bab7    0x3a  short.o [4]
  .near_func.text  ro code  0x00baf1    0x37  stm8l15x_rtc.o [1]
  .near_func.text  ro code  0x00bb28    0x36  rtc.o [1]
  .near_func.text  ro code  0x00bb5e    0x36  stm8l15x_exti.o [1]
  .near_func.text  ro code  0x00bb94    0x32  rtc.o [1]
  .near_func.text  ro code  0x00bbc6    0x32  uart.o [1]
  .near_func.text  ro code  0x00bbf8    0x2f  stm8l15x_adc.o [1]
  .near_func.text  ro code  0x00bc27    0x2e  BC95.o [1]
  .near_func.text  ro code  0x00bc55    0x2d  stm8l15x_rtc.o [1]
  .near_func.text  ro code  0x00bc82    0x2c  stm8l15x_rtc.o [1]
  .near_func.text  ro code  0x00bcae    0x2b  stm8l15x_usart.o [1]
  .near_func.text  ro code  0x00bcd9    0x2b  stm8l15x_usart.o [1]
  .near_func.text  ro code  0x00bd04    0x29  rtc.o [1]
  .near_func.text  ro code  0x00bd2d    0x28  Pulse_Acquire.o [1]
  .near_func.text  ro code  0x00bd55    0x28  rtc.o [1]
  .near_func.text  ro code  0x00bd7d    0x28  stm8l15x_adc.o [1]
  .near_func.text  ro code  0x00bda5    0x24  Save.o [1]
  .near_func.text  ro code  0x00bdc9    0x24  stm8l15x_it.o [1]
  .near_func.text  ro code  0x00bded    0x23  Globaldata.o [1]
  .near_func.text  ro code  0x00be10    0x23  stm8l15x_rtc.o [1]
  .near_func.text  ro code  0x00be33    0x22  stm8l15x_exti.o [1]
  .iar.init_table  const    0x00be55     0x8  - Linker created -
  .near_func.text  ro code  0x00be5d    0x20  BC95.o [1]
  .near_func.text  ro code  0x00be7d    0x20  stm8l15x_rtc.o [1]
  .near.rodata     const    0x00be9d    0x1f  BC95.o [1]
  .near_func.text  ro code  0x00bebc    0x1e  BC95.o [1]
  .near_func.text  ro code  0x00beda    0x1e  stm8l15x_adc.o [1]
  .near_func.text  ro code  0x00bef8    0x1e  char.o [4]
  .near_func.text  ro code  0x00bf16    0x1e  init_small.o [4]
  .near_func.text  ro code  0x00bf34    0x1d  BC95.o [1]
  .near.rodata     const    0x00bf51    0x1b  BC95.o [1]
  .near_func.text  ro code  0x00bf6c    0x1b  Globaldata.o [1]
  .near_func.text  ro code  0x00bf87    0x1b  stm8l15x_rtc.o [1]
  .near_func.text  ro code  0x00bfa2    0x1a  stm8l15x_clk.o [1]
  .near_func.text  ro code  0x00bfbc    0x1a  dc_util.o [4]
  .near_func.text  ro code  0x00bfd6    0x19  stm8l15x_flash.o [1]
  .near_func.text  ro code  0x00bfef    0x19  stm8l15x_flash.o [1]
  .near_func.text  ro code  0x00c008    0x18  stm8l15x_it.o [1]
  .near_func.text  ro code  0x00c020    0x18  stm8l15x_it.o [1]
  .near_func.text  ro code  0x00c038    0x17  BC95.o [1]
  .near_func.text  ro code  0x00c04f    0x17  memset.o [4]
  .near_func.text  ro code  0x00c066    0x17  init.o [4]
  .near_func.text  ro code  0x00c07d    0x16  main.o [1]
  .near_func.text  ro code  0x00c093    0x16  stm8l15x_it.o [1]
  .near_func.text  ro code  0x00c0a9    0x16  stm8l15x_it.o [1]
  .near_func.text  ro code  0x00c0bf    0x16  stm8l15x_it.o [1]
  .near_func.text  ro code  0x00c0d5    0x16  stm8l15x_it.o [1]
  .near_func.text  ro code  0x00c0eb    0x16  stm8l15x_it.o [1]
  .near_func.text  ro code  0x00c101    0x16  stm8l15x_it.o [1]
  .near_func.text  ro code  0x00c117    0x15  Save.o [1]
  .near_func.text  ro code  0x00c12c    0x15  stm8l15x_rtc.o [1]
  .near_func.text  ro code  0x00c141    0x14  __dbg_xxexit.o [3]
  .near_func.text  ro code  0x00c155    0x13  BC95.o [1]
  .near_func.text  ro code  0x00c168    0x13  Save.o [1]
  .near_func.text  ro code  0x00c17b    0x13  Save.o [1]
  .near_func.text  ro code  0x00c18e    0x13  stm8l15x_clk.o [1]
  .near_func.text  ro code  0x00c1a1    0x13  cstartup.o [4]
  .near_func.text  ro code  0x00c1b4    0x11  stm8l15x_adc.o [1]
  .near_func.text  ro code  0x00c1c5    0x10  Save.o [1]
  .near_func.text  ro code  0x00c1d5     0xf  Save.o [1]
  .near_func.text  ro code  0x00c1e4     0xe  stm8l15x_adc.o [1]
  .near_func.text  ro code  0x00c1f2     0xe  stm8l15x_clk.o [1]
  .near_func.text  ro code  0x00c200     0xe  stm8l15x_pwr.o [1]
  .near_func.text  ro code  0x00c20e     0xe  stm8l15x_pwr.o [1]
  .near_func.text  ro code  0x00c21c     0xd  BC95.o [1]
  .near_func.text  ro code  0x00c229     0xd  Save.o [1]
  .near_func.text  ro code  0x00c236     0xd  Save.o [1]
  .near_func.text  ro code  0x00c243     0xd  Save.o [1]
  .near_func.text  ro code  0x00c250     0xd  Save.o [1]
  .near_func.text  ro code  0x00c25d     0xd  stm8l15x_adc.o [1]
  .near_func.text  ro code  0x00c26a     0xd  move.o [4]
  .near.rodata     const    0x00c277     0xc  BC95.o [1]
  .near.rodata     const    0x00c283     0xc  BC95.o [1]
  .near.rodata     const    0x00c28f     0xc  BC95.o [1]
  .near.rodata     const    0x00c29b     0xc  BC95.o [1]
  .near.rodata     const    0x00c2a7     0xc  BC95.o [1]
  .near_func.text  ro code  0x00c2b3     0xc  stm8l15x_rtc.o [1]
  .near.rodata     const    0x00c2bf     0xb  BC95.o [1]
  .near.rodata     const    0x00c2ca     0xb  BC95.o [1]
  .near.rodata     const    0x00c2d5     0xb  BC95.o [1]
  .near.rodata     const    0x00c2e0     0xb  BC95.o [1]
  .near.rodata     const    0x00c2eb     0xb  BC95.o [1]
  .near.rodata     const    0x00c2f6     0xb  BC95.o [1]
  .near_func.text  ro code  0x00c301     0xb  stm8l15x_flash.o [1]
  .near_func.text  ro code  0x00c30c     0xb  stm8l15x_flash.o [1]
  .near_func.text  ro code  0x00c317     0xb  abs.o [4]
  .near.rodata     const    0x00c322     0xa  BC95.o [1]
  .near.rodata     const    0x00c32c     0xa  BC95.o [1]
  .near_func.text  ro code  0x00c336     0xa  mcu_init.o [1]
  .near_func.text  ro code  0x00c340     0xa  stm8l15x_clk.o [1]
  .near.rodata     const    0x00c34a     0x9  BC95.o [1]
  .near.rodata     const    0x00c353     0x9  BC95.o [1]
  .near.rodata     const    0x00c35c     0x9  BC95.o [1]
  .near.rodata     const    0x00c365     0x9  BC95.o [1]
  .near.rodata     const    0x00c36e     0x9  BC95.o [1]
  .near_func.text  ro code  0x00c377     0x9  BC95.o [1]
  .near_func.text  ro code  0x00c380     0x9  stm8l15x_gpio.o [1]
  .near_func.text  ro code  0x00c389     0x9  stm8l15x_tim1.o [1]
  .near_func.text  ro code  0x00c392     0x9  stm8l15x_tim4.o [1]
  .near.rodata     const    0x00c39b     0x8  BC95.o [1]
  .near_func.text  ro code  0x00c3a3     0x8  stm8l15x_gpio.o [1]
  .near_func.text  ro code  0x00c3ab     0x8  stm8l15x_usart.o [1]
  .near.rodata     const    0x00c3b3     0x7  BC95.o [1]
  .near_func.text  ro code  0x00c3ba     0x7  stm8l15x_gpio.o [1]
  .near.rodata     const    0x00c3c1     0x6  BC95.o [1]
  .near.rodata     const    0x00c3c7     0x5  BC95.o [1]
  .near.rodata     const    0x00c3cc     0x5  BC95.o [1]
  .near.rodata     const    0x00c3d1     0x5  stm8l15x_clk.o [1]
  .near_func.text  ro code  0x00c3d6     0x5  BC95.o [1]
  .near_func.text  ro code  0x00c3db     0x5  stm8l15x_adc.o [1]
  .near_func.text  ro code  0x00c3e0     0x5  stm8l15x_flash.o [1]
  .near_func.text  ro code  0x00c3e5     0x5  stm8l15x_iwdg.o [1]
  .near_func.text  ro code  0x00c3ea     0x5  stm8l15x_iwdg.o [1]
  .near_func.text  ro code  0x00c3ef     0x5  stm8l15x_usart.o [1]
  .near_func.text  ro code  0x00c3f4     0x5  stm8l15x_usart.o [1]
  .near_func.text  ro code  0x00c3f9     0x5  cexit.o [4]
  .near.rodata     const    0x00c3fe     0x4  BC95.o [1]
  .near_func.text  ro code  0x00c402     0x4  stm8l15x_clk.o [1]
  .near_func.text  ro code  0x00c406     0x4  stm8l15x_clk.o [1]
  .near_func.text  ro code  0x00c40a     0x4  stm8l15x_iwdg.o [1]
  .near_func.text  ro code  0x00c40e     0x4  stm8l15x_iwdg.o [1]
  .near_func.text  ro code  0x00c412     0x4  stm8l15x_iwdg.o [1]
  .near.rodata     const    0x00c416     0x3  BC95.o [1]
  .near_func.text  ro code  0x00c419     0x3  interrupt.o [4]
  .near_func.text  ro code  0x00c41c     0x3  low_level_init.o [4]
  .near_func.text  ro code  0x00c41f     0x3  exit.o [4]
  .near_func.text  ro code  0x00c422     0x3  unhandled_exception.o [4]
  .near_func.text  ro code  0x00c425     0x1  stm8l15x_it.o [1]
  .near_func.text  ro code  0x00c426     0x1  stm8l15x_it.o [1]
  .near_func.text  ro code  0x00c427     0x1  stm8l15x_it.o [1]
  .near_func.text  ro code  0x00c428     0x1  stm8l15x_it.o [1]
  .near_func.text  ro code  0x00c429     0x1  stm8l15x_it.o [1]
  .near_func.text  ro code  0x00c42a     0x1  stm8l15x_it.o [1]
  .near_func.text  ro code  0x00c42b     0x1  stm8l15x_it.o [1]
  .near_func.text  ro code  0x00c42c     0x1  stm8l15x_it.o [1]
  .near_func.text  ro code  0x00c42d     0x1  stm8l15x_it.o [1]
  .near_func.text  ro code  0x00c42e     0x1  stm8l15x_it.o [1]
  .near_func.text  ro code  0x00c42f     0x1  stm8l15x_it.o [1]
  .near_func.text  ro code  0x00c430     0x1  stm8l15x_it.o [1]
  .near_func.text  ro code  0x00c431     0x1  stm8l15x_it.o [1]
  .near_func.text  ro code  0x00c432     0x1  stm8l15x_it.o [1]
  .near_func.text  ro code  0x00c433     0x1  stm8l15x_it.o [1]
  .near_func.text  ro code  0x00c434     0x1  stm8l15x_it.o [1]
  .near_func.text  ro code  0x00c435     0x1  stm8l15x_it.o [1]
  .near_func.text  ro code  0x00c436     0x1  stm8l15x_it.o [1]
  .near_func.text  ro code  0x00c437     0x1  stm8l15x_it.o [1]
  .near_func.text  ro code  0x00c438     0x1  stm8l15x_it.o [1]
  .near_func.text  ro code  0x00c439     0x1  stm8l15x_it.o [1]
  .near_func.text  ro code  0x00c43a     0x1  __dbg_break.o [3]
                          - 0x00c43b  0x43bb


*******************************************************************************
*** INIT TABLE
***

          Address   Size
          -------   ----
Zero (__iar_zero_init2)
    1 destination range, total size 0x680:
          0x000010  0x680



*******************************************************************************
*** MODULE SUMMARY
***

    Module                 ro code  ro data  rw data
    ------                 -------  -------  -------
F:\中科君达\NB水表\软件\NB-IOT程序V1.0\project\Debug\Obj: [1]
    BC95.o                   6 827      607      673
    Globaldata.o               132                21
    Pulse_Acquire.o            305                 5
    Save.o                     551
    Sys_Timer.o                820               161
    Temperature.o              202      332
    main.o                     263
    mcu_init.o                 345
    rtc.o                      407                17
    stm8l15x_adc.o             324
    stm8l15x_clk.o             519        5
    stm8l15x_exti.o            523
    stm8l15x_flash.o            77
    stm8l15x_gpio.o            199
    stm8l15x_it.o              237                 1
    stm8l15x_itc.o             347
    stm8l15x_iwdg.o             22
    stm8l15x_pwr.o              28
    stm8l15x_rtc.o           1 360
    stm8l15x_tim1.o              9
    stm8l15x_tim4.o              9
    stm8l15x_usart.o           697
    uart.o                     629               786
    ------------------------------------------------
    Total:                  14 832      944    1 664

command line: [2]
    ------------------------------------------------
    Total:

dbgstm8smd.a: [3]
    __dbg_break.o                1
    __dbg_xxexit.o              20
    ------------------------------------------------
    Total:                      21

dlstm8smn.a: [4]
    abs.o                       11
    cexit.o                      5
    char.o                      30
    cstartup.o                  19
    dc_util.o                   26
    exit.o                       3
    float.o                    659
    init.o                      23
    init_small.o                30
    interrupt.o                  3      128
    long.o                     185
    long_util.o                 98
    low_level_init.o             3
    memset.o                    23
    move.o                      13
    short.o                     58
    strstr.o                    68
    unhandled_exception.o        3
    vreg_util.o                274
    vregs.o                                       16
    ------------------------------------------------
    Total:                   1 534      128       16

    Linker created                        8      256
----------------------------------------------------
    Grand Total:            16 387    1 080    1 936


*******************************************************************************
*** ENTRY LIST
***

Entry                    Address   Size  Type      Object
-----                    -------   ----  ----      ------
.iar.init_table$$Base   0x00be55          --   Gb  - Linker created -
.iar.init_table$$Limit  0x00be5d          --   Gb  - Linker created -
?b0                     0x000000         Data  Gb  vregs.o [4]
?b1                     0x000001         Data  Gb  vregs.o [4]
?b10                    0x00000a         Data  Gb  vregs.o [4]
?b11                    0x00000b         Data  Gb  vregs.o [4]
?b12                    0x00000c         Data  Gb  vregs.o [4]
?b13                    0x00000d         Data  Gb  vregs.o [4]
?b14                    0x00000e         Data  Gb  vregs.o [4]
?b15                    0x00000f         Data  Gb  vregs.o [4]
?b2                     0x000002         Data  Gb  vregs.o [4]
?b3                     0x000003         Data  Gb  vregs.o [4]
?b4                     0x000004         Data  Gb  vregs.o [4]
?b5                     0x000005         Data  Gb  vregs.o [4]
?b6                     0x000006         Data  Gb  vregs.o [4]
?b7                     0x000007         Data  Gb  vregs.o [4]
?b8                     0x000008         Data  Gb  vregs.o [4]
?b9                     0x000009         Data  Gb  vregs.o [4]
?dc32_l0                0x00bfbc         Code  Gb  dc_util.o [4]
?dc32_l1                0x00bfc9         Code  Gb  dc_util.o [4]
?e0                     0x000001         Data  Gb  vregs.o [4]
?e1                     0x000005         Data  Gb  vregs.o [4]
?e2                     0x000009         Data  Gb  vregs.o [4]
?e3                     0x00000d         Data  Gb  vregs.o [4]
?epilogue_l2            0x00a3b7         Code  Gb  vreg_util.o [4]
?epilogue_l2_l3         0x00a3b4         Code  Gb  vreg_util.o [4]
?epilogue_l2_w6         0x00a3bb         Code  Gb  vreg_util.o [4]
?epilogue_w4            0x00a3c2         Code  Gb  vreg_util.o [4]
?fcastf32u16_l0_x       0x009b26         Code  Gb  float.o [4]
?fcasts16f32_x_l0       0x009b44         Code  Gb  float.o [4]
?fdiv32_l0_dc32_l1      0x009a73         Code  Gb  float.o [4]
?fdiv32_l0_l0_l1        0x009a78         Code  Gb  float.o [4]
?fmul32_l0_l0_dc32      0x0099d3         Code  Gb  float.o [4]
?fmul32_l0_l0_l1        0x0099d8         Code  Gb  float.o [4]
?inc32_0x_0x            0x00a877         Code  Gb  long.o [4]
?inc32_l0_l0            0x00a86d         Code  Gb  long.o [4]
?inc32_l1_l1            0x00a872         Code  Gb  long.o [4]
?l0                     0x000000         Data  Gb  vregs.o [4]
?l1                     0x000004         Data  Gb  vregs.o [4]
?l2                     0x000008         Data  Gb  vregs.o [4]
?l3                     0x00000c         Data  Gb  vregs.o [4]
?load32_0x_l0           0x00b425         Code  Gb  long_util.o [4]
?load32_0x_l1           0x00b433         Code  Gb  long_util.o [4]
?load32_0x_l2           0x00b441         Code  Gb  long_util.o [4]
?load32_l0_0x           0x00b3fd         Code  Gb  long_util.o [4]
?load32_l0_asp          0x00b3f2         Code  Gb  long_util.o [4]
?load32_l0_dbsp         0x00b3ed         Code  Gb  long_util.o [4]
?load32_l0_xsp          0x00b3f4         Code  Gb  long_util.o [4]
?load32_l1_0x           0x00b419         Code  Gb  long_util.o [4]
?load32_l1_asp          0x00b40e         Code  Gb  long_util.o [4]
?load32_l1_dbsp         0x00b409         Code  Gb  long_util.o [4]
?load32_l1_xsp          0x00b410         Code  Gb  long_util.o [4]
?mov_e0_e1              0x00a3d7         Code  Gb  vreg_util.o [4]
?mov_e0_e2              0x00a3e4         Code  Gb  vreg_util.o [4]
?mov_e0_e3              0x00a3f1         Code  Gb  vreg_util.o [4]
?mov_e1_e0              0x00a3fe         Code  Gb  vreg_util.o [4]
?mov_e2_e0              0x00a40b         Code  Gb  vreg_util.o [4]
?mov_e3_e0              0x00a418         Code  Gb  vreg_util.o [4]
?mov_l0_l1              0x00a3d4         Code  Gb  vreg_util.o [4]
?mov_l0_l2              0x00a3e1         Code  Gb  vreg_util.o [4]
?mov_l0_l3              0x00a3ee         Code  Gb  vreg_util.o [4]
?mov_l1_l0              0x00a3fb         Code  Gb  vreg_util.o [4]
?mov_l2_l0              0x00a408         Code  Gb  vreg_util.o [4]
?mov_l3_l0              0x00a415         Code  Gb  vreg_util.o [4]
?mov_w0_w1              0x00a3c6         Code  Gb  vreg_util.o [4]
?mov_w1_w3              0x00a3da         Code  Gb  vreg_util.o [4]
?mov_w1_w5              0x00a3e7         Code  Gb  vreg_util.o [4]
?mov_w1_w6              0x00a3cd         Code  Gb  vreg_util.o [4]
?mov_w1_w7              0x00a3f4         Code  Gb  vreg_util.o [4]
?mov_w3_w1              0x00a401         Code  Gb  vreg_util.o [4]
?mov_w5_w1              0x00a40e         Code  Gb  vreg_util.o [4]
?mov_w7_w1              0x00a41b         Code  Gb  vreg_util.o [4]
?move1616_v_x_y_a       0x00c26a         Code  Gb  move.o [4]
?mul16_x_x_w0           0x00bab7         Code  Gb  short.o [4]
?pop_l0                 0x00a380         Code  Gb  vreg_util.o [4]
?pop_l1                 0x00a38b         Code  Gb  vreg_util.o [4]
?pop_l2                 0x00a396         Code  Gb  vreg_util.o [4]
?pop_l3                 0x00a3a1         Code  Gb  vreg_util.o [4]
?pop_w4                 0x00a332         Code  Gb  vreg_util.o [4]
?pop_w6                 0x00a339         Code  Gb  vreg_util.o [4]
?pop_w7                 0x00a340         Code  Gb  vreg_util.o [4]
?push_l0                0x00a34f         Code  Gb  vreg_util.o [4]
?push_l1                0x00a354         Code  Gb  vreg_util.o [4]
?push_l2                0x00a359         Code  Gb  vreg_util.o [4]
?push_l3                0x00a35e         Code  Gb  vreg_util.o [4]
?push_w4                0x00a310         Code  Gb  vreg_util.o [4]
?push_w6                0x00a315         Code  Gb  vreg_util.o [4]
?push_w7                0x00a31a         Code  Gb  vreg_util.o [4]
?sext16_x_a             0x00baea         Code  Gb  short.o [4]
?sll16_x_x_a            0x00bad5         Code  Gb  short.o [4]
?sll8_a_a_5             0x00bf0c         Code  Gb  char.o [4]
?smod8_a_b0_a           0x00bef8         Code  Gb  char.o [4]
?srl16_x_x_10           0x00badf         Code  Gb  short.o [4]
?srl16_x_x_11           0x00bade         Code  Gb  short.o [4]
?srl16_x_x_12           0x00badd         Code  Gb  short.o [4]
?srl16_x_x_4            0x00bae5         Code  Gb  short.o [4]
?srl16_x_x_5            0x00bae4         Code  Gb  short.o [4]
?srl16_x_x_6            0x00bae3         Code  Gb  short.o [4]
?srl16_x_x_7            0x00bae2         Code  Gb  short.o [4]
?srl16_x_x_8            0x00bae1         Code  Gb  short.o [4]
?srl16_x_x_9            0x00bae0         Code  Gb  short.o [4]
?srl32_0x_0x_a          0x00a918         Code  Gb  long.o [4]
?srl32_l0_l0_a          0x00a915         Code  Gb  long.o [4]
?srl8_a_a_5             0x00bf11         Code  Gb  char.o [4]
?ucmp32_c_l0_0x         0x00a8fa         Code  Gb  long.o [4]
?ucmp32_c_l0_l1         0x00a90a         Code  Gb  long.o [4]
?udiv32_l0_l0_dl        0x00a88a         Code  Gb  long.o [4]
?udiv32_l0_l0_l1        0x00a88d         Code  Gb  long.o [4]
?umod32_l1_l0_dl        0x00a885         Code  Gb  long.o [4]
?umod32_l1_l0_l1        0x00a88d         Code  Gb  long.o [4]
?w0                     0x000000         Data  Gb  vregs.o [4]
?w1                     0x000002         Data  Gb  vregs.o [4]
?w2                     0x000004         Data  Gb  vregs.o [4]
?w3                     0x000006         Data  Gb  vregs.o [4]
?w4                     0x000008         Data  Gb  vregs.o [4]
?w5                     0x00000a         Data  Gb  vregs.o [4]
?w6                     0x00000c         Data  Gb  vregs.o [4]
?w7                     0x00000e         Data  Gb  vregs.o [4]
ACK                     0x00b15b   0x8a  Code  Gb  BC95.o [1]
ADC1_COMP_IRQHandler    0x00c434    0x1  Code  Gb  stm8l15x_it.o [1]
ADC_ChannelCmd          0x00b7c5   0x4e  Code  Gb  stm8l15x_adc.o [1]
ADC_ClearFlag           0x00c25d    0xd  Code  Gb  stm8l15x_adc.o [1]
ADC_Cmd                 0x00c1b4   0x11  Code  Gb  stm8l15x_adc.o [1]
ADC_GetConversionValue  0x00bd7d   0x28  Code  Gb  stm8l15x_adc.o [1]
ADC_GetFlagStatus       0x00beda   0x1e  Code  Gb  stm8l15x_adc.o [1]
ADC_Init                0x00bbf8   0x2f  Code  Gb  stm8l15x_adc.o [1]
ADC_SamplingTimeConfig  0x00b725   0x50  Code  Gb  stm8l15x_adc.o [1]
ADC_SoftwareStartConv   0x00c3db    0x5  Code  Gb  stm8l15x_adc.o [1]
ADC_VrefintCmd          0x00c1e4    0xe  Code  Gb  stm8l15x_adc.o [1]
ASCLL_to_Int            0x00b8f0   0x46  Code  Gb  Globaldata.o [1]
Alarm_Interrupt         0x00bd55   0x28  Code  Gb  rtc.o [1]
BAT_Alarm_Vol           0x000684    0x2  Data  Gb  Globaldata.o [1]
BAT_Vol                 0x000682    0x2  Data  Gb  Globaldata.o [1]
BC95                    0x000010  0x2a1  Data  Gb  BC95.o [1]
BC95_Data_Send          0x00be5d   0x20  Code  Gb  BC95.o [1]
BC95_Delay_CallBalk     0x00c3d6    0x5  Code  Gb  BC95.o [1]
BC95_Power_Off          0x00c377    0x9  Code  Gb  BC95.o [1]
BC95_Power_On           0x00bc27   0x2e  Code  Gb  BC95.o [1]
BC95_Process            0x008ea3  0x5c2  Code  Gb  BC95.o [1]
BC95_Reset              0x00bebc   0x1e  Code  Gb  BC95.o [1]
BC95_Start              0x00c21c    0xd  Code  Gb  BC95.o [1]
BC95_Start_Timeout_CallBalk
                        0x00bf34   0x1d  Code  Gb  BC95.o [1]
BCD_to_Int              0x00bded   0x23  Code  Gb  Globaldata.o [1]
Bcd2ToByte              0x00bf87   0x1b  Code  Lc  stm8l15x_rtc.o [1]
ByteToBcd2              0x00be7d   0x20  Code  Lc  stm8l15x_rtc.o [1]
CLK_GetClockFreq        0x00afab   0x93  Code  Gb  stm8l15x_clk.o [1]
CLK_GetFlagStatus       0x00ae7e   0x99  Code  Gb  stm8l15x_clk.o [1]
CLK_HSICmd              0x00c1f2    0xe  Code  Gb  stm8l15x_clk.o [1]
CLK_HaltConfig          0x00bfa2   0x1a  Code  Gb  stm8l15x_clk.o [1]
CLK_LSEConfig           0x00c18e   0x13  Code  Gb  stm8l15x_clk.o [1]
CLK_PeripheralClockConfig
                        0x00b0cd   0x8e  Code  Gb  stm8l15x_clk.o [1]
CLK_RTCClockConfig      0x00c340    0xa  Code  Gb  stm8l15x_clk.o [1]
CLK_SYSCLKDivConfig     0x00c406    0x4  Code  Gb  stm8l15x_clk.o [1]
CLK_SYSCLKSourceConfig  0x00c402    0x4  Code  Gb  stm8l15x_clk.o [1]
CSTACK$$Base            0x000f00          --   Gb  - Linker created -
CSTACK$$Limit           0x001000          --   Gb  - Linker created -
Cal                     0x000671    0x5  Data  Gb  Pulse_Acquire.o [1]
Create_Timer            0x00a422  0x105  Code  Gb  Sys_Timer.o [1]
DMA1_CHANNEL0_1_IRQHandler
                        0x00c427    0x1  Code  Gb  stm8l15x_it.o [1]
DMA1_CHANNEL2_3_IRQHandler
                        0x00c428    0x1  Code  Gb  stm8l15x_it.o [1]
Delete_Timer            0x00b775   0x50  Code  Gb  Sys_Timer.o [1]
Device_Status           0x00068a    0x1  Data  Gb  Globaldata.o [1]
EXTI0_IRQHandler        0x00c0a9   0x16  Code  Gb  stm8l15x_it.o [1]
EXTI1_IRQHandler        0x00c42b    0x1  Code  Gb  stm8l15x_it.o [1]
EXTI2_IRQHandler        0x00c42c    0x1  Code  Gb  stm8l15x_it.o [1]
EXTI3_IRQHandler        0x00c42d    0x1  Code  Gb  stm8l15x_it.o [1]
EXTI4_IRQHandler        0x00c42e    0x1  Code  Gb  stm8l15x_it.o [1]
EXTI5_IRQHandler        0x00c42f    0x1  Code  Gb  stm8l15x_it.o [1]
EXTI6_IRQHandler        0x00c430    0x1  Code  Gb  stm8l15x_it.o [1]
EXTI7_IRQHandler        0x00c431    0x1  Code  Gb  stm8l15x_it.o [1]
EXTIB_G_IRQHandler      0x00c42a    0x1  Code  Gb  stm8l15x_it.o [1]
EXTID_H_IRQHandler      0x00c093   0x16  Code  Gb  stm8l15x_it.o [1]
EXTIE_F_PVD_IRQHandler  0x00c429    0x1  Code  Gb  stm8l15x_it.o [1]
EXTI_ClearITPendingBit  0x00be33   0x22  Code  Gb  stm8l15x_exti.o [1]
EXTI_SelectPort         0x00bb5e   0x36  Code  Gb  stm8l15x_exti.o [1]
EXTI_SetHalfPortSelection
                        0x00b9ff   0x3f  Code  Gb  stm8l15x_exti.o [1]
EXTI_SetPinSensitivity  0x00a1f1  0x11f  Code  Gb  stm8l15x_exti.o [1]
EXTI_SetPortSensitivity
                        0x00b67b   0x55  Code  Gb  stm8l15x_exti.o [1]
Exti0_Interrupt         0x00bd2d   0x28  Code  Gb  Pulse_Acquire.o [1]
ExtiD_Interrupt         0x00ac8d   0xaa  Code  Gb  Pulse_Acquire.o [1]
FLASH_GetFlagStatus     0x00bfef   0x19  Code  Gb  stm8l15x_flash.o [1]
FLASH_IRQHandler        0x00c426    0x1  Code  Gb  stm8l15x_it.o [1]
FLASH_Lock              0x00c301    0xb  Code  Gb  stm8l15x_flash.o [1]
FLASH_ProgramByte       0x00c30c    0xb  Code  Gb  stm8l15x_flash.o [1]
FLASH_ReadByte          0x00c3e0    0x5  Code  Gb  stm8l15x_flash.o [1]
FLASH_Unlock            0x00bfd6   0x19  Code  Gb  stm8l15x_flash.o [1]
GPIO_Configuration      0x00b860   0x49  Code  Gb  mcu_init.o [1]
GPIO_Init               0x00a9dd   0xaf  Code  Gb  stm8l15x_gpio.o [1]
GPIO_ReadInputDataBit   0x00c380    0x9  Code  Gb  stm8l15x_gpio.o [1]
GPIO_ResetBits          0x00c3a3    0x8  Code  Gb  stm8l15x_gpio.o [1]
GPIO_SetBits            0x00c3ba    0x7  Code  Gb  stm8l15x_gpio.o [1]
Gather_Cycle_counter    0x00068d    0x1  Data  Gb  Globaldata.o [1]
I2C1_SPI2_IRQHandler    0x00c439    0x1  Code  Gb  stm8l15x_it.o [1]
INTVEC$$Base            0x008000          --   Gb  - Linker created -
INTVEC$$Limit           0x008080          --   Gb  - Linker created -
ITC_SetSoftwarePriority
                        0x009df8  0x15b  Code  Gb  stm8l15x_itc.o [1]
IWDG_Enable             0x00c3ea    0x5  Code  Gb  stm8l15x_iwdg.o [1]
IWDG_INIT               0x00c07d   0x16  Code  Gb  main.o [1]
IWDG_ReloadCounter      0x00c3e5    0x5  Code  Gb  stm8l15x_iwdg.o [1]
IWDG_SetPrescaler       0x00c40e    0x4  Code  Gb  stm8l15x_iwdg.o [1]
IWDG_SetReload          0x00c412    0x4  Code  Gb  stm8l15x_iwdg.o [1]
IWDG_WriteAccessCmd     0x00c40a    0x4  Code  Gb  stm8l15x_iwdg.o [1]
Int_to_ASCLL            0x00bf6c   0x1b  Code  Gb  Globaldata.o [1]
LCD_AES_IRQHandler      0x00c432    0x1  Code  Gb  stm8l15x_it.o [1]
Last_Vol                0x000688    0x2  Data  Gb  rtc.o [1]
Meter_Number            0x000663    0x7  Data  Gb  Globaldata.o [1]
PWR_FastWakeUpCmd       0x00c200    0xe  Code  Gb  stm8l15x_pwr.o [1]
PWR_UltraLowPowerCmd    0x00c20e    0xe  Code  Gb  stm8l15x_pwr.o [1]
Pulse_Acquire_Config    0x00b4b0   0x5f  Code  Gb  Pulse_Acquire.o [1]
RCC_Configuration       0x00c336    0xa  Code  Gb  mcu_init.o [1]
RTC_AlarmCmd            0x00b6d0   0x55  Code  Gb  stm8l15x_rtc.o [1]
RTC_AlarmStr            0x00066a    0x7  Data  Gb  rtc.o [1]
RTC_CSSLSE_IRQHandler   0x00bdc9   0x24  Code  Gb  stm8l15x_it.o [1]
RTC_ClearITPendingBit   0x00c2b3    0xc  Code  Gb  stm8l15x_rtc.o [1]
RTC_DateStr             0x00067e    0x4  Data  Gb  rtc.o [1]
RTC_EnterInitMode       0x00bc82   0x2c  Code  Gb  stm8l15x_rtc.o [1]
RTC_GetDate             0x00b5c9   0x5c  Code  Gb  stm8l15x_rtc.o [1]
RTC_GetITStatus         0x00bc55   0x2d  Code  Gb  stm8l15x_rtc.o [1]
RTC_ITConfig            0x00ba7c   0x3b  Code  Gb  stm8l15x_rtc.o [1]
RTC_Init                0x00b56d   0x5c  Code  Gb  stm8l15x_rtc.o [1]
RTC_SetAlarm            0x009f53  0x152  Code  Gb  stm8l15x_rtc.o [1]
RTC_SetDate             0x00a926   0xb7  Code  Gb  stm8l15x_rtc.o [1]
RTC_SetTime             0x00ab38   0xab  Code  Gb  stm8l15x_rtc.o [1]
RTC_SetWakeUpCounter    0x00c12c   0x15  Code  Gb  stm8l15x_rtc.o [1]
RTC_TimeStr             0x00067a    0x4  Data  Gb  rtc.o [1]
RTC_WaitForSynchro      0x00baf1   0x37  Code  Gb  stm8l15x_rtc.o [1]
RTC_WakeUpClockConfig   0x00be10   0x23  Code  Gb  stm8l15x_rtc.o [1]
RTC_WakeUpCmd           0x00b936   0x45  Code  Gb  stm8l15x_rtc.o [1]
Read_ACUM_Flow          0x00c1d5    0xf  Code  Gb  Save.o [1]
Read_BAT_Alarm_Value    0x00c168   0x13  Code  Gb  Save.o [1]
Read_Meter_Number       0x00bda5   0x24  Code  Gb  Save.o [1]
Read_Report_Cycle       0x00c17b   0x13  Code  Gb  Save.o [1]
Read_Settle_Date        0x00c1c5   0x10  Code  Gb  Save.o [1]
Read_Temp               0x00a7a3   0xca  Code  Gb  Temperature.o [1]
Read_Voltage            0x00ad37   0xa5  Code  Gb  mcu_init.o [1]
Recv_Data_Process       0x009465  0x56e  Code  Gb  BC95.o [1]
Region$$Table$$Base     0x00be55          --   Gb  - Linker created -
Region$$Table$$Limit    0x00be5d          --   Gb  - Linker created -
Report_All_Parameters   0x008871  0x632  Code  Gb  BC95.o [1]
Report_Cycle            0x000686    0x2  Data  Gb  Globaldata.o [1]
Report_Cycle_counter    0x000676    0x4  Data  Gb  Globaldata.o [1]
Report_HC_Flow          0x008080  0x7f1  Code  Gb  BC95.o [1]
Rtc_Config              0x00b50f   0x5e  Code  Gb  rtc.o [1]
SPI1_IRQHandler         0x00c436    0x1  Code  Gb  stm8l15x_it.o [1]
SWITCH_CSS_BREAK_DAC_IRQHandler
                        0x00c433    0x1  Code  Gb  stm8l15x_it.o [1]
SYSDivFactor            0x00c3d1    0x5  Data  Gb  stm8l15x_clk.o [1]
Save_Add_Flow           0x00c117   0x15  Code  Gb  Save.o [1]
Save_BAT_Alarm_Value    0x00c229    0xd  Code  Gb  Save.o [1]
Save_Meter_Number       0x00c250    0xd  Code  Gb  Save.o [1]
Save_Report_Cycle       0x00c243    0xd  Code  Gb  Save.o [1]
Save_SDCF_Flow          0x00a5fd   0xd3  Code  Gb  Save.o [1]
Save_Settle_Date        0x00c236    0xd  Code  Gb  Save.o [1]
Send_Data_Process       0x00c038   0x17  Code  Gb  BC95.o [1]
Set_Alarm               0x00bb28   0x36  Code  Gb  rtc.o [1]
Settle_Date             0x00068c    0x1  Data  Gb  Globaldata.o [1]
Sleep                   0x00abe3   0xaa  Code  Gb  main.o [1]
SysTick_Handler         0x009c66  0x192  Code  Gb  Sys_Timer.o [1]
Sys_Timer               0x00053a   0xa0  Data  Lc  Sys_Timer.o [1]
Sys_Timer_Process       0x00b813   0x4d  Code  Gb  Sys_Timer.o [1]
TIM1_CC_IRQHandler      0x00c435    0x1  Code  Gb  stm8l15x_it.o [1]
TIM1_ClearITPendingBit  0x00c389    0x9  Code  Gb  stm8l15x_tim1.o [1]
TIM1_UPD_OVF_TRG_COM_IRQHandler
                        0x00c008   0x18  Code  Gb  stm8l15x_it.o [1]
TIM2_CC_USART2_RX_IRQHandler
                        0x00c0d5   0x16  Code  Gb  stm8l15x_it.o [1]
TIM2_UPD_OVF_TRG_BRK_USART2_TX_IRQHandler
                        0x00c0bf   0x16  Code  Gb  stm8l15x_it.o [1]
TIM3_CC_USART3_RX_IRQHandler
                        0x00c101   0x16  Code  Gb  stm8l15x_it.o [1]
TIM3_UPD_OVF_TRG_BRK_USART3_TX_IRQHandler
                        0x00c0eb   0x16  Code  Gb  stm8l15x_it.o [1]
TIM4_ClearITPendingBit  0x00c392    0x9  Code  Gb  stm8l15x_tim4.o [1]
TIM4_UPD_OVF_TRG_IRQHandler
                        0x00c020   0x18  Code  Gb  stm8l15x_it.o [1]
TRAP_IRQHandler         0x00c425    0x1  Code  Gb  stm8l15x_it.o [1]
Temp                    0x00068b    0x1  Data  Gb  Globaldata.o [1]
Temp_Table              0x00a0a5  0x14c  Data  Gb  Temperature.o [1]
USART1_RX_TIM5_CC_IRQHandler
                        0x00c438    0x1  Code  Gb  stm8l15x_it.o [1]
USART1_TX_TIM5_UPD_OVF_TRG_BRK_IRQHandler
                        0x00c437    0x1  Code  Gb  stm8l15x_it.o [1]
USART2_Configuration    0x00b44f   0x61  Code  Gb  mcu_init.o [1]
USART2_IRQHandler       0x00b03e   0x8f  Code  Gb  uart.o [1]
USART2_TX_IRQHandler    0x00b625   0x56  Code  Gb  uart.o [1]
USART3_IRQHandler       0x00a527   0xd6  Code  Gb  uart.o [1]
USART_ClearITPendingBit
                        0x00c3f4    0x5  Code  Gb  stm8l15x_usart.o [1]
USART_Cmd               0x00bcae   0x2b  Code  Gb  stm8l15x_usart.o [1]
USART_DeInit            0x00ba3e   0x3e  Code  Gb  stm8l15x_usart.o [1]
USART_GetITStatus       0x00aa8c   0xac  Code  Gb  stm8l15x_usart.o [1]
USART_ITConfig          0x00af17   0x94  Code  Gb  stm8l15x_usart.o [1]
USART_Init              0x00a6d0   0xd3  Code  Gb  stm8l15x_usart.o [1]
USART_ReceiveData8      0x00c3ef    0x5  Code  Gb  stm8l15x_usart.o [1]
USART_SendData8         0x00c3ab    0x8  Code  Gb  stm8l15x_usart.o [1]
USART_SendData9         0x00bcd9   0x2b  Code  Gb  stm8l15x_usart.o [1]
Uart2                   0x0002b1  0x289  Data  Gb  uart.o [1]
Uart2_Receive           0x00bbc6   0x32  Code  Gb  uart.o [1]
Uart2_Send              0x00b1e5   0x88  Code  Gb  uart.o [1]
Uart3                   0x0005da   0x89  Data  Gb  uart.o [1]
Wake_Interrupt          0x00b36d   0x80  Code  Gb  rtc.o [1]
WriteRom                0x00addc   0xa2  Code  Gb  Save.o [1]
__DebugBreak            0x00c43a    0x1  Code  Gb  __dbg_break.o [3]
__exit                  0x00c141   0x14  Code  Gb  __dbg_xxexit.o [3]
__iar_Strstr            0x00b97b   0x44  Code  Gb  strstr.o [4]
__iar_data_init2        0x00c066   0x17  Code  Gb  init.o [4]
__iar_program_start     0x00c1a1         Code  Gb  cstartup.o [4]
__iar_unhandled_exception
                        0x00c422         Code  Gb  unhandled_exception.o [4]
__iar_zero_init2        0x00bf16         Code  Gb  init_small.o [4]
__intvec                0x008000         Data  Gb  interrupt.o [4]
__low_level_init        0x00c41c    0x3  Code  Gb  low_level_init.o [4]
_exit                   0x00c3f9         Code  Gb  cexit.o [4]
_interrupt_1            0x00c425         Code  Gb  stm8l15x_it.o [1]
_interrupt_10           0x00c0a9         Code  Gb  stm8l15x_it.o [1]
_interrupt_11           0x00c42b         Code  Gb  stm8l15x_it.o [1]
_interrupt_12           0x00c42c         Code  Gb  stm8l15x_it.o [1]
_interrupt_13           0x00c42d         Code  Gb  stm8l15x_it.o [1]
_interrupt_14           0x00c42e         Code  Gb  stm8l15x_it.o [1]
_interrupt_15           0x00c42f         Code  Gb  stm8l15x_it.o [1]
_interrupt_16           0x00c430         Code  Gb  stm8l15x_it.o [1]
_interrupt_17           0x00c431         Code  Gb  stm8l15x_it.o [1]
_interrupt_18           0x00c432         Code  Gb  stm8l15x_it.o [1]
_interrupt_19           0x00c433         Code  Gb  stm8l15x_it.o [1]
_interrupt_20           0x00c434         Code  Gb  stm8l15x_it.o [1]
_interrupt_21           0x00c0bf         Code  Gb  stm8l15x_it.o [1]
_interrupt_22           0x00c0d5         Code  Gb  stm8l15x_it.o [1]
_interrupt_23           0x00c0eb         Code  Gb  stm8l15x_it.o [1]
_interrupt_24           0x00c101         Code  Gb  stm8l15x_it.o [1]
_interrupt_25           0x00c008         Code  Gb  stm8l15x_it.o [1]
_interrupt_26           0x00c435         Code  Gb  stm8l15x_it.o [1]
_interrupt_27           0x00c020         Code  Gb  stm8l15x_it.o [1]
_interrupt_28           0x00c436         Code  Gb  stm8l15x_it.o [1]
_interrupt_29           0x00c437         Code  Gb  stm8l15x_it.o [1]
_interrupt_3            0x00c426         Code  Gb  stm8l15x_it.o [1]
_interrupt_30           0x00c438         Code  Gb  stm8l15x_it.o [1]
_interrupt_31           0x00c439         Code  Gb  stm8l15x_it.o [1]
_interrupt_4            0x00c427         Code  Gb  stm8l15x_it.o [1]
_interrupt_5            0x00c428         Code  Gb  stm8l15x_it.o [1]
_interrupt_6            0x00bdc9         Code  Gb  stm8l15x_it.o [1]
_interrupt_7            0x00c429         Code  Gb  stm8l15x_it.o [1]
_interrupt_8            0x00c42a         Code  Gb  stm8l15x_it.o [1]
_interrupt_9            0x00c093         Code  Gb  stm8l15x_it.o [1]
aa                      0x00068e    0x1  Data  Gb  stm8l15x_it.o [1]
abs                     0x00c317    0xb  Code  Gb  abs.o [4]
delay_ms                0x00bd04   0x29  Code  Gb  rtc.o [1]
exit                    0x00c41f    0x3  Code  Gb  exit.o [4]
main                    0x00b8a9   0x47  Code  Gb  main.o [1]
memset                  0x00c04f   0x17  Code  Gb  memset.o [4]
rtc_interrupt           0x00bb94   0x32  Code  Gb  rtc.o [1]
strstr                  0x00c155   0x13  Code  Gb  BC95.o [1]


[1] = F:\中科君达\NB水表\软件\NB-IOT程序V1.0\project\Debug\Obj
[2] = command line
[3] = dbgstm8smd.a
[4] = dlstm8smn.a

  16 387 bytes of readonly  code memory
   1 080 bytes of readonly  data memory
   1 936 bytes of readwrite data memory

Errors: none
Warnings: none
